6044 rows in set (0.0990 sec)

 MySQL  localhost:3306 ssl  sakila  SQL > \use eva_2
MySQL Error 2006: MySQL server has gone away
The global session got disconnected..
Attempting to reconnect to 'mysql://root@localhost:3306/sakila'..
The global session was successfully reconnected.

 MySQL  localhost:3306 ssl  sakila  SQL > select * from tablaa
                                       -> left join tabla b on tablaa.nombre = tablab.nombre;
ERROR: 1146 (42S02): Table 'sakila.tablaa' doesn't exist

 MySQL  localhost:3306 ssl  sakila  SQL > \use eva_2
Default schema set to `eva_2`.
Fetching table and column names from `eva_2` for auto-completion... Press ^C to stop.

 MySQL  localhost:3306 ssl  eva_2  SQL > select * from tablaa left join tabla b on tablaa.nombre = tablab.nombre;
ERROR: 1146 (42S02): Table 'eva_2.tabla' doesn't exist

 MySQL  localhost:3306 ssl  eva_2  SQL > show tables;
+---------------------+
| Tables_in_eva_2     |
+---------------------+
| asignacion_tarjetas |
| banco               |
| clientes            |
| clientes_banco      |
| detail              |
| detail_2            |
| direccion           |
| hijo                |
| master              |
| master_2            |
| ordenes             |
| padre               |
| tablaa              |
| tablab              |
| tarjetas            |
| ventas_anuales      |
+---------------------+
16 rows in set (0.0046 sec)

 MySQL  localhost:3306 ssl  eva_2  SQL > select * from tablaa left join tabla b on tablaa.nombre = tablab.nombre;
ERROR: 1146 (42S02): Table 'eva_2.tabla' doesn't exist

 MySQL  localhost:3306 ssl  eva_2  SQL > select * from tablaa left join tablab on tablaa.nombre = tablab.nombre;
+----+--------+------+--------+
| id | nombre | id   | nombre |
+----+--------+------+--------+
|  1 | A      |    1 | A      |
|  2 | B      |    2 | B      |
|  3 | C      | NULL | NULL   |
|  4 | D      | NULL | NULL   |
|  5 | E      | NULL | NULL   |
+----+--------+------+--------+
5 rows in set (0.0950 sec)

 MySQL  localhost:3306 ssl  eva_2  SQL > select A.customer_id, first_name, last_name from customer A left join rental B on  A.customer_id = B.customer_id;

 MySQL  localhost:3306 ssl  eva_2  SQL > select A.customer_id, first_name, last_name from customer A left join rental B on  A.customer_id = B.customer_id
                                      -> where = B.customer_id is null;
ERROR: 1064 (42000): You have an error in your SQL syntax; check the manual that corresponds to your MySQL server version for the right syntax to use near '= B.customer_id is null' at line 2

 MySQL  localhost:3306 ssl  eva_2  SQL > \use sakila
Default schema set to `sakila`.
Fetching table and column names from `sakila` for auto-completion... Press ^C to stop.

 MySQL  localhost:3306 ssl  sakila  SQL > select A.customer_id, first_name, last_name from customer A left join rental B on  A.customer_id = B.customer_id  where = B.customer_id is null;
ERROR: 1064 (42000): You have an error in your SQL syntax; check the manual that corresponds to your MySQL server version for the right syntax to use near '= B.customer_id is null' at line 1

 MySQL  localhost:3306 ssl  sakila  SQL > select A.customer_id, first_name, last_name from customer A left join rental B on  A.customer_id = B.customer_id  where B.customer_id is null;
Empty set (0.1780 sec)

 MySQL  localhost:3306 ssl  sakila  SQL > select A.customer_id, first_name, last_name from customer A left join rental B on  A.customer_id = B.customer_id  where B.customer_id is not null;

599 rows in set (0.0251 sec)

 MySQL  localhost:3306 ssl  sakila  SQL > select A.customer_id, first_name, last_name,count(*) as cantidad from customer A left join rental B on  A.customer_id = B.customer_id group by A.customer_id;
+-------------+-------------+--------------+----------+
| customer_id | first_name  | last_name    | cantidad |
+-------------+-------------+--------------+----------+
|           1 | MARY        | SMITH        |       32 |
|           2 | PATRICIA    | JOHNSON      |       27 |
|           3 | LINDA       | WILLIAMS     |       26 |
|           4 | BARBARA     | JONES        |       22 |
|           5 | ELIZABETH   | BROWN        |       38 |
|           6 | JENNIFER    | DAVIS        |       28 |
|           7 | MARIA       | MILLER       |       33 |
|           8 | SUSAN       | WILSON       |       24 |
|           9 | MARGARET    | MOORE        |       23 |
|          10 | DOROTHY     | TAYLOR       |       25 |
|          11 | LISA        | ANDERSON     |       24 |
|          12 | NANCY       | THOMAS       |       28 |
|          13 | KAREN       | JACKSON      |       27 |
|          14 | BETTY       | WHITE        |       28 |
|          15 | HELEN       | HARRIS       |       32 |
|          16 | SANDRA      | MARTIN       |       28 |
|          17 | DONNA       | THOMPSON     |       21 |
|          18 | CAROL       | GARCIA       |       22 |
|          19 | RUTH        | MARTINEZ     |       24 |
|          20 | SHARON      | ROBINSON     |       30 |
|          21 | MICHELLE    | CLARK        |       35 |
|          22 | LAURA       | RODRIGUEZ    |       22 |
|          23 | SARAH       | LEWIS        |       30 |
|          24 | KIMBERLY    | LEE          |       25 |
|          25 | DEBORAH     | WALKER       |       29 |
|          26 | JESSICA     | HALL         |       34 |
|          27 | SHIRLEY     | ALLEN        |       31 |
|          28 | CYNTHIA     | YOUNG        |       32 |
|          29 | ANGELA      | HERNANDEZ    |       36 |
|          30 | MELISSA     | KING         |       34 |
|          31 | BRENDA      | WRIGHT       |       26 |
|          32 | AMY         | LOPEZ        |       29 |
|          33 | ANNA        | HILL         |       21 |
|          34 | REBECCA     | SCOTT        |       24 |
|          35 | VIRGINIA    | GREEN        |       32 |
|          36 | KATHLEEN    | ADAMS        |       27 |
|          37 | PAMELA      | BAKER        |       23 |
|          38 | MARTHA      | GONZALEZ     |       34 |
|          39 | DEBRA       | NELSON       |       29 |
|          40 | AMANDA      | CARTER       |       27 |
|          41 | STEPHANIE   | MITCHELL     |       25 |
|          42 | CAROLYN     | PEREZ        |       30 |
|          43 | CHRISTINE   | ROBERTS      |       24 |
|          44 | MARIE       | TURNER       |       26 |
|          45 | JANET       | PHILLIPS     |       27 |
|          46 | CATHERINE   | CAMPBELL     |       34 |
|          47 | FRANCES     | PARKER       |       22 |
|          48 | ANN         | EVANS        |       17 |
|          49 | JOYCE       | EDWARDS      |       28 |
|          50 | DIANE       | COLLINS      |       35 |
|          51 | ALICE       | STEWART      |       33 |
|          52 | JULIE       | SANCHEZ      |       29 |
|          53 | HEATHER     | MORRIS       |       30 |
|          54 | TERESA      | ROGERS       |       29 |
|          55 | DORIS       | REED         |       22 |
|          56 | GLORIA      | COOK         |       30 |
|          57 | EVELYN      | MORGAN       |       28 |
|          58 | JEAN        | BELL         |       27 |
|          59 | CHERYL      | MURPHY       |       27 |
|          60 | MILDRED     | BAILEY       |       25 |
|          61 | KATHERINE   | RIVERA       |       14 |
|          62 | JOAN        | COOPER       |       23 |
|          63 | ASHLEY      | RICHARDSON   |       25 |
|          64 | JUDITH      | COX          |       33 |
|          65 | ROSE        | HOWARD       |       22 |
|          66 | JANICE      | WARD         |       34 |
|          67 | KELLY       | TORRES       |       22 |
|          68 | NICOLE      | PETERSON     |       22 |
|          69 | JUDY        | GRAY         |       25 |
|          70 | CHRISTINA   | RAMIREZ      |       18 |
|          71 | KATHY       | JAMES        |       30 |
|          72 | THERESA     | WATSON       |       30 |
|          73 | BEVERLY     | BROOKS       |       24 |
|          74 | DENISE      | KELLY        |       27 |
|          75 | TAMMY       | SANDERS      |       41 |
|          76 | IRENE       | PRICE        |       23 |
|          77 | JANE        | BENNETT      |       28 |
|          78 | LORI        | WOOD         |       31 |
|          79 | RACHEL      | BARNES       |       22 |
|          80 | MARILYN     | ROSS         |       30 |
|          81 | ANDREA      | HENDERSON    |       22 |
|          82 | KATHRYN     | COLEMAN      |       26 |
|          83 | LOUISE      | JENKINS      |       25 |
|          84 | SARA        | PERRY        |       33 |
|          85 | ANNE        | POWELL       |       23 |
|          86 | JACQUELINE  | LONG         |       33 |
|          87 | WANDA       | PATTERSON    |       30 |
|          88 | BONNIE      | HUGHES       |       21 |
|          89 | JULIA       | FLORES       |       32 |
|          90 | RUBY        | WASHINGTON   |       28 |
|          91 | LOIS        | BUTLER       |       35 |
|          92 | TINA        | SIMMONS      |       28 |
|          93 | PHYLLIS     | FOSTER       |       23 |
|          94 | NORMA       | GONZALES     |       21 |
|          95 | PAULA       | BRYANT       |       18 |
|          96 | DIANA       | ALEXANDER    |       27 |
|          97 | ANNIE       | RUSSELL      |       18 |
|          98 | LILLIAN     | GRIFFIN      |       25 |
|          99 | EMILY       | DIAZ         |       24 |
|         100 | ROBIN       | HAYES        |       24 |
|         101 | PEGGY       | MYERS        |       24 |
|         102 | CRYSTAL     | FORD         |       33 |
|         103 | GLADYS      | HAMILTON     |       31 |
|         104 | RITA        | GRAHAM       |       24 |
|         105 | DAWN        | SULLIVAN     |       26 |
|         106 | CONNIE      | WALLACE      |       23 |
|         107 | FLORENCE    | WOODS        |       30 |
|         108 | TRACY       | COLE         |       30 |
|         109 | EDNA        | WEST         |       26 |
|         110 | TIFFANY     | JORDAN       |       14 |
|         111 | CARMEN      | OWENS        |       26 |
|         112 | ROSA        | REYNOLDS     |       30 |
|         113 | CINDY       | FISHER       |       29 |
|         114 | GRACE       | ELLIS        |       33 |
|         115 | WENDY       | HARRISON     |       30 |
|         116 | VICTORIA    | GIBSON       |       27 |
|         117 | EDITH       | MCDONALD     |       19 |
|         118 | KIM         | CRUZ         |       21 |
|         119 | SHERRY      | MARSHALL     |       34 |
|         120 | SYLVIA      | ORTIZ        |       32 |
|         121 | JOSEPHINE   | GOMEZ        |       26 |
|         122 | THELMA      | MURRAY       |       32 |
|         123 | SHANNON     | FREEMAN      |       24 |
|         124 | SHEILA      | WELLS        |       18 |
|         125 | ETHEL       | WEBB         |       32 |
|         126 | ELLEN       | SIMPSON      |       28 |
|         127 | ELAINE      | STEVENS      |       24 |
|         128 | MARJORIE    | TUCKER       |       32 |
|         129 | CARRIE      | PORTER       |       34 |
|         130 | CHARLOTTE   | HUNTER       |       24 |
|         131 | MONICA      | HICKS        |       30 |
|         132 | ESTHER      | CRAWFORD     |       28 |
|         133 | PAULINE     | HENRY        |       27 |
|         134 | EMMA        | BOYD         |       23 |
|         135 | JUANITA     | MASON        |       30 |
|         136 | ANITA       | MORALES      |       15 |
|         137 | RHONDA      | KENNEDY      |       39 |
|         138 | HAZEL       | WARREN       |       34 |
|         139 | AMBER       | DIXON        |       27 |
|         140 | EVA         | RAMOS        |       18 |
|         141 | DEBBIE      | REYES        |       32 |
|         142 | APRIL       | BURNS        |       26 |
|         143 | LESLIE      | GORDON       |       22 |
|         144 | CLARA       | SHAW         |       42 |
|         145 | LUCILLE     | HOLMES       |       28 |
|         146 | JAMIE       | RICE         |       29 |
|         147 | JOANNE      | ROBERTSON    |       34 |
|         148 | ELEANOR     | HUNT         |       46 |
|         149 | VALERIE     | BLACK        |       26 |
|         150 | DANIELLE    | DANIELS      |       25 |
|         151 | MEGAN       | PALMER       |       27 |
|         152 | ALICIA      | MILLS        |       21 |
|         153 | SUZANNE     | NICHOLS      |       24 |
|         154 | MICHELE     | GRANT        |       30 |
|         155 | GAIL        | KNIGHT       |       25 |
|         156 | BERTHA      | FERGUSON     |       25 |
|         157 | DARLENE     | ROSE         |       31 |
|         158 | VERONICA    | STONE        |       32 |
|         159 | JILL        | HAWKINS      |       21 |
|         160 | ERIN        | DUNN         |       27 |
|         161 | GERALDINE   | PERKINS      |       30 |
|         162 | LAUREN      | HUDSON       |       20 |
|         163 | CATHY       | SPENCER      |       29 |
|         164 | JOANN       | GARDNER      |       16 |
|         165 | LORRAINE    | STEPHENS     |       21 |
|         166 | LYNN        | PAYNE        |       28 |
|         167 | SALLY       | PIERCE       |       32 |
|         168 | REGINA      | BERRY        |       34 |
|         169 | ERICA       | MATTHEWS     |       22 |
|         170 | BEATRICE    | ARNOLD       |       26 |
|         171 | DOLORES     | WAGNER       |       26 |
|         172 | BERNICE     | WILLIS       |       33 |
|         173 | AUDREY      | RAY          |       29 |
|         174 | YVONNE      | WATKINS      |       21 |
|         175 | ANNETTE     | OLSON        |       24 |
|         176 | JUNE        | CARROLL      |       37 |
|         177 | SAMANTHA    | DUNCAN       |       23 |
|         178 | MARION      | SNYDER       |       39 |
|         179 | DANA        | HART         |       29 |
|         180 | STACY       | CUNNINGHAM   |       23 |
|         181 | ANA         | BRADLEY      |       34 |
|         182 | RENEE       | LANE         |       26 |
|         183 | IDA         | ANDREWS      |       23 |
|         184 | VIVIAN      | RUIZ         |       23 |
|         185 | ROBERTA     | HARPER       |       23 |
|         186 | HOLLY       | FOX          |       31 |
|         187 | BRITTANY    | RILEY        |       28 |
|         188 | MELANIE     | ARMSTRONG    |       25 |
|         189 | LORETTA     | CARPENTER    |       22 |
|         190 | YOLANDA     | WEAVER       |       27 |
|         191 | JEANETTE    | GREENE       |       20 |
|         192 | LAURIE      | LAWRENCE     |       23 |
|         193 | KATIE       | ELLIOTT      |       25 |
|         194 | KRISTEN     | CHAVEZ       |       18 |
|         195 | VANESSA     | SIMS         |       19 |
|         196 | ALMA        | AUSTIN       |       35 |
|         197 | SUE         | PETERS       |       40 |
|         198 | ELSIE       | KELLEY       |       37 |
|         199 | BETH        | FRANKLIN     |       25 |
|         200 | JEANNE      | LAWSON       |       27 |
|         201 | VICKI       | FIELDS       |       25 |
|         202 | CARLA       | GUTIERREZ    |       26 |
|         203 | TARA        | RYAN         |       20 |
|         204 | ROSEMARY    | SCHMIDT      |       35 |
|         205 | EILEEN      | CARR         |       18 |
|         206 | TERRI       | VASQUEZ      |       27 |
|         207 | GERTRUDE    | CASTILLO     |       34 |
|         208 | LUCY        | WHEELER      |       26 |
|         209 | TONYA       | CHAPMAN      |       32 |
|         210 | ELLA        | OLIVER       |       31 |
|         211 | STACEY      | MONTGOMERY   |       34 |
|         212 | WILMA       | RICHARDS     |       20 |
|         213 | GINA        | WILLIAMSON   |       28 |
|         214 | KRISTIN     | JOHNSTON     |       31 |
|         215 | JESSIE      | BANKS        |       26 |
|         216 | NATALIE     | MEYER        |       23 |
|         217 | AGNES       | BISHOP       |       23 |
|         218 | VERA        | MCCOY        |       18 |
|         219 | WILLIE      | HOWELL       |       26 |
|         220 | CHARLENE    | ALVAREZ      |       27 |
|         221 | BESSIE      | MORRISON     |       28 |
|         222 | DELORES     | HANSEN       |       21 |
|         223 | MELINDA     | FERNANDEZ    |       17 |
|         224 | PEARL       | GARZA        |       22 |
|         225 | ARLENE      | HARVEY       |       26 |
|         226 | MAUREEN     | LITTLE       |       21 |
|         227 | COLLEEN     | BURTON       |       24 |
|         228 | ALLISON     | STANLEY      |       27 |
|         229 | TAMARA      | NGUYEN       |       25 |
|         230 | JOY         | GEORGE       |       33 |
|         231 | GEORGIA     | JACOBS       |       26 |
|         232 | CONSTANCE   | REID         |       25 |
|         233 | LILLIE      | KIM          |       23 |
|         234 | CLAUDIA     | FULLER       |       26 |
|         235 | JACKIE      | LYNCH        |       25 |
|         236 | MARCIA      | DEAN         |       42 |
|         237 | TANYA       | GILBERT      |       33 |
|         238 | NELLIE      | GARRETT      |       21 |
|         239 | MINNIE      | ROMERO       |       34 |
|         240 | MARLENE     | WELCH        |       26 |
|         241 | HEIDI       | LARSON       |       34 |
|         242 | GLENDA      | FRAZIER      |       32 |
|         243 | LYDIA       | BURKE        |       24 |
|         244 | VIOLA       | HANSON       |       32 |
|         245 | COURTNEY    | DAY          |       32 |
|         246 | MARIAN      | MENDOZA      |       23 |
|         247 | STELLA      | MORENO       |       22 |
|         248 | CAROLINE    | BOWMAN       |       15 |
|         249 | DORA        | MEDINA       |       23 |
|         250 | JO          | FOWLER       |       20 |
|         251 | VICKIE      | BREWER       |       31 |
|         252 | MATTIE      | HOFFMAN      |       22 |
|         253 | TERRY       | CARLSON      |       29 |
|         254 | MAXINE      | SILVA        |       32 |
|         255 | IRMA        | PEARSON      |       18 |
|         256 | MABEL       | HOLLAND      |       30 |
|         257 | MARSHA      | DOUGLAS      |       37 |
|         258 | MYRTLE      | FLEMING      |       24 |
|         259 | LENA        | JENSEN       |       32 |
|         260 | CHRISTY     | VARGAS       |       31 |
|         261 | DEANNA      | BYRD         |       26 |
|         262 | PATSY       | DAVIDSON     |       28 |
|         263 | HILDA       | HOPKINS      |       29 |
|         264 | GWENDOLYN   | MAY          |       25 |
|         265 | JENNIE      | TERRY        |       29 |
|         266 | NORA        | HERRERA      |       28 |
|         267 | MARGIE      | WADE         |       36 |
|         268 | NINA        | SOTO         |       29 |
|         269 | CASSANDRA   | WALTERS      |       30 |
|         270 | LEAH        | CURTIS       |       25 |
|         271 | PENNY       | NEAL         |       18 |
|         272 | KAY         | CALDWELL     |       20 |
|         273 | PRISCILLA   | LOWE         |       35 |
|         274 | NAOMI       | JENNINGS     |       35 |
|         275 | CAROLE      | BARNETT      |       30 |
|         276 | BRANDY      | GRAVES       |       28 |
|         277 | OLGA        | JIMENEZ      |       32 |
|         278 | BILLIE      | HORTON       |       26 |
|         279 | DIANNE      | SHELTON      |       31 |
|         280 | TRACEY      | BARRETT      |       27 |
|         281 | LEONA       | OBRIEN       |       14 |
|         282 | JENNY       | CASTRO       |       27 |
|         283 | FELICIA     | SUTTON       |       28 |
|         284 | SONIA       | GREGORY      |       28 |
|         285 | MIRIAM      | MCKINNEY     |       26 |
|         286 | VELMA       | LUCAS        |       27 |
|         287 | BECKY       | MILES        |       29 |
|         288 | BOBBIE      | CRAIG        |       24 |
|         289 | VIOLET      | RODRIQUEZ    |       30 |
|         290 | KRISTINA    | CHAMBERS     |       28 |
|         291 | TONI        | HOLT         |       23 |
|         292 | MISTY       | LAMBERT      |       27 |
|         293 | MAE         | FLETCHER     |       31 |
|         294 | SHELLY      | WATTS        |       26 |
|         295 | DAISY       | BATES        |       38 |
|         296 | RAMONA      | HALE         |       30 |
|         297 | SHERRI      | RHODES       |       33 |
|         298 | ERIKA       | PENA         |       26 |
|         299 | JAMES       | GANNON       |       30 |
|         300 | JOHN        | FARNSWORTH   |       31 |
|         301 | ROBERT      | BAUGHMAN     |       21 |
|         302 | MICHAEL     | SILVERMAN    |       29 |
|         303 | WILLIAM     | SATTERFIELD  |       26 |
|         304 | DAVID       | ROYAL        |       26 |
|         305 | RICHARD     | MCCRARY      |       25 |
|         306 | CHARLES     | KOWALSKI     |       32 |
|         307 | JOSEPH      | JOY          |       30 |
|         308 | THOMAS      | GRIGSBY      |       25 |
|         309 | CHRISTOPHER | GRECO        |       31 |
|         310 | DANIEL      | CABRAL       |       20 |
|         311 | PAUL        | TROUT        |       23 |
|         312 | MARK        | RINEHART     |       26 |
|         313 | DONALD      | MAHON        |       23 |
|         314 | GEORGE      | LINTON       |       33 |
|         315 | KENNETH     | GOODEN       |       17 |
|         316 | STEVEN      | CURLEY       |       29 |
|         317 | EDWARD      | BAUGH        |       28 |
|         318 | BRIAN       | WYMAN        |       12 |
|         319 | RONALD      | WEINER       |       30 |
|         320 | ANTHONY     | SCHWAB       |       20 |
|         321 | KEVIN       | SCHULER      |       22 |
|         322 | JASON       | MORRISSEY    |       28 |
|         323 | MATTHEW     | MAHAN        |       31 |
|         324 | GARY        | COY          |       25 |
|         325 | TIMOTHY     | BUNN         |       22 |
|         326 | JOSE        | ANDREW       |       25 |
|         327 | LARRY       | THRASHER     |       26 |
|         328 | JEFFREY     | SPEAR        |       23 |
|         329 | FRANK       | WAGGONER     |       32 |
|         330 | SCOTT       | SHELLEY      |       25 |
|         331 | ERIC        | ROBERT       |       27 |
|         332 | STEPHEN     | QUALLS       |       28 |
|         333 | ANDREW      | PURDY        |       27 |
|         334 | RAYMOND     | MCWHORTER    |       30 |
|         335 | GREGORY     | MAULDIN      |       23 |
|         336 | JOSHUA      | MARK         |       30 |
|         337 | JERRY       | JORDON       |       29 |
|         338 | DENNIS      | GILMAN       |       28 |
|         339 | WALTER      | PERRYMAN     |       30 |
|         340 | PATRICK     | NEWSOM       |       31 |
|         341 | PETER       | MENARD       |       23 |
|         342 | HAROLD      | MARTINO      |       32 |
|         343 | DOUGLAS     | GRAF         |       25 |
|         344 | HENRY       | BILLINGSLEY  |       18 |
|         345 | CARL        | ARTIS        |       23 |
|         346 | ARTHUR      | SIMPKINS     |       32 |
|         347 | RYAN        | SALISBURY    |       30 |
|         348 | ROGER       | QUINTANILLA  |       36 |
|         349 | JOE         | GILLILAND    |       29 |
|         350 | JUAN        | FRALEY       |       23 |
|         351 | JACK        | FOUST        |       24 |
|         352 | ALBERT      | CROUSE       |       23 |
|         353 | JONATHAN    | SCARBOROUGH  |       18 |
|         354 | JUSTIN      | NGO          |       36 |
|         355 | TERRY       | GRISSOM      |       20 |
|         356 | GERALD      | FULTZ        |       30 |
|         357 | KEITH       | RICO         |       26 |
|         358 | SAMUEL      | MARLOW       |       21 |
|         359 | WILLIE      | MARKHAM      |       25 |
|         360 | RALPH       | MADRIGAL     |       34 |
|         361 | LAWRENCE    | LAWTON       |       31 |
|         362 | NICHOLAS    | BARFIELD     |       32 |
|         363 | ROY         | WHITING      |       29 |
|         364 | BENJAMIN    | VARNEY       |       23 |
|         365 | BRUCE       | SCHWARZ      |       23 |
|         366 | BRANDON     | HUEY         |       37 |
|         367 | ADAM        | GOOCH        |       22 |
|         368 | HARRY       | ARCE         |       35 |
|         369 | FRED        | WHEAT        |       25 |
|         370 | WAYNE       | TRUONG       |       19 |
|         371 | BILLY       | POULIN       |       35 |
|         372 | STEVE       | MACKENZIE    |       34 |
|         373 | LOUIS       | LEONE        |       35 |
|         374 | JEREMY      | HURTADO      |       28 |
|         375 | AARON       | SELBY        |       24 |
|         376 | RANDY       | GAITHER      |       28 |
|         377 | HOWARD      | FORTNER      |       26 |
|         378 | EUGENE      | CULPEPPER    |       19 |
|         379 | CARLOS      | COUGHLIN     |       23 |
|         380 | RUSSELL     | BRINSON      |       36 |
|         381 | BOBBY       | BOUDREAU     |       35 |
|         382 | VICTOR      | BARKLEY      |       24 |
|         383 | MARTIN      | BALES        |       27 |
|         384 | ERNEST      | STEPP        |       25 |
|         385 | PHILLIP     | HOLM         |       26 |
|         386 | TODD        | TAN          |       29 |
|         387 | JESSE       | SCHILLING    |       26 |
|         388 | CRAIG       | MORRELL      |       30 |
|         389 | ALAN        | KAHN         |       26 |
|         390 | SHAWN       | HEATON       |       33 |
|         391 | CLARENCE    | GAMEZ        |       30 |
|         392 | SEAN        | DOUGLASS     |       23 |
|         393 | PHILIP      | CAUSEY       |       31 |
|         394 | CHRIS       | BROTHERS     |       22 |
|         395 | JOHNNY      | TURPIN       |       19 |
|         396 | EARL        | SHANKS       |       27 |
|         397 | JIMMY       | SCHRADER     |       29 |
|         398 | ANTONIO     | MEEK         |       16 |
|         399 | DANNY       | ISOM         |       21 |
|         400 | BRYAN       | HARDISON     |       28 |
|         401 | TONY        | CARRANZA     |       21 |
|         402 | LUIS        | YANEZ        |       20 |
|         403 | MIKE        | WAY          |       35 |
|         404 | STANLEY     | SCROGGINS    |       30 |
|         405 | LEONARD     | SCHOFIELD    |       32 |
|         406 | NATHAN      | RUNYON       |       32 |
|         407 | DALE        | RATCLIFF     |       27 |
|         408 | MANUEL      | MURRELL      |       30 |
|         409 | RODNEY      | MOELLER      |       23 |
|         410 | CURTIS      | IRBY         |       38 |
|         411 | NORMAN      | CURRIER      |       26 |
|         412 | ALLEN       | BUTTERFIELD  |       21 |
|         413 | MARVIN      | YEE          |       21 |
|         414 | VINCENT     | RALSTON      |       25 |
|         415 | GLENN       | PULLEN       |       23 |
|         416 | JEFFERY     | PINSON       |       31 |
|         417 | TRAVIS      | ESTEP        |       25 |
|         418 | JEFF        | EAST         |       30 |
|         419 | CHAD        | CARBONE      |       25 |
|         420 | JACOB       | LANCE        |       21 |
|         421 | LEE         | HAWKS        |       27 |
|         422 | MELVIN      | ELLINGTON    |       26 |
|         423 | ALFRED      | CASILLAS     |       26 |
|         424 | KYLE        | SPURLOCK     |       30 |
|         425 | FRANCIS     | SIKES        |       26 |
|         426 | BRADLEY     | MOTLEY       |       27 |
|         427 | JESUS       | MCCARTNEY    |       24 |
|         428 | HERBERT     | KRUGER       |       20 |
|         429 | FREDERICK   | ISBELL       |       21 |
|         430 | RAY         | HOULE        |       22 |
|         431 | JOEL        | FRANCISCO    |       23 |
|         432 | EDWIN       | BURK         |       23 |
|         433 | DON         | BONE         |       25 |
|         434 | EDDIE       | TOMLIN       |       27 |
|         435 | RICKY       | SHELBY       |       25 |
|         436 | TROY        | QUIGLEY      |       30 |
|         437 | RANDALL     | NEUMANN      |       23 |
|         438 | BARRY       | LOVELACE     |       33 |
|         439 | ALEXANDER   | FENNELL      |       36 |
|         440 | BERNARD     | COLBY        |       22 |
|         441 | MARIO       | CHEATHAM     |       28 |
|         442 | LEROY       | BUSTAMANTE   |       32 |
|         443 | FRANCISCO   | SKIDMORE     |       22 |
|         444 | MARCUS      | HIDALGO      |       30 |
|         445 | MICHEAL     | FORMAN       |       26 |
|         446 | THEODORE    | CULP         |       31 |
|         447 | CLIFFORD    | BOWENS       |       29 |
|         448 | MIGUEL      | BETANCOURT   |       29 |
|         449 | OSCAR       | AQUINO       |       20 |
|         450 | JAY         | ROBB         |       26 |
|         451 | JIM         | REA          |       33 |
|         452 | TOM         | MILNER       |       32 |
|         453 | CALVIN      | MARTEL       |       23 |
|         454 | ALEX        | GRESHAM      |       33 |
|         455 | JON         | WILES        |       24 |
|         456 | RONNIE      | RICKETTS     |       25 |
|         457 | BILL        | GAVIN        |       28 |
|         458 | LLOYD       | DOWD         |       19 |
|         459 | TOMMY       | COLLAZO      |       38 |
|         460 | LEON        | BOSTIC       |       25 |
|         461 | DEREK       | BLAKELY      |       28 |
|         462 | WARREN      | SHERROD      |       33 |
|         463 | DARRELL     | POWER        |       25 |
|         464 | JEROME      | KENYON       |       16 |
|         465 | FLOYD       | GANDY        |       17 |
|         466 | LEO         | EBERT        |       23 |
|         467 | ALVIN       | DELOACH      |       29 |
|         468 | TIM         | CARY         |       39 |
|         469 | WESLEY      | BULL         |       40 |
|         470 | GORDON      | ALLARD       |       32 |
|         471 | DEAN        | SAUER        |       27 |
|         472 | GREG        | ROBINS       |       30 |
|         473 | JORGE       | OLIVARES     |       34 |
|         474 | DUSTIN      | GILLETTE     |       26 |
|         475 | PEDRO       | CHESTNUT     |       24 |
|         476 | DERRICK     | BOURQUE      |       22 |
|         477 | DAN         | PAINE        |       22 |
|         478 | LEWIS       | LYMAN        |       19 |
|         479 | ZACHARY     | HITE         |       31 |
|         480 | COREY       | HAUSER       |       22 |
|         481 | HERMAN      | DEVORE       |       29 |
|         482 | MAURICE     | CRAWLEY      |       29 |
|         483 | VERNON      | CHAPA        |       18 |
|         484 | ROBERTO     | VU           |       30 |
|         485 | CLYDE       | TOBIAS       |       29 |
|         486 | GLEN        | TALBERT      |       26 |
|         487 | HECTOR      | POINDEXTER   |       26 |
|         488 | SHANE       | MILLARD      |       22 |
|         489 | RICARDO     | MEADOR       |       21 |
|         490 | SAM         | MCDUFFIE     |       24 |
|         491 | RICK        | MATTOX       |       27 |
|         492 | LESTER      | KRAUS        |       16 |
|         493 | BRENT       | HARKINS      |       23 |
|         494 | RAMON       | CHOATE       |       31 |
|         495 | CHARLIE     | BESS         |       26 |
|         496 | TYLER       | WREN         |       21 |
|         497 | GILBERT     | SLEDGE       |       28 |
|         498 | GENE        | SANBORN      |       27 |
|         499 | MARC        | OUTLAW       |       30 |
|         500 | REGINALD    | KINDER       |       28 |
|         501 | RUBEN       | GEARY        |       21 |
|         502 | BRETT       | CORNWELL     |       34 |
|         503 | ANGEL       | BARCLAY      |       32 |
|         504 | NATHANIEL   | ADAM         |       28 |
|         505 | RAFAEL      | ABNEY        |       21 |
|         506 | LESLIE      | SEWARD       |       35 |
|         507 | EDGAR       | RHOADS       |       25 |
|         508 | MILTON      | HOWLAND      |       25 |
|         509 | RAUL        | FORTIER      |       20 |
|         510 | BEN         | EASTER       |       26 |
|         511 | CHESTER     | BENNER       |       24 |
|         512 | CECIL       | VINES        |       26 |
|         513 | DUANE       | TUBBS        |       31 |
|         514 | FRANKLIN    | TROUTMAN     |       22 |
|         515 | ANDRE       | RAPP         |       28 |
|         516 | ELMER       | NOE          |       26 |
|         517 | BRAD        | MCCURDY      |       25 |
|         518 | GABRIEL     | HARDER       |       26 |
|         519 | RON         | DELUCA       |       23 |
|         520 | MITCHELL    | WESTMORELAND |       32 |
|         521 | ROLAND      | SOUTH        |       23 |
|         522 | ARNOLD      | HAVENS       |       33 |
|         523 | HARVEY      | GUAJARDO     |       22 |
|         524 | JARED       | ELY          |       19 |
|         525 | ADRIAN      | CLARY        |       19 |
|         526 | KARL        | SEAL         |       45 |
|         527 | CORY        | MEEHAN       |       24 |
|         528 | CLAUDE      | HERZOG       |       25 |
|         529 | ERIK        | GUILLEN      |       29 |
|         530 | DARRYL      | ASHCRAFT     |       23 |
|         531 | JAMIE       | WAUGH        |       25 |
|         532 | NEIL        | RENNER       |       32 |
|         533 | JESSIE      | MILAM        |       33 |
|         534 | CHRISTIAN   | JUNG         |       24 |
|         535 | JAVIER      | ELROD        |       32 |
|         536 | FERNANDO    | CHURCHILL    |       25 |
|         537 | CLINTON     | BUFORD       |       25 |
|         538 | TED         | BREAUX       |       29 |
|         539 | MATHEW      | BOLIN        |       22 |
|         540 | TYRONE      | ASHER        |       24 |
|         541 | DARREN      | WINDHAM      |       24 |
|         542 | LONNIE      | TIRADO       |       18 |
|         543 | LANCE       | PEMBERTON    |       22 |
|         544 | CODY        | NOLEN        |       22 |
|         545 | JULIO       | NOLAND       |       21 |
|         546 | KELLY       | KNOTT        |       25 |
|         547 | KURT        | EMMONS       |       23 |
|         548 | ALLAN       | CORNISH      |       19 |
|         549 | NELSON      | CHRISTENSON  |       20 |
|         550 | GUY         | BROWNLEE     |       32 |
|         551 | CLAYTON     | BARBEE       |       26 |
|         552 | HUGH        | WALDROP      |       21 |
|         553 | MAX         | PITT         |       24 |
|         554 | DWAYNE      | OLVERA       |       22 |
|         555 | DWIGHT      | LOMBARDI     |       17 |
|         556 | ARMANDO     | GRUBER       |       21 |
|         557 | FELIX       | GAFFNEY      |       24 |
|         558 | JIMMIE      | EGGLESTON    |       28 |
|         559 | EVERETT     | BANDA        |       28 |
|         560 | JORDAN      | ARCHULETA    |       30 |
|         561 | IAN         | STILL        |       27 |
|         562 | WALLACE     | SLONE        |       25 |
|         563 | KEN         | PREWITT      |       29 |
|         564 | BOB         | PFEIFFER     |       24 |
|         565 | JAIME       | NETTLES      |       29 |
|         566 | CASEY       | MENA         |       34 |
|         567 | ALFREDO     | MCADAMS      |       20 |
|         568 | ALBERTO     | HENNING      |       21 |
|         569 | DAVE        | GARDINER     |       32 |
|         570 | IVAN        | CROMWELL     |       26 |
|         571 | JOHNNIE     | CHISHOLM     |       24 |
|         572 | SIDNEY      | BURLESON     |       25 |
|         573 | BYRON       | BOX          |       29 |
|         574 | JULIAN      | VEST         |       28 |
|         575 | ISAAC       | OGLESBY      |       29 |
|         576 | MORRIS      | MCCARTER     |       34 |
|         577 | CLIFTON     | MALCOLM      |       27 |
|         578 | WILLARD     | LUMPKIN      |       22 |
|         579 | DARYL       | LARUE        |       27 |
|         580 | ROSS        | GREY         |       27 |
|         581 | VIRGIL      | WOFFORD      |       27 |
|         582 | ANDY        | VANHORN      |       25 |
|         583 | MARSHALL    | THORN        |       23 |
|         584 | SALVADOR    | TEEL         |       30 |
|         585 | PERRY       | SWAFFORD     |       24 |
|         586 | KIRK        | STCLAIR      |       19 |
|         587 | SERGIO      | STANFIELD    |       26 |
|         588 | MARION      | OCAMPO       |       29 |
|         589 | TRACY       | HERRMANN     |       28 |
|         590 | SETH        | HANNON       |       25 |
|         591 | KENT        | ARSENAULT    |       27 |
|         592 | TERRANCE    | ROUSH        |       29 |
|         593 | RENE        | MCALISTER    |       26 |
|         594 | EDUARDO     | HIATT        |       27 |
|         595 | TERRENCE    | GUNDERSON    |       30 |
|         596 | ENRIQUE     | FORSYTHE     |       28 |
|         597 | FREDDIE     | DUGGAN       |       25 |
|         598 | WADE        | DELVALLE     |       22 |
|         599 | AUSTIN      | CINTRON      |       19 |
+-------------+-------------+--------------+----------+
599 rows in set (0.0344 sec)

 MySQL  localhost:3306 ssl  sakila  SQL > select A.customer_id, first_name, last_name,count(B.customer_id) as cantidad from customer A left join rental B on  A.customer_id = B.customer_id group by A.customer_id;
+-------------+-------------+--------------+----------+
| customer_id | first_name  | last_name    | cantidad |
+-------------+-------------+--------------+----------+
|           1 | MARY        | SMITH        |       32 |
|           2 | PATRICIA    | JOHNSON      |       27 |
|           3 | LINDA       | WILLIAMS     |       26 |
|           4 | BARBARA     | JONES        |       22 |
|           5 | ELIZABETH   | BROWN        |       38 |
|           6 | JENNIFER    | DAVIS        |       28 |
|           7 | MARIA       | MILLER       |       33 |
|           8 | SUSAN       | WILSON       |       24 |
|           9 | MARGARET    | MOORE        |       23 |
|          10 | DOROTHY     | TAYLOR       |       25 |
|          11 | LISA        | ANDERSON     |       24 |
|          12 | NANCY       | THOMAS       |       28 |
|          13 | KAREN       | JACKSON      |       27 |
|          14 | BETTY       | WHITE        |       28 |
|          15 | HELEN       | HARRIS       |       32 |
|          16 | SANDRA      | MARTIN       |       28 |
|          17 | DONNA       | THOMPSON     |       21 |
|          18 | CAROL       | GARCIA       |       22 |
|          19 | RUTH        | MARTINEZ     |       24 |
|          20 | SHARON      | ROBINSON     |       30 |
|          21 | MICHELLE    | CLARK        |       35 |
|          22 | LAURA       | RODRIGUEZ    |       22 |
|          23 | SARAH       | LEWIS        |       30 |
|          24 | KIMBERLY    | LEE          |       25 |
|          25 | DEBORAH     | WALKER       |       29 |
|          26 | JESSICA     | HALL         |       34 |
|          27 | SHIRLEY     | ALLEN        |       31 |
|          28 | CYNTHIA     | YOUNG        |       32 |
|          29 | ANGELA      | HERNANDEZ    |       36 |
|          30 | MELISSA     | KING         |       34 |
|          31 | BRENDA      | WRIGHT       |       26 |
|          32 | AMY         | LOPEZ        |       29 |
|          33 | ANNA        | HILL         |       21 |
|          34 | REBECCA     | SCOTT        |       24 |
|          35 | VIRGINIA    | GREEN        |       32 |
|          36 | KATHLEEN    | ADAMS        |       27 |
|          37 | PAMELA      | BAKER        |       23 |
|          38 | MARTHA      | GONZALEZ     |       34 |
|          39 | DEBRA       | NELSON       |       29 |
|          40 | AMANDA      | CARTER       |       27 |
|          41 | STEPHANIE   | MITCHELL     |       25 |
|          42 | CAROLYN     | PEREZ        |       30 |
|          43 | CHRISTINE   | ROBERTS      |       24 |
|          44 | MARIE       | TURNER       |       26 |
|          45 | JANET       | PHILLIPS     |       27 |
|          46 | CATHERINE   | CAMPBELL     |       34 |
|          47 | FRANCES     | PARKER       |       22 |
|          48 | ANN         | EVANS        |       17 |
|          49 | JOYCE       | EDWARDS      |       28 |
|          50 | DIANE       | COLLINS      |       35 |
|          51 | ALICE       | STEWART      |       33 |
|          52 | JULIE       | SANCHEZ      |       29 |
|          53 | HEATHER     | MORRIS       |       30 |
|          54 | TERESA      | ROGERS       |       29 |
|          55 | DORIS       | REED         |       22 |
|          56 | GLORIA      | COOK         |       30 |
|          57 | EVELYN      | MORGAN       |       28 |
|          58 | JEAN        | BELL         |       27 |
|          59 | CHERYL      | MURPHY       |       27 |
|          60 | MILDRED     | BAILEY       |       25 |
|          61 | KATHERINE   | RIVERA       |       14 |
|          62 | JOAN        | COOPER       |       23 |
|          63 | ASHLEY      | RICHARDSON   |       25 |
|          64 | JUDITH      | COX          |       33 |
|          65 | ROSE        | HOWARD       |       22 |
|          66 | JANICE      | WARD         |       34 |
|          67 | KELLY       | TORRES       |       22 |
|          68 | NICOLE      | PETERSON     |       22 |
|          69 | JUDY        | GRAY         |       25 |
|          70 | CHRISTINA   | RAMIREZ      |       18 |
|          71 | KATHY       | JAMES        |       30 |
|          72 | THERESA     | WATSON       |       30 |
|          73 | BEVERLY     | BROOKS       |       24 |
|          74 | DENISE      | KELLY        |       27 |
|          75 | TAMMY       | SANDERS      |       41 |
|          76 | IRENE       | PRICE        |       23 |
|          77 | JANE        | BENNETT      |       28 |
|          78 | LORI        | WOOD         |       31 |
|          79 | RACHEL      | BARNES       |       22 |
|          80 | MARILYN     | ROSS         |       30 |
|          81 | ANDREA      | HENDERSON    |       22 |
|          82 | KATHRYN     | COLEMAN      |       26 |
|          83 | LOUISE      | JENKINS      |       25 |
|          84 | SARA        | PERRY        |       33 |
|          85 | ANNE        | POWELL       |       23 |
|          86 | JACQUELINE  | LONG         |       33 |
|          87 | WANDA       | PATTERSON    |       30 |
|          88 | BONNIE      | HUGHES       |       21 |
|          89 | JULIA       | FLORES       |       32 |
|          90 | RUBY        | WASHINGTON   |       28 |
|          91 | LOIS        | BUTLER       |       35 |
|          92 | TINA        | SIMMONS      |       28 |
|          93 | PHYLLIS     | FOSTER       |       23 |
|          94 | NORMA       | GONZALES     |       21 |
|          95 | PAULA       | BRYANT       |       18 |
|          96 | DIANA       | ALEXANDER    |       27 |
|          97 | ANNIE       | RUSSELL      |       18 |
|          98 | LILLIAN     | GRIFFIN      |       25 |
|          99 | EMILY       | DIAZ         |       24 |
|         100 | ROBIN       | HAYES        |       24 |
|         101 | PEGGY       | MYERS        |       24 |
|         102 | CRYSTAL     | FORD         |       33 |
|         103 | GLADYS      | HAMILTON     |       31 |
|         104 | RITA        | GRAHAM       |       24 |
|         105 | DAWN        | SULLIVAN     |       26 |
|         106 | CONNIE      | WALLACE      |       23 |
|         107 | FLORENCE    | WOODS        |       30 |
|         108 | TRACY       | COLE         |       30 |
|         109 | EDNA        | WEST         |       26 |
|         110 | TIFFANY     | JORDAN       |       14 |
|         111 | CARMEN      | OWENS        |       26 |
|         112 | ROSA        | REYNOLDS     |       30 |
|         113 | CINDY       | FISHER       |       29 |
|         114 | GRACE       | ELLIS        |       33 |
|         115 | WENDY       | HARRISON     |       30 |
|         116 | VICTORIA    | GIBSON       |       27 |
|         117 | EDITH       | MCDONALD     |       19 |
|         118 | KIM         | CRUZ         |       21 |
|         119 | SHERRY      | MARSHALL     |       34 |
|         120 | SYLVIA      | ORTIZ        |       32 |
|         121 | JOSEPHINE   | GOMEZ        |       26 |
|         122 | THELMA      | MURRAY       |       32 |
|         123 | SHANNON     | FREEMAN      |       24 |
|         124 | SHEILA      | WELLS        |       18 |
|         125 | ETHEL       | WEBB         |       32 |
|         126 | ELLEN       | SIMPSON      |       28 |
|         127 | ELAINE      | STEVENS      |       24 |
|         128 | MARJORIE    | TUCKER       |       32 |
|         129 | CARRIE      | PORTER       |       34 |
|         130 | CHARLOTTE   | HUNTER       |       24 |
|         131 | MONICA      | HICKS        |       30 |
|         132 | ESTHER      | CRAWFORD     |       28 |
|         133 | PAULINE     | HENRY        |       27 |
|         134 | EMMA        | BOYD         |       23 |
|         135 | JUANITA     | MASON        |       30 |
|         136 | ANITA       | MORALES      |       15 |
|         137 | RHONDA      | KENNEDY      |       39 |
|         138 | HAZEL       | WARREN       |       34 |
|         139 | AMBER       | DIXON        |       27 |
|         140 | EVA         | RAMOS        |       18 |
|         141 | DEBBIE      | REYES        |       32 |
|         142 | APRIL       | BURNS        |       26 |
|         143 | LESLIE      | GORDON       |       22 |
|         144 | CLARA       | SHAW         |       42 |
|         145 | LUCILLE     | HOLMES       |       28 |
|         146 | JAMIE       | RICE         |       29 |
|         147 | JOANNE      | ROBERTSON    |       34 |
|         148 | ELEANOR     | HUNT         |       46 |
|         149 | VALERIE     | BLACK        |       26 |
|         150 | DANIELLE    | DANIELS      |       25 |
|         151 | MEGAN       | PALMER       |       27 |
|         152 | ALICIA      | MILLS        |       21 |
|         153 | SUZANNE     | NICHOLS      |       24 |
|         154 | MICHELE     | GRANT        |       30 |
|         155 | GAIL        | KNIGHT       |       25 |
|         156 | BERTHA      | FERGUSON     |       25 |
|         157 | DARLENE     | ROSE         |       31 |
|         158 | VERONICA    | STONE        |       32 |
|         159 | JILL        | HAWKINS      |       21 |
|         160 | ERIN        | DUNN         |       27 |
|         161 | GERALDINE   | PERKINS      |       30 |
|         162 | LAUREN      | HUDSON       |       20 |
|         163 | CATHY       | SPENCER      |       29 |
|         164 | JOANN       | GARDNER      |       16 |
|         165 | LORRAINE    | STEPHENS     |       21 |
|         166 | LYNN        | PAYNE        |       28 |
|         167 | SALLY       | PIERCE       |       32 |
|         168 | REGINA      | BERRY        |       34 |
|         169 | ERICA       | MATTHEWS     |       22 |
|         170 | BEATRICE    | ARNOLD       |       26 |
|         171 | DOLORES     | WAGNER       |       26 |
|         172 | BERNICE     | WILLIS       |       33 |
|         173 | AUDREY      | RAY          |       29 |
|         174 | YVONNE      | WATKINS      |       21 |
|         175 | ANNETTE     | OLSON        |       24 |
|         176 | JUNE        | CARROLL      |       37 |
|         177 | SAMANTHA    | DUNCAN       |       23 |
|         178 | MARION      | SNYDER       |       39 |
|         179 | DANA        | HART         |       29 |
|         180 | STACY       | CUNNINGHAM   |       23 |
|         181 | ANA         | BRADLEY      |       34 |
|         182 | RENEE       | LANE         |       26 |
|         183 | IDA         | ANDREWS      |       23 |
|         184 | VIVIAN      | RUIZ         |       23 |
|         185 | ROBERTA     | HARPER       |       23 |
|         186 | HOLLY       | FOX          |       31 |
|         187 | BRITTANY    | RILEY        |       28 |
|         188 | MELANIE     | ARMSTRONG    |       25 |
|         189 | LORETTA     | CARPENTER    |       22 |
|         190 | YOLANDA     | WEAVER       |       27 |
|         191 | JEANETTE    | GREENE       |       20 |
|         192 | LAURIE      | LAWRENCE     |       23 |
|         193 | KATIE       | ELLIOTT      |       25 |
|         194 | KRISTEN     | CHAVEZ       |       18 |
|         195 | VANESSA     | SIMS         |       19 |
|         196 | ALMA        | AUSTIN       |       35 |
|         197 | SUE         | PETERS       |       40 |
|         198 | ELSIE       | KELLEY       |       37 |
|         199 | BETH        | FRANKLIN     |       25 |
|         200 | JEANNE      | LAWSON       |       27 |
|         201 | VICKI       | FIELDS       |       25 |
|         202 | CARLA       | GUTIERREZ    |       26 |
|         203 | TARA        | RYAN         |       20 |
|         204 | ROSEMARY    | SCHMIDT      |       35 |
|         205 | EILEEN      | CARR         |       18 |
|         206 | TERRI       | VASQUEZ      |       27 |
|         207 | GERTRUDE    | CASTILLO     |       34 |
|         208 | LUCY        | WHEELER      |       26 |
|         209 | TONYA       | CHAPMAN      |       32 |
|         210 | ELLA        | OLIVER       |       31 |
|         211 | STACEY      | MONTGOMERY   |       34 |
|         212 | WILMA       | RICHARDS     |       20 |
|         213 | GINA        | WILLIAMSON   |       28 |
|         214 | KRISTIN     | JOHNSTON     |       31 |
|         215 | JESSIE      | BANKS        |       26 |
|         216 | NATALIE     | MEYER        |       23 |
|         217 | AGNES       | BISHOP       |       23 |
|         218 | VERA        | MCCOY        |       18 |
|         219 | WILLIE      | HOWELL       |       26 |
|         220 | CHARLENE    | ALVAREZ      |       27 |
|         221 | BESSIE      | MORRISON     |       28 |
|         222 | DELORES     | HANSEN       |       21 |
|         223 | MELINDA     | FERNANDEZ    |       17 |
|         224 | PEARL       | GARZA        |       22 |
|         225 | ARLENE      | HARVEY       |       26 |
|         226 | MAUREEN     | LITTLE       |       21 |
|         227 | COLLEEN     | BURTON       |       24 |
|         228 | ALLISON     | STANLEY      |       27 |
|         229 | TAMARA      | NGUYEN       |       25 |
|         230 | JOY         | GEORGE       |       33 |
|         231 | GEORGIA     | JACOBS       |       26 |
|         232 | CONSTANCE   | REID         |       25 |
|         233 | LILLIE      | KIM          |       23 |
|         234 | CLAUDIA     | FULLER       |       26 |
|         235 | JACKIE      | LYNCH        |       25 |
|         236 | MARCIA      | DEAN         |       42 |
|         237 | TANYA       | GILBERT      |       33 |
|         238 | NELLIE      | GARRETT      |       21 |
|         239 | MINNIE      | ROMERO       |       34 |
|         240 | MARLENE     | WELCH        |       26 |
|         241 | HEIDI       | LARSON       |       34 |
|         242 | GLENDA      | FRAZIER      |       32 |
|         243 | LYDIA       | BURKE        |       24 |
|         244 | VIOLA       | HANSON       |       32 |
|         245 | COURTNEY    | DAY          |       32 |
|         246 | MARIAN      | MENDOZA      |       23 |
|         247 | STELLA      | MORENO       |       22 |
|         248 | CAROLINE    | BOWMAN       |       15 |
|         249 | DORA        | MEDINA       |       23 |
|         250 | JO          | FOWLER       |       20 |
|         251 | VICKIE      | BREWER       |       31 |
|         252 | MATTIE      | HOFFMAN      |       22 |
|         253 | TERRY       | CARLSON      |       29 |
|         254 | MAXINE      | SILVA        |       32 |
|         255 | IRMA        | PEARSON      |       18 |
|         256 | MABEL       | HOLLAND      |       30 |
|         257 | MARSHA      | DOUGLAS      |       37 |
|         258 | MYRTLE      | FLEMING      |       24 |
|         259 | LENA        | JENSEN       |       32 |
|         260 | CHRISTY     | VARGAS       |       31 |
|         261 | DEANNA      | BYRD         |       26 |
|         262 | PATSY       | DAVIDSON     |       28 |
|         263 | HILDA       | HOPKINS      |       29 |
|         264 | GWENDOLYN   | MAY          |       25 |
|         265 | JENNIE      | TERRY        |       29 |
|         266 | NORA        | HERRERA      |       28 |
|         267 | MARGIE      | WADE         |       36 |
|         268 | NINA        | SOTO         |       29 |
|         269 | CASSANDRA   | WALTERS      |       30 |
|         270 | LEAH        | CURTIS       |       25 |
|         271 | PENNY       | NEAL         |       18 |
|         272 | KAY         | CALDWELL     |       20 |
|         273 | PRISCILLA   | LOWE         |       35 |
|         274 | NAOMI       | JENNINGS     |       35 |
|         275 | CAROLE      | BARNETT      |       30 |
|         276 | BRANDY      | GRAVES       |       28 |
|         277 | OLGA        | JIMENEZ      |       32 |
|         278 | BILLIE      | HORTON       |       26 |
|         279 | DIANNE      | SHELTON      |       31 |
|         280 | TRACEY      | BARRETT      |       27 |
|         281 | LEONA       | OBRIEN       |       14 |
|         282 | JENNY       | CASTRO       |       27 |
|         283 | FELICIA     | SUTTON       |       28 |
|         284 | SONIA       | GREGORY      |       28 |
|         285 | MIRIAM      | MCKINNEY     |       26 |
|         286 | VELMA       | LUCAS        |       27 |
|         287 | BECKY       | MILES        |       29 |
|         288 | BOBBIE      | CRAIG        |       24 |
|         289 | VIOLET      | RODRIQUEZ    |       30 |
|         290 | KRISTINA    | CHAMBERS     |       28 |
|         291 | TONI        | HOLT         |       23 |
|         292 | MISTY       | LAMBERT      |       27 |
|         293 | MAE         | FLETCHER     |       31 |
|         294 | SHELLY      | WATTS        |       26 |
|         295 | DAISY       | BATES        |       38 |
|         296 | RAMONA      | HALE         |       30 |
|         297 | SHERRI      | RHODES       |       33 |
|         298 | ERIKA       | PENA         |       26 |
|         299 | JAMES       | GANNON       |       30 |
|         300 | JOHN        | FARNSWORTH   |       31 |
|         301 | ROBERT      | BAUGHMAN     |       21 |
|         302 | MICHAEL     | SILVERMAN    |       29 |
|         303 | WILLIAM     | SATTERFIELD  |       26 |
|         304 | DAVID       | ROYAL        |       26 |
|         305 | RICHARD     | MCCRARY      |       25 |
|         306 | CHARLES     | KOWALSKI     |       32 |
|         307 | JOSEPH      | JOY          |       30 |
|         308 | THOMAS      | GRIGSBY      |       25 |
|         309 | CHRISTOPHER | GRECO        |       31 |
|         310 | DANIEL      | CABRAL       |       20 |
|         311 | PAUL        | TROUT        |       23 |
|         312 | MARK        | RINEHART     |       26 |
|         313 | DONALD      | MAHON        |       23 |
|         314 | GEORGE      | LINTON       |       33 |
|         315 | KENNETH     | GOODEN       |       17 |
|         316 | STEVEN      | CURLEY       |       29 |
|         317 | EDWARD      | BAUGH        |       28 |
|         318 | BRIAN       | WYMAN        |       12 |
|         319 | RONALD      | WEINER       |       30 |
|         320 | ANTHONY     | SCHWAB       |       20 |
|         321 | KEVIN       | SCHULER      |       22 |
|         322 | JASON       | MORRISSEY    |       28 |
|         323 | MATTHEW     | MAHAN        |       31 |
|         324 | GARY        | COY          |       25 |
|         325 | TIMOTHY     | BUNN         |       22 |
|         326 | JOSE        | ANDREW       |       25 |
|         327 | LARRY       | THRASHER     |       26 |
|         328 | JEFFREY     | SPEAR        |       23 |
|         329 | FRANK       | WAGGONER     |       32 |
|         330 | SCOTT       | SHELLEY      |       25 |
|         331 | ERIC        | ROBERT       |       27 |
|         332 | STEPHEN     | QUALLS       |       28 |
|         333 | ANDREW      | PURDY        |       27 |
|         334 | RAYMOND     | MCWHORTER    |       30 |
|         335 | GREGORY     | MAULDIN      |       23 |
|         336 | JOSHUA      | MARK         |       30 |
|         337 | JERRY       | JORDON       |       29 |
|         338 | DENNIS      | GILMAN       |       28 |
|         339 | WALTER      | PERRYMAN     |       30 |
|         340 | PATRICK     | NEWSOM       |       31 |
|         341 | PETER       | MENARD       |       23 |
|         342 | HAROLD      | MARTINO      |       32 |
|         343 | DOUGLAS     | GRAF         |       25 |
|         344 | HENRY       | BILLINGSLEY  |       18 |
|         345 | CARL        | ARTIS        |       23 |
|         346 | ARTHUR      | SIMPKINS     |       32 |
|         347 | RYAN        | SALISBURY    |       30 |
|         348 | ROGER       | QUINTANILLA  |       36 |
|         349 | JOE         | GILLILAND    |       29 |
|         350 | JUAN        | FRALEY       |       23 |
|         351 | JACK        | FOUST        |       24 |
|         352 | ALBERT      | CROUSE       |       23 |
|         353 | JONATHAN    | SCARBOROUGH  |       18 |
|         354 | JUSTIN      | NGO          |       36 |
|         355 | TERRY       | GRISSOM      |       20 |
|         356 | GERALD      | FULTZ        |       30 |
|         357 | KEITH       | RICO         |       26 |
|         358 | SAMUEL      | MARLOW       |       21 |
|         359 | WILLIE      | MARKHAM      |       25 |
|         360 | RALPH       | MADRIGAL     |       34 |
|         361 | LAWRENCE    | LAWTON       |       31 |
|         362 | NICHOLAS    | BARFIELD     |       32 |
|         363 | ROY         | WHITING      |       29 |
|         364 | BENJAMIN    | VARNEY       |       23 |
|         365 | BRUCE       | SCHWARZ      |       23 |
|         366 | BRANDON     | HUEY         |       37 |
|         367 | ADAM        | GOOCH        |       22 |
|         368 | HARRY       | ARCE         |       35 |
|         369 | FRED        | WHEAT        |       25 |
|         370 | WAYNE       | TRUONG       |       19 |
|         371 | BILLY       | POULIN       |       35 |
|         372 | STEVE       | MACKENZIE    |       34 |
|         373 | LOUIS       | LEONE        |       35 |
|         374 | JEREMY      | HURTADO      |       28 |
|         375 | AARON       | SELBY        |       24 |
|         376 | RANDY       | GAITHER      |       28 |
|         377 | HOWARD      | FORTNER      |       26 |
|         378 | EUGENE      | CULPEPPER    |       19 |
|         379 | CARLOS      | COUGHLIN     |       23 |
|         380 | RUSSELL     | BRINSON      |       36 |
|         381 | BOBBY       | BOUDREAU     |       35 |
|         382 | VICTOR      | BARKLEY      |       24 |
|         383 | MARTIN      | BALES        |       27 |
|         384 | ERNEST      | STEPP        |       25 |
|         385 | PHILLIP     | HOLM         |       26 |
|         386 | TODD        | TAN          |       29 |
|         387 | JESSE       | SCHILLING    |       26 |
|         388 | CRAIG       | MORRELL      |       30 |
|         389 | ALAN        | KAHN         |       26 |
|         390 | SHAWN       | HEATON       |       33 |
|         391 | CLARENCE    | GAMEZ        |       30 |
|         392 | SEAN        | DOUGLASS     |       23 |
|         393 | PHILIP      | CAUSEY       |       31 |
|         394 | CHRIS       | BROTHERS     |       22 |
|         395 | JOHNNY      | TURPIN       |       19 |
|         396 | EARL        | SHANKS       |       27 |
|         397 | JIMMY       | SCHRADER     |       29 |
|         398 | ANTONIO     | MEEK         |       16 |
|         399 | DANNY       | ISOM         |       21 |
|         400 | BRYAN       | HARDISON     |       28 |
|         401 | TONY        | CARRANZA     |       21 |
|         402 | LUIS        | YANEZ        |       20 |
|         403 | MIKE        | WAY          |       35 |
|         404 | STANLEY     | SCROGGINS    |       30 |
|         405 | LEONARD     | SCHOFIELD    |       32 |
|         406 | NATHAN      | RUNYON       |       32 |
|         407 | DALE        | RATCLIFF     |       27 |
|         408 | MANUEL      | MURRELL      |       30 |
|         409 | RODNEY      | MOELLER      |       23 |
|         410 | CURTIS      | IRBY         |       38 |
|         411 | NORMAN      | CURRIER      |       26 |
|         412 | ALLEN       | BUTTERFIELD  |       21 |
|         413 | MARVIN      | YEE          |       21 |
|         414 | VINCENT     | RALSTON      |       25 |
|         415 | GLENN       | PULLEN       |       23 |
|         416 | JEFFERY     | PINSON       |       31 |
|         417 | TRAVIS      | ESTEP        |       25 |
|         418 | JEFF        | EAST         |       30 |
|         419 | CHAD        | CARBONE      |       25 |
|         420 | JACOB       | LANCE        |       21 |
|         421 | LEE         | HAWKS        |       27 |
|         422 | MELVIN      | ELLINGTON    |       26 |
|         423 | ALFRED      | CASILLAS     |       26 |
|         424 | KYLE        | SPURLOCK     |       30 |
|         425 | FRANCIS     | SIKES        |       26 |
|         426 | BRADLEY     | MOTLEY       |       27 |
|         427 | JESUS       | MCCARTNEY    |       24 |
|         428 | HERBERT     | KRUGER       |       20 |
|         429 | FREDERICK   | ISBELL       |       21 |
|         430 | RAY         | HOULE        |       22 |
|         431 | JOEL        | FRANCISCO    |       23 |
|         432 | EDWIN       | BURK         |       23 |
|         433 | DON         | BONE         |       25 |
|         434 | EDDIE       | TOMLIN       |       27 |
|         435 | RICKY       | SHELBY       |       25 |
|         436 | TROY        | QUIGLEY      |       30 |
|         437 | RANDALL     | NEUMANN      |       23 |
|         438 | BARRY       | LOVELACE     |       33 |
|         439 | ALEXANDER   | FENNELL      |       36 |
|         440 | BERNARD     | COLBY        |       22 |
|         441 | MARIO       | CHEATHAM     |       28 |
|         442 | LEROY       | BUSTAMANTE   |       32 |
|         443 | FRANCISCO   | SKIDMORE     |       22 |
|         444 | MARCUS      | HIDALGO      |       30 |
|         445 | MICHEAL     | FORMAN       |       26 |
|         446 | THEODORE    | CULP         |       31 |
|         447 | CLIFFORD    | BOWENS       |       29 |
|         448 | MIGUEL      | BETANCOURT   |       29 |
|         449 | OSCAR       | AQUINO       |       20 |
|         450 | JAY         | ROBB         |       26 |
|         451 | JIM         | REA          |       33 |
|         452 | TOM         | MILNER       |       32 |
|         453 | CALVIN      | MARTEL       |       23 |
|         454 | ALEX        | GRESHAM      |       33 |
|         455 | JON         | WILES        |       24 |
|         456 | RONNIE      | RICKETTS     |       25 |
|         457 | BILL        | GAVIN        |       28 |
|         458 | LLOYD       | DOWD         |       19 |
|         459 | TOMMY       | COLLAZO      |       38 |
|         460 | LEON        | BOSTIC       |       25 |
|         461 | DEREK       | BLAKELY      |       28 |
|         462 | WARREN      | SHERROD      |       33 |
|         463 | DARRELL     | POWER        |       25 |
|         464 | JEROME      | KENYON       |       16 |
|         465 | FLOYD       | GANDY        |       17 |
|         466 | LEO         | EBERT        |       23 |
|         467 | ALVIN       | DELOACH      |       29 |
|         468 | TIM         | CARY         |       39 |
|         469 | WESLEY      | BULL         |       40 |
|         470 | GORDON      | ALLARD       |       32 |
|         471 | DEAN        | SAUER        |       27 |
|         472 | GREG        | ROBINS       |       30 |
|         473 | JORGE       | OLIVARES     |       34 |
|         474 | DUSTIN      | GILLETTE     |       26 |
|         475 | PEDRO       | CHESTNUT     |       24 |
|         476 | DERRICK     | BOURQUE      |       22 |
|         477 | DAN         | PAINE        |       22 |
|         478 | LEWIS       | LYMAN        |       19 |
|         479 | ZACHARY     | HITE         |       31 |
|         480 | COREY       | HAUSER       |       22 |
|         481 | HERMAN      | DEVORE       |       29 |
|         482 | MAURICE     | CRAWLEY      |       29 |
|         483 | VERNON      | CHAPA        |       18 |
|         484 | ROBERTO     | VU           |       30 |
|         485 | CLYDE       | TOBIAS       |       29 |
|         486 | GLEN        | TALBERT      |       26 |
|         487 | HECTOR      | POINDEXTER   |       26 |
|         488 | SHANE       | MILLARD      |       22 |
|         489 | RICARDO     | MEADOR       |       21 |
|         490 | SAM         | MCDUFFIE     |       24 |
|         491 | RICK        | MATTOX       |       27 |
|         492 | LESTER      | KRAUS        |       16 |
|         493 | BRENT       | HARKINS      |       23 |
|         494 | RAMON       | CHOATE       |       31 |
|         495 | CHARLIE     | BESS         |       26 |
|         496 | TYLER       | WREN         |       21 |
|         497 | GILBERT     | SLEDGE       |       28 |
|         498 | GENE        | SANBORN      |       27 |
|         499 | MARC        | OUTLAW       |       30 |
|         500 | REGINALD    | KINDER       |       28 |
|         501 | RUBEN       | GEARY        |       21 |
|         502 | BRETT       | CORNWELL     |       34 |
|         503 | ANGEL       | BARCLAY      |       32 |
|         504 | NATHANIEL   | ADAM         |       28 |
|         505 | RAFAEL      | ABNEY        |       21 |
|         506 | LESLIE      | SEWARD       |       35 |
|         507 | EDGAR       | RHOADS       |       25 |
|         508 | MILTON      | HOWLAND      |       25 |
|         509 | RAUL        | FORTIER      |       20 |
|         510 | BEN         | EASTER       |       26 |
|         511 | CHESTER     | BENNER       |       24 |
|         512 | CECIL       | VINES        |       26 |
|         513 | DUANE       | TUBBS        |       31 |
|         514 | FRANKLIN    | TROUTMAN     |       22 |
|         515 | ANDRE       | RAPP         |       28 |
|         516 | ELMER       | NOE          |       26 |
|         517 | BRAD        | MCCURDY      |       25 |
|         518 | GABRIEL     | HARDER       |       26 |
|         519 | RON         | DELUCA       |       23 |
|         520 | MITCHELL    | WESTMORELAND |       32 |
|         521 | ROLAND      | SOUTH        |       23 |
|         522 | ARNOLD      | HAVENS       |       33 |
|         523 | HARVEY      | GUAJARDO     |       22 |
|         524 | JARED       | ELY          |       19 |
|         525 | ADRIAN      | CLARY        |       19 |
|         526 | KARL        | SEAL         |       45 |
|         527 | CORY        | MEEHAN       |       24 |
|         528 | CLAUDE      | HERZOG       |       25 |
|         529 | ERIK        | GUILLEN      |       29 |
|         530 | DARRYL      | ASHCRAFT     |       23 |
|         531 | JAMIE       | WAUGH        |       25 |
|         532 | NEIL        | RENNER       |       32 |
|         533 | JESSIE      | MILAM        |       33 |
|         534 | CHRISTIAN   | JUNG         |       24 |
|         535 | JAVIER      | ELROD        |       32 |
|         536 | FERNANDO    | CHURCHILL    |       25 |
|         537 | CLINTON     | BUFORD       |       25 |
|         538 | TED         | BREAUX       |       29 |
|         539 | MATHEW      | BOLIN        |       22 |
|         540 | TYRONE      | ASHER        |       24 |
|         541 | DARREN      | WINDHAM      |       24 |
|         542 | LONNIE      | TIRADO       |       18 |
|         543 | LANCE       | PEMBERTON    |       22 |
|         544 | CODY        | NOLEN        |       22 |
|         545 | JULIO       | NOLAND       |       21 |
|         546 | KELLY       | KNOTT        |       25 |
|         547 | KURT        | EMMONS       |       23 |
|         548 | ALLAN       | CORNISH      |       19 |
|         549 | NELSON      | CHRISTENSON  |       20 |
|         550 | GUY         | BROWNLEE     |       32 |
|         551 | CLAYTON     | BARBEE       |       26 |
|         552 | HUGH        | WALDROP      |       21 |
|         553 | MAX         | PITT         |       24 |
|         554 | DWAYNE      | OLVERA       |       22 |
|         555 | DWIGHT      | LOMBARDI     |       17 |
|         556 | ARMANDO     | GRUBER       |       21 |
|         557 | FELIX       | GAFFNEY      |       24 |
|         558 | JIMMIE      | EGGLESTON    |       28 |
|         559 | EVERETT     | BANDA        |       28 |
|         560 | JORDAN      | ARCHULETA    |       30 |
|         561 | IAN         | STILL        |       27 |
|         562 | WALLACE     | SLONE        |       25 |
|         563 | KEN         | PREWITT      |       29 |
|         564 | BOB         | PFEIFFER     |       24 |
|         565 | JAIME       | NETTLES      |       29 |
|         566 | CASEY       | MENA         |       34 |
|         567 | ALFREDO     | MCADAMS      |       20 |
|         568 | ALBERTO     | HENNING      |       21 |
|         569 | DAVE        | GARDINER     |       32 |
|         570 | IVAN        | CROMWELL     |       26 |
|         571 | JOHNNIE     | CHISHOLM     |       24 |
|         572 | SIDNEY      | BURLESON     |       25 |
|         573 | BYRON       | BOX          |       29 |
|         574 | JULIAN      | VEST         |       28 |
|         575 | ISAAC       | OGLESBY      |       29 |
|         576 | MORRIS      | MCCARTER     |       34 |
|         577 | CLIFTON     | MALCOLM      |       27 |
|         578 | WILLARD     | LUMPKIN      |       22 |
|         579 | DARYL       | LARUE        |       27 |
|         580 | ROSS        | GREY         |       27 |
|         581 | VIRGIL      | WOFFORD      |       27 |
|         582 | ANDY        | VANHORN      |       25 |
|         583 | MARSHALL    | THORN        |       23 |
|         584 | SALVADOR    | TEEL         |       30 |
|         585 | PERRY       | SWAFFORD     |       24 |
|         586 | KIRK        | STCLAIR      |       19 |
|         587 | SERGIO      | STANFIELD    |       26 |
|         588 | MARION      | OCAMPO       |       29 |
|         589 | TRACY       | HERRMANN     |       28 |
|         590 | SETH        | HANNON       |       25 |
|         591 | KENT        | ARSENAULT    |       27 |
|         592 | TERRANCE    | ROUSH        |       29 |
|         593 | RENE        | MCALISTER    |       26 |
|         594 | EDUARDO     | HIATT        |       27 |
|         595 | TERRENCE    | GUNDERSON    |       30 |
|         596 | ENRIQUE     | FORSYTHE     |       28 |
|         597 | FREDDIE     | DUGGAN       |       25 |
|         598 | WADE        | DELVALLE     |       22 |
|         599 | AUSTIN      | CINTRON      |       19 |
+-------------+-------------+--------------+----------+
599 rows in set (0.0251 sec)

 MySQL  localhost:3306 ssl  sakila  SQL > show tables;
+----------------------------+
| Tables_in_sakila           |
+----------------------------+
| actor                      |
| actor_info                 |
| address                    |
| category                   |
| city                       |
| country                    |
| customer                   |
| customer_list              |
| film                       |
| film_actor                 |
| film_category              |
| film_list                  |
| film_text                  |
| inventory                  |
| language                   |
| nicer_but_slower_film_list |
| payment                    |
| rental                     |
| sales_by_film_category     |
| sales_by_store             |
| staff                      |
| staff_list                 |
| store                      |
+----------------------------+
23 rows in set (0.2002 sec)

 MySQL  localhost:3306 ssl  sakila  SQL > desc payment;
+--------------+----------------------+------+-----+-------------------+-----------------------------------------------+
| Field        | Type                 | Null | Key | Default           | Extra                                         |
+--------------+----------------------+------+-----+-------------------+-----------------------------------------------+
| payment_id   | smallint(5) unsigned | NO   | PRI | NULL              | auto_increment                                |
| customer_id  | smallint(5) unsigned | NO   | MUL | NULL              |                                               |
| staff_id     | tinyint(3) unsigned  | NO   | MUL | NULL              |                                               |
| rental_id    | int(11)              | YES  | MUL | NULL              |                                               |
| amount       | decimal(5,2)         | NO   |     | NULL              |                                               |
| payment_date | datetime             | NO   |     | NULL              |                                               |
| last_update  | timestamp            | YES  |     | CURRENT_TIMESTAMP | DEFAULT_GENERATED on update CURRENT_TIMESTAMP |
+--------------+----------------------+------+-----+-------------------+-----------------------------------------------+
7 rows in set (0.0834 sec)

 MySQL  localhost:3306 ssl  sakila  SQL > select count(*) from paymnet;
ERROR: 1146 (42S02): Table 'sakila.paymnet' doesn't exist

 MySQL  localhost:3306 ssl  sakila  SQL > select count(*) from payment;
+----------+
| count(*) |
+----------+
|    16049 |
+----------+
1 row in set (0.2250 sec)

 MySQL  localhost:3306 ssl  sakila  SQL > select A.customer_id, first_name, last_name,count(B.customer_id) as cantidad from customer A left join payment B on  A.customer_id = B.customer_id group by A.customer_id;
+-------------+-------------+--------------+----------+
| customer_id | first_name  | last_name    | cantidad |
+-------------+-------------+--------------+----------+
|           1 | MARY        | SMITH        |       32 |
|           2 | PATRICIA    | JOHNSON      |       27 |
|           3 | LINDA       | WILLIAMS     |       26 |
|           4 | BARBARA     | JONES        |       22 |
|           5 | ELIZABETH   | BROWN        |       38 |
|           6 | JENNIFER    | DAVIS        |       28 |
|           7 | MARIA       | MILLER       |       33 |
|           8 | SUSAN       | WILSON       |       24 |
|           9 | MARGARET    | MOORE        |       23 |
|          10 | DOROTHY     | TAYLOR       |       25 |
|          11 | LISA        | ANDERSON     |       24 |
|          12 | NANCY       | THOMAS       |       28 |
|          13 | KAREN       | JACKSON      |       27 |
|          14 | BETTY       | WHITE        |       28 |
|          15 | HELEN       | HARRIS       |       32 |
|          16 | SANDRA      | MARTIN       |       29 |
|          17 | DONNA       | THOMPSON     |       21 |
|          18 | CAROL       | GARCIA       |       22 |
|          19 | RUTH        | MARTINEZ     |       24 |
|          20 | SHARON      | ROBINSON     |       30 |
|          21 | MICHELLE    | CLARK        |       35 |
|          22 | LAURA       | RODRIGUEZ    |       22 |
|          23 | SARAH       | LEWIS        |       30 |
|          24 | KIMBERLY    | LEE          |       25 |
|          25 | DEBORAH     | WALKER       |       29 |
|          26 | JESSICA     | HALL         |       34 |
|          27 | SHIRLEY     | ALLEN        |       31 |
|          28 | CYNTHIA     | YOUNG        |       32 |
|          29 | ANGELA      | HERNANDEZ    |       36 |
|          30 | MELISSA     | KING         |       34 |
|          31 | BRENDA      | WRIGHT       |       26 |
|          32 | AMY         | LOPEZ        |       29 |
|          33 | ANNA        | HILL         |       21 |
|          34 | REBECCA     | SCOTT        |       24 |
|          35 | VIRGINIA    | GREEN        |       32 |
|          36 | KATHLEEN    | ADAMS        |       27 |
|          37 | PAMELA      | BAKER        |       23 |
|          38 | MARTHA      | GONZALEZ     |       34 |
|          39 | DEBRA       | NELSON       |       29 |
|          40 | AMANDA      | CARTER       |       27 |
|          41 | STEPHANIE   | MITCHELL     |       25 |
|          42 | CAROLYN     | PEREZ        |       30 |
|          43 | CHRISTINE   | ROBERTS      |       24 |
|          44 | MARIE       | TURNER       |       26 |
|          45 | JANET       | PHILLIPS     |       27 |
|          46 | CATHERINE   | CAMPBELL     |       34 |
|          47 | FRANCES     | PARKER       |       22 |
|          48 | ANN         | EVANS        |       17 |
|          49 | JOYCE       | EDWARDS      |       28 |
|          50 | DIANE       | COLLINS      |       35 |
|          51 | ALICE       | STEWART      |       33 |
|          52 | JULIE       | SANCHEZ      |       29 |
|          53 | HEATHER     | MORRIS       |       30 |
|          54 | TERESA      | ROGERS       |       29 |
|          55 | DORIS       | REED         |       22 |
|          56 | GLORIA      | COOK         |       30 |
|          57 | EVELYN      | MORGAN       |       28 |
|          58 | JEAN        | BELL         |       27 |
|          59 | CHERYL      | MURPHY       |       27 |
|          60 | MILDRED     | BAILEY       |       25 |
|          61 | KATHERINE   | RIVERA       |       14 |
|          62 | JOAN        | COOPER       |       23 |
|          63 | ASHLEY      | RICHARDSON   |       25 |
|          64 | JUDITH      | COX          |       33 |
|          65 | ROSE        | HOWARD       |       22 |
|          66 | JANICE      | WARD         |       34 |
|          67 | KELLY       | TORRES       |       22 |
|          68 | NICOLE      | PETERSON     |       22 |
|          69 | JUDY        | GRAY         |       25 |
|          70 | CHRISTINA   | RAMIREZ      |       18 |
|          71 | KATHY       | JAMES        |       30 |
|          72 | THERESA     | WATSON       |       30 |
|          73 | BEVERLY     | BROOKS       |       24 |
|          74 | DENISE      | KELLY        |       27 |
|          75 | TAMMY       | SANDERS      |       41 |
|          76 | IRENE       | PRICE        |       23 |
|          77 | JANE        | BENNETT      |       28 |
|          78 | LORI        | WOOD         |       31 |
|          79 | RACHEL      | BARNES       |       22 |
|          80 | MARILYN     | ROSS         |       30 |
|          81 | ANDREA      | HENDERSON    |       22 |
|          82 | KATHRYN     | COLEMAN      |       26 |
|          83 | LOUISE      | JENKINS      |       25 |
|          84 | SARA        | PERRY        |       33 |
|          85 | ANNE        | POWELL       |       23 |
|          86 | JACQUELINE  | LONG         |       33 |
|          87 | WANDA       | PATTERSON    |       30 |
|          88 | BONNIE      | HUGHES       |       21 |
|          89 | JULIA       | FLORES       |       32 |
|          90 | RUBY        | WASHINGTON   |       28 |
|          91 | LOIS        | BUTLER       |       35 |
|          92 | TINA        | SIMMONS      |       28 |
|          93 | PHYLLIS     | FOSTER       |       23 |
|          94 | NORMA       | GONZALES     |       21 |
|          95 | PAULA       | BRYANT       |       18 |
|          96 | DIANA       | ALEXANDER    |       27 |
|          97 | ANNIE       | RUSSELL      |       18 |
|          98 | LILLIAN     | GRIFFIN      |       25 |
|          99 | EMILY       | DIAZ         |       24 |
|         100 | ROBIN       | HAYES        |       24 |
|         101 | PEGGY       | MYERS        |       24 |
|         102 | CRYSTAL     | FORD         |       33 |
|         103 | GLADYS      | HAMILTON     |       31 |
|         104 | RITA        | GRAHAM       |       24 |
|         105 | DAWN        | SULLIVAN     |       26 |
|         106 | CONNIE      | WALLACE      |       23 |
|         107 | FLORENCE    | WOODS        |       30 |
|         108 | TRACY       | COLE         |       30 |
|         109 | EDNA        | WEST         |       26 |
|         110 | TIFFANY     | JORDAN       |       14 |
|         111 | CARMEN      | OWENS        |       26 |
|         112 | ROSA        | REYNOLDS     |       30 |
|         113 | CINDY       | FISHER       |       29 |
|         114 | GRACE       | ELLIS        |       33 |
|         115 | WENDY       | HARRISON     |       30 |
|         116 | VICTORIA    | GIBSON       |       27 |
|         117 | EDITH       | MCDONALD     |       19 |
|         118 | KIM         | CRUZ         |       21 |
|         119 | SHERRY      | MARSHALL     |       34 |
|         120 | SYLVIA      | ORTIZ        |       32 |
|         121 | JOSEPHINE   | GOMEZ        |       26 |
|         122 | THELMA      | MURRAY       |       32 |
|         123 | SHANNON     | FREEMAN      |       24 |
|         124 | SHEILA      | WELLS        |       18 |
|         125 | ETHEL       | WEBB         |       32 |
|         126 | ELLEN       | SIMPSON      |       28 |
|         127 | ELAINE      | STEVENS      |       24 |
|         128 | MARJORIE    | TUCKER       |       32 |
|         129 | CARRIE      | PORTER       |       34 |
|         130 | CHARLOTTE   | HUNTER       |       24 |
|         131 | MONICA      | HICKS        |       30 |
|         132 | ESTHER      | CRAWFORD     |       28 |
|         133 | PAULINE     | HENRY        |       27 |
|         134 | EMMA        | BOYD         |       23 |
|         135 | JUANITA     | MASON        |       30 |
|         136 | ANITA       | MORALES      |       15 |
|         137 | RHONDA      | KENNEDY      |       39 |
|         138 | HAZEL       | WARREN       |       34 |
|         139 | AMBER       | DIXON        |       27 |
|         140 | EVA         | RAMOS        |       18 |
|         141 | DEBBIE      | REYES        |       32 |
|         142 | APRIL       | BURNS        |       26 |
|         143 | LESLIE      | GORDON       |       22 |
|         144 | CLARA       | SHAW         |       42 |
|         145 | LUCILLE     | HOLMES       |       28 |
|         146 | JAMIE       | RICE         |       29 |
|         147 | JOANNE      | ROBERTSON    |       34 |
|         148 | ELEANOR     | HUNT         |       46 |
|         149 | VALERIE     | BLACK        |       26 |
|         150 | DANIELLE    | DANIELS      |       25 |
|         151 | MEGAN       | PALMER       |       27 |
|         152 | ALICIA      | MILLS        |       21 |
|         153 | SUZANNE     | NICHOLS      |       24 |
|         154 | MICHELE     | GRANT        |       30 |
|         155 | GAIL        | KNIGHT       |       25 |
|         156 | BERTHA      | FERGUSON     |       25 |
|         157 | DARLENE     | ROSE         |       31 |
|         158 | VERONICA    | STONE        |       32 |
|         159 | JILL        | HAWKINS      |       21 |
|         160 | ERIN        | DUNN         |       27 |
|         161 | GERALDINE   | PERKINS      |       30 |
|         162 | LAUREN      | HUDSON       |       20 |
|         163 | CATHY       | SPENCER      |       29 |
|         164 | JOANN       | GARDNER      |       16 |
|         165 | LORRAINE    | STEPHENS     |       21 |
|         166 | LYNN        | PAYNE        |       28 |
|         167 | SALLY       | PIERCE       |       32 |
|         168 | REGINA      | BERRY        |       34 |
|         169 | ERICA       | MATTHEWS     |       22 |
|         170 | BEATRICE    | ARNOLD       |       26 |
|         171 | DOLORES     | WAGNER       |       26 |
|         172 | BERNICE     | WILLIS       |       33 |
|         173 | AUDREY      | RAY          |       29 |
|         174 | YVONNE      | WATKINS      |       21 |
|         175 | ANNETTE     | OLSON        |       24 |
|         176 | JUNE        | CARROLL      |       37 |
|         177 | SAMANTHA    | DUNCAN       |       23 |
|         178 | MARION      | SNYDER       |       39 |
|         179 | DANA        | HART         |       29 |
|         180 | STACY       | CUNNINGHAM   |       23 |
|         181 | ANA         | BRADLEY      |       34 |
|         182 | RENEE       | LANE         |       26 |
|         183 | IDA         | ANDREWS      |       23 |
|         184 | VIVIAN      | RUIZ         |       23 |
|         185 | ROBERTA     | HARPER       |       23 |
|         186 | HOLLY       | FOX          |       31 |
|         187 | BRITTANY    | RILEY        |       28 |
|         188 | MELANIE     | ARMSTRONG    |       25 |
|         189 | LORETTA     | CARPENTER    |       22 |
|         190 | YOLANDA     | WEAVER       |       27 |
|         191 | JEANETTE    | GREENE       |       20 |
|         192 | LAURIE      | LAWRENCE     |       23 |
|         193 | KATIE       | ELLIOTT      |       25 |
|         194 | KRISTEN     | CHAVEZ       |       18 |
|         195 | VANESSA     | SIMS         |       19 |
|         196 | ALMA        | AUSTIN       |       35 |
|         197 | SUE         | PETERS       |       40 |
|         198 | ELSIE       | KELLEY       |       37 |
|         199 | BETH        | FRANKLIN     |       25 |
|         200 | JEANNE      | LAWSON       |       27 |
|         201 | VICKI       | FIELDS       |       25 |
|         202 | CARLA       | GUTIERREZ    |       26 |
|         203 | TARA        | RYAN         |       20 |
|         204 | ROSEMARY    | SCHMIDT      |       35 |
|         205 | EILEEN      | CARR         |       18 |
|         206 | TERRI       | VASQUEZ      |       27 |
|         207 | GERTRUDE    | CASTILLO     |       34 |
|         208 | LUCY        | WHEELER      |       26 |
|         209 | TONYA       | CHAPMAN      |       32 |
|         210 | ELLA        | OLIVER       |       31 |
|         211 | STACEY      | MONTGOMERY   |       34 |
|         212 | WILMA       | RICHARDS     |       20 |
|         213 | GINA        | WILLIAMSON   |       28 |
|         214 | KRISTIN     | JOHNSTON     |       31 |
|         215 | JESSIE      | BANKS        |       26 |
|         216 | NATALIE     | MEYER        |       23 |
|         217 | AGNES       | BISHOP       |       23 |
|         218 | VERA        | MCCOY        |       18 |
|         219 | WILLIE      | HOWELL       |       26 |
|         220 | CHARLENE    | ALVAREZ      |       27 |
|         221 | BESSIE      | MORRISON     |       28 |
|         222 | DELORES     | HANSEN       |       21 |
|         223 | MELINDA     | FERNANDEZ    |       17 |
|         224 | PEARL       | GARZA        |       22 |
|         225 | ARLENE      | HARVEY       |       26 |
|         226 | MAUREEN     | LITTLE       |       21 |
|         227 | COLLEEN     | BURTON       |       24 |
|         228 | ALLISON     | STANLEY      |       27 |
|         229 | TAMARA      | NGUYEN       |       25 |
|         230 | JOY         | GEORGE       |       33 |
|         231 | GEORGIA     | JACOBS       |       26 |
|         232 | CONSTANCE   | REID         |       25 |
|         233 | LILLIE      | KIM          |       23 |
|         234 | CLAUDIA     | FULLER       |       26 |
|         235 | JACKIE      | LYNCH        |       25 |
|         236 | MARCIA      | DEAN         |       42 |
|         237 | TANYA       | GILBERT      |       33 |
|         238 | NELLIE      | GARRETT      |       21 |
|         239 | MINNIE      | ROMERO       |       34 |
|         240 | MARLENE     | WELCH        |       26 |
|         241 | HEIDI       | LARSON       |       34 |
|         242 | GLENDA      | FRAZIER      |       32 |
|         243 | LYDIA       | BURKE        |       24 |
|         244 | VIOLA       | HANSON       |       32 |
|         245 | COURTNEY    | DAY          |       32 |
|         246 | MARIAN      | MENDOZA      |       23 |
|         247 | STELLA      | MORENO       |       22 |
|         248 | CAROLINE    | BOWMAN       |       15 |
|         249 | DORA        | MEDINA       |       23 |
|         250 | JO          | FOWLER       |       20 |
|         251 | VICKIE      | BREWER       |       31 |
|         252 | MATTIE      | HOFFMAN      |       22 |
|         253 | TERRY       | CARLSON      |       29 |
|         254 | MAXINE      | SILVA        |       32 |
|         255 | IRMA        | PEARSON      |       18 |
|         256 | MABEL       | HOLLAND      |       30 |
|         257 | MARSHA      | DOUGLAS      |       37 |
|         258 | MYRTLE      | FLEMING      |       24 |
|         259 | LENA        | JENSEN       |       33 |
|         260 | CHRISTY     | VARGAS       |       31 |
|         261 | DEANNA      | BYRD         |       26 |
|         262 | PATSY       | DAVIDSON     |       28 |
|         263 | HILDA       | HOPKINS      |       29 |
|         264 | GWENDOLYN   | MAY          |       25 |
|         265 | JENNIE      | TERRY        |       29 |
|         266 | NORA        | HERRERA      |       28 |
|         267 | MARGIE      | WADE         |       36 |
|         268 | NINA        | SOTO         |       29 |
|         269 | CASSANDRA   | WALTERS      |       30 |
|         270 | LEAH        | CURTIS       |       25 |
|         271 | PENNY       | NEAL         |       18 |
|         272 | KAY         | CALDWELL     |       20 |
|         273 | PRISCILLA   | LOWE         |       35 |
|         274 | NAOMI       | JENNINGS     |       35 |
|         275 | CAROLE      | BARNETT      |       30 |
|         276 | BRANDY      | GRAVES       |       28 |
|         277 | OLGA        | JIMENEZ      |       32 |
|         278 | BILLIE      | HORTON       |       26 |
|         279 | DIANNE      | SHELTON      |       31 |
|         280 | TRACEY      | BARRETT      |       27 |
|         281 | LEONA       | OBRIEN       |       14 |
|         282 | JENNY       | CASTRO       |       27 |
|         283 | FELICIA     | SUTTON       |       28 |
|         284 | SONIA       | GREGORY      |       28 |
|         285 | MIRIAM      | MCKINNEY     |       26 |
|         286 | VELMA       | LUCAS        |       27 |
|         287 | BECKY       | MILES        |       29 |
|         288 | BOBBIE      | CRAIG        |       24 |
|         289 | VIOLET      | RODRIQUEZ    |       30 |
|         290 | KRISTINA    | CHAMBERS     |       28 |
|         291 | TONI        | HOLT         |       23 |
|         292 | MISTY       | LAMBERT      |       27 |
|         293 | MAE         | FLETCHER     |       31 |
|         294 | SHELLY      | WATTS        |       26 |
|         295 | DAISY       | BATES        |       38 |
|         296 | RAMONA      | HALE         |       30 |
|         297 | SHERRI      | RHODES       |       33 |
|         298 | ERIKA       | PENA         |       26 |
|         299 | JAMES       | GANNON       |       30 |
|         300 | JOHN        | FARNSWORTH   |       31 |
|         301 | ROBERT      | BAUGHMAN     |       21 |
|         302 | MICHAEL     | SILVERMAN    |       29 |
|         303 | WILLIAM     | SATTERFIELD  |       26 |
|         304 | DAVID       | ROYAL        |       26 |
|         305 | RICHARD     | MCCRARY      |       25 |
|         306 | CHARLES     | KOWALSKI     |       32 |
|         307 | JOSEPH      | JOY          |       30 |
|         308 | THOMAS      | GRIGSBY      |       25 |
|         309 | CHRISTOPHER | GRECO        |       31 |
|         310 | DANIEL      | CABRAL       |       20 |
|         311 | PAUL        | TROUT        |       23 |
|         312 | MARK        | RINEHART     |       26 |
|         313 | DONALD      | MAHON        |       23 |
|         314 | GEORGE      | LINTON       |       33 |
|         315 | KENNETH     | GOODEN       |       17 |
|         316 | STEVEN      | CURLEY       |       29 |
|         317 | EDWARD      | BAUGH        |       28 |
|         318 | BRIAN       | WYMAN        |       12 |
|         319 | RONALD      | WEINER       |       30 |
|         320 | ANTHONY     | SCHWAB       |       20 |
|         321 | KEVIN       | SCHULER      |       22 |
|         322 | JASON       | MORRISSEY    |       28 |
|         323 | MATTHEW     | MAHAN        |       31 |
|         324 | GARY        | COY          |       25 |
|         325 | TIMOTHY     | BUNN         |       22 |
|         326 | JOSE        | ANDREW       |       25 |
|         327 | LARRY       | THRASHER     |       26 |
|         328 | JEFFREY     | SPEAR        |       23 |
|         329 | FRANK       | WAGGONER     |       32 |
|         330 | SCOTT       | SHELLEY      |       25 |
|         331 | ERIC        | ROBERT       |       27 |
|         332 | STEPHEN     | QUALLS       |       28 |
|         333 | ANDREW      | PURDY        |       27 |
|         334 | RAYMOND     | MCWHORTER    |       30 |
|         335 | GREGORY     | MAULDIN      |       23 |
|         336 | JOSHUA      | MARK         |       30 |
|         337 | JERRY       | JORDON       |       29 |
|         338 | DENNIS      | GILMAN       |       28 |
|         339 | WALTER      | PERRYMAN     |       30 |
|         340 | PATRICK     | NEWSOM       |       31 |
|         341 | PETER       | MENARD       |       23 |
|         342 | HAROLD      | MARTINO      |       32 |
|         343 | DOUGLAS     | GRAF         |       25 |
|         344 | HENRY       | BILLINGSLEY  |       18 |
|         345 | CARL        | ARTIS        |       23 |
|         346 | ARTHUR      | SIMPKINS     |       32 |
|         347 | RYAN        | SALISBURY    |       30 |
|         348 | ROGER       | QUINTANILLA  |       36 |
|         349 | JOE         | GILLILAND    |       29 |
|         350 | JUAN        | FRALEY       |       23 |
|         351 | JACK        | FOUST        |       24 |
|         352 | ALBERT      | CROUSE       |       23 |
|         353 | JONATHAN    | SCARBOROUGH  |       18 |
|         354 | JUSTIN      | NGO          |       36 |
|         355 | TERRY       | GRISSOM      |       20 |
|         356 | GERALD      | FULTZ        |       30 |
|         357 | KEITH       | RICO         |       26 |
|         358 | SAMUEL      | MARLOW       |       21 |
|         359 | WILLIE      | MARKHAM      |       25 |
|         360 | RALPH       | MADRIGAL     |       34 |
|         361 | LAWRENCE    | LAWTON       |       31 |
|         362 | NICHOLAS    | BARFIELD     |       32 |
|         363 | ROY         | WHITING      |       29 |
|         364 | BENJAMIN    | VARNEY       |       23 |
|         365 | BRUCE       | SCHWARZ      |       23 |
|         366 | BRANDON     | HUEY         |       37 |
|         367 | ADAM        | GOOCH        |       22 |
|         368 | HARRY       | ARCE         |       35 |
|         369 | FRED        | WHEAT        |       25 |
|         370 | WAYNE       | TRUONG       |       19 |
|         371 | BILLY       | POULIN       |       35 |
|         372 | STEVE       | MACKENZIE    |       34 |
|         373 | LOUIS       | LEONE        |       35 |
|         374 | JEREMY      | HURTADO      |       28 |
|         375 | AARON       | SELBY        |       24 |
|         376 | RANDY       | GAITHER      |       28 |
|         377 | HOWARD      | FORTNER      |       26 |
|         378 | EUGENE      | CULPEPPER    |       19 |
|         379 | CARLOS      | COUGHLIN     |       23 |
|         380 | RUSSELL     | BRINSON      |       36 |
|         381 | BOBBY       | BOUDREAU     |       35 |
|         382 | VICTOR      | BARKLEY      |       24 |
|         383 | MARTIN      | BALES        |       27 |
|         384 | ERNEST      | STEPP        |       25 |
|         385 | PHILLIP     | HOLM         |       26 |
|         386 | TODD        | TAN          |       29 |
|         387 | JESSE       | SCHILLING    |       26 |
|         388 | CRAIG       | MORRELL      |       30 |
|         389 | ALAN        | KAHN         |       26 |
|         390 | SHAWN       | HEATON       |       33 |
|         391 | CLARENCE    | GAMEZ        |       30 |
|         392 | SEAN        | DOUGLASS     |       23 |
|         393 | PHILIP      | CAUSEY       |       31 |
|         394 | CHRIS       | BROTHERS     |       22 |
|         395 | JOHNNY      | TURPIN       |       19 |
|         396 | EARL        | SHANKS       |       27 |
|         397 | JIMMY       | SCHRADER     |       29 |
|         398 | ANTONIO     | MEEK         |       16 |
|         399 | DANNY       | ISOM         |       21 |
|         400 | BRYAN       | HARDISON     |       28 |
|         401 | TONY        | CARRANZA     |       22 |
|         402 | LUIS        | YANEZ        |       20 |
|         403 | MIKE        | WAY          |       35 |
|         404 | STANLEY     | SCROGGINS    |       30 |
|         405 | LEONARD     | SCHOFIELD    |       32 |
|         406 | NATHAN      | RUNYON       |       32 |
|         407 | DALE        | RATCLIFF     |       27 |
|         408 | MANUEL      | MURRELL      |       30 |
|         409 | RODNEY      | MOELLER      |       23 |
|         410 | CURTIS      | IRBY         |       38 |
|         411 | NORMAN      | CURRIER      |       26 |
|         412 | ALLEN       | BUTTERFIELD  |       21 |
|         413 | MARVIN      | YEE          |       21 |
|         414 | VINCENT     | RALSTON      |       25 |
|         415 | GLENN       | PULLEN       |       23 |
|         416 | JEFFERY     | PINSON       |       31 |
|         417 | TRAVIS      | ESTEP        |       25 |
|         418 | JEFF        | EAST         |       30 |
|         419 | CHAD        | CARBONE      |       25 |
|         420 | JACOB       | LANCE        |       21 |
|         421 | LEE         | HAWKS        |       27 |
|         422 | MELVIN      | ELLINGTON    |       26 |
|         423 | ALFRED      | CASILLAS     |       26 |
|         424 | KYLE        | SPURLOCK     |       30 |
|         425 | FRANCIS     | SIKES        |       26 |
|         426 | BRADLEY     | MOTLEY       |       27 |
|         427 | JESUS       | MCCARTNEY    |       24 |
|         428 | HERBERT     | KRUGER       |       20 |
|         429 | FREDERICK   | ISBELL       |       21 |
|         430 | RAY         | HOULE        |       22 |
|         431 | JOEL        | FRANCISCO    |       23 |
|         432 | EDWIN       | BURK         |       23 |
|         433 | DON         | BONE         |       25 |
|         434 | EDDIE       | TOMLIN       |       27 |
|         435 | RICKY       | SHELBY       |       25 |
|         436 | TROY        | QUIGLEY      |       30 |
|         437 | RANDALL     | NEUMANN      |       23 |
|         438 | BARRY       | LOVELACE     |       33 |
|         439 | ALEXANDER   | FENNELL      |       36 |
|         440 | BERNARD     | COLBY        |       22 |
|         441 | MARIO       | CHEATHAM     |       28 |
|         442 | LEROY       | BUSTAMANTE   |       32 |
|         443 | FRANCISCO   | SKIDMORE     |       22 |
|         444 | MARCUS      | HIDALGO      |       30 |
|         445 | MICHEAL     | FORMAN       |       26 |
|         446 | THEODORE    | CULP         |       31 |
|         447 | CLIFFORD    | BOWENS       |       29 |
|         448 | MIGUEL      | BETANCOURT   |       29 |
|         449 | OSCAR       | AQUINO       |       20 |
|         450 | JAY         | ROBB         |       26 |
|         451 | JIM         | REA          |       33 |
|         452 | TOM         | MILNER       |       32 |
|         453 | CALVIN      | MARTEL       |       23 |
|         454 | ALEX        | GRESHAM      |       33 |
|         455 | JON         | WILES        |       24 |
|         456 | RONNIE      | RICKETTS     |       25 |
|         457 | BILL        | GAVIN        |       28 |
|         458 | LLOYD       | DOWD         |       19 |
|         459 | TOMMY       | COLLAZO      |       38 |
|         460 | LEON        | BOSTIC       |       25 |
|         461 | DEREK       | BLAKELY      |       28 |
|         462 | WARREN      | SHERROD      |       33 |
|         463 | DARRELL     | POWER        |       25 |
|         464 | JEROME      | KENYON       |       16 |
|         465 | FLOYD       | GANDY        |       17 |
|         466 | LEO         | EBERT        |       23 |
|         467 | ALVIN       | DELOACH      |       29 |
|         468 | TIM         | CARY         |       39 |
|         469 | WESLEY      | BULL         |       40 |
|         470 | GORDON      | ALLARD       |       32 |
|         471 | DEAN        | SAUER        |       27 |
|         472 | GREG        | ROBINS       |       30 |
|         473 | JORGE       | OLIVARES     |       34 |
|         474 | DUSTIN      | GILLETTE     |       26 |
|         475 | PEDRO       | CHESTNUT     |       24 |
|         476 | DERRICK     | BOURQUE      |       22 |
|         477 | DAN         | PAINE        |       22 |
|         478 | LEWIS       | LYMAN        |       19 |
|         479 | ZACHARY     | HITE         |       31 |
|         480 | COREY       | HAUSER       |       22 |
|         481 | HERMAN      | DEVORE       |       29 |
|         482 | MAURICE     | CRAWLEY      |       29 |
|         483 | VERNON      | CHAPA        |       18 |
|         484 | ROBERTO     | VU           |       30 |
|         485 | CLYDE       | TOBIAS       |       29 |
|         486 | GLEN        | TALBERT      |       26 |
|         487 | HECTOR      | POINDEXTER   |       26 |
|         488 | SHANE       | MILLARD      |       22 |
|         489 | RICARDO     | MEADOR       |       21 |
|         490 | SAM         | MCDUFFIE     |       24 |
|         491 | RICK        | MATTOX       |       27 |
|         492 | LESTER      | KRAUS        |       16 |
|         493 | BRENT       | HARKINS      |       23 |
|         494 | RAMON       | CHOATE       |       31 |
|         495 | CHARLIE     | BESS         |       26 |
|         496 | TYLER       | WREN         |       21 |
|         497 | GILBERT     | SLEDGE       |       28 |
|         498 | GENE        | SANBORN      |       27 |
|         499 | MARC        | OUTLAW       |       30 |
|         500 | REGINALD    | KINDER       |       28 |
|         501 | RUBEN       | GEARY        |       21 |
|         502 | BRETT       | CORNWELL     |       34 |
|         503 | ANGEL       | BARCLAY      |       32 |
|         504 | NATHANIEL   | ADAM         |       28 |
|         505 | RAFAEL      | ABNEY        |       21 |
|         506 | LESLIE      | SEWARD       |       35 |
|         507 | EDGAR       | RHOADS       |       25 |
|         508 | MILTON      | HOWLAND      |       25 |
|         509 | RAUL        | FORTIER      |       20 |
|         510 | BEN         | EASTER       |       26 |
|         511 | CHESTER     | BENNER       |       24 |
|         512 | CECIL       | VINES        |       26 |
|         513 | DUANE       | TUBBS        |       31 |
|         514 | FRANKLIN    | TROUTMAN     |       22 |
|         515 | ANDRE       | RAPP         |       28 |
|         516 | ELMER       | NOE          |       26 |
|         517 | BRAD        | MCCURDY      |       25 |
|         518 | GABRIEL     | HARDER       |       26 |
|         519 | RON         | DELUCA       |       23 |
|         520 | MITCHELL    | WESTMORELAND |       32 |
|         521 | ROLAND      | SOUTH        |       23 |
|         522 | ARNOLD      | HAVENS       |       33 |
|         523 | HARVEY      | GUAJARDO     |       22 |
|         524 | JARED       | ELY          |       19 |
|         525 | ADRIAN      | CLARY        |       19 |
|         526 | KARL        | SEAL         |       45 |
|         527 | CORY        | MEEHAN       |       24 |
|         528 | CLAUDE      | HERZOG       |       25 |
|         529 | ERIK        | GUILLEN      |       29 |
|         530 | DARRYL      | ASHCRAFT     |       23 |
|         531 | JAMIE       | WAUGH        |       25 |
|         532 | NEIL        | RENNER       |       32 |
|         533 | JESSIE      | MILAM        |       33 |
|         534 | CHRISTIAN   | JUNG         |       24 |
|         535 | JAVIER      | ELROD        |       32 |
|         536 | FERNANDO    | CHURCHILL    |       25 |
|         537 | CLINTON     | BUFORD       |       25 |
|         538 | TED         | BREAUX       |       29 |
|         539 | MATHEW      | BOLIN        |       22 |
|         540 | TYRONE      | ASHER        |       24 |
|         541 | DARREN      | WINDHAM      |       24 |
|         542 | LONNIE      | TIRADO       |       18 |
|         543 | LANCE       | PEMBERTON    |       22 |
|         544 | CODY        | NOLEN        |       22 |
|         545 | JULIO       | NOLAND       |       21 |
|         546 | KELLY       | KNOTT        |       26 |
|         547 | KURT        | EMMONS       |       23 |
|         548 | ALLAN       | CORNISH      |       19 |
|         549 | NELSON      | CHRISTENSON  |       20 |
|         550 | GUY         | BROWNLEE     |       32 |
|         551 | CLAYTON     | BARBEE       |       26 |
|         552 | HUGH        | WALDROP      |       21 |
|         553 | MAX         | PITT         |       24 |
|         554 | DWAYNE      | OLVERA       |       22 |
|         555 | DWIGHT      | LOMBARDI     |       17 |
|         556 | ARMANDO     | GRUBER       |       21 |
|         557 | FELIX       | GAFFNEY      |       24 |
|         558 | JIMMIE      | EGGLESTON    |       28 |
|         559 | EVERETT     | BANDA        |       28 |
|         560 | JORDAN      | ARCHULETA    |       30 |
|         561 | IAN         | STILL        |       27 |
|         562 | WALLACE     | SLONE        |       25 |
|         563 | KEN         | PREWITT      |       29 |
|         564 | BOB         | PFEIFFER     |       24 |
|         565 | JAIME       | NETTLES      |       29 |
|         566 | CASEY       | MENA         |       34 |
|         567 | ALFREDO     | MCADAMS      |       20 |
|         568 | ALBERTO     | HENNING      |       21 |
|         569 | DAVE        | GARDINER     |       32 |
|         570 | IVAN        | CROMWELL     |       26 |
|         571 | JOHNNIE     | CHISHOLM     |       24 |
|         572 | SIDNEY      | BURLESON     |       25 |
|         573 | BYRON       | BOX          |       29 |
|         574 | JULIAN      | VEST         |       28 |
|         575 | ISAAC       | OGLESBY      |       29 |
|         576 | MORRIS      | MCCARTER     |       34 |
|         577 | CLIFTON     | MALCOLM      |       28 |
|         578 | WILLARD     | LUMPKIN      |       22 |
|         579 | DARYL       | LARUE        |       27 |
|         580 | ROSS        | GREY         |       27 |
|         581 | VIRGIL      | WOFFORD      |       27 |
|         582 | ANDY        | VANHORN      |       25 |
|         583 | MARSHALL    | THORN        |       23 |
|         584 | SALVADOR    | TEEL         |       30 |
|         585 | PERRY       | SWAFFORD     |       24 |
|         586 | KIRK        | STCLAIR      |       19 |
|         587 | SERGIO      | STANFIELD    |       26 |
|         588 | MARION      | OCAMPO       |       29 |
|         589 | TRACY       | HERRMANN     |       28 |
|         590 | SETH        | HANNON       |       25 |
|         591 | KENT        | ARSENAULT    |       27 |
|         592 | TERRANCE    | ROUSH        |       29 |
|         593 | RENE        | MCALISTER    |       26 |
|         594 | EDUARDO     | HIATT        |       27 |
|         595 | TERRENCE    | GUNDERSON    |       30 |
|         596 | ENRIQUE     | FORSYTHE     |       28 |
|         597 | FREDDIE     | DUGGAN       |       25 |
|         598 | WADE        | DELVALLE     |       22 |
|         599 | AUSTIN      | CINTRON      |       19 |
+-------------+-------------+--------------+----------+
599 rows in set (0.1954 sec)

 MySQL  localhost:3306 ssl  sakila  SQL > select A.customer_id, first_name, last_name,count(B.customer_id) as cantidad from customer A inner join payment B on  A.customer_id = B.customer_id group by A.customer_id;
+-------------+-------------+--------------+----------+
| customer_id | first_name  | last_name    | cantidad |
+-------------+-------------+--------------+----------+
|           1 | MARY        | SMITH        |       32 |
|           2 | PATRICIA    | JOHNSON      |       27 |
|           3 | LINDA       | WILLIAMS     |       26 |
|           4 | BARBARA     | JONES        |       22 |
|           5 | ELIZABETH   | BROWN        |       38 |
|           6 | JENNIFER    | DAVIS        |       28 |
|           7 | MARIA       | MILLER       |       33 |
|           8 | SUSAN       | WILSON       |       24 |
|           9 | MARGARET    | MOORE        |       23 |
|          10 | DOROTHY     | TAYLOR       |       25 |
|          11 | LISA        | ANDERSON     |       24 |
|          12 | NANCY       | THOMAS       |       28 |
|          13 | KAREN       | JACKSON      |       27 |
|          14 | BETTY       | WHITE        |       28 |
|          15 | HELEN       | HARRIS       |       32 |
|          16 | SANDRA      | MARTIN       |       29 |
|          17 | DONNA       | THOMPSON     |       21 |
|          18 | CAROL       | GARCIA       |       22 |
|          19 | RUTH        | MARTINEZ     |       24 |
|          20 | SHARON      | ROBINSON     |       30 |
|          21 | MICHELLE    | CLARK        |       35 |
|          22 | LAURA       | RODRIGUEZ    |       22 |
|          23 | SARAH       | LEWIS        |       30 |
|          24 | KIMBERLY    | LEE          |       25 |
|          25 | DEBORAH     | WALKER       |       29 |
|          26 | JESSICA     | HALL         |       34 |
|          27 | SHIRLEY     | ALLEN        |       31 |
|          28 | CYNTHIA     | YOUNG        |       32 |
|          29 | ANGELA      | HERNANDEZ    |       36 |
|          30 | MELISSA     | KING         |       34 |
|          31 | BRENDA      | WRIGHT       |       26 |
|          32 | AMY         | LOPEZ        |       29 |
|          33 | ANNA        | HILL         |       21 |
|          34 | REBECCA     | SCOTT        |       24 |
|          35 | VIRGINIA    | GREEN        |       32 |
|          36 | KATHLEEN    | ADAMS        |       27 |
|          37 | PAMELA      | BAKER        |       23 |
|          38 | MARTHA      | GONZALEZ     |       34 |
|          39 | DEBRA       | NELSON       |       29 |
|          40 | AMANDA      | CARTER       |       27 |
|          41 | STEPHANIE   | MITCHELL     |       25 |
|          42 | CAROLYN     | PEREZ        |       30 |
|          43 | CHRISTINE   | ROBERTS      |       24 |
|          44 | MARIE       | TURNER       |       26 |
|          45 | JANET       | PHILLIPS     |       27 |
|          46 | CATHERINE   | CAMPBELL     |       34 |
|          47 | FRANCES     | PARKER       |       22 |
|          48 | ANN         | EVANS        |       17 |
|          49 | JOYCE       | EDWARDS      |       28 |
|          50 | DIANE       | COLLINS      |       35 |
|          51 | ALICE       | STEWART      |       33 |
|          52 | JULIE       | SANCHEZ      |       29 |
|          53 | HEATHER     | MORRIS       |       30 |
|          54 | TERESA      | ROGERS       |       29 |
|          55 | DORIS       | REED         |       22 |
|          56 | GLORIA      | COOK         |       30 |
|          57 | EVELYN      | MORGAN       |       28 |
|          58 | JEAN        | BELL         |       27 |
|          59 | CHERYL      | MURPHY       |       27 |
|          60 | MILDRED     | BAILEY       |       25 |
|          61 | KATHERINE   | RIVERA       |       14 |
|          62 | JOAN        | COOPER       |       23 |
|          63 | ASHLEY      | RICHARDSON   |       25 |
|          64 | JUDITH      | COX          |       33 |
|          65 | ROSE        | HOWARD       |       22 |
|          66 | JANICE      | WARD         |       34 |
|          67 | KELLY       | TORRES       |       22 |
|          68 | NICOLE      | PETERSON     |       22 |
|          69 | JUDY        | GRAY         |       25 |
|          70 | CHRISTINA   | RAMIREZ      |       18 |
|          71 | KATHY       | JAMES        |       30 |
|          72 | THERESA     | WATSON       |       30 |
|          73 | BEVERLY     | BROOKS       |       24 |
|          74 | DENISE      | KELLY        |       27 |
|          75 | TAMMY       | SANDERS      |       41 |
|          76 | IRENE       | PRICE        |       23 |
|          77 | JANE        | BENNETT      |       28 |
|          78 | LORI        | WOOD         |       31 |
|          79 | RACHEL      | BARNES       |       22 |
|          80 | MARILYN     | ROSS         |       30 |
|          81 | ANDREA      | HENDERSON    |       22 |
|          82 | KATHRYN     | COLEMAN      |       26 |
|          83 | LOUISE      | JENKINS      |       25 |
|          84 | SARA        | PERRY        |       33 |
|          85 | ANNE        | POWELL       |       23 |
|          86 | JACQUELINE  | LONG         |       33 |
|          87 | WANDA       | PATTERSON    |       30 |
|          88 | BONNIE      | HUGHES       |       21 |
|          89 | JULIA       | FLORES       |       32 |
|          90 | RUBY        | WASHINGTON   |       28 |
|          91 | LOIS        | BUTLER       |       35 |
|          92 | TINA        | SIMMONS      |       28 |
|          93 | PHYLLIS     | FOSTER       |       23 |
|          94 | NORMA       | GONZALES     |       21 |
|          95 | PAULA       | BRYANT       |       18 |
|          96 | DIANA       | ALEXANDER    |       27 |
|          97 | ANNIE       | RUSSELL      |       18 |
|          98 | LILLIAN     | GRIFFIN      |       25 |
|          99 | EMILY       | DIAZ         |       24 |
|         100 | ROBIN       | HAYES        |       24 |
|         101 | PEGGY       | MYERS        |       24 |
|         102 | CRYSTAL     | FORD         |       33 |
|         103 | GLADYS      | HAMILTON     |       31 |
|         104 | RITA        | GRAHAM       |       24 |
|         105 | DAWN        | SULLIVAN     |       26 |
|         106 | CONNIE      | WALLACE      |       23 |
|         107 | FLORENCE    | WOODS        |       30 |
|         108 | TRACY       | COLE         |       30 |
|         109 | EDNA        | WEST         |       26 |
|         110 | TIFFANY     | JORDAN       |       14 |
|         111 | CARMEN      | OWENS        |       26 |
|         112 | ROSA        | REYNOLDS     |       30 |
|         113 | CINDY       | FISHER       |       29 |
|         114 | GRACE       | ELLIS        |       33 |
|         115 | WENDY       | HARRISON     |       30 |
|         116 | VICTORIA    | GIBSON       |       27 |
|         117 | EDITH       | MCDONALD     |       19 |
|         118 | KIM         | CRUZ         |       21 |
|         119 | SHERRY      | MARSHALL     |       34 |
|         120 | SYLVIA      | ORTIZ        |       32 |
|         121 | JOSEPHINE   | GOMEZ        |       26 |
|         122 | THELMA      | MURRAY       |       32 |
|         123 | SHANNON     | FREEMAN      |       24 |
|         124 | SHEILA      | WELLS        |       18 |
|         125 | ETHEL       | WEBB         |       32 |
|         126 | ELLEN       | SIMPSON      |       28 |
|         127 | ELAINE      | STEVENS      |       24 |
|         128 | MARJORIE    | TUCKER       |       32 |
|         129 | CARRIE      | PORTER       |       34 |
|         130 | CHARLOTTE   | HUNTER       |       24 |
|         131 | MONICA      | HICKS        |       30 |
|         132 | ESTHER      | CRAWFORD     |       28 |
|         133 | PAULINE     | HENRY        |       27 |
|         134 | EMMA        | BOYD         |       23 |
|         135 | JUANITA     | MASON        |       30 |
|         136 | ANITA       | MORALES      |       15 |
|         137 | RHONDA      | KENNEDY      |       39 |
|         138 | HAZEL       | WARREN       |       34 |
|         139 | AMBER       | DIXON        |       27 |
|         140 | EVA         | RAMOS        |       18 |
|         141 | DEBBIE      | REYES        |       32 |
|         142 | APRIL       | BURNS        |       26 |
|         143 | LESLIE      | GORDON       |       22 |
|         144 | CLARA       | SHAW         |       42 |
|         145 | LUCILLE     | HOLMES       |       28 |
|         146 | JAMIE       | RICE         |       29 |
|         147 | JOANNE      | ROBERTSON    |       34 |
|         148 | ELEANOR     | HUNT         |       46 |
|         149 | VALERIE     | BLACK        |       26 |
|         150 | DANIELLE    | DANIELS      |       25 |
|         151 | MEGAN       | PALMER       |       27 |
|         152 | ALICIA      | MILLS        |       21 |
|         153 | SUZANNE     | NICHOLS      |       24 |
|         154 | MICHELE     | GRANT        |       30 |
|         155 | GAIL        | KNIGHT       |       25 |
|         156 | BERTHA      | FERGUSON     |       25 |
|         157 | DARLENE     | ROSE         |       31 |
|         158 | VERONICA    | STONE        |       32 |
|         159 | JILL        | HAWKINS      |       21 |
|         160 | ERIN        | DUNN         |       27 |
|         161 | GERALDINE   | PERKINS      |       30 |
|         162 | LAUREN      | HUDSON       |       20 |
|         163 | CATHY       | SPENCER      |       29 |
|         164 | JOANN       | GARDNER      |       16 |
|         165 | LORRAINE    | STEPHENS     |       21 |
|         166 | LYNN        | PAYNE        |       28 |
|         167 | SALLY       | PIERCE       |       32 |
|         168 | REGINA      | BERRY        |       34 |
|         169 | ERICA       | MATTHEWS     |       22 |
|         170 | BEATRICE    | ARNOLD       |       26 |
|         171 | DOLORES     | WAGNER       |       26 |
|         172 | BERNICE     | WILLIS       |       33 |
|         173 | AUDREY      | RAY          |       29 |
|         174 | YVONNE      | WATKINS      |       21 |
|         175 | ANNETTE     | OLSON        |       24 |
|         176 | JUNE        | CARROLL      |       37 |
|         177 | SAMANTHA    | DUNCAN       |       23 |
|         178 | MARION      | SNYDER       |       39 |
|         179 | DANA        | HART         |       29 |
|         180 | STACY       | CUNNINGHAM   |       23 |
|         181 | ANA         | BRADLEY      |       34 |
|         182 | RENEE       | LANE         |       26 |
|         183 | IDA         | ANDREWS      |       23 |
|         184 | VIVIAN      | RUIZ         |       23 |
|         185 | ROBERTA     | HARPER       |       23 |
|         186 | HOLLY       | FOX          |       31 |
|         187 | BRITTANY    | RILEY        |       28 |
|         188 | MELANIE     | ARMSTRONG    |       25 |
|         189 | LORETTA     | CARPENTER    |       22 |
|         190 | YOLANDA     | WEAVER       |       27 |
|         191 | JEANETTE    | GREENE       |       20 |
|         192 | LAURIE      | LAWRENCE     |       23 |
|         193 | KATIE       | ELLIOTT      |       25 |
|         194 | KRISTEN     | CHAVEZ       |       18 |
|         195 | VANESSA     | SIMS         |       19 |
|         196 | ALMA        | AUSTIN       |       35 |
|         197 | SUE         | PETERS       |       40 |
|         198 | ELSIE       | KELLEY       |       37 |
|         199 | BETH        | FRANKLIN     |       25 |
|         200 | JEANNE      | LAWSON       |       27 |
|         201 | VICKI       | FIELDS       |       25 |
|         202 | CARLA       | GUTIERREZ    |       26 |
|         203 | TARA        | RYAN         |       20 |
|         204 | ROSEMARY    | SCHMIDT      |       35 |
|         205 | EILEEN      | CARR         |       18 |
|         206 | TERRI       | VASQUEZ      |       27 |
|         207 | GERTRUDE    | CASTILLO     |       34 |
|         208 | LUCY        | WHEELER      |       26 |
|         209 | TONYA       | CHAPMAN      |       32 |
|         210 | ELLA        | OLIVER       |       31 |
|         211 | STACEY      | MONTGOMERY   |       34 |
|         212 | WILMA       | RICHARDS     |       20 |
|         213 | GINA        | WILLIAMSON   |       28 |
|         214 | KRISTIN     | JOHNSTON     |       31 |
|         215 | JESSIE      | BANKS        |       26 |
|         216 | NATALIE     | MEYER        |       23 |
|         217 | AGNES       | BISHOP       |       23 |
|         218 | VERA        | MCCOY        |       18 |
|         219 | WILLIE      | HOWELL       |       26 |
|         220 | CHARLENE    | ALVAREZ      |       27 |
|         221 | BESSIE      | MORRISON     |       28 |
|         222 | DELORES     | HANSEN       |       21 |
|         223 | MELINDA     | FERNANDEZ    |       17 |
|         224 | PEARL       | GARZA        |       22 |
|         225 | ARLENE      | HARVEY       |       26 |
|         226 | MAUREEN     | LITTLE       |       21 |
|         227 | COLLEEN     | BURTON       |       24 |
|         228 | ALLISON     | STANLEY      |       27 |
|         229 | TAMARA      | NGUYEN       |       25 |
|         230 | JOY         | GEORGE       |       33 |
|         231 | GEORGIA     | JACOBS       |       26 |
|         232 | CONSTANCE   | REID         |       25 |
|         233 | LILLIE      | KIM          |       23 |
|         234 | CLAUDIA     | FULLER       |       26 |
|         235 | JACKIE      | LYNCH        |       25 |
|         236 | MARCIA      | DEAN         |       42 |
|         237 | TANYA       | GILBERT      |       33 |
|         238 | NELLIE      | GARRETT      |       21 |
|         239 | MINNIE      | ROMERO       |       34 |
|         240 | MARLENE     | WELCH        |       26 |
|         241 | HEIDI       | LARSON       |       34 |
|         242 | GLENDA      | FRAZIER      |       32 |
|         243 | LYDIA       | BURKE        |       24 |
|         244 | VIOLA       | HANSON       |       32 |
|         245 | COURTNEY    | DAY          |       32 |
|         246 | MARIAN      | MENDOZA      |       23 |
|         247 | STELLA      | MORENO       |       22 |
|         248 | CAROLINE    | BOWMAN       |       15 |
|         249 | DORA        | MEDINA       |       23 |
|         250 | JO          | FOWLER       |       20 |
|         251 | VICKIE      | BREWER       |       31 |
|         252 | MATTIE      | HOFFMAN      |       22 |
|         253 | TERRY       | CARLSON      |       29 |
|         254 | MAXINE      | SILVA        |       32 |
|         255 | IRMA        | PEARSON      |       18 |
|         256 | MABEL       | HOLLAND      |       30 |
|         257 | MARSHA      | DOUGLAS      |       37 |
|         258 | MYRTLE      | FLEMING      |       24 |
|         259 | LENA        | JENSEN       |       33 |
|         260 | CHRISTY     | VARGAS       |       31 |
|         261 | DEANNA      | BYRD         |       26 |
|         262 | PATSY       | DAVIDSON     |       28 |
|         263 | HILDA       | HOPKINS      |       29 |
|         264 | GWENDOLYN   | MAY          |       25 |
|         265 | JENNIE      | TERRY        |       29 |
|         266 | NORA        | HERRERA      |       28 |
|         267 | MARGIE      | WADE         |       36 |
|         268 | NINA        | SOTO         |       29 |
|         269 | CASSANDRA   | WALTERS      |       30 |
|         270 | LEAH        | CURTIS       |       25 |
|         271 | PENNY       | NEAL         |       18 |
|         272 | KAY         | CALDWELL     |       20 |
|         273 | PRISCILLA   | LOWE         |       35 |
|         274 | NAOMI       | JENNINGS     |       35 |
|         275 | CAROLE      | BARNETT      |       30 |
|         276 | BRANDY      | GRAVES       |       28 |
|         277 | OLGA        | JIMENEZ      |       32 |
|         278 | BILLIE      | HORTON       |       26 |
|         279 | DIANNE      | SHELTON      |       31 |
|         280 | TRACEY      | BARRETT      |       27 |
|         281 | LEONA       | OBRIEN       |       14 |
|         282 | JENNY       | CASTRO       |       27 |
|         283 | FELICIA     | SUTTON       |       28 |
|         284 | SONIA       | GREGORY      |       28 |
|         285 | MIRIAM      | MCKINNEY     |       26 |
|         286 | VELMA       | LUCAS        |       27 |
|         287 | BECKY       | MILES        |       29 |
|         288 | BOBBIE      | CRAIG        |       24 |
|         289 | VIOLET      | RODRIQUEZ    |       30 |
|         290 | KRISTINA    | CHAMBERS     |       28 |
|         291 | TONI        | HOLT         |       23 |
|         292 | MISTY       | LAMBERT      |       27 |
|         293 | MAE         | FLETCHER     |       31 |
|         294 | SHELLY      | WATTS        |       26 |
|         295 | DAISY       | BATES        |       38 |
|         296 | RAMONA      | HALE         |       30 |
|         297 | SHERRI      | RHODES       |       33 |
|         298 | ERIKA       | PENA         |       26 |
|         299 | JAMES       | GANNON       |       30 |
|         300 | JOHN        | FARNSWORTH   |       31 |
|         301 | ROBERT      | BAUGHMAN     |       21 |
|         302 | MICHAEL     | SILVERMAN    |       29 |
|         303 | WILLIAM     | SATTERFIELD  |       26 |
|         304 | DAVID       | ROYAL        |       26 |
|         305 | RICHARD     | MCCRARY      |       25 |
|         306 | CHARLES     | KOWALSKI     |       32 |
|         307 | JOSEPH      | JOY          |       30 |
|         308 | THOMAS      | GRIGSBY      |       25 |
|         309 | CHRISTOPHER | GRECO        |       31 |
|         310 | DANIEL      | CABRAL       |       20 |
|         311 | PAUL        | TROUT        |       23 |
|         312 | MARK        | RINEHART     |       26 |
|         313 | DONALD      | MAHON        |       23 |
|         314 | GEORGE      | LINTON       |       33 |
|         315 | KENNETH     | GOODEN       |       17 |
|         316 | STEVEN      | CURLEY       |       29 |
|         317 | EDWARD      | BAUGH        |       28 |
|         318 | BRIAN       | WYMAN        |       12 |
|         319 | RONALD      | WEINER       |       30 |
|         320 | ANTHONY     | SCHWAB       |       20 |
|         321 | KEVIN       | SCHULER      |       22 |
|         322 | JASON       | MORRISSEY    |       28 |
|         323 | MATTHEW     | MAHAN        |       31 |
|         324 | GARY        | COY          |       25 |
|         325 | TIMOTHY     | BUNN         |       22 |
|         326 | JOSE        | ANDREW       |       25 |
|         327 | LARRY       | THRASHER     |       26 |
|         328 | JEFFREY     | SPEAR        |       23 |
|         329 | FRANK       | WAGGONER     |       32 |
|         330 | SCOTT       | SHELLEY      |       25 |
|         331 | ERIC        | ROBERT       |       27 |
|         332 | STEPHEN     | QUALLS       |       28 |
|         333 | ANDREW      | PURDY        |       27 |
|         334 | RAYMOND     | MCWHORTER    |       30 |
|         335 | GREGORY     | MAULDIN      |       23 |
|         336 | JOSHUA      | MARK         |       30 |
|         337 | JERRY       | JORDON       |       29 |
|         338 | DENNIS      | GILMAN       |       28 |
|         339 | WALTER      | PERRYMAN     |       30 |
|         340 | PATRICK     | NEWSOM       |       31 |
|         341 | PETER       | MENARD       |       23 |
|         342 | HAROLD      | MARTINO      |       32 |
|         343 | DOUGLAS     | GRAF         |       25 |
|         344 | HENRY       | BILLINGSLEY  |       18 |
|         345 | CARL        | ARTIS        |       23 |
|         346 | ARTHUR      | SIMPKINS     |       32 |
|         347 | RYAN        | SALISBURY    |       30 |
|         348 | ROGER       | QUINTANILLA  |       36 |
|         349 | JOE         | GILLILAND    |       29 |
|         350 | JUAN        | FRALEY       |       23 |
|         351 | JACK        | FOUST        |       24 |
|         352 | ALBERT      | CROUSE       |       23 |
|         353 | JONATHAN    | SCARBOROUGH  |       18 |
|         354 | JUSTIN      | NGO          |       36 |
|         355 | TERRY       | GRISSOM      |       20 |
|         356 | GERALD      | FULTZ        |       30 |
|         357 | KEITH       | RICO         |       26 |
|         358 | SAMUEL      | MARLOW       |       21 |
|         359 | WILLIE      | MARKHAM      |       25 |
|         360 | RALPH       | MADRIGAL     |       34 |
|         361 | LAWRENCE    | LAWTON       |       31 |
|         362 | NICHOLAS    | BARFIELD     |       32 |
|         363 | ROY         | WHITING      |       29 |
|         364 | BENJAMIN    | VARNEY       |       23 |
|         365 | BRUCE       | SCHWARZ      |       23 |
|         366 | BRANDON     | HUEY         |       37 |
|         367 | ADAM        | GOOCH        |       22 |
|         368 | HARRY       | ARCE         |       35 |
|         369 | FRED        | WHEAT        |       25 |
|         370 | WAYNE       | TRUONG       |       19 |
|         371 | BILLY       | POULIN       |       35 |
|         372 | STEVE       | MACKENZIE    |       34 |
|         373 | LOUIS       | LEONE        |       35 |
|         374 | JEREMY      | HURTADO      |       28 |
|         375 | AARON       | SELBY        |       24 |
|         376 | RANDY       | GAITHER      |       28 |
|         377 | HOWARD      | FORTNER      |       26 |
|         378 | EUGENE      | CULPEPPER    |       19 |
|         379 | CARLOS      | COUGHLIN     |       23 |
|         380 | RUSSELL     | BRINSON      |       36 |
|         381 | BOBBY       | BOUDREAU     |       35 |
|         382 | VICTOR      | BARKLEY      |       24 |
|         383 | MARTIN      | BALES        |       27 |
|         384 | ERNEST      | STEPP        |       25 |
|         385 | PHILLIP     | HOLM         |       26 |
|         386 | TODD        | TAN          |       29 |
|         387 | JESSE       | SCHILLING    |       26 |
|         388 | CRAIG       | MORRELL      |       30 |
|         389 | ALAN        | KAHN         |       26 |
|         390 | SHAWN       | HEATON       |       33 |
|         391 | CLARENCE    | GAMEZ        |       30 |
|         392 | SEAN        | DOUGLASS     |       23 |
|         393 | PHILIP      | CAUSEY       |       31 |
|         394 | CHRIS       | BROTHERS     |       22 |
|         395 | JOHNNY      | TURPIN       |       19 |
|         396 | EARL        | SHANKS       |       27 |
|         397 | JIMMY       | SCHRADER     |       29 |
|         398 | ANTONIO     | MEEK         |       16 |
|         399 | DANNY       | ISOM         |       21 |
|         400 | BRYAN       | HARDISON     |       28 |
|         401 | TONY        | CARRANZA     |       22 |
|         402 | LUIS        | YANEZ        |       20 |
|         403 | MIKE        | WAY          |       35 |
|         404 | STANLEY     | SCROGGINS    |       30 |
|         405 | LEONARD     | SCHOFIELD    |       32 |
|         406 | NATHAN      | RUNYON       |       32 |
|         407 | DALE        | RATCLIFF     |       27 |
|         408 | MANUEL      | MURRELL      |       30 |
|         409 | RODNEY      | MOELLER      |       23 |
|         410 | CURTIS      | IRBY         |       38 |
|         411 | NORMAN      | CURRIER      |       26 |
|         412 | ALLEN       | BUTTERFIELD  |       21 |
|         413 | MARVIN      | YEE          |       21 |
|         414 | VINCENT     | RALSTON      |       25 |
|         415 | GLENN       | PULLEN       |       23 |
|         416 | JEFFERY     | PINSON       |       31 |
|         417 | TRAVIS      | ESTEP        |       25 |
|         418 | JEFF        | EAST         |       30 |
|         419 | CHAD        | CARBONE      |       25 |
|         420 | JACOB       | LANCE        |       21 |
|         421 | LEE         | HAWKS        |       27 |
|         422 | MELVIN      | ELLINGTON    |       26 |
|         423 | ALFRED      | CASILLAS     |       26 |
|         424 | KYLE        | SPURLOCK     |       30 |
|         425 | FRANCIS     | SIKES        |       26 |
|         426 | BRADLEY     | MOTLEY       |       27 |
|         427 | JESUS       | MCCARTNEY    |       24 |
|         428 | HERBERT     | KRUGER       |       20 |
|         429 | FREDERICK   | ISBELL       |       21 |
|         430 | RAY         | HOULE        |       22 |
|         431 | JOEL        | FRANCISCO    |       23 |
|         432 | EDWIN       | BURK         |       23 |
|         433 | DON         | BONE         |       25 |
|         434 | EDDIE       | TOMLIN       |       27 |
|         435 | RICKY       | SHELBY       |       25 |
|         436 | TROY        | QUIGLEY      |       30 |
|         437 | RANDALL     | NEUMANN      |       23 |
|         438 | BARRY       | LOVELACE     |       33 |
|         439 | ALEXANDER   | FENNELL      |       36 |
|         440 | BERNARD     | COLBY        |       22 |
|         441 | MARIO       | CHEATHAM     |       28 |
|         442 | LEROY       | BUSTAMANTE   |       32 |
|         443 | FRANCISCO   | SKIDMORE     |       22 |
|         444 | MARCUS      | HIDALGO      |       30 |
|         445 | MICHEAL     | FORMAN       |       26 |
|         446 | THEODORE    | CULP         |       31 |
|         447 | CLIFFORD    | BOWENS       |       29 |
|         448 | MIGUEL      | BETANCOURT   |       29 |
|         449 | OSCAR       | AQUINO       |       20 |
|         450 | JAY         | ROBB         |       26 |
|         451 | JIM         | REA          |       33 |
|         452 | TOM         | MILNER       |       32 |
|         453 | CALVIN      | MARTEL       |       23 |
|         454 | ALEX        | GRESHAM      |       33 |
|         455 | JON         | WILES        |       24 |
|         456 | RONNIE      | RICKETTS     |       25 |
|         457 | BILL        | GAVIN        |       28 |
|         458 | LLOYD       | DOWD         |       19 |
|         459 | TOMMY       | COLLAZO      |       38 |
|         460 | LEON        | BOSTIC       |       25 |
|         461 | DEREK       | BLAKELY      |       28 |
|         462 | WARREN      | SHERROD      |       33 |
|         463 | DARRELL     | POWER        |       25 |
|         464 | JEROME      | KENYON       |       16 |
|         465 | FLOYD       | GANDY        |       17 |
|         466 | LEO         | EBERT        |       23 |
|         467 | ALVIN       | DELOACH      |       29 |
|         468 | TIM         | CARY         |       39 |
|         469 | WESLEY      | BULL         |       40 |
|         470 | GORDON      | ALLARD       |       32 |
|         471 | DEAN        | SAUER        |       27 |
|         472 | GREG        | ROBINS       |       30 |
|         473 | JORGE       | OLIVARES     |       34 |
|         474 | DUSTIN      | GILLETTE     |       26 |
|         475 | PEDRO       | CHESTNUT     |       24 |
|         476 | DERRICK     | BOURQUE      |       22 |
|         477 | DAN         | PAINE        |       22 |
|         478 | LEWIS       | LYMAN        |       19 |
|         479 | ZACHARY     | HITE         |       31 |
|         480 | COREY       | HAUSER       |       22 |
|         481 | HERMAN      | DEVORE       |       29 |
|         482 | MAURICE     | CRAWLEY      |       29 |
|         483 | VERNON      | CHAPA        |       18 |
|         484 | ROBERTO     | VU           |       30 |
|         485 | CLYDE       | TOBIAS       |       29 |
|         486 | GLEN        | TALBERT      |       26 |
|         487 | HECTOR      | POINDEXTER   |       26 |
|         488 | SHANE       | MILLARD      |       22 |
|         489 | RICARDO     | MEADOR       |       21 |
|         490 | SAM         | MCDUFFIE     |       24 |
|         491 | RICK        | MATTOX       |       27 |
|         492 | LESTER      | KRAUS        |       16 |
|         493 | BRENT       | HARKINS      |       23 |
|         494 | RAMON       | CHOATE       |       31 |
|         495 | CHARLIE     | BESS         |       26 |
|         496 | TYLER       | WREN         |       21 |
|         497 | GILBERT     | SLEDGE       |       28 |
|         498 | GENE        | SANBORN      |       27 |
|         499 | MARC        | OUTLAW       |       30 |
|         500 | REGINALD    | KINDER       |       28 |
|         501 | RUBEN       | GEARY        |       21 |
|         502 | BRETT       | CORNWELL     |       34 |
|         503 | ANGEL       | BARCLAY      |       32 |
|         504 | NATHANIEL   | ADAM         |       28 |
|         505 | RAFAEL      | ABNEY        |       21 |
|         506 | LESLIE      | SEWARD       |       35 |
|         507 | EDGAR       | RHOADS       |       25 |
|         508 | MILTON      | HOWLAND      |       25 |
|         509 | RAUL        | FORTIER      |       20 |
|         510 | BEN         | EASTER       |       26 |
|         511 | CHESTER     | BENNER       |       24 |
|         512 | CECIL       | VINES        |       26 |
|         513 | DUANE       | TUBBS        |       31 |
|         514 | FRANKLIN    | TROUTMAN     |       22 |
|         515 | ANDRE       | RAPP         |       28 |
|         516 | ELMER       | NOE          |       26 |
|         517 | BRAD        | MCCURDY      |       25 |
|         518 | GABRIEL     | HARDER       |       26 |
|         519 | RON         | DELUCA       |       23 |
|         520 | MITCHELL    | WESTMORELAND |       32 |
|         521 | ROLAND      | SOUTH        |       23 |
|         522 | ARNOLD      | HAVENS       |       33 |
|         523 | HARVEY      | GUAJARDO     |       22 |
|         524 | JARED       | ELY          |       19 |
|         525 | ADRIAN      | CLARY        |       19 |
|         526 | KARL        | SEAL         |       45 |
|         527 | CORY        | MEEHAN       |       24 |
|         528 | CLAUDE      | HERZOG       |       25 |
|         529 | ERIK        | GUILLEN      |       29 |
|         530 | DARRYL      | ASHCRAFT     |       23 |
|         531 | JAMIE       | WAUGH        |       25 |
|         532 | NEIL        | RENNER       |       32 |
|         533 | JESSIE      | MILAM        |       33 |
|         534 | CHRISTIAN   | JUNG         |       24 |
|         535 | JAVIER      | ELROD        |       32 |
|         536 | FERNANDO    | CHURCHILL    |       25 |
|         537 | CLINTON     | BUFORD       |       25 |
|         538 | TED         | BREAUX       |       29 |
|         539 | MATHEW      | BOLIN        |       22 |
|         540 | TYRONE      | ASHER        |       24 |
|         541 | DARREN      | WINDHAM      |       24 |
|         542 | LONNIE      | TIRADO       |       18 |
|         543 | LANCE       | PEMBERTON    |       22 |
|         544 | CODY        | NOLEN        |       22 |
|         545 | JULIO       | NOLAND       |       21 |
|         546 | KELLY       | KNOTT        |       26 |
|         547 | KURT        | EMMONS       |       23 |
|         548 | ALLAN       | CORNISH      |       19 |
|         549 | NELSON      | CHRISTENSON  |       20 |
|         550 | GUY         | BROWNLEE     |       32 |
|         551 | CLAYTON     | BARBEE       |       26 |
|         552 | HUGH        | WALDROP      |       21 |
|         553 | MAX         | PITT         |       24 |
|         554 | DWAYNE      | OLVERA       |       22 |
|         555 | DWIGHT      | LOMBARDI     |       17 |
|         556 | ARMANDO     | GRUBER       |       21 |
|         557 | FELIX       | GAFFNEY      |       24 |
|         558 | JIMMIE      | EGGLESTON    |       28 |
|         559 | EVERETT     | BANDA        |       28 |
|         560 | JORDAN      | ARCHULETA    |       30 |
|         561 | IAN         | STILL        |       27 |
|         562 | WALLACE     | SLONE        |       25 |
|         563 | KEN         | PREWITT      |       29 |
|         564 | BOB         | PFEIFFER     |       24 |
|         565 | JAIME       | NETTLES      |       29 |
|         566 | CASEY       | MENA         |       34 |
|         567 | ALFREDO     | MCADAMS      |       20 |
|         568 | ALBERTO     | HENNING      |       21 |
|         569 | DAVE        | GARDINER     |       32 |
|         570 | IVAN        | CROMWELL     |       26 |
|         571 | JOHNNIE     | CHISHOLM     |       24 |
|         572 | SIDNEY      | BURLESON     |       25 |
|         573 | BYRON       | BOX          |       29 |
|         574 | JULIAN      | VEST         |       28 |
|         575 | ISAAC       | OGLESBY      |       29 |
|         576 | MORRIS      | MCCARTER     |       34 |
|         577 | CLIFTON     | MALCOLM      |       28 |
|         578 | WILLARD     | LUMPKIN      |       22 |
|         579 | DARYL       | LARUE        |       27 |
|         580 | ROSS        | GREY         |       27 |
|         581 | VIRGIL      | WOFFORD      |       27 |
|         582 | ANDY        | VANHORN      |       25 |
|         583 | MARSHALL    | THORN        |       23 |
|         584 | SALVADOR    | TEEL         |       30 |
|         585 | PERRY       | SWAFFORD     |       24 |
|         586 | KIRK        | STCLAIR      |       19 |
|         587 | SERGIO      | STANFIELD    |       26 |
|         588 | MARION      | OCAMPO       |       29 |
|         589 | TRACY       | HERRMANN     |       28 |
|         590 | SETH        | HANNON       |       25 |
|         591 | KENT        | ARSENAULT    |       27 |
|         592 | TERRANCE    | ROUSH        |       29 |
|         593 | RENE        | MCALISTER    |       26 |
|         594 | EDUARDO     | HIATT        |       27 |
|         595 | TERRENCE    | GUNDERSON    |       30 |
|         596 | ENRIQUE     | FORSYTHE     |       28 |
|         597 | FREDDIE     | DUGGAN       |       25 |
|         598 | WADE        | DELVALLE     |       22 |
|         599 | AUSTIN      | CINTRON      |       19 |
+-------------+-------------+--------------+----------+
599 rows in set (0.0321 sec)

 MySQL  localhost:3306 ssl  sakila  SQL > select A.customer_id, first_name, last_name,count(B.customer_id) as cantidad from customer A inner join payment B on  A.customer_id = B.customer_id group by A.customer_id;