MySQL Shell 8.0.15

Copyright (c) 2016, 2019, Oracle and/or its affiliates. All rights reserved.
Oracle is a registered trademark of Oracle Corporation and/or its affiliates.
Other names may be trademarks of their respective owners.

Type '\help' or '\?' for help; '\quit' to exit.

 MySQL  JS > \help
The Shell Help is organized in categories and topics. To get help for a
specific category or topic use: \? <pattern>

The <pattern> argument should be the name of a category or a topic.

The pattern is a filter to identify topics for which help is required, it can
use the following wildcards:

- ? matches any single charecter.
- * matches any character sequence.

The following are the main help categories:

 - AdminAPI       Introduces to the dba global object and the InnoDB cluster
                  administration API.
 - Shell Commands Provides details about the available built-in shell commands.
 - ShellAPI       Contains information about the shell and util global objects
                  as well as the mysql module that enables executing SQL on
                  MySQL Servers.
 - SQL Syntax     Entry point to retrieve syntax help on SQL statements.
 - X DevAPI       Details the mysqlx module as well as the capabilities of the
                  X DevAPI which enable working with MySQL as a Document Store

The available topics include:

- The dba global object and the classes available at the AdminAPI.
- The mysqlx module and the classes available at the X DevAPI.
- The mysql module and the global objects and classes available at the
  ShellAPI.
- The functions and properties of the classes exposed by the APIs.
- The available shell commands.
- Any word that is part of an SQL statement.
- Command Line - invoking built-in shell functions without entering interactive
  mode.

SHELL COMMANDS

The shell commands allow executing specific operations including updating the
shell configuration.

The following shell commands are available:

 - \                   Start multi-line input when in SQL mode.
 - \connect    (\c)    Connects the shell to a MySQL server and assigns the
                       global session.
 - \exit               Exits the MySQL Shell, same as \quit.
 - \help       (\?,\h) Prints help information about a specific topic.
 - \history            View and edit command line history.
 - \js                 Switches to JavaScript processing mode.
 - \nopager            Disables the current pager.
 - \nowarnings (\w)    Don't show warnings after every statement.
 - \option             Allows working with the available shell options.
 - \pager      (\P)    Sets the current pager.
 - \py                 Switches to Python processing mode.
 - \quit       (\q)    Exits the MySQL Shell.
 - \reconnect          Reconnects the global session.
 - \rehash             Refresh the autocompletion cache.
 - \source     (\.)    Loads and executes a script from a file.
 - \sql                Switches to SQL processing mode.
 - \status     (\s)    Print information about the current global session.
 - \use        (\u)    Sets the active schema.
 - \warnings   (\W)    Show warnings after every statement.

GLOBAL OBJECTS

The following modules and objects are ready for use when the shell starts:

 - dba    Used for InnoDB cluster administration.
 - mysql  Support for connecting to MySQL servers using the classic MySQL
          protocol.
 - mysqlx Used to work with X Protocol sessions using the MySQL X DevAPI.
 - shell  Gives access to general purpose functions and properties.
 - sys    Gives access to system specific parameters.
 - util   Global object that groups miscellaneous tools like upgrade checker
          and JSON import.

For additional information on these global objects use: <object>.help()

EXAMPLES
\? AdminAPI
      Displays information about the AdminAPI.

\? \connect
      Displays usage details for the \connect command.

\? checkInstanceConfiguration
      Displays usage details for the dba.checkInstanceConfiguration function.

\? sql syntax
      Displays the main SQL help categories.

 MySQL  JS > \sql
Switching to SQL mode... Commands end with ;

 MySQL  SQL > \connect --mc root@localhost
Creating a Classic session to 'root@localhost'
Fetching schema names for autocompletion... Press ^C to stop.
Your MySQL connection id is 18
Server version: 8.0.14 MySQL Community Server - GPL
No default schema selected; type \use <schema> to set one.

 MySQL  localhost:3306 ssl  SQL > create database eva_2;
Query OK, 1 row affected (0.3739 sec)

 MySQL  localhost:3306 ssl  SQL > \use eva_2
Default schema set to `eva_2`.
Fetching table and column names from `eva_2` for auto-completion... Press ^C to stop.

 MySQL  localhost:3306 ssl  eva_2  SQL > show databases;
+--------------------+
| Database           |
+--------------------+
| ejercicios         |
| empresa            |
| eva_1              |
| eva_11             |
| eva_2              |
| information_schema |
| mysql              |
| performance_schema |
| recursoshumanos    |
| sakila             |
| sys                |
| world              |
+--------------------+
12 rows in set (0.1977 sec)

 MySQL  localhost:3306 ssl  eva_2  SQL > create table Padre(
                                      -> id int auto_increment key,
                                      -> nombre varchar(50);
ERROR: 1064 (42000): You have an error in your SQL syntax; check the manual that corresponds to your MySQL server version for the right syntax to use near '' at line 3

 MySQL  localhost:3306 ssl  eva_2  SQL > create table Padre( id int key auto_increment, nombre varchar(50);
ERROR: 1064 (42000): You have an error in your SQL syntax; check the manual that corresponds to your MySQL server version for the right syntax to use near '' at line 1

 MySQL  localhost:3306 ssl  eva_2  SQL > create table Padre( id int key auto_increment, nombre varchar(50));
Query OK, 0 rows affected (1.1933 sec)

 MySQL  localhost:3306 ssl  eva_2  SQL > create table Hijo(id int key auto_increment, id_padre int, nombre varchar(50));
Query OK, 0 rows affected (0.9746 sec)

 MySQL  localhost:3306 ssl  eva_2  SQL > alter table hijo add foreing key(id_padre) references padre(id);
ERROR: 1064 (42000): You have an error in your SQL syntax; check the manual that corresponds to your MySQL server version for the right syntax to use near 'key(id_padre) references padre(id)' at line 1

 MySQL  localhost:3306 ssl  eva_2  SQL > alter table hijo add foreign key(id_padre) references padre(id);
Query OK, 0 rows affected (2.5048 sec)

Records: 0  Duplicates: 0  Warnings: 0

 MySQL  localhost:3306 ssl  eva_2  SQL > alter table hijo add foreign key(id_padre) references padre(id) on delete cascade on update cascade;
Query OK, 0 rows affected (2.3716 sec)

Records: 0  Duplicates: 0  Warnings: 0

 MySQL  localhost:3306 ssl  eva_2  SQL > show tables;
+-----------------+
| Tables_in_eva_2 |
+-----------------+
| hijo            |
| padre           |
+-----------------+
2 rows in set (0.0072 sec)

 MySQL  localhost:3306 ssl  eva_2  SQL > desc padre;
+--------+-------------+------+-----+---------+----------------+
| Field  | Type        | Null | Key | Default | Extra          |
+--------+-------------+------+-----+---------+----------------+
| id     | int(11)     | NO   | PRI | NULL    | auto_increment |
| nombre | varchar(50) | YES  |     | NULL    |                |
+--------+-------------+------+-----+---------+----------------+
2 rows in set (0.0060 sec)

 MySQL  localhost:3306 ssl  eva_2  SQL > desc hijo;
+----------+-------------+------+-----+---------+----------------+
| Field    | Type        | Null | Key | Default | Extra          |
+----------+-------------+------+-----+---------+----------------+
| id       | int(11)     | NO   | PRI | NULL    | auto_increment |
| id_padre | int(11)     | YES  | MUL | NULL    |                |
| nombre   | varchar(50) | YES  |     | NULL    |                |
+----------+-------------+------+-----+---------+----------------+
3 rows in set (0.0057 sec)

 MySQL  localhost:3306 ssl  eva_2  SQL > insert into hijo(1,3,"dfgfgd" );
ERROR: 1064 (42000): You have an error in your SQL syntax; check the manual that corresponds to your MySQL server version for the right syntax to use near '1,3,"dfgfgd" )' at line 1

 MySQL  localhost:3306 ssl  eva_2  SQL > insert into hijo(id_padre) values(5);
ERROR: 1452 (23000): Cannot add or update a child row: a foreign key constraint fails (`eva_2`.`hijo`, CONSTRAINT `hijo_ibfk_1` FOREIGN KEY (`id_padre`) REFERENCES `padre` (`id`))

 MySQL  localhost:3306 ssl  eva_2  SQL > insert into padre (nombre) values("juan");
Query OK, 1 row affected (0.1472 sec)

 MySQL  localhost:3306 ssl  eva_2  SQL > select * from padre;
+----+--------+
| id | nombre |
+----+--------+
|  1 | juan   |
+----+--------+
1 row in set (0.0025 sec)

 MySQL  localhost:3306 ssl  eva_2  SQL > insert into padre (nombre) values("pedro");
Query OK, 1 row affected (0.1670 sec)

 MySQL  localhost:3306 ssl  eva_2  SQL > insert into padre (nombre) values("pablo");
Query OK, 1 row affected (0.1012 sec)

 MySQL  localhost:3306 ssl  eva_2  SQL > select * from padre;
+----+--------+
| id | nombre |
+----+--------+
|  1 | juan   |
|  2 | pedro  |
|  3 | pablo  |
+----+--------+
3 rows in set (0.0014 sec)

 MySQL  localhost:3306 ssl  eva_2  SQL > insert into Hijo (id_padre) values(1);
Query OK, 1 row affected (0.1347 sec)

 MySQL  localhost:3306 ssl  eva_2  SQL > insert into Hijo (id_padre) values(2);
Query OK, 1 row affected (0.1732 sec)

 MySQL  localhost:3306 ssl  eva_2  SQL > insert into Hijo (id_padre) values(3);
Query OK, 1 row affected (0.2294 sec)

 MySQL  localhost:3306 ssl  eva_2  SQL > insert into Hijo (id_padre) values(3);
Query OK, 1 row affected (0.1889 sec)

 MySQL  localhost:3306 ssl  eva_2  SQL > insert into Hijo (id_padre) values(5);
ERROR: 1452 (23000): Cannot add or update a child row: a foreign key constraint fails (`eva_2`.`hijo`, CONSTRAINT `hijo_ibfk_1` FOREIGN KEY (`id_padre`) REFERENCES `padre` (`id`))

 MySQL  localhost:3306 ssl  eva_2  SQL > select * from hijo;
+----+----------+--------+
| id | id_padre | nombre |
+----+----------+--------+
|  2 |        1 | NULL   |
|  3 |        2 | NULL   |
|  4 |        3 | NULL   |
|  5 |        3 | NULL   |
+----+----------+--------+
4 rows in set (0.0015 sec)

 MySQL  localhost:3306 ssl  eva_2  SQL > select * from padre;
+----+--------+
| id | nombre |
+----+--------+
|  1 | juan   |
|  2 | pedro  |
|  3 | pablo  |
+----+--------+
3 rows in set (0.0012 sec)

 MySQL  localhost:3306 ssl  eva_2  SQL > delete from padre where id =3;
ERROR: 1451 (23000): Cannot delete or update a parent row: a foreign key constraint fails (`eva_2`.`hijo`, CONSTRAINT `hijo_ibfk_1` FOREIGN KEY (`id_padre`) REFERENCES `padre` (`id`))

 MySQL  localhost:3306 ssl  eva_2  SQL > delete from padre where id =3;
ERROR: 1451 (23000): Cannot delete or update a parent row: a foreign key constraint fails (`eva_2`.`hijo`, CONSTRAINT `hijo_ibfk_1` FOREIGN KEY (`id_padre`) REFERENCES `padre` (`id`))

 MySQL  localhost:3306 ssl  eva_2  SQL > update padre set id = 5 where id =2;
ERROR: 1451 (23000): Cannot delete or update a parent row: a foreign key constraint fails (`eva_2`.`hijo`, CONSTRAINT `hijo_ibfk_1` FOREIGN KEY (`id_padre`) REFERENCES `padre` (`id`))

 MySQL  localhost:3306 ssl  eva_2  SQL > select * from hijo;
+----+----------+--------+
| id | id_padre | nombre |
+----+----------+--------+
|  2 |        1 | NULL   |
|  3 |        2 | NULL   |
|  4 |        3 | NULL   |
|  5 |        3 | NULL   |
+----+----------+--------+
4 rows in set (0.0014 sec)

 MySQL  localhost:3306 ssl  eva_2  SQL > select * from padre;
+----+--------+
| id | nombre |
+----+--------+
|  1 | juan   |
|  2 | pedro  |
|  3 | pablo  |
+----+--------+
3 rows in set (0.0023 sec)

 MySQL  localhost:3306 ssl  eva_2  SQL > create table master(id int key auto_increment, name varchar(50) );
Query OK, 0 rows affected (0.6433 sec)

 MySQL  localhost:3306 ssl  eva_2  SQL > create table detail(
                                      -> id int key auto_increment
                                      -> ,id_master,
                                      -> foreign key(id_master) references master(id) on delete restrict on update cascade);
ERROR: 1064 (42000): You have an error in your SQL syntax; check the manual that corresponds to your MySQL server version for the right syntax to use near ',
foreign key(id_master) references master(id) on delete restrict on update casc' at line 3

 MySQL  localhost:3306 ssl  eva_2  SQL > create table detail( id int key auto_increment ,id_master int, foreign key(id_master) references master(id) on delete restrict on update cascade);
Query OK, 0 rows affected (0.6863 sec)

 MySQL  localhost:3306 ssl  eva_2  SQL > insert into detail(id_master) value (5);
ERROR: 1452 (23000): Cannot add or update a child row: a foreign key constraint fails (`eva_2`.`detail`, CONSTRAINT `detail_ibfk_1` FOREIGN KEY (`id_master`) REFERENCES `master` (`id`) ON DELETE RESTRICT ON UPDATE CASCADE)

 MySQL  localhost:3306 ssl  eva_2  SQL > insert into de(id_master) value (5);
ERROR: 1146 (42S02): Table 'eva_2.de' doesn't exist

 MySQL  localhost:3306 ssl  eva_2  SQL > insert into detail(id_master) value (5);
ERROR: 1452 (23000): Cannot add or update a child row: a foreign key constraint fails (`eva_2`.`detail`, CONSTRAINT `detail_ibfk_1` FOREIGN KEY (`id_master`) REFERENCES `master` (`id`) ON DELETE RESTRICT ON UPDATE CASCADE)

 MySQL  localhost:3306 ssl  eva_2  SQL > insert into master(id) value (5);
Query OK, 1 row affected (0.1385 sec)

 MySQL  localhost:3306 ssl  eva_2  SQL > insert into master(id) value (6);
Query OK, 1 row affected (0.1732 sec)

 MySQL  localhost:3306 ssl  eva_2  SQL > insert into master(id) value (7);
Query OK, 1 row affected (0.1577 sec)

 MySQL  localhost:3306 ssl  eva_2  SQL > insert into master(id) value (8);
Query OK, 1 row affected (0.1047 sec)

 MySQL  localhost:3306 ssl  eva_2  SQL > insert into detail(master_id) value (8);
ERROR: 1054 (42S22): Unknown column 'master_id' in 'field list'

 MySQL  localhost:3306 ssl  eva_2  SQL > desc master;
+-------+-------------+------+-----+---------+----------------+
| Field | Type        | Null | Key | Default | Extra          |
+-------+-------------+------+-----+---------+----------------+
| id    | int(11)     | NO   | PRI | NULL    | auto_increment |
| name  | varchar(50) | YES  |     | NULL    |                |
+-------+-------------+------+-----+---------+----------------+
2 rows in set (0.0411 sec)

 MySQL  localhost:3306 ssl  eva_2  SQL > desc detail;
+-----------+---------+------+-----+---------+----------------+
| Field     | Type    | Null | Key | Default | Extra          |
+-----------+---------+------+-----+---------+----------------+
| id        | int(11) | NO   | PRI | NULL    | auto_increment |
| id_master | int(11) | YES  | MUL | NULL    |                |
+-----------+---------+------+-----+---------+----------------+
2 rows in set (0.0044 sec)

 MySQL  localhost:3306 ssl  eva_2  SQL > insert into detail(master_id) value (8);
ERROR: 1054 (42S22): Unknown column 'master_id' in 'field list'

 MySQL  localhost:3306 ssl  eva_2  SQL > insert into detail(id_master) value (8);
Query OK, 1 row affected (0.1273 sec)

 MySQL  localhost:3306 ssl  eva_2  SQL > insert into detail(id_master) value (7);
Query OK, 1 row affected (0.1429 sec)

 MySQL  localhost:3306 ssl  eva_2  SQL > insert into detail(id_master) value (6);
Query OK, 1 row affected (0.0979 sec)

 MySQL  localhost:3306 ssl  eva_2  SQL > insert into master(id) value (6);
ERROR: 1062 (23000): Duplicate entry '6' for key 'PRIMARY'

 MySQL  localhost:3306 ssl  eva_2  SQL > insert into master(id) value (5);
ERROR: 1062 (23000): Duplicate entry '5' for key 'PRIMARY'

 MySQL  localhost:3306 ssl  eva_2  SQL > insert into master(id) value (3);
Query OK, 1 row affected (0.2141 sec)

 MySQL  localhost:3306 ssl  eva_2  SQL > delete from master where id = 6;
ERROR: 1451 (23000): Cannot delete or update a parent row: a foreign key constraint fails (`eva_2`.`detail`, CONSTRAINT `detail_ibfk_1` FOREIGN KEY (`id_master`) REFERENCES `master` (`id`) ON DELETE RESTRICT ON UPDATE CASCADE)

 MySQL  localhost:3306 ssl  eva_2  SQL > delete from master where id = 3;
Query OK, 1 row affected (0.1966 sec)

 MySQL  localhost:3306 ssl  eva_2  SQL > desc master;
+-------+-------------+------+-----+---------+----------------+
| Field | Type        | Null | Key | Default | Extra          |
+-------+-------------+------+-----+---------+----------------+
| id    | int(11)     | NO   | PRI | NULL    | auto_increment |
| name  | varchar(50) | YES  |     | NULL    |                |
+-------+-------------+------+-----+---------+----------------+
2 rows in set (0.0058 sec)

 MySQL  localhost:3306 ssl  eva_2  SQL > show create table detail;
+--------+-----------------------------------------------------------------------------------------------------------------------------------------------------------------------------------------------------------------------------------------------------------------------------------------------------------------------------------------------------------------------+
| Table  | Create Table                                                                                                                                                                                                                                                                                                                                                          |
+--------+-----------------------------------------------------------------------------------------------------------------------------------------------------------------------------------------------------------------------------------------------------------------------------------------------------------------------------------------------------------------------+
| detail | CREATE TABLE `detail` (
  `id` int(11) NOT NULL AUTO_INCREMENT,
  `id_master` int(11) DEFAULT NULL,
  PRIMARY KEY (`id`),
  KEY `id_master` (`id_master`),
  CONSTRAINT `detail_ibfk_1` FOREIGN KEY (`id_master`) REFERENCES `master` (`id`) ON DELETE RESTRICT ON UPDATE CASCADE
) ENGINE=InnoDB AUTO_INCREMENT=6 DEFAULT CHARSET=utf8mb4 COLLATE=utf8mb4_0900_ai_ci |
+--------+-----------------------------------------------------------------------------------------------------------------------------------------------------------------------------------------------------------------------------------------------------------------------------------------------------------------------------------------------------------------------+
1 row in set (0.0034 sec)

 MySQL  localhost:3306 ssl  eva_2  SQL >
