MySQL Shell 8.0.15

Copyright (c) 2016, 2019, Oracle and/or its affiliates. All rights reserved.
Oracle is a registered trademark of Oracle Corporation and/or its affiliates.
Other names may be trademarks of their respective owners.

Type '\help' or '\?' for help; '\quit' to exit.

 MySQL  JS > \sql
Switching to SQL mode... Commands end with ;

 MySQL  SQL > \connect --mc root@localhost
Creating a Classic session to 'root@localhost'
Fetching schema names for autocompletion... Press ^C to stop.
Your MySQL connection id is 13
Server version: 8.0.15 MySQL Community Server - GPL
No default schema selected; type \use <schema> to set one.

 MySQL  localhost:3306 ssl  SQL > show databases;
+--------------------+
| Database           |
+--------------------+
| ejercicios         |
| empresa            |
| eva_1              |
| eva_11             |
| eva_2              |
| information_schema |
| mysql              |
| performance_schema |
| recursoshumanos    |
| sakila             |
| sys                |
| world              |
+--------------------+
12 rows in set (0.0217 sec)

 MySQL  localhost:3306 ssl  SQL > \use sakila
Default schema set to `sakila`.
Fetching table and column names from `sakila` for auto-completion... Press ^C to stop.

 MySQL  localhost:3306 ssl  sakila  SQL > desc store;
+------------------+----------------------+------+-----+-------------------+-----------------------------------------------+
| Field            | Type                 | Null | Key | Default           | Extra                                         |
+------------------+----------------------+------+-----+-------------------+-----------------------------------------------+
| store_id         | tinyint(3) unsigned  | NO   | PRI | NULL              | auto_increment                                |
| manager_staff_id | tinyint(3) unsigned  | NO   | UNI | NULL              |                                               |
| address_id       | smallint(5) unsigned | NO   | MUL | NULL              |                                               |
| last_update      | timestamp            | NO   |     | CURRENT_TIMESTAMP | DEFAULT_GENERATED on update CURRENT_TIMESTAMP |
+------------------+----------------------+------+-----+-------------------+-----------------------------------------------+
4 rows in set (0.0100 sec)

 MySQL  localhost:3306 ssl  sakila  SQL > desc film;
+----------------------+---------------------------------------------------------------------+------+-----+-------------------+-----------------------------------------------+
| Field                | Type                                                                | Null | Key | Default           | Extra                                         |
+----------------------+---------------------------------------------------------------------+------+-----+-------------------+-----------------------------------------------+
| film_id              | smallint(5) unsigned                                                | NO   | PRI | NULL              | auto_increment                                |
| title                | varchar(255)                                                        | NO   | MUL | NULL              |                                               |
| description          | text                                                                | YES  |     | NULL              |                                               |
| release_year         | year(4)                                                             | YES  |     | NULL              |                                               |
| language_id          | tinyint(3) unsigned                                                 | NO   | MUL | NULL              |                                               |
| original_language_id | tinyint(3) unsigned                                                 | YES  | MUL | NULL              |                                               |
| rental_duration      | tinyint(3) unsigned                                                 | NO   |     | 3                 |                                               |
| rental_rate          | decimal(4,2)                                                        | NO   |     | 4.99              |                                               |
| length               | smallint(5) unsigned                                                | YES  |     | NULL              |                                               |
| replacement_cost     | decimal(5,2)                                                        | NO   |     | 19.99             |                                               |
| rating               | enum('G','PG','PG-13','R','NC-17')                                  | YES  |     | G                 |                                               |
| special_features     | set('Trailers','Commentaries','Deleted Scenes','Behind the Scenes') | YES  |     | NULL              |                                               |
| last_update          | timestamp                                                           | NO   |     | CURRENT_TIMESTAMP | DEFAULT_GENERATED on update CURRENT_TIMESTAMP |
+----------------------+---------------------------------------------------------------------+------+-----+-------------------+-----------------------------------------------+
13 rows in set (0.0199 sec)

 MySQL  localhost:3306 ssl  sakila  SQL > desc store;
+------------------+----------------------+------+-----+-------------------+-----------------------------------------------+
| Field            | Type                 | Null | Key | Default           | Extra                                         |
+------------------+----------------------+------+-----+-------------------+-----------------------------------------------+
| store_id         | tinyint(3) unsigned  | NO   | PRI | NULL              | auto_increment                                |
| manager_staff_id | tinyint(3) unsigned  | NO   | UNI | NULL              |                                               |
| address_id       | smallint(5) unsigned | NO   | MUL | NULL              |                                               |
| last_update      | timestamp            | NO   |     | CURRENT_TIMESTAMP | DEFAULT_GENERATED on update CURRENT_TIMESTAMP |
+------------------+----------------------+------+-----+-------------------+-----------------------------------------------+
4 rows in set (0.0058 sec)

 MySQL  localhost:3306 ssl  sakila  SQL > show tables;
+----------------------------+
| Tables_in_sakila           |
+----------------------------+
| actor                      |
| actor_info                 |
| address                    |
| category                   |
| city                       |
| country                    |
| customer                   |
| customer_list              |
| film                       |
| film_actor                 |
| film_category              |
| film_list                  |
| film_text                  |
| inventory                  |
| language                   |
| nicer_but_slower_film_list |
| payment                    |
| rental                     |
| sales_by_film_category     |
| sales_by_store             |
| staff                      |
| staff_list                 |
| store                      |
+----------------------------+
23 rows in set (0.1159 sec)

 MySQL  localhost:3306 ssl  sakila  SQL > sales_by_store;
ERROR: 1064 (42000): You have an error in your SQL syntax; check the manual that corresponds to your MySQL server version for the right syntax to use near 'sales_by_store' at line 1

 MySQL  localhost:3306 ssl  sakila  SQL > desc sales_by_store;
+-------------+---------------+------+-----+---------+-------+
| Field       | Type          | Null | Key | Default | Extra |
+-------------+---------------+------+-----+---------+-------+
| store       | varchar(101)  | YES  |     | NULL    |       |
| manager     | varchar(91)   | YES  |     | NULL    |       |
| total_sales | decimal(27,2) | YES  |     | NULL    |       |
+-------------+---------------+------+-----+---------+-------+
3 rows in set (0.0500 sec)

 MySQL  localhost:3306 ssl  sakila  SQL > select store from sales_by_store;
+---------------------+
| store               |
+---------------------+
| Woodridge,Australia |
| Lethbridge,Canada   |
+---------------------+
2 rows in set (2.9043 sec)

 MySQL  localhost:3306 ssl  sakila  SQL > select total_sales from sales_by_store;
+-------------+
| total_sales |
+-------------+
|    33726.77 |
|    33679.79 |
+-------------+
2 rows in set (0.3291 sec)

 MySQL  localhost:3306 ssl  sakila  SQL > desc staff;
+-------------+----------------------+------+-----+-------------------+-----------------------------------------------+
| Field       | Type                 | Null | Key | Default           | Extra                                         |
+-------------+----------------------+------+-----+-------------------+-----------------------------------------------+
| staff_id    | tinyint(3) unsigned  | NO   | PRI | NULL              | auto_increment                                |
| first_name  | varchar(45)          | NO   |     | NULL              |                                               |
| last_name   | varchar(45)          | NO   |     | NULL              |                                               |
| address_id  | smallint(5) unsigned | NO   | MUL | NULL              |                                               |
| picture     | blob                 | YES  |     | NULL              |                                               |
| email       | varchar(50)          | YES  |     | NULL              |                                               |
| store_id    | tinyint(3) unsigned  | NO   | MUL | NULL              |                                               |
| active      | tinyint(1)           | NO   |     | 1                 |                                               |
| username    | varchar(16)          | NO   |     | NULL              |                                               |
| password    | varchar(40)          | YES  |     | NULL              |                                               |
| last_update | timestamp            | NO   |     | CURRENT_TIMESTAMP | DEFAULT_GENERATED on update CURRENT_TIMESTAMP |
+-------------+----------------------+------+-----+-------------------+-----------------------------------------------+
11 rows in set (0.0634 sec)

 MySQL  localhost:3306 ssl  sakila  SQL > desc rental;
+--------------+-----------------------+------+-----+-------------------+-----------------------------------------------+
| Field        | Type                  | Null | Key | Default           | Extra                                         |
+--------------+-----------------------+------+-----+-------------------+-----------------------------------------------+
| rental_id    | int(11)               | NO   | PRI | NULL              | auto_increment                                |
| rental_date  | datetime              | NO   | MUL | NULL              |                                               |
| inventory_id | mediumint(8) unsigned | NO   | MUL | NULL              |                                               |
| customer_id  | smallint(5) unsigned  | NO   | MUL | NULL              |                                               |
| return_date  | datetime              | YES  |     | NULL              |                                               |
| staff_id     | tinyint(3) unsigned   | NO   | MUL | NULL              |                                               |
| last_update  | timestamp             | NO   |     | CURRENT_TIMESTAMP | DEFAULT_GENERATED on update CURRENT_TIMESTAMP |
+--------------+-----------------------+------+-----+-------------------+-----------------------------------------------+
7 rows in set (0.0063 sec)

 MySQL  localhost:3306 ssl  sakila  SQL > show tables;
+----------------------------+
| Tables_in_sakila           |
+----------------------------+
| actor                      |
| actor_info                 |
| address                    |
| category                   |
| city                       |
| country                    |
| customer                   |
| customer_list              |
| film                       |
| film_actor                 |
| film_category              |
| film_list                  |
| film_text                  |
| inventory                  |
| language                   |
| nicer_but_slower_film_list |
| payment                    |
| rental                     |
| sales_by_film_category     |
| sales_by_store             |
| staff                      |
| staff_list                 |
| store                      |
+----------------------------+
23 rows in set (0.0375 sec)

 MySQL  localhost:3306 ssl  sakila  SQL > desc rental;
+--------------+-----------------------+------+-----+-------------------+-----------------------------------------------+
| Field        | Type                  | Null | Key | Default           | Extra                                         |
+--------------+-----------------------+------+-----+-------------------+-----------------------------------------------+
| rental_id    | int(11)               | NO   | PRI | NULL              | auto_increment                                |
| rental_date  | datetime              | NO   | MUL | NULL              |                                               |
| inventory_id | mediumint(8) unsigned | NO   | MUL | NULL              |                                               |
| customer_id  | smallint(5) unsigned  | NO   | MUL | NULL              |                                               |
| return_date  | datetime              | YES  |     | NULL              |                                               |
| staff_id     | tinyint(3) unsigned   | NO   | MUL | NULL              |                                               |
| last_update  | timestamp             | NO   |     | CURRENT_TIMESTAMP | DEFAULT_GENERATED on update CURRENT_TIMESTAMP |
+--------------+-----------------------+------+-----+-------------------+-----------------------------------------------+
7 rows in set (0.0039 sec)

 MySQL  localhost:3306 ssl  sakila  SQL > show tables;
+----------------------------+
| Tables_in_sakila           |
+----------------------------+
| actor                      |
| actor_info                 |
| address                    |
| category                   |
| city                       |
| country                    |
| customer                   |
| customer_list              |
| film                       |
| film_actor                 |
| film_category              |
| film_list                  |
| film_text                  |
| inventory                  |
| language                   |
| nicer_but_slower_film_list |
| payment                    |
| rental                     |
| sales_by_film_category     |
| sales_by_store             |
| staff                      |
| staff_list                 |
| store                      |
+----------------------------+
23 rows in set (0.0053 sec)

 MySQL  localhost:3306 ssl  sakila  SQL > staff_list;
ERROR: 1064 (42000): You have an error in your SQL syntax; check the manual that corresponds to your MySQL server version for the right syntax to use near 'staff_list' at line 1

 MySQL  localhost:3306 ssl  sakila  SQL > desc staff_list;
+----------+---------------------+------+-----+---------+-------+
| Field    | Type                | Null | Key | Default | Extra |
+----------+---------------------+------+-----+---------+-------+
| ID       | tinyint(3) unsigned | NO   |     | 0       |       |
| name     | varchar(91)         | YES  |     | NULL    |       |
| address  | varchar(50)         | NO   |     | NULL    |       |
| zip code | varchar(10)         | YES  |     | NULL    |       |
| phone    | varchar(20)         | NO   |     | NULL    |       |
| city     | varchar(50)         | NO   |     | NULL    |       |
| country  | varchar(50)         | NO   |     | NULL    |       |
| SID      | tinyint(3) unsigned | NO   |     | NULL    |       |
+----------+---------------------+------+-----+---------+-------+
8 rows in set (0.0070 sec)

 MySQL  localhost:3306 ssl  sakila  SQL > show tables;
+----------------------------+
| Tables_in_sakila           |
+----------------------------+
| actor                      |
| actor_info                 |
| address                    |
| category                   |
| city                       |
| country                    |
| customer                   |
| customer_list              |
| film                       |
| film_actor                 |
| film_category              |
| film_list                  |
| film_text                  |
| inventory                  |
| language                   |
| nicer_but_slower_film_list |
| payment                    |
| rental                     |
| sales_by_film_category     |
| sales_by_store             |
| staff                      |
| staff_list                 |
| store                      |
+----------------------------+
23 rows in set (0.0073 sec)

 MySQL  localhost:3306 ssl  sakila  SQL > desc payment;
+--------------+----------------------+------+-----+-------------------+-----------------------------------------------+
| Field        | Type                 | Null | Key | Default           | Extra                                         |
+--------------+----------------------+------+-----+-------------------+-----------------------------------------------+
| payment_id   | smallint(5) unsigned | NO   | PRI | NULL              | auto_increment                                |
| customer_id  | smallint(5) unsigned | NO   | MUL | NULL              |                                               |
| staff_id     | tinyint(3) unsigned  | NO   | MUL | NULL              |                                               |
| rental_id    | int(11)              | YES  | MUL | NULL              |                                               |
| amount       | decimal(5,2)         | NO   |     | NULL              |                                               |
| payment_date | datetime             | NO   |     | NULL              |                                               |
| last_update  | timestamp            | YES  |     | CURRENT_TIMESTAMP | DEFAULT_GENERATED on update CURRENT_TIMESTAMP |
+--------------+----------------------+------+-----+-------------------+-----------------------------------------------+
7 rows in set (0.0062 sec)

 MySQL  localhost:3306 ssl  sakila  SQL > desc staff_list;
+----------+---------------------+------+-----+---------+-------+
| Field    | Type                | Null | Key | Default | Extra |
+----------+---------------------+------+-----+---------+-------+
| ID       | tinyint(3) unsigned | NO   |     | 0       |       |
| name     | varchar(91)         | YES  |     | NULL    |       |
| address  | varchar(50)         | NO   |     | NULL    |       |
| zip code | varchar(10)         | YES  |     | NULL    |       |
| phone    | varchar(20)         | NO   |     | NULL    |       |
| city     | varchar(50)         | NO   |     | NULL    |       |
| country  | varchar(50)         | NO   |     | NULL    |       |
| SID      | tinyint(3) unsigned | NO   |     | NULL    |       |
+----------+---------------------+------+-----+---------+-------+
8 rows in set (0.0059 sec)

 MySQL  localhost:3306 ssl  sakila  SQL > select a.name, count(b.amount) as total from staff_list A inner join payment Bon a.id = B.staff_id;
ERROR: 1064 (42000): You have an error in your SQL syntax; check the manual that corresponds to your MySQL server version for the right syntax to use near 'a.id = B.staff_id' at line 1

 MySQL  localhost:3306 ssl  sakila  SQL > select a.staff_id, count(b.amount) as total from staff A inner join payment Bon a.staff_id = B.staff_id;
ERROR: 1064 (42000): You have an error in your SQL syntax; check the manual that corresponds to your MySQL server version for the right syntax to use near 'a.staff_id = B.staff_id' at line 1

 MySQL  localhost:3306 ssl  sakila  SQL > select a.staff_id, count(b.amount) as total from staff A inner join payment B on a.staff_id = B.staff_id;
+----------+-------+
| staff_id | total |
+----------+-------+
|        1 | 16049 |
+----------+-------+
1 row in set (0.1935 sec)

 MySQL  localhost:3306 ssl  sakila  SQL > select a.name, count(b.amount) as total from staff_list A inner join payment B on a.id = B.staff_id;
+--------------+-------+
| name         | total |
+--------------+-------+
| Mike Hillyer | 16049 |
+--------------+-------+
1 row in set (0.0734 sec)

 MySQL  localhost:3306 ssl  sakila  SQL > desc store;
+------------------+----------------------+------+-----+-------------------+-----------------------------------------------+
| Field            | Type                 | Null | Key | Default           | Extra                                         |
+------------------+----------------------+------+-----+-------------------+-----------------------------------------------+
| store_id         | tinyint(3) unsigned  | NO   | PRI | NULL              | auto_increment                                |
| manager_staff_id | tinyint(3) unsigned  | NO   | UNI | NULL              |                                               |
| address_id       | smallint(5) unsigned | NO   | MUL | NULL              |                                               |
| last_update      | timestamp            | NO   |     | CURRENT_TIMESTAMP | DEFAULT_GENERATED on update CURRENT_TIMESTAMP |
+------------------+----------------------+------+-----+-------------------+-----------------------------------------------+
4 rows in set (0.0039 sec)

 MySQL  localhost:3306 ssl  sakila  SQL > show tables;}
+----------------------------+
| Tables_in_sakila           |
+----------------------------+
| actor                      |
| actor_info                 |
| address                    |
| category                   |
| city                       |
| country                    |
| customer                   |
| customer_list              |
| film                       |
| film_actor                 |
| film_category              |
| film_list                  |
| film_text                  |
| inventory                  |
| language                   |
| nicer_but_slower_film_list |
| payment                    |
| rental                     |
| sales_by_film_category     |
| sales_by_store             |
| staff                      |
| staff_list                 |
| store                      |
+----------------------------+
23 rows in set (0.0060 sec)

                                       -> ;
ERROR: 1064 (42000): You have an error in your SQL syntax; check the manual that corresponds to your MySQL server version for the right syntax to use near '}' at line 1

 MySQL  localhost:3306 ssl  sakila  SQL > desc_store;
ERROR: 1064 (42000): You have an error in your SQL syntax; check the manual that corresponds to your MySQL server version for the right syntax to use near 'desc_store' at line 1

 MySQL  localhost:3306 ssl  sakila  SQL > desc store;
+------------------+----------------------+------+-----+-------------------+-----------------------------------------------+
| Field            | Type                 | Null | Key | Default           | Extra                                         |
+------------------+----------------------+------+-----+-------------------+-----------------------------------------------+
| store_id         | tinyint(3) unsigned  | NO   | PRI | NULL              | auto_increment                                |
| manager_staff_id | tinyint(3) unsigned  | NO   | UNI | NULL              |                                               |
| address_id       | smallint(5) unsigned | NO   | MUL | NULL              |                                               |
| last_update      | timestamp            | NO   |     | CURRENT_TIMESTAMP | DEFAULT_GENERATED on update CURRENT_TIMESTAMP |
+------------------+----------------------+------+-----+-------------------+-----------------------------------------------+
4 rows in set (0.0055 sec)

 MySQL  localhost:3306 ssl  sakila  SQL > desc sales_by_store;
+-------------+---------------+------+-----+---------+-------+
| Field       | Type          | Null | Key | Default | Extra |
+-------------+---------------+------+-----+---------+-------+
| store       | varchar(101)  | YES  |     | NULL    |       |
| manager     | varchar(91)   | YES  |     | NULL    |       |
| total_sales | decimal(27,2) | YES  |     | NULL    |       |
+-------------+---------------+------+-----+---------+-------+
3 rows in set (0.0070 sec)

 MySQL  localhost:3306 ssl  sakila  SQL > desc customer_list;
+----------+----------------------+------+-----+---------+-------+
| Field    | Type                 | Null | Key | Default | Extra |
+----------+----------------------+------+-----+---------+-------+
| ID       | smallint(5) unsigned | NO   |     | 0       |       |
| name     | varchar(91)          | YES  |     | NULL    |       |
| address  | varchar(50)          | NO   |     | NULL    |       |
| zip code | varchar(10)          | YES  |     | NULL    |       |
| phone    | varchar(20)          | NO   |     | NULL    |       |
| city     | varchar(50)          | NO   |     | NULL    |       |
| country  | varchar(50)          | NO   |     | NULL    |       |
| notes    | varchar(6)           | NO   |     |         |       |
| SID      | tinyint(3) unsigned  | NO   |     | NULL    |       |
+----------+----------------------+------+-----+---------+-------+
9 rows in set (0.0050 sec)

 MySQL  localhost:3306 ssl  sakila  SQL > select a.name, count(b.amount) as total from staff_list A left join payment B on a.id = B.staff_id;
+--------------+-------+
| name         | total |
+--------------+-------+
| Mike Hillyer | 16049 |
+--------------+-------+
1 row in set (0.0676 sec)

 MySQL  localhost:3306 ssl  sakila  SQL > select a.name, b.amount as total from staff_list A left join payment B on a.id = B.staff_id;
+--------------+-------+
| name         | total |
+--------------+-------+
| Mike Hillyer |  2.99 |
| Mike Hillyer |  0.99 |
| Mike Hillyer |  5.99 |
| Mike Hillyer |  4.99 |
| Mike Hillyer |  4.99 |
| Mike Hillyer |  3.99 |
| Mike Hillyer |  5.99 |
| Mike Hillyer |  4.99 |
| Mike Hillyer |  4.99 |
| Mike Hillyer |  7.99 |
| Mike Hillyer |  4.99 |
| Mike Hillyer |  0.99 |
| Mike Hillyer |  0.99 |
| Mike Hillyer |  0.99 |
| Mike Hillyer |  0.99 |
| Mike Hillyer |  1.99 |
| Mike Hillyer |  5.99 |
| Mike Hillyer |  4.99 |
| Mike Hillyer |  2.99 |
| Mike Hillyer |  2.99 |
| Mike Hillyer |  6.99 |
| Mike Hillyer |  5.99 |
| Mike Hillyer |  2.99 |
| Mike Hillyer |  4.99 |
| Mike Hillyer |  2.99 |
| Mike Hillyer |  0.99 |
| Mike Hillyer |  0.99 |
| Mike Hillyer |  5.99 |
| Mike Hillyer |  6.99 |
| Mike Hillyer |  2.99 |
| Mike Hillyer |  2.99 |
| Mike Hillyer |  4.99 |
| Mike Hillyer |  1.99 |
| Mike Hillyer |  2.99 |
| Mike Hillyer |  8.99 |
| Mike Hillyer |  6.99 |
| Mike Hillyer |  2.99 |
| Mike Hillyer |  4.99 |
| Mike Hillyer |  4.99 |
| Mike Hillyer |  5.99 |
| Mike Hillyer |  4.99 |
| Mike Hillyer |  2.99 |
| Mike Hillyer |  1.99 |
| Mike Hillyer |  2.99 |
| Mike Hillyer |  8.99 |
| Mike Hillyer |  2.99 |
| Mike Hillyer |  4.99 |
| Mike Hillyer |  0.99 |
| Mike Hillyer |  5.99 |
| Mike Hillyer |  2.99 |
| Mike Hillyer |  3.99 |
| Mike Hillyer |  5.99 |
| Mike Hillyer |  5.99 |
| Mike Hillyer |  2.99 |
| Mike Hillyer |  2.99 |
| Mike Hillyer |  2.99 |
| Mike Hillyer |  6.99 |
| Mike Hillyer |  2.99 |
| Mike Hillyer |  0.99 |
| Mike Hillyer |  6.99 |
| Mike Hillyer |  1.99 |
| Mike Hillyer |  3.99 |
| Mike Hillyer |  4.99 |
| Mike Hillyer |  8.99 |
| Mike Hillyer |  3.99 |
| Mike Hillyer |  2.99 |
| Mike Hillyer |  1.99 |
| Mike Hillyer |  4.99 |
| Mike Hillyer |  3.99 |
| Mike Hillyer |  0.99 |
| Mike Hillyer |  4.99 |
| Mike Hillyer |  9.99 |
| Mike Hillyer |  2.99 |
| Mike Hillyer |  1.99 |
| Mike Hillyer |  6.99 |
| Mike Hillyer |  2.99 |
| Mike Hillyer |  3.99 |
| Mike Hillyer |  0.99 |
| Mike Hillyer |  0.99 |
| Mike Hillyer |  0.99 |
| Mike Hillyer |  7.99 |
| Mike Hillyer |  0.99 |
| Mike Hillyer |  2.99 |
| Mike Hillyer |  2.99 |
| Mike Hillyer |  3.99 |
| Mike Hillyer |  6.99 |
| Mike Hillyer |  0.99 |
| Mike Hillyer |  0.99 |
| Mike Hillyer |  7.99 |
| Mike Hillyer |  4.99 |
| Mike Hillyer |  5.99 |
| Mike Hillyer |  4.99 |
| Mike Hillyer |  5.99 |
| Mike Hillyer |  2.99 |
| Mike Hillyer |  0.99 |
| Mike Hillyer |  4.99 |
| Mike Hillyer |  0.99 |
| Mike Hillyer |  4.99 |
| Mike Hillyer |  8.99 |
| Mike Hillyer |  7.99 |
| Mike Hillyer |  1.99 |
| Mike Hillyer |  2.99 |
| Mike Hillyer |  5.99 |
| Mike Hillyer |  4.99 |
| Mike Hillyer |  8.99 |
| Mike Hillyer |  2.99 |
| Mike Hillyer |  2.99 |
| Mike Hillyer |  0.99 |
| Mike Hillyer |  5.99 |
| Mike Hillyer |  5.99 |
| Mike Hillyer |  5.99 |
| Mike Hillyer |  0.99 |
| Mike Hillyer |  3.99 |
| Mike Hillyer |  2.99 |
| Mike Hillyer |  4.99 |
| Mike Hillyer |  0.99 |
| Mike Hillyer |  1.99 |
| Mike Hillyer |  9.99 |
| Mike Hillyer |  2.99 |
| Mike Hillyer |  0.99 |
| Mike Hillyer |  7.99 |
| Mike Hillyer |  2.99 |
| Mike Hillyer |  4.99 |
| Mike Hillyer |  2.99 |
| Mike Hillyer |  1.99 |
| Mike Hillyer |  2.99 |
| Mike Hillyer |  5.99 |
| Mike Hillyer |  2.99 |
| Mike Hillyer |  4.99 |
| Mike Hillyer |  0.99 |
| Mike Hillyer |  4.99 |
| Mike Hillyer |  0.99 |
| Mike Hillyer |  2.99 |
| Mike Hillyer |  2.99 |
| Mike Hillyer |  4.99 |
| Mike Hillyer |  4.99 |
| Mike Hillyer |  4.99 |
| Mike Hillyer |  0.99 |
| Mike Hillyer |  0.99 |
| Mike Hillyer |  1.99 |
| Mike Hillyer |  7.99 |
| Mike Hillyer |  0.99 |
| Mike Hillyer |  2.99 |
| Mike Hillyer |  2.99 |
| Mike Hillyer |  4.99 |
| Mike Hillyer |  0.99 |
| Mike Hillyer |  5.99 |
| Mike Hillyer |  6.99 |
| Mike Hillyer |  6.99 |
| Mike Hillyer |  7.99 |
| Mike Hillyer |  0.99 |
| Mike Hillyer |  4.99 |
| Mike Hillyer |  4.99 |
| Mike Hillyer |  4.99 |
| Mike Hillyer |  0.99 |
| Mike Hillyer |  9.99 |
| Mike Hillyer |  4.99 |
| Mike Hillyer |  4.99 |
| Mike Hillyer |  0.99 |
| Mike Hillyer |  0.99 |
| Mike Hillyer |  4.99 |
| Mike Hillyer |  4.99 |
| Mike Hillyer |  0.99 |
| Mike Hillyer |  3.99 |
| Mike Hillyer |  0.99 |
| Mike Hillyer |  0.99 |
| Mike Hillyer |  2.99 |
| Mike Hillyer |  5.99 |
| Mike Hillyer |  4.99 |
| Mike Hillyer |  0.99 |
| Mike Hillyer |  2.99 |
| Mike Hillyer |  4.99 |
| Mike Hillyer |  2.99 |
| Mike Hillyer |  8.99 |
| Mike Hillyer |  8.99 |
| Mike Hillyer |  2.99 |
| Mike Hillyer |  0.99 |
| Mike Hillyer |  2.99 |
| Mike Hillyer |  2.99 |
| Mike Hillyer |  2.99 |
| Mike Hillyer |  0.99 |
| Mike Hillyer |  7.99 |
| Mike Hillyer |  4.99 |
| Mike Hillyer |  4.99 |
| Mike Hillyer |  0.99 |
| Mike Hillyer |  9.99 |
| Mike Hillyer |  4.99 |
| Mike Hillyer |  0.99 |
| Mike Hillyer |  9.99 |
| Mike Hillyer |  5.99 |
| Mike Hillyer |  2.99 |
| Mike Hillyer |  2.99 |
| Mike Hillyer |  0.99 |
| Mike Hillyer |  0.99 |
| Mike Hillyer |  4.99 |
| Mike Hillyer |  7.99 |
| Mike Hillyer |  6.99 |
| Mike Hillyer |  0.99 |
| Mike Hillyer |  3.99 |
| Mike Hillyer |  2.99 |
| Mike Hillyer |  2.99 |
| Mike Hillyer |  4.99 |
| Mike Hillyer |  2.99 |
| Mike Hillyer |  4.99 |
| Mike Hillyer |  0.99 |
| Mike Hillyer |  0.99 |
| Mike Hillyer |  4.99 |
| Mike Hillyer |  2.99 |
| Mike Hillyer |  5.99 |
| Mike Hillyer |  7.99 |
| Mike Hillyer |  5.99 |
| Mike Hillyer |  2.99 |
| Mike Hillyer |  4.99 |
| Mike Hillyer |  0.99 |
| Mike Hillyer |  2.99 |
| Mike Hillyer |  2.99 |
| Mike Hillyer |  2.99 |
| Mike Hillyer |  7.99 |
| Mike Hillyer |  2.99 |
| Mike Hillyer |  5.99 |
| Mike Hillyer |  4.99 |
| Mike Hillyer |  0.99 |
| Mike Hillyer |  4.99 |
| Mike Hillyer |  3.98 |
| Mike Hillyer |  3.99 |
| Mike Hillyer |  2.99 |
| Mike Hillyer |  2.99 |
| Mike Hillyer |  7.99 |
| Mike Hillyer |  1.99 |
| Mike Hillyer |  7.99 |
| Mike Hillyer |  0.99 |
| Mike Hillyer |  4.99 |
| Mike Hillyer |  4.99 |
| Mike Hillyer |  7.99 |
| Mike Hillyer |  4.99 |
| Mike Hillyer |  6.99 |
| Mike Hillyer |  8.99 |
| Mike Hillyer |  2.99 |
| Mike Hillyer |  8.99 |
| Mike Hillyer |  3.99 |
| Mike Hillyer |  3.99 |
| Mike Hillyer |  2.99 |
| Mike Hillyer |  2.99 |
| Mike Hillyer |  0.99 |
| Mike Hillyer |  2.99 |
| Mike Hillyer |  2.99 |
| Mike Hillyer |  2.99 |
| Mike Hillyer |  2.99 |
| Mike Hillyer |  4.99 |
| Mike Hillyer |  4.99 |
| Mike Hillyer |  8.99 |
| Mike Hillyer |  0.99 |
| Mike Hillyer |  4.99 |
| Mike Hillyer |  4.99 |
| Mike Hillyer |  4.99 |
| Mike Hillyer |  6.99 |
| Mike Hillyer |  2.99 |
| Mike Hillyer |  2.99 |
| Mike Hillyer |  2.99 |
| Mike Hillyer |  5.99 |
| Mike Hillyer |  0.99 |
| Mike Hillyer |  7.99 |
| Mike Hillyer |  5.99 |
| Mike Hillyer |  9.99 |
| Mike Hillyer |  8.99 |
| Mike Hillyer |  4.99 |
| Mike Hillyer |  2.99 |
| Mike Hillyer |  4.99 |
| Mike Hillyer |  2.99 |
| Mike Hillyer |  2.99 |
| Mike Hillyer |  2.99 |
| Mike Hillyer |  7.99 |
| Mike Hillyer |  1.99 |
| Mike Hillyer |  0.99 |
| Mike Hillyer |  0.99 |
| Mike Hillyer |  4.99 |
| Mike Hillyer |  1.99 |
| Mike Hillyer |  2.99 |
| Mike Hillyer |  3.99 |
| Mike Hillyer |  0.99 |
| Mike Hillyer |  4.99 |
| Mike Hillyer |  2.99 |
| Mike Hillyer | 10.99 |
| Mike Hillyer |  3.99 |
| Mike Hillyer |  2.99 |
| Mike Hillyer |  0.99 |
| Mike Hillyer |  5.99 |
| Mike Hillyer |  0.99 |
| Mike Hillyer |  6.99 |
| Mike Hillyer |  2.99 |
| Mike Hillyer |  4.99 |
| Mike Hillyer |  8.99 |
| Mike Hillyer |  9.99 |
| Mike Hillyer |  4.99 |
| Mike Hillyer |  4.99 |
| Mike Hillyer |  2.99 |
| Mike Hillyer |  4.99 |
| Mike Hillyer |  4.99 |
| Mike Hillyer |  2.99 |
| Mike Hillyer |  6.99 |
| Mike Hillyer |  2.99 |
| Mike Hillyer |  4.99 |
| Mike Hillyer |  7.99 |
| Mike Hillyer |  4.99 |
| Mike Hillyer |  5.99 |
| Mike Hillyer |  2.99 |
| Mike Hillyer |  2.99 |
| Mike Hillyer |  6.99 |
| Mike Hillyer |  7.99 |
| Mike Hillyer |  6.99 |
| Mike Hillyer |  4.99 |
| Mike Hillyer |  4.99 |
| Mike Hillyer |  4.99 |
| Mike Hillyer |  8.99 |
| Mike Hillyer |  2.99 |
| Mike Hillyer |  1.99 |
| Mike Hillyer |  0.99 |
| Mike Hillyer |  5.99 |
| Mike Hillyer |  4.99 |
| Mike Hillyer |  2.99 |
| Mike Hillyer |  2.99 |
| Mike Hillyer |  2.99 |
| Mike Hillyer |  7.99 |
| Mike Hillyer |  2.99 |
| Mike Hillyer |  6.99 |
| Mike Hillyer |  2.99 |
| Mike Hillyer |  2.99 |
| Mike Hillyer |  2.99 |
| Mike Hillyer |  5.99 |
| Mike Hillyer |  0.99 |
| Mike Hillyer |  4.99 |
| Mike Hillyer |  1.99 |
| Mike Hillyer |  4.99 |
| Mike Hillyer |  0.99 |
| Mike Hillyer |  2.99 |
| Mike Hillyer |  2.99 |
| Mike Hillyer |  1.99 |
| Mike Hillyer |  0.99 |
| Mike Hillyer |  7.99 |
| Mike Hillyer |  4.99 |
| Mike Hillyer |  2.99 |
| Mike Hillyer |  4.99 |
| Mike Hillyer |  4.99 |
| Mike Hillyer |  2.99 |
| Mike Hillyer |  0.99 |
| Mike Hillyer |  2.99 |
| Mike Hillyer |  4.99 |
| Mike Hillyer |  8.99 |
| Mike Hillyer |  5.99 |
| Mike Hillyer |  2.99 |
| Mike Hillyer |  0.99 |
| Mike Hillyer |  0.99 |
| Mike Hillyer |  4.99 |
| Mike Hillyer |  4.99 |
| Mike Hillyer |  0.99 |
| Mike Hillyer |  5.99 |
| Mike Hillyer |  2.99 |
| Mike Hillyer |  5.99 |
| Mike Hillyer |  9.99 |
| Mike Hillyer |  4.99 |
| Mike Hillyer |  4.99 |
| Mike Hillyer |  2.99 |
| Mike Hillyer |  4.99 |
| Mike Hillyer |  4.99 |
| Mike Hillyer |  6.99 |
| Mike Hillyer |  3.99 |
| Mike Hillyer |  6.99 |
| Mike Hillyer |  2.99 |
| Mike Hillyer |  1.99 |
| Mike Hillyer |  4.99 |
| Mike Hillyer |  0.99 |
| Mike Hillyer |  3.99 |
| Mike Hillyer |  3.99 |
| Mike Hillyer |  0.99 |
| Mike Hillyer |  5.99 |
| Mike Hillyer |  7.99 |
| Mike Hillyer |  2.99 |
| Mike Hillyer |  7.99 |
| Mike Hillyer |  4.99 |
| Mike Hillyer |  4.99 |
| Mike Hillyer |  1.99 |
| Mike Hillyer |  5.99 |
| Mike Hillyer |  0.99 |
| Mike Hillyer |  4.99 |
| Mike Hillyer |  1.99 |
| Mike Hillyer |  7.99 |
| Mike Hillyer |  4.99 |
| Mike Hillyer |  7.99 |
| Mike Hillyer |  4.99 |
| Mike Hillyer |  0.99 |
| Mike Hillyer |  8.99 |
| Mike Hillyer |  2.99 |
| Mike Hillyer |  0.99 |
| Mike Hillyer |  2.99 |
| Mike Hillyer |  4.99 |
| Mike Hillyer |  0.99 |
| Mike Hillyer |  0.99 |
| Mike Hillyer |  5.99 |
| Mike Hillyer |  9.99 |
| Mike Hillyer |  4.99 |
| Mike Hillyer |  2.99 |
| Mike Hillyer |  2.99 |
| Mike Hillyer |  3.99 |
| Mike Hillyer |  0.99 |
| Mike Hillyer |  2.99 |
| Mike Hillyer |  4.99 |
| Mike Hillyer |  2.99 |
| Mike Hillyer |  0.99 |
| Mike Hillyer |  0.99 |
| Mike Hillyer |  7.99 |
| Mike Hillyer |  2.99 |
| Mike Hillyer |  2.99 |
| Mike Hillyer |  0.99 |
| Mike Hillyer |  1.99 |
| Mike Hillyer |  6.99 |
| Mike Hillyer |  0.99 |
| Mike Hillyer |  4.99 |
| Mike Hillyer |  5.99 |
| Mike Hillyer |  4.99 |
| Mike Hillyer |  4.99 |
| Mike Hillyer |  2.99 |
| Mike Hillyer |  0.99 |
| Mike Hillyer |  3.99 |
| Mike Hillyer |  0.99 |
| Mike Hillyer |  4.99 |
| Mike Hillyer |  7.99 |
| Mike Hillyer |  5.99 |
| Mike Hillyer |  4.99 |
| Mike Hillyer |  9.99 |
| Mike Hillyer |  0.99 |
| Mike Hillyer |  0.99 |
| Mike Hillyer |  4.99 |
| Mike Hillyer |  4.99 |
| Mike Hillyer |  2.99 |
| Mike Hillyer |  0.99 |
| Mike Hillyer |  2.99 |
| Mike Hillyer |  6.99 |
| Mike Hillyer |  2.99 |
| Mike Hillyer |  2.99 |
| Mike Hillyer |  0.99 |
| Mike Hillyer |  4.99 |
| Mike Hillyer |  0.99 |
| Mike Hillyer |  2.99 |
| Mike Hillyer |  4.99 |
| Mike Hillyer |  4.99 |
| Mike Hillyer |  1.99 |
| Mike Hillyer |  0.99 |
| Mike Hillyer |  7.99 |
| Mike Hillyer |  0.99 |
| Mike Hillyer |  0.99 |
| Mike Hillyer |  4.99 |
| Mike Hillyer |  6.99 |
| Mike Hillyer |  3.99 |
| Mike Hillyer |  1.99 |
| Mike Hillyer |  0.99 |
| Mike Hillyer |  2.99 |
| Mike Hillyer |  2.99 |
| Mike Hillyer |  9.99 |
| Mike Hillyer |  0.99 |
| Mike Hillyer |  2.99 |
| Mike Hillyer |  3.99 |
| Mike Hillyer |  6.99 |
| Mike Hillyer |  5.99 |
| Mike Hillyer |  2.99 |
| Mike Hillyer |  4.99 |
| Mike Hillyer |  8.99 |
| Mike Hillyer |  1.99 |
| Mike Hillyer |  0.99 |
| Mike Hillyer |  2.99 |
| Mike Hillyer | 10.99 |
| Mike Hillyer |  5.99 |
| Mike Hillyer |  0.99 |
| Mike Hillyer |  4.99 |
| Mike Hillyer |  4.99 |
| Mike Hillyer |  4.99 |
| Mike Hillyer |  1.99 |
| Mike Hillyer |  4.99 |
| Mike Hillyer |  7.99 |
| Mike Hillyer |  2.99 |
| Mike Hillyer |  7.99 |
| Mike Hillyer |  0.99 |
| Mike Hillyer |  0.99 |
| Mike Hillyer |  5.99 |
| Mike Hillyer |  0.99 |
| Mike Hillyer |  4.99 |
| Mike Hillyer |  0.99 |
| Mike Hillyer |  2.99 |
| Mike Hillyer |  4.99 |
| Mike Hillyer |  0.99 |
| Mike Hillyer |  3.99 |
| Mike Hillyer |  0.99 |
| Mike Hillyer |  4.99 |
| Mike Hillyer |  2.99 |
| Mike Hillyer |  2.99 |
| Mike Hillyer |  0.99 |
| Mike Hillyer |  4.99 |
| Mike Hillyer |  5.99 |
| Mike Hillyer |  6.99 |
| Mike Hillyer |  0.99 |
| Mike Hillyer |  2.99 |
| Mike Hillyer |  4.99 |
| Mike Hillyer |  0.99 |
| Mike Hillyer |  2.99 |
| Mike Hillyer |  2.99 |
| Mike Hillyer |  5.99 |
| Mike Hillyer |  0.99 |
| Mike Hillyer |  5.99 |
| Mike Hillyer |  4.99 |
| Mike Hillyer |  4.99 |
| Mike Hillyer |  4.99 |
| Mike Hillyer |  4.99 |
| Mike Hillyer |  6.99 |
| Mike Hillyer |  5.99 |
| Mike Hillyer |  6.99 |
| Mike Hillyer |  1.99 |
| Mike Hillyer |  7.99 |
| Mike Hillyer |  4.99 |
| Mike Hillyer |  4.99 |
| Mike Hillyer |  2.99 |
| Mike Hillyer |  0.99 |
| Mike Hillyer |  0.99 |
| Mike Hillyer |  0.99 |
| Mike Hillyer |  0.99 |
| Mike Hillyer |  6.99 |
| Mike Hillyer |  0.99 |
| Mike Hillyer |  2.99 |
| Mike Hillyer |  4.99 |
| Mike Hillyer |  2.99 |
| Mike Hillyer |  0.99 |
| Mike Hillyer |  4.99 |
| Mike Hillyer |  4.99 |
| Mike Hillyer |  9.99 |
| Mike Hillyer |  0.99 |
| Mike Hillyer |  2.99 |
| Mike Hillyer |  4.99 |
| Mike Hillyer |  5.99 |
| Mike Hillyer |  5.99 |
| Mike Hillyer |  9.99 |
| Mike Hillyer |  5.99 |
| Mike Hillyer |  2.99 |
| Mike Hillyer |  3.99 |
| Mike Hillyer |  7.99 |
| Mike Hillyer |  0.99 |
| Mike Hillyer |  3.99 |
| Mike Hillyer |  0.99 |
| Mike Hillyer |  1.99 |
| Mike Hillyer |  5.99 |
| Mike Hillyer |  4.99 |
| Mike Hillyer |  2.99 |
| Mike Hillyer |  2.99 |
| Mike Hillyer |  5.99 |
| Mike Hillyer |  0.99 |
| Mike Hillyer |  0.99 |
| Mike Hillyer |  0.99 |
| Mike Hillyer |  4.99 |
| Mike Hillyer |  2.99 |
| Mike Hillyer |  4.99 |
| Mike Hillyer |  4.99 |
| Mike Hillyer |  6.99 |
| Mike Hillyer |  2.99 |
| Mike Hillyer |  5.99 |
| Mike Hillyer |  5.99 |
| Mike Hillyer |  4.99 |
| Mike Hillyer |  4.99 |
| Mike Hillyer |  4.99 |
| Mike Hillyer |  5.99 |
| Mike Hillyer |  4.99 |
| Mike Hillyer |  2.99 |
| Mike Hillyer |  2.99 |
| Mike Hillyer |  1.99 |
| Mike Hillyer |  4.99 |
| Mike Hillyer |  0.99 |
| Mike Hillyer |  4.99 |
| Mike Hillyer |  9.99 |
| Mike Hillyer |  4.99 |
| Mike Hillyer |  4.99 |
| Mike Hillyer |  0.99 |
| Mike Hillyer |  5.99 |
| Mike Hillyer |  0.99 |
| Mike Hillyer |  8.99 |
| Mike Hillyer |  1.99 |
| Mike Hillyer |  2.99 |
| Mike Hillyer |  6.99 |
| Mike Hillyer |  0.99 |
| Mike Hillyer |  5.99 |
| Mike Hillyer |  2.99 |
| Mike Hillyer |  6.99 |
| Mike Hillyer |  2.99 |
| Mike Hillyer |  4.99 |
| Mike Hillyer |  4.99 |
| Mike Hillyer |  2.99 |
| Mike Hillyer |  4.99 |
| Mike Hillyer |  1.99 |
| Mike Hillyer |  0.99 |
| Mike Hillyer |  6.99 |
| Mike Hillyer |  2.99 |
| Mike Hillyer |  2.99 |
| Mike Hillyer |  7.99 |
| Mike Hillyer |  5.99 |
| Mike Hillyer |  2.99 |
| Mike Hillyer |  5.99 |
| Mike Hillyer |  3.99 |
| Mike Hillyer |  4.99 |
| Mike Hillyer |  2.99 |
| Mike Hillyer |  2.99 |
| Mike Hillyer |  0.99 |
| Mike Hillyer |  3.99 |
| Mike Hillyer |  0.99 |
| Mike Hillyer |  6.99 |
| Mike Hillyer |  2.99 |
| Mike Hillyer |  3.99 |
| Mike Hillyer |  5.99 |
| Mike Hillyer |  4.99 |
| Mike Hillyer |  7.99 |
| Mike Hillyer |  2.99 |
| Mike Hillyer |  5.98 |
| Mike Hillyer |  0.00 |
| Mike Hillyer |  4.99 |
| Mike Hillyer |  2.99 |
| Mike Hillyer |  4.99 |
| Mike Hillyer |  4.99 |
| Mike Hillyer |  2.99 |
| Mike Hillyer |  3.99 |
| Mike Hillyer |  4.99 |
| Mike Hillyer |  4.99 |
| Mike Hillyer |  4.99 |
| Mike Hillyer |  2.99 |
| Mike Hillyer |  4.99 |
| Mike Hillyer |  0.00 |
| Mike Hillyer |  0.99 |
| Mike Hillyer |  4.99 |
| Mike Hillyer |  2.99 |
| Mike Hillyer |  2.99 |
| Mike Hillyer |  3.99 |
| Mike Hillyer |  2.99 |
| Mike Hillyer |  3.99 |
| Mike Hillyer |  3.99 |
| Mike Hillyer |  8.99 |
| Mike Hillyer |  0.99 |
| Mike Hillyer |  4.99 |
| Mike Hillyer |  2.99 |
| Mike Hillyer |  4.99 |
| Mike Hillyer |  6.99 |
| Mike Hillyer |  4.99 |
| Mike Hillyer |  3.99 |
| Mike Hillyer |  0.99 |
| Mike Hillyer |  6.99 |
| Mike Hillyer |  7.99 |
| Mike Hillyer |  0.99 |
| Mike Hillyer |  9.99 |
| Mike Hillyer |  2.99 |
| Mike Hillyer |  3.99 |
| Mike Hillyer |  2.99 |
| Mike Hillyer |  8.99 |
| Mike Hillyer |  4.99 |
| Mike Hillyer |  2.99 |
| Mike Hillyer |  3.99 |
| Mike Hillyer |  6.99 |
| Mike Hillyer | 10.99 |
| Mike Hillyer |  2.99 |
| Mike Hillyer |  4.99 |
| Mike Hillyer |  2.99 |
| Mike Hillyer |  4.99 |
| Mike Hillyer |  0.99 |
| Mike Hillyer |  2.99 |
| Mike Hillyer |  4.99 |
| Mike Hillyer |  5.99 |
| Mike Hillyer |  0.99 |
| Mike Hillyer |  2.99 |
| Mike Hillyer |  0.99 |
| Mike Hillyer |  4.99 |
| Mike Hillyer |  2.99 |
| Mike Hillyer |  0.99 |
| Mike Hillyer |  5.99 |
| Mike Hillyer |  6.99 |
| Mike Hillyer |  4.99 |
| Mike Hillyer |  6.99 |
| Mike Hillyer |  4.99 |
| Mike Hillyer |  0.99 |
| Mike Hillyer |  3.99 |
| Mike Hillyer |  3.99 |
| Mike Hillyer |  0.99 |
| Mike Hillyer |  7.99 |
| Mike Hillyer |  0.99 |
| Mike Hillyer |  2.99 |
| Mike Hillyer |  4.99 |
| Mike Hillyer |  2.99 |
| Mike Hillyer |  2.99 |
| Mike Hillyer |  6.99 |
| Mike Hillyer |  7.99 |
| Mike Hillyer |  3.99 |
| Mike Hillyer |  3.99 |
| Mike Hillyer |  0.99 |
| Mike Hillyer |  2.99 |
| Mike Hillyer |  4.99 |
| Mike Hillyer |  6.99 |
| Mike Hillyer |  7.99 |
| Mike Hillyer |  4.99 |
| Mike Hillyer |  4.99 |
| Mike Hillyer |  0.99 |
| Mike Hillyer |  2.99 |
| Mike Hillyer |  2.99 |
| Mike Hillyer |  6.99 |
| Mike Hillyer |  2.99 |
| Mike Hillyer |  4.99 |
| Mike Hillyer |  4.99 |
| Mike Hillyer |  4.99 |
| Mike Hillyer |  4.99 |
| Mike Hillyer |  2.99 |
| Mike Hillyer |  4.99 |
| Mike Hillyer |  6.99 |
| Mike Hillyer |  8.99 |
| Mike Hillyer |  4.99 |
| Mike Hillyer |  0.99 |
| Mike Hillyer |  0.99 |
| Mike Hillyer |  5.99 |
| Mike Hillyer |  4.99 |
| Mike Hillyer |  6.99 |
| Mike Hillyer |  4.99 |
| Mike Hillyer |  4.99 |
| Mike Hillyer |  4.99 |
| Mike Hillyer |  0.99 |
| Mike Hillyer |  9.99 |
| Mike Hillyer |  2.99 |
| Mike Hillyer |  7.99 |
| Mike Hillyer |  4.99 |
| Mike Hillyer |  5.99 |
| Mike Hillyer |  6.99 |
| Mike Hillyer |  5.99 |
| Mike Hillyer |  4.99 |
| Mike Hillyer |  0.99 |
| Mike Hillyer |  0.99 |
| Mike Hillyer |  2.99 |
| Mike Hillyer |  0.99 |
| Mike Hillyer |  2.99 |
| Mike Hillyer |  0.99 |
| Mike Hillyer |  4.99 |
| Mike Hillyer |  2.99 |
| Mike Hillyer |  0.99 |
| Mike Hillyer |  4.99 |
| Mike Hillyer |  4.99 |
| Mike Hillyer |  0.99 |
| Mike Hillyer |  4.99 |
| Mike Hillyer |  2.99 |
| Mike Hillyer |  1.99 |
| Mike Hillyer |  0.99 |
| Mike Hillyer |  2.99 |
| Mike Hillyer |  7.99 |
| Mike Hillyer |  4.99 |
| Mike Hillyer |  4.99 |
| Mike Hillyer |  0.99 |
| Mike Hillyer |  0.99 |
| Mike Hillyer |  3.99 |
| Mike Hillyer |  5.99 |
| Mike Hillyer |  4.99 |
| Mike Hillyer |  3.99 |
| Mike Hillyer |  2.99 |
| Mike Hillyer |  0.99 |
| Mike Hillyer |  2.99 |
| Mike Hillyer |  0.99 |
| Mike Hillyer |  2.99 |
| Mike Hillyer |  2.99 |
| Mike Hillyer |  4.99 |
| Mike Hillyer |  4.99 |
| Mike Hillyer |  7.99 |
| Mike Hillyer |  3.99 |
| Mike Hillyer |  5.99 |
| Mike Hillyer |  2.99 |
| Mike Hillyer |  5.99 |
| Mike Hillyer |  2.99 |
| Mike Hillyer |  4.99 |
| Mike Hillyer |  0.00 |
| Mike Hillyer |  4.99 |
| Mike Hillyer |  2.99 |
| Mike Hillyer |  4.99 |
| Mike Hillyer |  2.99 |
| Mike Hillyer |  2.99 |
| Mike Hillyer |  7.99 |
| Mike Hillyer |  0.99 |
| Mike Hillyer |  4.99 |
| Mike Hillyer |  4.99 |
| Mike Hillyer |  2.99 |
| Mike Hillyer |  4.99 |
| Mike Hillyer |  0.99 |
| Mike Hillyer |  4.99 |
| Mike Hillyer | 10.99 |
| Mike Hillyer |  4.99 |
| Mike Hillyer |  4.99 |
| Mike Hillyer |  9.99 |
| Mike Hillyer |  0.99 |
| Mike Hillyer |  2.99 |
| Mike Hillyer |  4.99 |
| Mike Hillyer |  4.99 |
| Mike Hillyer |  4.99 |
| Mike Hillyer |  2.99 |
| Mike Hillyer |  4.99 |
| Mike Hillyer |  4.99 |
| Mike Hillyer |  6.99 |
| Mike Hillyer |  2.99 |
| Mike Hillyer |  4.99 |
| Mike Hillyer |  3.99 |
| Mike Hillyer |  5.99 |
| Mike Hillyer |  2.99 |
| Mike Hillyer |  6.99 |
| Mike Hillyer |  0.99 |
| Mike Hillyer |  4.99 |
| Mike Hillyer |  0.99 |
| Mike Hillyer |  7.99 |
| Mike Hillyer |  3.99 |
| Mike Hillyer |  4.99 |
| Mike Hillyer |  2.99 |
| Mike Hillyer |  7.99 |
| Mike Hillyer |  0.99 |
| Mike Hillyer |  4.99 |
| Mike Hillyer |  5.99 |
| Mike Hillyer |  4.99 |
| Mike Hillyer |  5.99 |
| Mike Hillyer |  5.99 |
| Mike Hillyer |  0.99 |
| Mike Hillyer |  4.99 |
| Mike Hillyer |  0.99 |
| Mike Hillyer |  4.99 |
| Mike Hillyer |  4.99 |
| Mike Hillyer |  0.99 |
| Mike Hillyer |  1.99 |
| Mike Hillyer |  0.99 |
| Mike Hillyer |  1.99 |
| Mike Hillyer |  0.99 |
| Mike Hillyer |  0.99 |
| Mike Hillyer |  4.99 |
| Mike Hillyer |  0.99 |
| Mike Hillyer |  4.99 |
| Mike Hillyer |  9.99 |
| Mike Hillyer |  0.99 |
| Mike Hillyer |  4.99 |
| Mike Hillyer |  0.99 |
| Mike Hillyer |  6.99 |
| Mike Hillyer |  6.99 |
| Mike Hillyer |  3.99 |
| Mike Hillyer |  2.99 |
| Mike Hillyer |  6.99 |
| Mike Hillyer |  4.99 |
| Mike Hillyer |  5.99 |
| Mike Hillyer |  2.99 |
| Mike Hillyer |  3.99 |
| Mike Hillyer |  3.99 |
| Mike Hillyer |  4.99 |
| Mike Hillyer |  4.99 |
| Mike Hillyer |  3.99 |
| Mike Hillyer |  3.99 |
| Mike Hillyer |  4.99 |
| Mike Hillyer |  4.99 |
| Mike Hillyer |  8.99 |
| Mike Hillyer |  5.99 |
| Mike Hillyer |  2.99 |
| Mike Hillyer |  5.99 |
| Mike Hillyer |  5.99 |
| Mike Hillyer |  4.99 |
| Mike Hillyer |  2.99 |
| Mike Hillyer |  5.99 |
| Mike Hillyer |  3.99 |
| Mike Hillyer |  0.99 |
| Mike Hillyer |  4.99 |
| Mike Hillyer |  4.99 |
| Mike Hillyer |  4.99 |
| Mike Hillyer |  8.99 |
| Mike Hillyer |  1.99 |
| Mike Hillyer |  2.99 |
| Mike Hillyer |  2.99 |
| Mike Hillyer |  5.99 |
| Mike Hillyer |  0.99 |
| Mike Hillyer |  2.99 |
| Mike Hillyer |  0.99 |
| Mike Hillyer |  7.99 |
| Mike Hillyer |  3.99 |
| Mike Hillyer |  9.99 |
| Mike Hillyer |  0.99 |
| Mike Hillyer |  0.99 |
| Mike Hillyer |  1.99 |
| Mike Hillyer |  4.99 |
| Mike Hillyer |  0.99 |
| Mike Hillyer |  0.99 |
| Mike Hillyer |  5.99 |
| Mike Hillyer |  0.99 |
| Mike Hillyer |  3.99 |
| Mike Hillyer |  2.99 |
| Mike Hillyer |  5.99 |
| Mike Hillyer |  0.99 |
| Mike Hillyer |  6.99 |
| Mike Hillyer |  0.99 |
| Mike Hillyer |  4.99 |
| Mike Hillyer |  6.99 |
| Mike Hillyer |  4.99 |
| Mike Hillyer |  0.99 |
| Mike Hillyer |  6.99 |
| Mike Hillyer |  4.99 |
| Mike Hillyer |  7.99 |
| Mike Hillyer |  0.99 |
| Mike Hillyer |  8.99 |
| Mike Hillyer |  3.99 |
| Mike Hillyer |  5.99 |
| Mike Hillyer |  2.99 |
| Mike Hillyer |  4.99 |
| Mike Hillyer |  0.99 |
| Mike Hillyer |  2.99 |
| Mike Hillyer |  2.99 |
| Mike Hillyer |  4.99 |
| Mike Hillyer |  1.99 |
| Mike Hillyer |  3.99 |
| Mike Hillyer |  0.99 |
| Mike Hillyer |  2.99 |
| Mike Hillyer |  1.99 |
| Mike Hillyer |  2.99 |
| Mike Hillyer |  6.99 |
| Mike Hillyer |  3.99 |
| Mike Hillyer |  4.99 |
| Mike Hillyer |  0.99 |
| Mike Hillyer |  2.99 |
| Mike Hillyer |  0.99 |
| Mike Hillyer |  5.99 |
| Mike Hillyer |  4.99 |
| Mike Hillyer |  7.99 |
| Mike Hillyer |  4.99 |
| Mike Hillyer |  4.99 |
| Mike Hillyer |  4.99 |
| Mike Hillyer |  3.99 |
| Mike Hillyer |  6.99 |
| Mike Hillyer |  3.99 |
| Mike Hillyer |  8.99 |
| Mike Hillyer |  7.99 |
| Mike Hillyer |  6.99 |
| Mike Hillyer |  0.99 |
| Mike Hillyer |  2.99 |
| Mike Hillyer |  2.99 |
| Mike Hillyer |  4.99 |
| Mike Hillyer |  4.99 |
| Mike Hillyer |  3.99 |
| Mike Hillyer |  4.99 |
| Mike Hillyer |  4.99 |
| Mike Hillyer |  8.99 |
| Mike Hillyer |  3.99 |
| Mike Hillyer |  2.99 |
| Mike Hillyer |  2.99 |
| Mike Hillyer |  5.99 |
| Mike Hillyer |  0.99 |
| Mike Hillyer |  5.99 |
| Mike Hillyer |  0.99 |
| Mike Hillyer |  0.99 |
| Mike Hillyer |  2.99 |
| Mike Hillyer |  6.99 |
| Mike Hillyer |  8.99 |
| Mike Hillyer |  2.99 |
| Mike Hillyer |  3.99 |
| Mike Hillyer |  3.99 |
| Mike Hillyer |  4.99 |
| Mike Hillyer |  2.99 |
| Mike Hillyer |  7.99 |
| Mike Hillyer |  8.99 |
| Mike Hillyer |  8.99 |
| Mike Hillyer |  2.99 |
| Mike Hillyer |  2.99 |
| Mike Hillyer |  0.99 |
| Mike Hillyer |  0.99 |
| Mike Hillyer |  3.99 |
| Mike Hillyer |  4.99 |
| Mike Hillyer |  3.99 |
| Mike Hillyer |  7.99 |
| Mike Hillyer |  2.99 |
| Mike Hillyer |  1.99 |
| Mike Hillyer |  4.99 |
| Mike Hillyer |  2.99 |
| Mike Hillyer |  4.99 |
| Mike Hillyer |  8.99 |
| Mike Hillyer |  0.99 |
| Mike Hillyer |  0.99 |
| Mike Hillyer |  6.99 |
| Mike Hillyer |  2.99 |
| Mike Hillyer |  3.99 |
| Mike Hillyer |  2.99 |
| Mike Hillyer |  2.99 |
| Mike Hillyer |  5.99 |
| Mike Hillyer |  5.99 |
| Mike Hillyer |  2.99 |
| Mike Hillyer |  4.99 |
| Mike Hillyer |  0.99 |
| Mike Hillyer |  5.99 |
| Mike Hillyer |  2.99 |
| Mike Hillyer |  2.99 |
| Mike Hillyer |  9.99 |
| Mike Hillyer |  2.99 |
| Mike Hillyer |  4.99 |
| Mike Hillyer |  6.99 |
| Mike Hillyer |  3.99 |
| Mike Hillyer |  3.99 |
| Mike Hillyer |  2.99 |
| Mike Hillyer |  9.99 |
| Mike Hillyer |  4.99 |
| Mike Hillyer |  8.99 |
| Mike Hillyer |  4.99 |
| Mike Hillyer |  5.99 |
| Mike Hillyer |  4.99 |
| Mike Hillyer |  2.99 |
| Mike Hillyer |  1.99 |
| Mike Hillyer |  4.99 |
| Mike Hillyer |  3.99 |
| Mike Hillyer |  4.99 |
| Mike Hillyer |  0.99 |
| Mike Hillyer |  4.99 |
| Mike Hillyer |  7.99 |
| Mike Hillyer |  3.99 |
| Mike Hillyer |  4.99 |
| Mike Hillyer |  0.99 |
| Mike Hillyer |  0.99 |
| Mike Hillyer |  4.99 |
| Mike Hillyer |  0.99 |
| Mike Hillyer |  4.99 |
| Mike Hillyer |  2.99 |
| Mike Hillyer |  2.99 |
| Mike Hillyer |  4.99 |
| Mike Hillyer |  2.99 |
| Mike Hillyer |  0.99 |
| Mike Hillyer |  0.99 |
| Mike Hillyer |  0.99 |
| Mike Hillyer |  2.99 |
| Mike Hillyer |  0.99 |
| Mike Hillyer |  4.99 |
| Mike Hillyer |  9.99 |
| Mike Hillyer |  2.99 |
| Mike Hillyer |  4.99 |
| Mike Hillyer |  4.99 |
| Mike Hillyer |  4.99 |
| Mike Hillyer |  2.99 |
| Mike Hillyer |  2.99 |
| Mike Hillyer |  4.99 |
| Mike Hillyer |  4.99 |
| Mike Hillyer |  0.99 |
| Mike Hillyer |  1.99 |
| Mike Hillyer |  1.99 |
| Mike Hillyer |  2.99 |
| Mike Hillyer |  7.99 |
| Mike Hillyer |  2.99 |
| Mike Hillyer |  6.99 |
| Mike Hillyer |  0.99 |
| Mike Hillyer |  1.99 |
| Mike Hillyer |  4.99 |
| Mike Hillyer |  0.99 |
| Mike Hillyer |  4.99 |
| Mike Hillyer |  4.99 |
| Mike Hillyer |  7.99 |
| Mike Hillyer |  4.99 |
| Mike Hillyer |  0.99 |
| Mike Hillyer |  5.99 |
| Mike Hillyer |  3.99 |
| Mike Hillyer |  0.99 |
| Mike Hillyer |  2.99 |
| Mike Hillyer |  4.99 |
| Mike Hillyer |  0.99 |
| Mike Hillyer |  6.99 |
| Mike Hillyer |  9.99 |
| Mike Hillyer |  3.99 |
| Mike Hillyer |  4.99 |
| Mike Hillyer |  0.99 |
| Mike Hillyer |  2.99 |
| Mike Hillyer |  1.99 |
| Mike Hillyer |  5.99 |
| Mike Hillyer |  4.99 |
| Mike Hillyer |  0.99 |
| Mike Hillyer |  0.00 |
| Mike Hillyer |  0.99 |
| Mike Hillyer |  6.99 |
| Mike Hillyer |  0.99 |
| Mike Hillyer |  0.99 |
| Mike Hillyer |  2.99 |
| Mike Hillyer | 10.99 |
| Mike Hillyer |  1.99 |
| Mike Hillyer |  0.99 |
| Mike Hillyer |  5.99 |
| Mike Hillyer |  4.99 |
| Mike Hillyer |  3.99 |
| Mike Hillyer |  2.99 |
| Mike Hillyer |  3.99 |
| Mike Hillyer |  0.99 |
| Mike Hillyer |  0.99 |
| Mike Hillyer |  2.99 |
| Mike Hillyer |  0.99 |
| Mike Hillyer |  2.99 |
| Mike Hillyer |  6.99 |
| Mike Hillyer |  2.99 |
| Mike Hillyer |  4.99 |
| Mike Hillyer |  1.99 |
| Mike Hillyer |  0.99 |
| Mike Hillyer |  4.99 |
| Mike Hillyer |  6.99 |
| Mike Hillyer |  5.99 |
| Mike Hillyer |  2.99 |
| Mike Hillyer |  7.99 |
| Mike Hillyer | 10.99 |
| Mike Hillyer |  0.99 |
| Mike Hillyer |  0.99 |
| Mike Hillyer |  2.99 |
| Mike Hillyer |  4.99 |
| Mike Hillyer |  2.99 |
| Mike Hillyer |  2.99 |
| Mike Hillyer |  0.99 |
| Mike Hillyer |  2.99 |
| Mike Hillyer |  4.99 |
| Mike Hillyer |  2.99 |
| Mike Hillyer |  9.99 |
| Mike Hillyer |  2.99 |
| Mike Hillyer |  1.99 |
| Mike Hillyer |  0.99 |
| Mike Hillyer |  2.99 |
| Mike Hillyer |  0.99 |
| Mike Hillyer |  2.99 |
| Mike Hillyer |  3.99 |
| Mike Hillyer |  5.99 |
| Mike Hillyer |  5.99 |
| Mike Hillyer |  5.99 |
| Mike Hillyer |  6.99 |
| Mike Hillyer |  0.99 |
| Mike Hillyer |  6.99 |
| Mike Hillyer |  8.99 |
| Mike Hillyer |  1.99 |
| Mike Hillyer |  4.99 |
| Mike Hillyer |  4.99 |
| Mike Hillyer |  0.99 |
| Mike Hillyer |  8.99 |
| Mike Hillyer |  5.99 |
| Mike Hillyer |  0.99 |
| Mike Hillyer |  1.99 |
| Mike Hillyer |  5.99 |
| Mike Hillyer |  4.99 |
| Mike Hillyer |  2.99 |
| Mike Hillyer |  0.99 |
| Mike Hillyer |  0.99 |
| Mike Hillyer |  5.99 |
| Mike Hillyer |  4.99 |
| Mike Hillyer |  3.99 |
| Mike Hillyer |  5.99 |
| Mike Hillyer |  4.99 |
| Mike Hillyer |  4.99 |
| Mike Hillyer |  2.99 |
| Mike Hillyer |  0.99 |
| Mike Hillyer |  8.99 |
| Mike Hillyer |  8.99 |
| Mike Hillyer |  2.99 |
| Mike Hillyer |  6.99 |
| Mike Hillyer |  4.99 |
| Mike Hillyer |  8.99 |
| Mike Hillyer |  6.99 |
| Mike Hillyer |  4.99 |
| Mike Hillyer |  3.99 |
| Mike Hillyer |  0.99 |
| Mike Hillyer |  5.99 |
| Mike Hillyer |  5.99 |
| Mike Hillyer |  2.99 |
| Mike Hillyer |  0.99 |
| Mike Hillyer |  1.99 |
| Mike Hillyer |  0.99 |
| Mike Hillyer |  5.99 |
| Mike Hillyer |  4.99 |
| Mike Hillyer |  4.99 |
| Mike Hillyer |  6.99 |
| Mike Hillyer |  4.99 |
| Mike Hillyer |  5.99 |
| Mike Hillyer |  5.99 |
| Mike Hillyer |  0.99 |
| Mike Hillyer |  5.99 |
| Mike Hillyer |  2.99 |
| Mike Hillyer |  8.99 |
| Mike Hillyer |  2.99 |
| Mike Hillyer |  5.99 |
| Mike Hillyer |  4.99 |
| Mike Hillyer |  2.99 |
| Mike Hillyer |  9.99 |
| Mike Hillyer |  1.99 |
| Mike Hillyer |  5.99 |
| Mike Hillyer |  4.99 |
| Mike Hillyer |  1.99 |
| Mike Hillyer |  2.99 |
| Mike Hillyer |  4.99 |
| Mike Hillyer |  0.99 |
| Mike Hillyer |  2.99 |
| Mike Hillyer |  4.99 |
| Mike Hillyer |  0.99 |
| Mike Hillyer |  4.99 |
| Mike Hillyer |  3.99 |
| Mike Hillyer |  1.99 |
| Mike Hillyer |  4.99 |
| Mike Hillyer |  4.99 |
| Mike Hillyer |  0.99 |
| Mike Hillyer |  0.99 |
| Mike Hillyer |  2.99 |
| Mike Hillyer |  9.99 |
| Mike Hillyer |  8.99 |
| Mike Hillyer |  2.99 |
| Mike Hillyer | 10.99 |
| Mike Hillyer |  2.99 |
| Mike Hillyer |  2.99 |
| Mike Hillyer |  4.99 |
| Mike Hillyer |  2.99 |
| Mike Hillyer |  1.99 |
| Mike Hillyer |  2.99 |
| Mike Hillyer |  2.99 |
| Mike Hillyer |  4.99 |
| Mike Hillyer |  7.99 |
| Mike Hillyer |  3.99 |
| Mike Hillyer |  4.99 |
| Mike Hillyer |  5.99 |
| Mike Hillyer |  2.99 |
| Mike Hillyer |  4.99 |
| Mike Hillyer |  0.99 |
| Mike Hillyer |  8.99 |
| Mike Hillyer |  5.99 |
| Mike Hillyer |  0.99 |
| Mike Hillyer |  0.99 |
| Mike Hillyer |  2.99 |
| Mike Hillyer |  2.99 |
| Mike Hillyer |  2.99 |
| Mike Hillyer |  7.99 |
| Mike Hillyer |  2.99 |
| Mike Hillyer |  5.99 |
| Mike Hillyer |  1.99 |
| Mike Hillyer |  4.99 |
| Mike Hillyer |  5.99 |
| Mike Hillyer |  8.99 |
| Mike Hillyer |  2.99 |
| Mike Hillyer |  2.99 |
| Mike Hillyer |  0.99 |
| Mike Hillyer |  6.99 |
| Mike Hillyer |  4.99 |
| Mike Hillyer |  5.99 |
| Mike Hillyer |  8.99 |
| Mike Hillyer |  4.99 |
| Mike Hillyer |  0.99 |
| Mike Hillyer |  7.99 |
| Mike Hillyer |  0.99 |
| Mike Hillyer |  8.99 |
| Mike Hillyer |  2.99 |
| Mike Hillyer |  2.99 |
| Mike Hillyer |  2.99 |
| Mike Hillyer |  2.99 |
| Mike Hillyer |  3.99 |
| Mike Hillyer |  3.99 |
| Mike Hillyer |  2.99 |
| Mike Hillyer |  2.99 |
| Mike Hillyer |  2.99 |
| Mike Hillyer |  5.99 |
| Mike Hillyer |  6.99 |
| Mike Hillyer |  2.99 |
| Mike Hillyer |  0.99 |
| Mike Hillyer |  4.99 |
| Mike Hillyer |  4.99 |
| Mike Hillyer |  0.99 |
| Mike Hillyer |  2.99 |
| Mike Hillyer |  4.99 |
| Mike Hillyer |  1.99 |
| Mike Hillyer |  4.99 |
| Mike Hillyer |  7.99 |
| Mike Hillyer |  4.99 |
| Mike Hillyer |  3.99 |
| Mike Hillyer |  0.99 |
| Mike Hillyer |  4.99 |
| Mike Hillyer |  4.99 |
| Mike Hillyer |  4.99 |
| Mike Hillyer |  4.99 |
| Mike Hillyer |  2.99 |
| Mike Hillyer |  4.99 |
| Mike Hillyer |  0.99 |
| Mike Hillyer |  0.99 |
| Mike Hillyer |  0.99 |
| Mike Hillyer |  1.99 |
| Mike Hillyer |  4.99 |
| Mike Hillyer |  1.99 |
| Mike Hillyer |  4.99 |
| Mike Hillyer |  5.99 |
| Mike Hillyer |  4.99 |
| Mike Hillyer |  0.99 |
| Mike Hillyer |  8.99 |
| Mike Hillyer |  2.99 |
| Mike Hillyer |  6.99 |
| Mike Hillyer |  0.99 |
| Mike Hillyer |  4.99 |
| Mike Hillyer |  1.99 |
| Mike Hillyer |  4.99 |
| Mike Hillyer |  4.99 |
| Mike Hillyer |  4.99 |
| Mike Hillyer |  4.99 |
| Mike Hillyer |  0.99 |
| Mike Hillyer |  2.99 |
| Mike Hillyer |  0.99 |
| Mike Hillyer |  4.99 |
| Mike Hillyer |  0.99 |
| Mike Hillyer |  2.99 |
| Mike Hillyer |  4.99 |
| Mike Hillyer |  2.99 |
| Mike Hillyer |  0.99 |
| Mike Hillyer |  4.99 |
| Mike Hillyer |  2.99 |
| Mike Hillyer |  8.99 |
| Mike Hillyer |  4.99 |
| Mike Hillyer |  0.99 |
| Mike Hillyer |  0.99 |
| Mike Hillyer |  2.99 |
| Mike Hillyer |  4.99 |
| Mike Hillyer |  2.99 |
| Mike Hillyer |  8.99 |
| Mike Hillyer |  4.99 |
| Mike Hillyer |  2.99 |
| Mike Hillyer |  5.99 |
| Mike Hillyer |  4.99 |
| Mike Hillyer |  0.99 |
| Mike Hillyer |  0.99 |
| Mike Hillyer |  4.99 |
| Mike Hillyer |  4.99 |
| Mike Hillyer |  1.99 |
| Mike Hillyer |  5.99 |
| Mike Hillyer |  4.99 |
| Mike Hillyer |  6.99 |
| Mike Hillyer |  6.99 |
| Mike Hillyer |  4.99 |
| Mike Hillyer |  0.99 |
| Mike Hillyer |  3.99 |
| Mike Hillyer |  0.99 |
| Mike Hillyer |  0.99 |
| Mike Hillyer |  2.99 |
| Mike Hillyer |  4.99 |
| Mike Hillyer |  0.99 |
| Mike Hillyer |  4.99 |
| Mike Hillyer |  2.99 |
| Mike Hillyer |  6.99 |
| Mike Hillyer |  4.99 |
| Mike Hillyer |  3.99 |
| Mike Hillyer |  3.99 |
| Mike Hillyer |  4.99 |
| Mike Hillyer |  0.99 |
| Mike Hillyer |  4.99 |
| Mike Hillyer |  3.99 |
| Mike Hillyer |  0.99 |
| Mike Hillyer |  2.99 |
| Mike Hillyer |  4.99 |
| Mike Hillyer |  0.99 |
| Mike Hillyer |  0.99 |
| Mike Hillyer |  4.99 |
| Mike Hillyer |  2.99 |
| Mike Hillyer |  0.99 |
| Mike Hillyer |  3.99 |
| Mike Hillyer |  4.99 |
| Mike Hillyer |  0.99 |
| Mike Hillyer |  4.99 |
| Mike Hillyer |  0.99 |
| Mike Hillyer |  5.99 |
| Mike Hillyer |  2.99 |
| Mike Hillyer |  2.99 |
| Mike Hillyer |  5.99 |
| Mike Hillyer |  2.99 |
| Mike Hillyer |  7.99 |
| Mike Hillyer |  4.99 |
| Mike Hillyer |  2.99 |
| Mike Hillyer |  0.99 |
| Mike Hillyer |  2.99 |
| Mike Hillyer |  2.99 |
| Mike Hillyer |  3.99 |
| Mike Hillyer |  4.99 |
| Mike Hillyer |  0.99 |
| Mike Hillyer |  1.99 |
| Mike Hillyer |  0.99 |
| Mike Hillyer |  0.99 |
| Mike Hillyer |  3.99 |
| Mike Hillyer |  2.99 |
| Mike Hillyer |  8.99 |
| Mike Hillyer |  2.99 |
| Mike Hillyer |  8.99 |
| Mike Hillyer |  4.99 |
| Mike Hillyer |  1.99 |
| Mike Hillyer |  4.99 |
| Mike Hillyer |  0.99 |
| Mike Hillyer |  0.99 |
| Mike Hillyer |  0.99 |
| Mike Hillyer |  9.99 |
| Mike Hillyer |  2.99 |
| Mike Hillyer |  5.99 |
| Mike Hillyer |  2.99 |
| Mike Hillyer |  0.99 |
| Mike Hillyer |  6.99 |
| Mike Hillyer |  0.99 |
| Mike Hillyer |  4.99 |
| Mike Hillyer |  0.99 |
| Mike Hillyer |  4.99 |
| Mike Hillyer |  0.99 |
| Mike Hillyer |  6.99 |
| Mike Hillyer |  6.99 |
| Mike Hillyer |  5.99 |
| Mike Hillyer |  4.99 |
| Mike Hillyer |  2.99 |
| Mike Hillyer |  0.99 |
| Mike Hillyer |  5.99 |
| Mike Hillyer |  2.99 |
| Mike Hillyer |  4.99 |
| Mike Hillyer |  4.99 |
| Mike Hillyer |  9.99 |
| Mike Hillyer |  1.99 |
| Mike Hillyer |  7.99 |
| Mike Hillyer |  9.99 |
| Mike Hillyer |  0.99 |
| Mike Hillyer |  0.99 |
| Mike Hillyer |  0.99 |
| Mike Hillyer |  4.99 |
| Mike Hillyer |  2.99 |
| Mike Hillyer |  1.99 |
| Mike Hillyer |  5.99 |
| Mike Hillyer |  0.99 |
| Mike Hillyer |  0.99 |
| Mike Hillyer |  4.99 |
| Mike Hillyer |  0.99 |
| Mike Hillyer |  5.99 |
| Mike Hillyer |  3.99 |
| Mike Hillyer |  5.99 |
| Mike Hillyer | 10.99 |
| Mike Hillyer |  0.99 |
| Mike Hillyer |  7.99 |
| Mike Hillyer |  2.99 |
| Mike Hillyer |  1.99 |
| Mike Hillyer |  1.99 |
| Mike Hillyer |  3.99 |
| Mike Hillyer |  2.99 |
| Mike Hillyer |  3.99 |
| Mike Hillyer |  0.99 |
| Mike Hillyer |  1.99 |
| Mike Hillyer |  4.99 |
| Mike Hillyer |  3.99 |
| Mike Hillyer |  3.99 |
| Mike Hillyer |  8.99 |
| Mike Hillyer |  2.99 |
| Mike Hillyer |  6.99 |
| Mike Hillyer |  4.99 |
| Mike Hillyer |  2.99 |
| Mike Hillyer |  4.99 |
| Mike Hillyer |  0.99 |
| Mike Hillyer |  6.99 |
| Mike Hillyer |  2.99 |
| Mike Hillyer |  4.99 |
| Mike Hillyer |  4.99 |
| Mike Hillyer |  4.99 |
| Mike Hillyer |  3.99 |
| Mike Hillyer |  3.99 |
| Mike Hillyer |  4.99 |
| Mike Hillyer |  4.99 |
| Mike Hillyer |  2.99 |
| Mike Hillyer |  8.99 |
| Mike Hillyer |  7.99 |
| Mike Hillyer |  2.99 |
| Mike Hillyer |  0.99 |
| Mike Hillyer |  6.99 |
| Mike Hillyer |  5.99 |
| Mike Hillyer |  5.99 |
| Mike Hillyer |  3.99 |
| Mike Hillyer |  5.99 |
| Mike Hillyer |  7.99 |
| Mike Hillyer |  4.99 |
| Mike Hillyer |  2.99 |
| Mike Hillyer |  4.99 |
| Mike Hillyer |  6.99 |
| Mike Hillyer |  4.99 |
| Mike Hillyer |  3.99 |
| Mike Hillyer |  1.98 |
| Mike Hillyer |  0.00 |
| Mike Hillyer |  4.99 |
| Mike Hillyer |  2.99 |
| Mike Hillyer |  8.99 |
| Mike Hillyer |  2.99 |
| Mike Hillyer |  0.99 |
| Mike Hillyer |  1.99 |
| Mike Hillyer |  4.99 |
| Mike Hillyer |  0.99 |
| Mike Hillyer |  5.99 |
| Mike Hillyer |  0.99 |
| Mike Hillyer |  4.99 |
| Mike Hillyer |  5.99 |
| Mike Hillyer |  2.99 |
| Mike Hillyer |  2.99 |
| Mike Hillyer |  4.99 |
| Mike Hillyer |  5.99 |
| Mike Hillyer |  0.99 |
| Mike Hillyer |  0.99 |
| Mike Hillyer |  7.99 |
| Mike Hillyer |  4.99 |
| Mike Hillyer |  2.99 |
| Mike Hillyer |  4.99 |
| Mike Hillyer |  2.99 |
| Mike Hillyer |  3.99 |
| Mike Hillyer |  0.99 |
| Mike Hillyer |  2.99 |
| Mike Hillyer |  3.99 |
| Mike Hillyer |  7.99 |
| Mike Hillyer |  4.99 |
| Mike Hillyer |  2.99 |
| Mike Hillyer |  4.99 |
| Mike Hillyer |  0.99 |
| Mike Hillyer |  2.99 |
| Mike Hillyer |  7.99 |
| Mike Hillyer |  2.99 |
| Mike Hillyer |  6.99 |
| Mike Hillyer |  3.99 |
| Mike Hillyer |  4.99 |
| Mike Hillyer |  2.99 |
| Mike Hillyer |  4.99 |
| Mike Hillyer |  0.99 |
| Mike Hillyer |  0.99 |
| Mike Hillyer |  4.99 |
| Mike Hillyer |  4.99 |
| Mike Hillyer |  4.99 |
| Mike Hillyer |  2.99 |
| Mike Hillyer |  4.99 |
| Mike Hillyer |  5.99 |
| Mike Hillyer |  2.99 |
| Mike Hillyer |  2.99 |
| Mike Hillyer |  7.99 |
| Mike Hillyer |  0.99 |
| Mike Hillyer |  0.99 |
| Mike Hillyer |  8.99 |
| Mike Hillyer |  2.99 |
| Mike Hillyer |  0.99 |
| Mike Hillyer |  2.99 |
| Mike Hillyer |  2.99 |
| Mike Hillyer |  8.99 |
| Mike Hillyer |  6.99 |
| Mike Hillyer |  2.99 |
| Mike Hillyer |  5.99 |
| Mike Hillyer |  0.99 |
| Mike Hillyer |  0.99 |
| Mike Hillyer |  0.99 |
| Mike Hillyer |  5.99 |
| Mike Hillyer |  5.99 |
| Mike Hillyer |  1.99 |
| Mike Hillyer |  2.99 |
| Mike Hillyer |  4.99 |
| Mike Hillyer |  4.99 |
| Mike Hillyer |  2.99 |
| Mike Hillyer |  2.99 |
| Mike Hillyer |  4.99 |
| Mike Hillyer |  2.99 |
| Mike Hillyer |  0.99 |
| Mike Hillyer |  0.99 |
| Mike Hillyer |  2.99 |
| Mike Hillyer |  2.99 |
| Mike Hillyer |  4.99 |
| Mike Hillyer | 10.99 |
| Mike Hillyer |  4.99 |
| Mike Hillyer |  4.99 |
| Mike Hillyer |  6.99 |
| Mike Hillyer |  4.99 |
| Mike Hillyer |  0.99 |
| Mike Hillyer |  2.99 |
| Mike Hillyer |  0.99 |
| Mike Hillyer |  0.99 |
| Mike Hillyer |  0.99 |
| Mike Hillyer |  2.99 |
| Mike Hillyer |  6.99 |
| Mike Hillyer |  0.99 |
| Mike Hillyer |  1.99 |
| Mike Hillyer |  4.99 |
| Mike Hillyer |  2.99 |
| Mike Hillyer |  0.99 |
| Mike Hillyer |  5.99 |
| Mike Hillyer |  6.99 |
| Mike Hillyer |  4.99 |
| Mike Hillyer |  4.99 |
| Mike Hillyer |  2.99 |
| Mike Hillyer |  6.99 |
| Mike Hillyer |  4.99 |
| Mike Hillyer |  4.99 |
| Mike Hillyer |  3.99 |
| Mike Hillyer |  0.99 |
| Mike Hillyer |  4.99 |
| Mike Hillyer |  0.99 |
| Mike Hillyer |  3.99 |
| Mike Hillyer |  1.99 |
| Mike Hillyer |  0.99 |
| Mike Hillyer |  0.99 |
| Mike Hillyer |  6.99 |
| Mike Hillyer |  2.99 |
| Mike Hillyer |  0.99 |
| Mike Hillyer |  2.99 |
| Mike Hillyer |  0.99 |
| Mike Hillyer |  9.99 |
| Mike Hillyer |  6.99 |
| Mike Hillyer |  2.99 |
| Mike Hillyer |  4.99 |
| Mike Hillyer |  2.99 |
| Mike Hillyer |  2.99 |
| Mike Hillyer |  6.99 |
| Mike Hillyer |  4.99 |
| Mike Hillyer |  0.99 |
| Mike Hillyer |  2.99 |
| Mike Hillyer |  4.99 |
| Mike Hillyer |  0.99 |
| Mike Hillyer |  1.99 |
| Mike Hillyer |  0.99 |
| Mike Hillyer |  1.99 |
| Mike Hillyer |  2.99 |
| Mike Hillyer |  4.99 |
| Mike Hillyer |  3.99 |
| Mike Hillyer |  4.99 |
| Mike Hillyer |  2.99 |
| Mike Hillyer |  0.99 |
| Mike Hillyer |  5.99 |
| Mike Hillyer |  7.99 |
| Mike Hillyer |  5.99 |
| Mike Hillyer |  0.99 |
| Mike Hillyer |  7.99 |
| Mike Hillyer |  5.99 |
| Mike Hillyer |  4.99 |
| Mike Hillyer |  0.99 |
| Mike Hillyer |  3.99 |
| Mike Hillyer |  4.99 |
| Mike Hillyer |  5.99 |
| Mike Hillyer |  4.99 |
| Mike Hillyer |  4.99 |
| Mike Hillyer |  2.99 |
| Mike Hillyer |  3.99 |
| Mike Hillyer |  4.99 |
| Mike Hillyer |  4.99 |
| Mike Hillyer |  9.99 |
| Mike Hillyer |  2.99 |
| Mike Hillyer |  5.99 |
| Mike Hillyer |  1.99 |
| Mike Hillyer |  4.99 |
| Mike Hillyer |  6.99 |
| Mike Hillyer |  3.99 |
| Mike Hillyer |  2.99 |
| Mike Hillyer |  4.99 |
| Mike Hillyer |  4.99 |
| Mike Hillyer |  4.99 |
| Mike Hillyer |  4.99 |
| Mike Hillyer |  2.99 |
| Mike Hillyer |  1.99 |
| Mike Hillyer |  0.99 |
| Mike Hillyer |  6.99 |
| Mike Hillyer |  5.99 |
| Mike Hillyer |  7.99 |
| Mike Hillyer |  4.99 |
| Mike Hillyer |  2.99 |
| Mike Hillyer |  0.99 |
| Mike Hillyer |  2.99 |
| Mike Hillyer |  0.99 |
| Mike Hillyer |  0.99 |
| Mike Hillyer |  4.99 |
| Mike Hillyer |  2.99 |
| Mike Hillyer |  7.99 |
| Mike Hillyer |  4.99 |
| Mike Hillyer |  0.99 |
| Mike Hillyer |  0.99 |
| Mike Hillyer |  2.99 |
| Mike Hillyer |  2.99 |
| Mike Hillyer |  5.99 |
| Mike Hillyer |  1.99 |
| Mike Hillyer |  2.99 |
| Mike Hillyer |  4.99 |
| Mike Hillyer |  2.99 |
| Mike Hillyer |  0.99 |
| Mike Hillyer |  2.99 |
| Mike Hillyer |  3.99 |
| Mike Hillyer |  8.99 |
| Mike Hillyer |  2.99 |
| Mike Hillyer |  2.99 |
| Mike Hillyer |  5.99 |
| Mike Hillyer |  4.99 |
| Mike Hillyer |  2.99 |
| Mike Hillyer |  3.99 |
| Mike Hillyer |  2.99 |
| Mike Hillyer |  1.99 |
| Mike Hillyer |  0.99 |
| Mike Hillyer |  7.99 |
| Mike Hillyer |  2.99 |
| Mike Hillyer |  2.99 |
| Mike Hillyer |  6.99 |
| Mike Hillyer |  3.99 |
| Mike Hillyer |  4.99 |
| Mike Hillyer |  2.99 |
| Mike Hillyer |  3.99 |
| Mike Hillyer |  7.99 |
| Mike Hillyer |  4.99 |
| Mike Hillyer |  4.99 |
| Mike Hillyer |  2.99 |
| Mike Hillyer |  0.99 |
| Mike Hillyer |  4.99 |
| Mike Hillyer |  2.99 |
| Mike Hillyer |  4.99 |
| Mike Hillyer |  9.99 |
| Mike Hillyer |  4.99 |
| Mike Hillyer |  4.99 |
| Mike Hillyer |  2.99 |
| Mike Hillyer |  2.99 |
| Mike Hillyer |  4.99 |
| Mike Hillyer |  4.99 |
| Mike Hillyer |  0.99 |
| Mike Hillyer |  4.99 |
| Mike Hillyer |  2.99 |
| Mike Hillyer |  4.99 |
| Mike Hillyer |  4.99 |
| Mike Hillyer |  2.99 |
| Mike Hillyer |  4.99 |
| Mike Hillyer |  7.99 |
| Mike Hillyer |  0.99 |
| Mike Hillyer |  0.99 |
| Mike Hillyer |  0.99 |
| Mike Hillyer |  0.99 |
| Mike Hillyer |  2.99 |
| Mike Hillyer |  6.99 |
| Mike Hillyer |  9.99 |
| Mike Hillyer |  3.99 |
| Mike Hillyer |  0.99 |
| Mike Hillyer |  7.99 |
| Mike Hillyer |  0.99 |
| Mike Hillyer |  0.99 |
| Mike Hillyer |  4.99 |
| Mike Hillyer |  5.99 |
| Mike Hillyer |  4.99 |
| Mike Hillyer |  6.99 |
| Mike Hillyer |  2.99 |
| Mike Hillyer | 10.99 |
| Mike Hillyer |  7.99 |
| Mike Hillyer |  0.99 |
| Mike Hillyer |  2.99 |
| Mike Hillyer |  2.99 |
| Mike Hillyer |  5.99 |
| Mike Hillyer |  0.99 |
| Mike Hillyer |  0.99 |
| Mike Hillyer |  2.99 |
| Mike Hillyer |  4.99 |
| Mike Hillyer |  5.99 |
| Mike Hillyer |  3.99 |
| Mike Hillyer |  2.99 |
| Mike Hillyer |  2.99 |
| Mike Hillyer |  0.99 |
| Mike Hillyer |  8.99 |
| Mike Hillyer |  3.99 |
| Mike Hillyer |  8.99 |
| Mike Hillyer |  3.99 |
| Mike Hillyer |  4.99 |
| Mike Hillyer |  3.99 |
| Mike Hillyer |  0.99 |
| Mike Hillyer |  0.99 |
| Mike Hillyer |  2.99 |
| Mike Hillyer |  0.99 |
| Mike Hillyer |  0.99 |
| Mike Hillyer |  4.99 |
| Mike Hillyer |  2.99 |
| Mike Hillyer |  7.99 |
| Mike Hillyer |  7.99 |
| Mike Hillyer |  0.99 |
| Mike Hillyer |  2.99 |
| Mike Hillyer |  4.99 |
| Mike Hillyer |  4.99 |
| Mike Hillyer |  0.99 |
| Mike Hillyer |  0.99 |
| Mike Hillyer |  2.99 |
| Mike Hillyer |  2.99 |
| Mike Hillyer |  2.99 |
| Mike Hillyer |  2.99 |
| Mike Hillyer |  6.99 |
| Mike Hillyer |  3.99 |
| Mike Hillyer |  4.99 |
| Mike Hillyer |  0.99 |
| Mike Hillyer |  0.99 |
| Mike Hillyer |  2.99 |
| Mike Hillyer |  2.99 |
| Mike Hillyer |  6.99 |
| Mike Hillyer |  4.99 |
| Mike Hillyer |  4.99 |
| Mike Hillyer |  9.99 |
| Mike Hillyer |  2.99 |
| Mike Hillyer |  4.99 |
| Mike Hillyer |  4.99 |
| Mike Hillyer |  2.99 |
| Mike Hillyer |  3.99 |
| Mike Hillyer |  2.99 |
| Mike Hillyer |  6.99 |
| Mike Hillyer |  8.99 |
| Mike Hillyer |  3.99 |
| Mike Hillyer |  2.99 |
| Mike Hillyer |  4.99 |
| Mike Hillyer |  1.99 |
| Mike Hillyer |  2.99 |
| Mike Hillyer |  0.99 |
| Mike Hillyer |  9.99 |
| Mike Hillyer |  0.99 |
| Mike Hillyer |  2.99 |
| Mike Hillyer |  0.99 |
| Mike Hillyer |  4.99 |
| Mike Hillyer |  0.99 |
| Mike Hillyer |  4.99 |
| Mike Hillyer |  0.99 |
| Mike Hillyer |  4.99 |
| Mike Hillyer |  4.99 |
| Mike Hillyer |  5.99 |
| Mike Hillyer |  2.99 |
| Mike Hillyer |  0.99 |
| Mike Hillyer |  6.99 |
| Mike Hillyer |  1.99 |
| Mike Hillyer |  1.99 |
| Mike Hillyer |  6.99 |
| Mike Hillyer |  6.99 |
| Mike Hillyer |  4.99 |
| Mike Hillyer |  6.99 |
| Mike Hillyer |  0.99 |
| Mike Hillyer |  6.99 |
| Mike Hillyer |  4.99 |
| Mike Hillyer |  3.99 |
| Mike Hillyer |  2.99 |
| Mike Hillyer |  0.99 |
| Mike Hillyer |  0.99 |
| Mike Hillyer |  0.99 |
| Mike Hillyer |  4.99 |
| Mike Hillyer |  4.99 |
| Mike Hillyer |  1.99 |
| Mike Hillyer |  6.99 |
| Mike Hillyer |  3.99 |
| Mike Hillyer |  6.99 |
| Mike Hillyer |  9.99 |
| Mike Hillyer |  5.99 |
| Mike Hillyer |  4.99 |
| Mike Hillyer |  0.99 |
| Mike Hillyer |  6.99 |
| Mike Hillyer |  3.99 |
| Mike Hillyer |  4.99 |
| Mike Hillyer |  7.99 |
| Mike Hillyer |  5.99 |
| Mike Hillyer |  0.99 |
| Mike Hillyer |  0.99 |
| Mike Hillyer |  3.99 |
| Mike Hillyer |  3.99 |
| Mike Hillyer |  3.99 |
| Mike Hillyer |  0.99 |
| Mike Hillyer |  7.99 |
| Mike Hillyer |  0.99 |
| Mike Hillyer |  0.99 |
| Mike Hillyer |  6.99 |
| Mike Hillyer |  2.99 |
| Mike Hillyer |  3.99 |
| Mike Hillyer |  7.99 |
| Mike Hillyer |  2.99 |
| Mike Hillyer |  0.99 |
| Mike Hillyer |  0.99 |
| Mike Hillyer |  0.99 |
| Mike Hillyer |  0.99 |
| Mike Hillyer |  3.99 |
| Mike Hillyer |  8.99 |
| Mike Hillyer |  5.99 |
| Mike Hillyer |  2.99 |
| Mike Hillyer |  4.99 |
| Mike Hillyer |  2.99 |
| Mike Hillyer |  6.99 |
| Mike Hillyer |  2.99 |
| Mike Hillyer |  5.99 |
| Mike Hillyer |  6.99 |
| Mike Hillyer |  2.99 |
| Mike Hillyer |  3.99 |
| Mike Hillyer |  2.99 |
| Mike Hillyer |  6.99 |
| Mike Hillyer |  8.99 |
| Mike Hillyer |  4.99 |
| Mike Hillyer |  4.99 |
| Mike Hillyer |  4.99 |
| Mike Hillyer |  2.99 |
| Mike Hillyer |  6.99 |
| Mike Hillyer |  3.99 |
| Mike Hillyer |  2.99 |
| Mike Hillyer |  0.99 |
| Mike Hillyer |  5.99 |
| Mike Hillyer |  5.99 |
| Mike Hillyer |  7.99 |
| Mike Hillyer |  0.99 |
| Mike Hillyer |  9.99 |
| Mike Hillyer |  2.99 |
| Mike Hillyer |  0.99 |
| Mike Hillyer |  7.99 |
| Mike Hillyer |  0.99 |
| Mike Hillyer |  1.99 |
| Mike Hillyer |  4.99 |
| Mike Hillyer |  2.99 |
| Mike Hillyer |  0.99 |
| Mike Hillyer |  2.99 |
| Mike Hillyer |  2.99 |
| Mike Hillyer |  3.99 |
| Mike Hillyer |  0.99 |
| Mike Hillyer |  9.99 |
| Mike Hillyer |  0.99 |
| Mike Hillyer |  3.99 |
| Mike Hillyer |  5.99 |
| Mike Hillyer |  4.99 |
| Mike Hillyer |  0.99 |
| Mike Hillyer |  0.99 |
| Mike Hillyer |  1.99 |
| Mike Hillyer |  4.99 |
| Mike Hillyer |  2.99 |
| Mike Hillyer |  0.99 |
| Mike Hillyer |  2.99 |
| Mike Hillyer |  0.99 |
| Mike Hillyer |  6.99 |
| Mike Hillyer |  6.99 |
| Mike Hillyer |  6.99 |
| Mike Hillyer |  0.99 |
| Mike Hillyer |  2.99 |
| Mike Hillyer |  6.99 |
| Mike Hillyer |  2.99 |
| Mike Hillyer |  2.99 |
| Mike Hillyer |  2.99 |
| Mike Hillyer |  9.99 |
| Mike Hillyer |  3.99 |
| Mike Hillyer |  0.99 |
| Mike Hillyer |  4.99 |
| Mike Hillyer |  2.99 |
| Mike Hillyer |  4.99 |
| Mike Hillyer |  9.99 |
| Mike Hillyer |  2.99 |
| Mike Hillyer |  4.99 |
| Mike Hillyer |  4.99 |
| Mike Hillyer |  0.99 |
| Mike Hillyer |  6.99 |
| Mike Hillyer |  4.99 |
| Mike Hillyer |  4.99 |
| Mike Hillyer |  2.99 |
| Mike Hillyer |  2.99 |
| Mike Hillyer |  4.99 |
| Mike Hillyer |  1.99 |
| Mike Hillyer |  5.99 |
| Mike Hillyer |  0.99 |
| Mike Hillyer |  4.99 |
| Mike Hillyer |  4.99 |
| Mike Hillyer |  3.99 |
| Mike Hillyer |  1.99 |
| Mike Hillyer |  4.99 |
| Mike Hillyer |  2.99 |
| Mike Hillyer |  5.99 |
| Mike Hillyer |  5.99 |
| Mike Hillyer |  2.99 |
| Mike Hillyer |  0.99 |
| Mike Hillyer |  2.99 |
| Mike Hillyer |  4.99 |
| Mike Hillyer |  0.99 |
| Mike Hillyer |  2.99 |
| Mike Hillyer |  0.99 |
| Mike Hillyer |  9.99 |
| Mike Hillyer |  1.99 |
| Mike Hillyer |  2.99 |
| Mike Hillyer |  4.99 |
| Mike Hillyer |  0.99 |
| Mike Hillyer |  2.99 |
| Mike Hillyer |  7.99 |
| Mike Hillyer |  2.99 |
| Mike Hillyer |  5.99 |
| Mike Hillyer |  0.99 |
| Mike Hillyer |  0.99 |
| Mike Hillyer |  0.99 |
| Mike Hillyer |  1.99 |
| Mike Hillyer |  0.99 |
| Mike Hillyer |  2.99 |
| Mike Hillyer |  2.99 |
| Mike Hillyer |  4.99 |
| Mike Hillyer |  0.99 |
| Mike Hillyer |  4.99 |
| Mike Hillyer |  7.99 |
| Mike Hillyer |  7.99 |
| Mike Hillyer |  0.99 |
| Mike Hillyer |  0.99 |
| Mike Hillyer |  0.99 |
| Mike Hillyer |  6.99 |
| Mike Hillyer |  2.99 |
| Mike Hillyer |  5.99 |
| Mike Hillyer |  4.99 |
| Mike Hillyer |  2.99 |
| Mike Hillyer |  5.99 |
| Mike Hillyer |  0.99 |
| Mike Hillyer |  4.99 |
| Mike Hillyer |  2.99 |
| Mike Hillyer |  2.99 |
| Mike Hillyer |  6.99 |
| Mike Hillyer |  0.99 |
| Mike Hillyer |  3.99 |
| Mike Hillyer |  0.99 |
| Mike Hillyer |  7.99 |
| Mike Hillyer |  3.99 |
| Mike Hillyer |  0.99 |
| Mike Hillyer |  4.99 |
| Mike Hillyer |  5.99 |
| Mike Hillyer |  4.99 |
| Mike Hillyer |  2.99 |
| Mike Hillyer |  7.99 |
| Mike Hillyer |  4.99 |
| Mike Hillyer |  3.99 |
| Mike Hillyer |  1.99 |
| Mike Hillyer |  7.99 |
| Mike Hillyer |  0.99 |
| Mike Hillyer |  5.99 |
| Mike Hillyer |  4.99 |
| Mike Hillyer |  2.99 |
| Mike Hillyer |  1.99 |
| Mike Hillyer |  7.99 |
| Mike Hillyer |  0.99 |
| Mike Hillyer |  2.99 |
| Mike Hillyer |  2.99 |
| Mike Hillyer |  3.99 |
| Mike Hillyer |  4.99 |
| Mike Hillyer |  3.99 |
| Mike Hillyer |  2.99 |
| Mike Hillyer |  0.99 |
| Mike Hillyer |  4.99 |
| Mike Hillyer |  6.99 |
| Mike Hillyer |  7.99 |
| Mike Hillyer |  4.99 |
| Mike Hillyer |  0.99 |
| Mike Hillyer |  2.99 |
| Mike Hillyer |  4.99 |
| Mike Hillyer |  4.99 |
| Mike Hillyer |  7.99 |
| Mike Hillyer |  2.99 |
| Mike Hillyer |  4.99 |
| Mike Hillyer |  4.99 |
| Mike Hillyer |  6.99 |
| Mike Hillyer |  0.99 |
| Mike Hillyer |  0.99 |
| Mike Hillyer |  0.99 |
| Mike Hillyer |  6.99 |
| Mike Hillyer |  2.99 |
| Mike Hillyer |  0.99 |
| Mike Hillyer |  0.99 |
| Mike Hillyer |  2.99 |
| Mike Hillyer |  7.99 |
| Mike Hillyer |  4.99 |
| Mike Hillyer |  4.99 |
| Mike Hillyer |  0.99 |
| Mike Hillyer |  2.99 |
| Mike Hillyer |  8.99 |
| Mike Hillyer |  4.99 |
| Mike Hillyer |  1.99 |
| Mike Hillyer |  0.99 |
| Mike Hillyer |  0.99 |
| Mike Hillyer |  2.99 |
| Mike Hillyer |  2.99 |
| Mike Hillyer |  4.99 |
| Mike Hillyer |  4.99 |
| Mike Hillyer |  1.99 |
| Mike Hillyer |  8.99 |
| Mike Hillyer |  0.99 |
| Mike Hillyer |  9.99 |
| Mike Hillyer |  4.99 |
| Mike Hillyer |  5.99 |
| Mike Hillyer |  2.99 |
| Mike Hillyer |  1.99 |
| Mike Hillyer |  4.99 |
| Mike Hillyer | 10.99 |
| Mike Hillyer |  2.99 |
| Mike Hillyer |  6.99 |
| Mike Hillyer |  6.99 |
| Mike Hillyer |  0.99 |
| Mike Hillyer |  4.99 |
| Mike Hillyer |  3.99 |
| Mike Hillyer |  4.99 |
| Mike Hillyer |  2.99 |
| Mike Hillyer |  5.99 |
| Mike Hillyer |  0.99 |
| Mike Hillyer |  2.99 |
| Mike Hillyer |  6.99 |
| Mike Hillyer |  3.99 |
| Mike Hillyer |  0.99 |
| Mike Hillyer |  2.99 |
| Mike Hillyer | 10.99 |
| Mike Hillyer |  4.99 |
| Mike Hillyer |  6.99 |
| Mike Hillyer |  2.99 |
| Mike Hillyer |  4.99 |
| Mike Hillyer |  3.99 |
| Mike Hillyer |  3.99 |
| Mike Hillyer |  2.99 |
| Mike Hillyer |  3.99 |
| Mike Hillyer |  5.99 |
| Mike Hillyer |  6.99 |
| Mike Hillyer |  2.99 |
| Mike Hillyer |  2.99 |
| Mike Hillyer |  2.99 |
| Mike Hillyer |  1.99 |
| Mike Hillyer |  6.99 |
| Mike Hillyer |  2.99 |
| Mike Hillyer |  0.99 |
| Mike Hillyer |  3.99 |
| Mike Hillyer |  2.99 |
| Mike Hillyer |  0.99 |
| Mike Hillyer |  4.99 |
| Mike Hillyer |  4.99 |
| Mike Hillyer |  2.99 |
| Mike Hillyer |  2.99 |
| Mike Hillyer |  4.99 |
| Mike Hillyer |  2.99 |
| Mike Hillyer |  5.99 |
| Mike Hillyer |  4.99 |
| Mike Hillyer |  4.99 |
| Mike Hillyer |  2.99 |
| Mike Hillyer |  4.99 |
| Mike Hillyer |  4.99 |
| Mike Hillyer |  7.99 |
| Mike Hillyer |  4.99 |
| Mike Hillyer |  0.99 |
| Mike Hillyer |  2.99 |
| Mike Hillyer |  5.99 |
| Mike Hillyer |  6.99 |
| Mike Hillyer |  2.99 |
| Mike Hillyer |  4.99 |
| Mike Hillyer |  4.99 |
| Mike Hillyer |  0.99 |
| Mike Hillyer |  0.99 |
| Mike Hillyer |  0.99 |
| Mike Hillyer |  0.99 |
| Mike Hillyer |  4.99 |
| Mike Hillyer |  5.99 |
| Mike Hillyer |  0.99 |
| Mike Hillyer |  0.99 |
| Mike Hillyer |  5.99 |
| Mike Hillyer |  1.99 |
| Mike Hillyer |  3.99 |
| Mike Hillyer |  4.99 |
| Mike Hillyer |  4.99 |
| Mike Hillyer |  4.99 |
| Mike Hillyer |  4.99 |
| Mike Hillyer |  1.99 |
| Mike Hillyer |  5.99 |
| Mike Hillyer |  0.99 |
| Mike Hillyer |  4.99 |
| Mike Hillyer |  2.99 |
| Mike Hillyer |  2.99 |
| Mike Hillyer |  5.99 |
| Mike Hillyer |  0.99 |
| Mike Hillyer |  0.99 |
| Mike Hillyer |  4.99 |
| Mike Hillyer |  4.99 |
| Mike Hillyer |  6.99 |
| Mike Hillyer |  4.99 |
| Mike Hillyer |  5.99 |
| Mike Hillyer |  0.99 |
| Mike Hillyer |  6.99 |
| Mike Hillyer |  0.99 |
| Mike Hillyer |  2.99 |
| Mike Hillyer |  2.99 |
| Mike Hillyer |  7.99 |
| Mike Hillyer |  7.99 |
| Mike Hillyer |  4.99 |
| Mike Hillyer |  1.99 |
| Mike Hillyer |  5.99 |
| Mike Hillyer |  4.99 |
| Mike Hillyer |  2.99 |
| Mike Hillyer |  3.99 |
| Mike Hillyer |  2.99 |
| Mike Hillyer |  0.99 |
| Mike Hillyer |  4.99 |
| Mike Hillyer |  8.99 |
| Mike Hillyer |  2.99 |
| Mike Hillyer |  0.99 |
| Mike Hillyer |  0.00 |
| Mike Hillyer |  4.99 |
| Mike Hillyer |  4.99 |
| Mike Hillyer |  0.99 |
| Mike Hillyer |  2.99 |
| Mike Hillyer |  6.99 |
| Mike Hillyer |  0.99 |
| Mike Hillyer |  5.99 |
| Mike Hillyer |  1.99 |
| Mike Hillyer |  0.99 |
| Mike Hillyer |  6.99 |
| Mike Hillyer |  4.99 |
| Mike Hillyer |  0.99 |
| Mike Hillyer |  5.99 |
| Mike Hillyer |  0.99 |
| Mike Hillyer |  4.99 |
| Mike Hillyer |  2.99 |
| Mike Hillyer |  0.99 |
| Mike Hillyer |  4.99 |
| Mike Hillyer |  2.99 |
| Mike Hillyer |  4.99 |
| Mike Hillyer |  5.99 |
| Mike Hillyer |  6.99 |
| Mike Hillyer |  0.99 |
| Mike Hillyer |  4.99 |
| Mike Hillyer |  4.99 |
| Mike Hillyer |  6.99 |
| Mike Hillyer |  2.99 |
| Mike Hillyer |  5.99 |
| Mike Hillyer |  0.99 |
| Mike Hillyer |  8.99 |
| Mike Hillyer |  2.99 |
| Mike Hillyer |  4.99 |
| Mike Hillyer |  2.99 |
| Mike Hillyer |  0.99 |
| Mike Hillyer |  2.99 |
| Mike Hillyer |  1.99 |
| Mike Hillyer |  2.99 |
| Mike Hillyer |  1.99 |
| Mike Hillyer |  2.99 |
| Mike Hillyer |  6.99 |
| Mike Hillyer |  0.99 |
| Mike Hillyer |  2.99 |
| Mike Hillyer |  2.99 |
| Mike Hillyer |  2.99 |
| Mike Hillyer |  5.99 |
| Mike Hillyer |  5.99 |
| Mike Hillyer |  0.99 |
| Mike Hillyer |  3.99 |
| Mike Hillyer |  0.99 |
| Mike Hillyer |  0.99 |
| Mike Hillyer |  0.99 |
| Mike Hillyer |  7.99 |
| Mike Hillyer |  4.99 |
| Mike Hillyer |  0.99 |
| Mike Hillyer |  0.99 |
| Mike Hillyer |  2.99 |
| Mike Hillyer |  0.99 |
| Mike Hillyer |  5.99 |
| Mike Hillyer |  4.99 |
| Mike Hillyer |  0.99 |
| Mike Hillyer |  2.99 |
| Mike Hillyer |  2.99 |
| Mike Hillyer |  7.99 |
| Mike Hillyer |  7.99 |
| Mike Hillyer |  4.99 |
| Mike Hillyer |  2.99 |
| Mike Hillyer |  4.99 |
| Mike Hillyer |  3.99 |
| Mike Hillyer |  5.99 |
| Mike Hillyer |  2.99 |
| Mike Hillyer |  0.99 |
| Mike Hillyer |  2.99 |
| Mike Hillyer |  3.99 |
| Mike Hillyer |  4.99 |
| Mike Hillyer |  2.99 |
| Mike Hillyer |  2.99 |
| Mike Hillyer |  4.99 |
| Mike Hillyer |  5.99 |
| Mike Hillyer |  0.99 |
| Mike Hillyer |  2.99 |
| Mike Hillyer |  6.99 |
| Mike Hillyer |  2.99 |
| Mike Hillyer |  7.99 |
| Mike Hillyer |  0.99 |
| Mike Hillyer |  5.99 |
| Mike Hillyer |  1.99 |
| Mike Hillyer |  4.99 |
| Mike Hillyer |  4.99 |
| Mike Hillyer |  0.99 |
| Mike Hillyer |  4.99 |
| Mike Hillyer |  0.99 |
| Mike Hillyer |  4.99 |
| Mike Hillyer |  7.99 |
| Mike Hillyer |  0.99 |
| Mike Hillyer |  4.99 |
| Mike Hillyer |  4.99 |
| Mike Hillyer |  0.99 |
| Mike Hillyer |  6.99 |
| Mike Hillyer |  0.99 |
| Mike Hillyer |  1.99 |
| Mike Hillyer | 10.99 |
| Mike Hillyer |  0.99 |
| Mike Hillyer |  1.99 |
| Mike Hillyer |  1.99 |
| Mike Hillyer |  2.99 |
| Mike Hillyer |  2.99 |
| Mike Hillyer |  8.99 |
| Mike Hillyer |  0.99 |
| Mike Hillyer |  0.00 |
| Mike Hillyer |  8.99 |
| Mike Hillyer |  3.99 |
| Mike Hillyer |  0.99 |
| Mike Hillyer |  4.99 |
| Mike Hillyer |  3.99 |
| Mike Hillyer |  6.99 |
| Mike Hillyer |  3.99 |
| Mike Hillyer |  5.99 |
| Mike Hillyer |  4.99 |
| Mike Hillyer |  0.99 |
| Mike Hillyer |  2.99 |
| Mike Hillyer |  0.99 |
| Mike Hillyer |  4.99 |
| Mike Hillyer |  2.99 |
| Mike Hillyer |  3.99 |
| Mike Hillyer |  1.99 |
| Mike Hillyer |  3.99 |
| Mike Hillyer |  5.99 |
| Mike Hillyer |  0.99 |
| Mike Hillyer |  2.99 |
| Mike Hillyer |  0.99 |
| Mike Hillyer |  4.99 |
| Mike Hillyer |  2.99 |
| Mike Hillyer |  7.99 |
| Mike Hillyer |  2.99 |
| Mike Hillyer |  5.99 |
| Mike Hillyer |  8.99 |
| Mike Hillyer |  4.99 |
| Mike Hillyer |  5.99 |
| Mike Hillyer |  2.99 |
| Mike Hillyer |  2.99 |
| Mike Hillyer |  4.99 |
| Mike Hillyer |  3.99 |
| Mike Hillyer |  5.99 |
| Mike Hillyer |  4.99 |
| Mike Hillyer |  0.99 |
| Mike Hillyer |  4.99 |
| Mike Hillyer |  2.99 |
| Mike Hillyer |  4.99 |
| Mike Hillyer |  2.99 |
| Mike Hillyer |  2.99 |
| Mike Hillyer |  0.99 |
| Mike Hillyer |  4.99 |
| Mike Hillyer |  4.99 |
| Mike Hillyer |  6.99 |
| Mike Hillyer |  1.99 |
| Mike Hillyer |  3.99 |
| Mike Hillyer |  0.99 |
| Mike Hillyer |  4.99 |
| Mike Hillyer |  2.99 |
| Mike Hillyer |  5.99 |
| Mike Hillyer |  0.99 |
| Mike Hillyer |  5.99 |
| Mike Hillyer |  5.99 |
| Mike Hillyer |  1.99 |
| Mike Hillyer |  4.99 |
| Mike Hillyer |  0.99 |
| Mike Hillyer | 10.99 |
| Mike Hillyer |  1.99 |
| Mike Hillyer |  6.99 |
| Mike Hillyer |  2.99 |
| Mike Hillyer |  8.99 |
| Mike Hillyer |  2.99 |
| Mike Hillyer |  3.99 |
| Mike Hillyer |  2.99 |
| Mike Hillyer |  0.99 |
| Mike Hillyer |  4.99 |
| Mike Hillyer |  4.99 |
| Mike Hillyer |  2.99 |
| Mike Hillyer |  8.99 |
| Mike Hillyer |  4.99 |
| Mike Hillyer |  2.99 |
| Mike Hillyer |  3.99 |
| Mike Hillyer |  0.99 |
| Mike Hillyer |  5.99 |
| Mike Hillyer |  2.99 |
| Mike Hillyer |  5.99 |
| Mike Hillyer |  4.99 |
| Mike Hillyer |  4.99 |
| Mike Hillyer |  7.99 |
| Mike Hillyer |  2.99 |
| Mike Hillyer |  9.99 |
| Mike Hillyer |  0.99 |
| Mike Hillyer |  3.99 |
| Mike Hillyer |  0.99 |
| Mike Hillyer |  7.99 |
| Mike Hillyer |  4.99 |
| Mike Hillyer |  0.99 |
| Mike Hillyer |  5.99 |
| Mike Hillyer |  4.99 |
| Mike Hillyer |  2.99 |
| Mike Hillyer |  3.99 |
| Mike Hillyer |  4.99 |
| Mike Hillyer |  5.99 |
| Mike Hillyer |  1.99 |
| Mike Hillyer |  6.99 |
| Mike Hillyer |  0.99 |
| Mike Hillyer |  0.99 |
| Mike Hillyer |  5.99 |
| Mike Hillyer |  4.99 |
| Mike Hillyer |  0.99 |
| Mike Hillyer |  5.99 |
| Mike Hillyer |  6.99 |
| Mike Hillyer |  2.99 |
| Mike Hillyer |  3.99 |
| Mike Hillyer |  4.99 |
| Mike Hillyer |  2.99 |
| Mike Hillyer |  3.99 |
| Mike Hillyer |  0.99 |
| Mike Hillyer |  4.99 |
| Mike Hillyer |  3.99 |
| Mike Hillyer |  4.99 |
| Mike Hillyer |  2.99 |
| Mike Hillyer |  4.99 |
| Mike Hillyer |  7.99 |
| Mike Hillyer |  2.99 |
| Mike Hillyer |  3.99 |
| Mike Hillyer |  0.99 |
| Mike Hillyer |  4.99 |
| Mike Hillyer |  5.99 |
| Mike Hillyer |  6.99 |
| Mike Hillyer |  2.99 |
| Mike Hillyer |  8.99 |
| Mike Hillyer |  2.99 |
| Mike Hillyer |  5.99 |
| Mike Hillyer |  0.99 |
| Mike Hillyer |  5.99 |
| Mike Hillyer |  4.99 |
| Mike Hillyer |  4.99 |
| Mike Hillyer |  4.99 |
| Mike Hillyer |  2.99 |
| Mike Hillyer |  2.99 |
| Mike Hillyer |  8.99 |
| Mike Hillyer |  0.99 |
| Mike Hillyer |  0.99 |
| Mike Hillyer |  1.99 |
| Mike Hillyer |  4.99 |
| Mike Hillyer |  4.99 |
| Mike Hillyer |  1.99 |
| Mike Hillyer |  2.99 |
| Mike Hillyer |  0.99 |
| Mike Hillyer |  2.99 |
| Mike Hillyer |  4.99 |
| Mike Hillyer |  3.99 |
| Mike Hillyer |  4.99 |
| Mike Hillyer |  0.99 |
| Mike Hillyer |  0.99 |
| Mike Hillyer |  4.99 |
| Mike Hillyer |  0.99 |
| Mike Hillyer |  3.99 |
| Mike Hillyer |  1.99 |
| Mike Hillyer |  7.99 |
| Mike Hillyer |  5.99 |
| Mike Hillyer |  7.99 |
| Mike Hillyer |  6.99 |
| Mike Hillyer |  8.99 |
| Mike Hillyer |  2.99 |
| Mike Hillyer |  4.99 |
| Mike Hillyer |  4.99 |
| Mike Hillyer |  2.99 |
| Mike Hillyer |  6.99 |
| Mike Hillyer |  4.99 |
| Mike Hillyer |  2.99 |
| Mike Hillyer |  2.99 |
| Mike Hillyer |  5.99 |
| Mike Hillyer |  2.99 |
| Mike Hillyer |  2.99 |
| Mike Hillyer |  2.99 |
| Mike Hillyer |  5.99 |
| Mike Hillyer |  2.99 |
| Mike Hillyer |  2.99 |
| Mike Hillyer |  7.99 |
| Mike Hillyer |  7.99 |
| Mike Hillyer |  4.99 |
| Mike Hillyer |  2.99 |
| Mike Hillyer |  2.99 |
| Mike Hillyer |  0.99 |
| Mike Hillyer |  0.99 |
| Mike Hillyer |  2.99 |
| Mike Hillyer |  3.99 |
| Mike Hillyer |  0.99 |
| Mike Hillyer |  2.99 |
| Mike Hillyer |  0.99 |
| Mike Hillyer |  0.99 |
| Mike Hillyer |  5.99 |
| Mike Hillyer |  4.99 |
| Mike Hillyer |  6.99 |
| Mike Hillyer |  4.99 |
| Mike Hillyer |  9.99 |
| Mike Hillyer |  2.99 |
| Mike Hillyer |  2.99 |
| Mike Hillyer |  4.99 |
| Mike Hillyer | 10.99 |
| Mike Hillyer |  2.99 |
| Mike Hillyer |  5.99 |
| Mike Hillyer |  6.99 |
| Mike Hillyer |  4.99 |
| Mike Hillyer |  3.99 |
| Mike Hillyer |  7.99 |
| Mike Hillyer |  5.99 |
| Mike Hillyer |  2.99 |
| Mike Hillyer |  4.99 |
| Mike Hillyer |  7.99 |
| Mike Hillyer |  4.99 |
| Mike Hillyer |  4.99 |
| Mike Hillyer |  0.99 |
| Mike Hillyer |  6.99 |
| Mike Hillyer |  4.99 |
| Mike Hillyer |  4.99 |
| Mike Hillyer |  6.99 |
| Mike Hillyer |  0.99 |
| Mike Hillyer |  2.99 |
| Mike Hillyer |  7.99 |
| Mike Hillyer |  2.99 |
| Mike Hillyer |  6.99 |
| Mike Hillyer |  4.99 |
| Mike Hillyer |  4.99 |
| Mike Hillyer |  2.99 |
| Mike Hillyer |  8.99 |
| Mike Hillyer |  4.99 |
| Mike Hillyer |  4.99 |
| Mike Hillyer |  0.99 |
| Mike Hillyer |  4.99 |
| Mike Hillyer |  0.99 |
| Mike Hillyer |  4.99 |
| Mike Hillyer |  2.99 |
| Mike Hillyer |  2.99 |
| Mike Hillyer |  9.99 |
| Mike Hillyer |  3.99 |
| Mike Hillyer |  2.99 |
| Mike Hillyer |  0.99 |
| Mike Hillyer |  5.99 |
| Mike Hillyer |  8.99 |
| Mike Hillyer |  8.99 |
| Mike Hillyer |  2.99 |
| Mike Hillyer |  2.99 |
| Mike Hillyer |  0.99 |
| Mike Hillyer |  2.99 |
| Mike Hillyer |  4.99 |
| Mike Hillyer |  4.99 |
| Mike Hillyer |  2.99 |
| Mike Hillyer |  5.99 |
| Mike Hillyer |  6.99 |
| Mike Hillyer |  8.99 |
| Mike Hillyer |  0.99 |
| Mike Hillyer |  4.99 |
| Mike Hillyer |  5.99 |
| Mike Hillyer |  9.99 |
| Mike Hillyer |  8.99 |
| Mike Hillyer |  4.99 |
| Mike Hillyer |  4.99 |
| Mike Hillyer |  6.99 |
| Mike Hillyer |  7.99 |
| Mike Hillyer |  0.99 |
| Mike Hillyer |  2.99 |
| Mike Hillyer |  2.99 |
| Mike Hillyer |  0.99 |
| Mike Hillyer |  2.99 |
| Mike Hillyer |  6.99 |
| Mike Hillyer |  2.99 |
| Mike Hillyer |  0.99 |
| Mike Hillyer |  2.99 |
| Mike Hillyer |  4.99 |
| Mike Hillyer |  4.99 |
| Mike Hillyer |  6.99 |
| Mike Hillyer |  2.99 |
| Mike Hillyer |  5.99 |
| Mike Hillyer |  6.99 |
| Mike Hillyer |  1.99 |
| Mike Hillyer |  0.99 |
| Mike Hillyer |  0.99 |
| Mike Hillyer |  5.99 |
| Mike Hillyer |  2.99 |
| Mike Hillyer |  1.99 |
| Mike Hillyer |  4.99 |
| Mike Hillyer |  4.99 |
| Mike Hillyer |  4.99 |
| Mike Hillyer |  2.99 |
| Mike Hillyer |  4.99 |
| Mike Hillyer |  2.99 |
| Mike Hillyer |  1.99 |
| Mike Hillyer |  0.99 |
| Mike Hillyer |  0.99 |
| Mike Hillyer |  0.99 |
| Mike Hillyer |  4.99 |
| Mike Hillyer |  0.99 |
| Mike Hillyer |  2.99 |
| Mike Hillyer |  0.99 |
| Mike Hillyer |  5.99 |
| Mike Hillyer |  4.99 |
| Mike Hillyer |  5.99 |
| Mike Hillyer |  0.99 |
| Mike Hillyer |  4.99 |
| Mike Hillyer |  4.99 |
| Mike Hillyer |  4.99 |
| Mike Hillyer |  9.99 |
| Mike Hillyer |  2.99 |
| Mike Hillyer |  1.99 |
| Mike Hillyer |  2.99 |
| Mike Hillyer |  4.99 |
| Mike Hillyer |  2.99 |
| Mike Hillyer |  8.99 |
| Mike Hillyer |  2.99 |
| Mike Hillyer |  5.99 |
| Mike Hillyer |  0.99 |
| Mike Hillyer |  1.99 |
| Mike Hillyer |  4.99 |
| Mike Hillyer |  2.99 |
| Mike Hillyer |  2.99 |
| Mike Hillyer |  4.99 |
| Mike Hillyer |  3.99 |
| Mike Hillyer |  4.99 |
| Mike Hillyer |  1.99 |
| Mike Hillyer |  0.99 |
| Mike Hillyer |  0.99 |
| Mike Hillyer |  5.99 |
| Mike Hillyer |  8.99 |
| Mike Hillyer |  6.99 |
| Mike Hillyer |  3.99 |
| Mike Hillyer |  2.99 |
| Mike Hillyer |  0.99 |
| Mike Hillyer |  2.99 |
| Mike Hillyer |  7.99 |
| Mike Hillyer |  5.99 |
| Mike Hillyer |  2.99 |
| Mike Hillyer |  4.99 |
| Mike Hillyer |  8.99 |
| Mike Hillyer |  3.99 |
| Mike Hillyer |  2.99 |
| Mike Hillyer |  2.99 |
| Mike Hillyer |  7.99 |
| Mike Hillyer |  4.99 |
| Mike Hillyer |  4.99 |
| Mike Hillyer |  0.99 |
| Mike Hillyer |  2.99 |
| Mike Hillyer |  5.99 |
| Mike Hillyer |  2.99 |
| Mike Hillyer |  2.99 |
| Mike Hillyer |  0.99 |
| Mike Hillyer |  0.99 |
| Mike Hillyer |  6.99 |
| Mike Hillyer |  2.99 |
| Mike Hillyer |  0.99 |
| Mike Hillyer |  5.99 |
| Mike Hillyer |  4.99 |
| Mike Hillyer |  4.99 |
| Mike Hillyer |  4.99 |
| Mike Hillyer |  9.99 |
| Mike Hillyer |  3.99 |
| Mike Hillyer |  1.99 |
| Mike Hillyer |  5.99 |
| Mike Hillyer |  2.99 |
| Mike Hillyer |  2.99 |
| Mike Hillyer |  2.99 |
| Mike Hillyer |  4.99 |
| Mike Hillyer |  3.99 |
| Mike Hillyer |  4.99 |
| Mike Hillyer |  2.99 |
| Mike Hillyer |  4.99 |
| Mike Hillyer |  5.99 |
| Mike Hillyer |  0.99 |
| Mike Hillyer |  5.99 |
| Mike Hillyer |  2.99 |
| Mike Hillyer |  2.99 |
| Mike Hillyer |  0.99 |
| Mike Hillyer |  2.99 |
| Mike Hillyer |  4.99 |
| Mike Hillyer |  2.99 |
| Mike Hillyer |  5.99 |
| Mike Hillyer |  6.99 |
| Mike Hillyer |  3.99 |
| Mike Hillyer |  2.99 |
| Mike Hillyer |  4.99 |
| Mike Hillyer |  4.99 |
| Mike Hillyer |  0.99 |
| Mike Hillyer |  1.99 |
| Mike Hillyer |  3.99 |
| Mike Hillyer |  2.99 |
| Mike Hillyer |  4.99 |
| Mike Hillyer |  2.99 |
| Mike Hillyer |  7.99 |
| Mike Hillyer |  2.99 |
| Mike Hillyer |  7.99 |
| Mike Hillyer |  4.99 |
| Mike Hillyer |  4.99 |
| Mike Hillyer |  5.99 |
| Mike Hillyer |  4.99 |
| Mike Hillyer |  4.99 |
| Mike Hillyer |  4.99 |
| Mike Hillyer |  8.99 |
| Mike Hillyer |  6.99 |
| Mike Hillyer |  2.99 |
| Mike Hillyer |  4.99 |
| Mike Hillyer |  4.99 |
| Mike Hillyer |  2.99 |
| Mike Hillyer |  4.99 |
| Mike Hillyer |  2.99 |
| Mike Hillyer |  0.99 |
| Mike Hillyer |  2.99 |
| Mike Hillyer |  4.99 |
| Mike Hillyer |  0.99 |
| Mike Hillyer |  7.99 |
| Mike Hillyer |  2.99 |
| Mike Hillyer |  3.99 |
| Mike Hillyer |  3.99 |
| Mike Hillyer |  2.99 |
| Mike Hillyer |  7.99 |
| Mike Hillyer |  0.99 |
| Mike Hillyer |  4.99 |
| Mike Hillyer |  6.99 |
| Mike Hillyer |  2.99 |
| Mike Hillyer |  4.99 |
| Mike Hillyer |  0.99 |
| Mike Hillyer |  2.99 |
| Mike Hillyer |  5.99 |
| Mike Hillyer |  4.99 |
| Mike Hillyer |  7.99 |
| Mike Hillyer |  1.99 |
| Mike Hillyer |  5.99 |
| Mike Hillyer |  2.99 |
| Mike Hillyer |  0.99 |
| Mike Hillyer |  4.99 |
| Mike Hillyer |  2.99 |
| Mike Hillyer |  5.99 |
| Mike Hillyer |  6.99 |
| Mike Hillyer |  4.99 |
| Mike Hillyer |  4.99 |
| Mike Hillyer |  2.99 |
| Mike Hillyer |  8.99 |
| Mike Hillyer |  5.99 |
| Mike Hillyer |  0.99 |
| Mike Hillyer |  2.99 |
| Mike Hillyer |  2.99 |
| Mike Hillyer |  3.99 |
| Mike Hillyer |  0.99 |
| Mike Hillyer |  0.99 |
| Mike Hillyer |  2.99 |
| Mike Hillyer |  2.99 |
| Mike Hillyer |  4.99 |
| Mike Hillyer |  8.99 |
| Mike Hillyer |  2.99 |
| Mike Hillyer |  0.99 |
| Mike Hillyer |  2.99 |
| Mike Hillyer |  4.99 |
| Mike Hillyer |  4.99 |
| Mike Hillyer |  4.99 |
| Mike Hillyer |  2.99 |
| Mike Hillyer |  1.99 |
| Mike Hillyer |  0.99 |
| Mike Hillyer |  9.99 |
| Mike Hillyer |  2.99 |
| Mike Hillyer |  8.99 |
| Mike Hillyer |  0.99 |
| Mike Hillyer |  4.99 |
| Mike Hillyer |  2.99 |
| Mike Hillyer |  4.99 |
| Mike Hillyer |  0.99 |
| Mike Hillyer |  5.99 |
| Mike Hillyer |  2.99 |
| Mike Hillyer |  5.99 |
| Mike Hillyer |  4.99 |
| Mike Hillyer |  2.99 |
| Mike Hillyer |  0.99 |
| Mike Hillyer |  3.99 |
| Mike Hillyer |  6.99 |
| Mike Hillyer |  2.99 |
| Mike Hillyer |  4.99 |
| Mike Hillyer |  1.99 |
| Mike Hillyer |  5.99 |
| Mike Hillyer |  5.99 |
| Mike Hillyer |  5.99 |
| Mike Hillyer |  6.99 |
| Mike Hillyer |  4.99 |
| Mike Hillyer |  7.99 |
| Mike Hillyer |  4.99 |
| Mike Hillyer |  2.99 |
| Mike Hillyer |  0.99 |
| Mike Hillyer |  2.99 |
| Mike Hillyer |  4.99 |
| Mike Hillyer |  4.99 |
| Mike Hillyer |  0.99 |
| Mike Hillyer |  2.99 |
| Mike Hillyer |  4.99 |
| Mike Hillyer |  2.99 |
| Mike Hillyer |  8.99 |
| Mike Hillyer |  2.99 |
| Mike Hillyer |  0.99 |
| Mike Hillyer |  4.99 |
| Mike Hillyer |  3.99 |
| Mike Hillyer |  4.99 |
| Mike Hillyer |  2.99 |
| Mike Hillyer |  0.99 |
| Mike Hillyer |  4.99 |
| Mike Hillyer |  3.99 |
| Mike Hillyer |  2.99 |
| Mike Hillyer |  6.99 |
| Mike Hillyer |  2.99 |
| Mike Hillyer |  8.99 |
| Mike Hillyer |  5.99 |
| Mike Hillyer | 10.99 |
| Mike Hillyer |  6.99 |
| Mike Hillyer |  3.99 |
| Mike Hillyer |  6.99 |
| Mike Hillyer |  1.99 |
| Mike Hillyer |  3.99 |
| Mike Hillyer |  4.99 |
| Mike Hillyer |  7.99 |
| Mike Hillyer |  0.99 |
| Mike Hillyer |  0.99 |
| Mike Hillyer |  2.99 |
| Mike Hillyer |  2.99 |
| Mike Hillyer |  2.99 |
| Mike Hillyer |  4.99 |
| Mike Hillyer |  0.99 |
| Mike Hillyer |  8.99 |
| Mike Hillyer |  2.99 |
| Mike Hillyer |  2.99 |
| Mike Hillyer |  2.99 |
| Mike Hillyer |  2.99 |
| Mike Hillyer |  2.99 |
| Mike Hillyer |  2.99 |
| Mike Hillyer |  4.99 |
| Mike Hillyer |  4.99 |
| Mike Hillyer |  3.99 |
| Mike Hillyer |  3.99 |
| Mike Hillyer |  0.99 |
| Mike Hillyer |  0.99 |
| Mike Hillyer |  4.99 |
| Mike Hillyer |  2.99 |
| Mike Hillyer |  0.99 |
| Mike Hillyer |  4.99 |
| Mike Hillyer |  7.99 |
| Mike Hillyer |  2.99 |
| Mike Hillyer |  0.99 |
| Mike Hillyer |  1.99 |
| Mike Hillyer |  2.99 |
| Mike Hillyer |  7.99 |
| Mike Hillyer |  4.99 |
| Mike Hillyer |  0.99 |
| Mike Hillyer |  4.99 |
| Mike Hillyer |  2.99 |
| Mike Hillyer |  6.99 |
| Mike Hillyer |  4.99 |
| Mike Hillyer |  5.99 |
| Mike Hillyer |  7.99 |
| Mike Hillyer |  6.99 |
| Mike Hillyer |  0.99 |
| Mike Hillyer |  4.99 |
| Mike Hillyer |  0.99 |
| Mike Hillyer |  4.99 |
| Mike Hillyer |  2.99 |
| Mike Hillyer |  4.99 |
| Mike Hillyer |  0.99 |
| Mike Hillyer |  7.99 |
| Mike Hillyer |  4.99 |
| Mike Hillyer |  2.99 |
| Mike Hillyer |  2.99 |
| Mike Hillyer |  0.99 |
| Mike Hillyer |  2.99 |
| Mike Hillyer |  5.99 |
| Mike Hillyer |  4.99 |
| Mike Hillyer |  3.99 |
| Mike Hillyer |  6.99 |
| Mike Hillyer |  4.99 |
| Mike Hillyer |  5.99 |
| Mike Hillyer |  3.99 |
| Mike Hillyer |  2.99 |
| Mike Hillyer |  4.99 |
| Mike Hillyer |  4.99 |
| Mike Hillyer |  0.99 |
| Mike Hillyer |  0.99 |
| Mike Hillyer |  0.99 |
| Mike Hillyer |  2.99 |
| Mike Hillyer |  0.99 |
| Mike Hillyer |  0.99 |
| Mike Hillyer |  4.99 |
| Mike Hillyer |  0.99 |
| Mike Hillyer |  5.99 |
| Mike Hillyer |  5.99 |
| Mike Hillyer |  2.99 |
| Mike Hillyer |  6.99 |
| Mike Hillyer |  1.99 |
| Mike Hillyer |  4.99 |
| Mike Hillyer |  0.99 |
| Mike Hillyer |  5.99 |
| Mike Hillyer |  2.99 |
| Mike Hillyer |  5.99 |
| Mike Hillyer |  2.99 |
| Mike Hillyer |  1.99 |
| Mike Hillyer |  0.99 |
| Mike Hillyer |  2.99 |
| Mike Hillyer |  1.99 |
| Mike Hillyer |  4.99 |
| Mike Hillyer |  5.98 |
| Mike Hillyer |  0.00 |
| Mike Hillyer |  0.99 |
| Mike Hillyer |  4.99 |
| Mike Hillyer |  4.99 |
| Mike Hillyer |  4.99 |
| Mike Hillyer |  5.99 |
| Mike Hillyer |  4.99 |
| Mike Hillyer |  0.99 |
| Mike Hillyer |  6.99 |
| Mike Hillyer |  3.99 |
| Mike Hillyer |  4.99 |
| Mike Hillyer |  4.99 |
| Mike Hillyer |  0.99 |
| Mike Hillyer |  4.99 |
| Mike Hillyer |  0.99 |
| Mike Hillyer |  8.99 |
| Mike Hillyer |  2.99 |
| Mike Hillyer |  2.99 |
| Mike Hillyer |  2.99 |
| Mike Hillyer |  0.99 |
| Mike Hillyer |  5.99 |
| Mike Hillyer |  6.99 |
| Mike Hillyer |  4.99 |
| Mike Hillyer |  3.99 |
| Mike Hillyer |  1.99 |
| Mike Hillyer |  5.99 |
| Mike Hillyer |  4.99 |
| Mike Hillyer |  7.99 |
| Mike Hillyer |  4.99 |
| Mike Hillyer |  2.99 |
| Mike Hillyer |  5.99 |
| Mike Hillyer |  4.99 |
| Mike Hillyer |  1.99 |
| Mike Hillyer |  2.99 |
| Mike Hillyer |  3.99 |
| Mike Hillyer |  0.99 |
| Mike Hillyer |  2.99 |
| Mike Hillyer |  2.99 |
| Mike Hillyer |  7.99 |
| Mike Hillyer |  0.99 |
| Mike Hillyer |  2.99 |
| Mike Hillyer |  6.99 |
| Mike Hillyer |  3.99 |
| Mike Hillyer |  7.99 |
| Mike Hillyer |  2.99 |
| Mike Hillyer |  4.99 |
| Mike Hillyer |  0.99 |
| Mike Hillyer |  5.99 |
| Mike Hillyer |  0.99 |
| Mike Hillyer |  4.99 |
| Mike Hillyer |  2.99 |
| Mike Hillyer |  2.99 |
| Mike Hillyer |  8.99 |
| Mike Hillyer |  0.99 |
| Mike Hillyer |  4.99 |
| Mike Hillyer |  2.99 |
| Mike Hillyer |  4.99 |
| Mike Hillyer |  6.99 |
| Mike Hillyer |  1.99 |
| Mike Hillyer |  3.99 |
| Mike Hillyer |  2.99 |
| Mike Hillyer |  3.99 |
| Mike Hillyer |  7.99 |
| Mike Hillyer |  4.99 |
| Mike Hillyer |  3.99 |
| Mike Hillyer |  2.99 |
| Mike Hillyer |  0.99 |
| Mike Hillyer |  0.99 |
| Mike Hillyer |  4.99 |
| Mike Hillyer |  0.99 |
| Mike Hillyer |  4.99 |
| Mike Hillyer |  2.99 |
| Mike Hillyer |  2.99 |
| Mike Hillyer |  1.99 |
| Mike Hillyer |  0.99 |
| Mike Hillyer |  2.99 |
| Mike Hillyer |  1.99 |
| Mike Hillyer |  2.99 |
| Mike Hillyer |  0.99 |
| Mike Hillyer |  4.99 |
| Mike Hillyer |  0.99 |
| Mike Hillyer |  3.99 |
| Mike Hillyer |  2.99 |
| Mike Hillyer |  6.99 |
| Mike Hillyer |  4.99 |
| Mike Hillyer |  0.99 |
| Mike Hillyer |  4.99 |
| Mike Hillyer |  0.99 |
| Mike Hillyer |  4.99 |
| Mike Hillyer |  5.98 |
| Mike Hillyer |  0.00 |
| Mike Hillyer |  2.99 |
| Mike Hillyer |  6.99 |
| Mike Hillyer |  4.99 |
| Mike Hillyer |  0.99 |
| Mike Hillyer |  5.99 |
| Mike Hillyer |  6.99 |
| Mike Hillyer |  2.99 |
| Mike Hillyer |  2.99 |
| Mike Hillyer |  4.99 |
| Mike Hillyer |  4.99 |
| Mike Hillyer |  2.99 |
| Mike Hillyer |  0.99 |
| Mike Hillyer |  0.99 |
| Mike Hillyer |  6.99 |
| Mike Hillyer |  0.99 |
| Mike Hillyer |  8.99 |
| Mike Hillyer |  0.99 |
| Mike Hillyer |  2.99 |
| Mike Hillyer |  0.99 |
| Mike Hillyer |  0.99 |
| Mike Hillyer |  2.99 |
| Mike Hillyer |  5.99 |
| Mike Hillyer |  0.99 |
| Mike Hillyer |  6.99 |
| Mike Hillyer |  4.99 |
| Mike Hillyer |  2.99 |
| Mike Hillyer |  4.99 |
| Mike Hillyer |  5.99 |
| Mike Hillyer |  4.99 |
| Mike Hillyer |  4.99 |
| Mike Hillyer |  4.99 |
| Mike Hillyer |  3.99 |
| Mike Hillyer |  0.99 |
| Mike Hillyer |  2.99 |
| Mike Hillyer |  4.99 |
| Mike Hillyer |  2.99 |
| Mike Hillyer |  4.99 |
| Mike Hillyer |  0.99 |
| Mike Hillyer |  3.99 |
| Mike Hillyer |  4.99 |
| Mike Hillyer |  4.99 |
| Mike Hillyer |  4.99 |
| Mike Hillyer |  2.99 |
| Mike Hillyer |  0.99 |
| Mike Hillyer |  2.99 |
| Mike Hillyer | 10.99 |
| Mike Hillyer |  5.99 |
| Mike Hillyer |  4.99 |
| Mike Hillyer |  6.99 |
| Mike Hillyer |  5.99 |
| Mike Hillyer |  2.99 |
| Mike Hillyer |  0.99 |
| Mike Hillyer |  6.99 |
| Mike Hillyer |  7.99 |
| Mike Hillyer |  4.99 |
| Mike Hillyer |  2.99 |
| Mike Hillyer |  0.99 |
| Mike Hillyer |  7.99 |
| Mike Hillyer |  8.99 |
| Mike Hillyer |  6.99 |
| Mike Hillyer |  4.99 |
| Mike Hillyer |  8.99 |
| Mike Hillyer |  3.99 |
| Mike Hillyer |  0.99 |
| Mike Hillyer |  1.99 |
| Mike Hillyer |  4.99 |
| Mike Hillyer |  2.99 |
| Mike Hillyer |  4.99 |
| Mike Hillyer |  5.99 |
| Mike Hillyer |  0.99 |
| Mike Hillyer |  4.99 |
| Mike Hillyer |  5.99 |
| Mike Hillyer |  0.99 |
| Mike Hillyer |  7.99 |
| Mike Hillyer |  2.99 |
| Mike Hillyer |  7.99 |
| Mike Hillyer |  2.99 |
| Mike Hillyer |  2.99 |
| Mike Hillyer |  2.99 |
| Mike Hillyer |  4.99 |
| Mike Hillyer |  4.99 |
| Mike Hillyer |  0.99 |
| Mike Hillyer |  0.99 |
| Mike Hillyer |  4.99 |
| Mike Hillyer |  2.99 |
| Mike Hillyer |  0.99 |
| Mike Hillyer |  1.99 |
| Mike Hillyer |  4.99 |
| Mike Hillyer |  3.99 |
| Mike Hillyer |  7.99 |
| Mike Hillyer |  7.99 |
| Mike Hillyer |  4.99 |
| Mike Hillyer |  2.99 |
| Mike Hillyer |  2.99 |
| Mike Hillyer |  3.99 |
| Mike Hillyer |  6.99 |
| Mike Hillyer |  7.99 |
| Mike Hillyer |  4.99 |
| Mike Hillyer |  2.99 |
| Mike Hillyer |  4.99 |
| Mike Hillyer |  4.99 |
| Mike Hillyer |  4.99 |
| Mike Hillyer |  2.99 |
| Mike Hillyer |  2.99 |
| Mike Hillyer |  9.99 |
| Mike Hillyer |  3.99 |
| Mike Hillyer |  2.99 |
| Mike Hillyer |  1.99 |
| Mike Hillyer |  6.99 |
| Mike Hillyer |  4.99 |
| Mike Hillyer |  0.99 |
| Mike Hillyer |  4.99 |
| Mike Hillyer |  2.99 |
| Mike Hillyer |  5.99 |
| Mike Hillyer |  4.99 |
| Mike Hillyer |  3.99 |
| Mike Hillyer |  2.99 |
| Mike Hillyer |  6.99 |
| Mike Hillyer |  5.99 |
| Mike Hillyer |  2.99 |
| Mike Hillyer |  3.99 |
| Mike Hillyer |  7.99 |
| Mike Hillyer |  2.99 |
| Mike Hillyer |  0.99 |
| Mike Hillyer |  0.99 |
| Mike Hillyer |  2.99 |
| Mike Hillyer |  6.99 |
| Mike Hillyer |  3.99 |
| Mike Hillyer |  4.99 |
| Mike Hillyer |  0.99 |
| Mike Hillyer |  2.99 |
| Mike Hillyer |  4.99 |
| Mike Hillyer |  2.99 |
| Mike Hillyer |  0.99 |
| Mike Hillyer |  2.99 |
| Mike Hillyer |  4.99 |
| Mike Hillyer |  0.99 |
| Mike Hillyer |  0.00 |
| Mike Hillyer |  4.99 |
| Mike Hillyer |  0.99 |
| Mike Hillyer |  7.99 |
| Mike Hillyer |  4.99 |
| Mike Hillyer |  2.99 |
| Mike Hillyer |  2.99 |
| Mike Hillyer |  4.99 |
| Mike Hillyer |  2.99 |
| Mike Hillyer |  5.99 |
| Mike Hillyer |  4.99 |
| Mike Hillyer |  0.99 |
| Mike Hillyer |  4.99 |
| Mike Hillyer |  4.99 |
| Mike Hillyer |  0.99 |
| Mike Hillyer |  3.99 |
| Mike Hillyer |  0.99 |
| Mike Hillyer |  4.99 |
| Mike Hillyer |  0.99 |
| Mike Hillyer |  2.99 |
| Mike Hillyer |  2.99 |
| Mike Hillyer |  9.99 |
| Mike Hillyer |  5.99 |
| Mike Hillyer |  1.99 |
| Mike Hillyer |  5.99 |
| Mike Hillyer |  2.99 |
| Mike Hillyer |  5.99 |
| Mike Hillyer |  6.99 |
| Mike Hillyer |  8.99 |
| Mike Hillyer |  2.99 |
| Mike Hillyer |  2.99 |
| Mike Hillyer |  5.99 |
| Mike Hillyer |  0.99 |
| Mike Hillyer |  1.99 |
| Mike Hillyer |  0.99 |
| Mike Hillyer |  7.99 |
| Mike Hillyer |  5.99 |
| Mike Hillyer |  0.99 |
| Mike Hillyer |  3.99 |
| Mike Hillyer |  0.99 |
| Mike Hillyer |  4.99 |
| Mike Hillyer |  3.99 |
| Mike Hillyer |  4.99 |
| Mike Hillyer |  3.99 |
| Mike Hillyer |  8.99 |
| Mike Hillyer |  2.99 |
| Mike Hillyer |  5.99 |
| Mike Hillyer |  2.99 |
| Mike Hillyer |  2.99 |
| Mike Hillyer |  2.99 |
| Mike Hillyer |  6.99 |
| Mike Hillyer |  2.99 |
| Mike Hillyer |  2.99 |
| Mike Hillyer |  5.99 |
| Mike Hillyer |  4.99 |
| Mike Hillyer |  2.99 |
| Mike Hillyer |  4.99 |
| Mike Hillyer |  2.99 |
| Mike Hillyer |  8.99 |
| Mike Hillyer |  0.99 |
| Mike Hillyer |  4.99 |
| Mike Hillyer |  5.99 |
| Mike Hillyer |  1.99 |
| Mike Hillyer |  2.99 |
| Mike Hillyer |  4.99 |
| Mike Hillyer |  7.99 |
| Mike Hillyer |  4.99 |
| Mike Hillyer |  0.99 |
| Mike Hillyer |  3.99 |
| Mike Hillyer |  3.99 |
| Mike Hillyer |  0.99 |
| Mike Hillyer |  5.99 |
| Mike Hillyer |  2.99 |
| Mike Hillyer |  0.99 |
| Mike Hillyer |  0.99 |
| Mike Hillyer |  4.99 |
| Mike Hillyer |  6.99 |
| Mike Hillyer |  4.99 |
| Mike Hillyer |  4.99 |
| Mike Hillyer |  2.99 |
| Mike Hillyer |  0.99 |
| Mike Hillyer |  5.99 |
| Mike Hillyer |  3.99 |
| Mike Hillyer |  4.99 |
| Mike Hillyer |  0.99 |
| Mike Hillyer |  6.99 |
| Mike Hillyer |  2.99 |
| Mike Hillyer |  0.99 |
| Mike Hillyer |  2.99 |
| Mike Hillyer |  4.99 |
| Mike Hillyer |  0.99 |
| Mike Hillyer |  0.99 |
| Mike Hillyer |  2.99 |
| Mike Hillyer |  3.99 |
| Mike Hillyer |  2.99 |
| Mike Hillyer |  5.99 |
| Mike Hillyer |  4.99 |
| Mike Hillyer |  2.99 |
| Mike Hillyer |  5.99 |
| Mike Hillyer |  2.99 |
| Mike Hillyer |  4.99 |
| Mike Hillyer |  2.99 |
| Mike Hillyer |  2.99 |
| Mike Hillyer |  7.99 |
| Mike Hillyer |  7.99 |
| Mike Hillyer |  0.99 |
| Mike Hillyer |  4.99 |
| Mike Hillyer |  0.99 |
| Mike Hillyer |  4.99 |
| Mike Hillyer |  2.99 |
| Mike Hillyer |  4.99 |
| Mike Hillyer |  2.99 |
| Mike Hillyer |  4.99 |
| Mike Hillyer |  3.99 |
| Mike Hillyer |  5.99 |
| Mike Hillyer |  4.99 |
| Mike Hillyer |  0.99 |
| Mike Hillyer |  0.99 |
| Mike Hillyer |  2.99 |
| Mike Hillyer |  2.99 |
| Mike Hillyer |  4.99 |
| Mike Hillyer |  2.99 |
| Mike Hillyer |  0.99 |
| Mike Hillyer |  5.99 |
| Mike Hillyer |  8.99 |
| Mike Hillyer |  6.99 |
| Mike Hillyer |  0.99 |
| Mike Hillyer |  4.99 |
| Mike Hillyer |  5.99 |
| Mike Hillyer |  2.99 |
| Mike Hillyer |  4.99 |
| Mike Hillyer |  8.99 |
| Mike Hillyer |  0.99 |
| Mike Hillyer |  2.99 |
| Mike Hillyer |  4.99 |
| Mike Hillyer |  6.99 |
| Mike Hillyer |  7.99 |
| Mike Hillyer |  4.99 |
| Mike Hillyer |  4.99 |
| Mike Hillyer |  5.99 |
| Mike Hillyer |  5.99 |
| Mike Hillyer |  0.99 |
| Mike Hillyer |  0.99 |
| Mike Hillyer |  0.99 |
| Mike Hillyer |  6.99 |
| Mike Hillyer |  5.99 |
| Mike Hillyer |  0.99 |
| Mike Hillyer |  2.99 |
| Mike Hillyer |  0.99 |
| Mike Hillyer |  4.99 |
| Mike Hillyer |  1.99 |
| Mike Hillyer |  4.99 |
| Mike Hillyer |  2.99 |
| Mike Hillyer |  2.99 |
| Mike Hillyer |  4.99 |
| Mike Hillyer |  4.99 |
| Mike Hillyer |  0.99 |
| Mike Hillyer |  0.99 |
| Mike Hillyer |  4.99 |
| Mike Hillyer |  4.99 |
| Mike Hillyer |  8.99 |
| Mike Hillyer |  4.99 |
| Mike Hillyer |  7.99 |
| Mike Hillyer |  3.99 |
| Mike Hillyer |  8.99 |
| Mike Hillyer |  7.99 |
| Mike Hillyer |  3.99 |
| Mike Hillyer |  0.99 |
| Mike Hillyer |  0.99 |
| Mike Hillyer |  0.99 |
| Mike Hillyer |  4.99 |
| Mike Hillyer |  4.99 |
| Mike Hillyer |  0.99 |
| Mike Hillyer |  2.99 |
| Mike Hillyer |  2.99 |
| Mike Hillyer |  6.99 |
| Mike Hillyer |  3.99 |
| Mike Hillyer |  5.99 |
| Mike Hillyer |  2.99 |
| Mike Hillyer |  1.99 |
| Mike Hillyer |  4.99 |
| Mike Hillyer |  0.99 |
| Mike Hillyer |  2.99 |
| Mike Hillyer |  4.99 |
| Mike Hillyer |  2.99 |
| Mike Hillyer |  4.99 |
| Mike Hillyer |  4.99 |
| Mike Hillyer |  4.99 |
| Mike Hillyer |  4.99 |
| Mike Hillyer |  4.99 |
| Mike Hillyer |  4.99 |
| Mike Hillyer |  3.99 |
| Mike Hillyer |  6.99 |
| Mike Hillyer |  4.99 |
| Mike Hillyer |  4.99 |
| Mike Hillyer |  4.99 |
| Mike Hillyer |  9.99 |
| Mike Hillyer |  0.99 |
| Mike Hillyer |  0.99 |
| Mike Hillyer |  4.99 |
| Mike Hillyer |  5.99 |
| Mike Hillyer |  0.99 |
| Mike Hillyer |  4.99 |
| Mike Hillyer |  0.99 |
| Mike Hillyer |  0.99 |
| Mike Hillyer |  4.99 |
| Mike Hillyer |  2.99 |
| Mike Hillyer |  2.99 |
| Mike Hillyer |  2.99 |
| Mike Hillyer |  0.99 |
| Mike Hillyer |  3.99 |
| Mike Hillyer |  1.99 |
| Mike Hillyer |  5.99 |
| Mike Hillyer |  4.99 |
| Mike Hillyer |  4.99 |
| Mike Hillyer |  3.99 |
| Mike Hillyer |  4.99 |
| Mike Hillyer |  5.99 |
| Mike Hillyer |  9.99 |
| Mike Hillyer |  9.99 |
| Mike Hillyer |  4.99 |
| Mike Hillyer |  0.99 |
| Mike Hillyer |  0.99 |
| Mike Hillyer |  1.99 |
| Mike Hillyer |  3.99 |
| Mike Hillyer |  0.99 |
| Mike Hillyer |  7.99 |
| Mike Hillyer |  2.99 |
| Mike Hillyer |  2.99 |
| Mike Hillyer |  2.99 |
| Mike Hillyer |  2.99 |
| Mike Hillyer |  2.99 |
| Mike Hillyer |  4.99 |
| Mike Hillyer |  5.99 |
| Mike Hillyer |  4.99 |
| Mike Hillyer |  0.99 |
| Mike Hillyer | 10.99 |
| Mike Hillyer |  6.99 |
| Mike Hillyer |  3.99 |
| Mike Hillyer |  0.99 |
| Mike Hillyer |  0.99 |
| Mike Hillyer |  7.99 |
| Mike Hillyer |  0.99 |
| Mike Hillyer |  6.99 |
| Mike Hillyer |  6.99 |
| Mike Hillyer |  3.99 |
| Mike Hillyer |  4.99 |
| Mike Hillyer |  2.99 |
| Mike Hillyer |  0.99 |
| Mike Hillyer |  4.99 |
| Mike Hillyer |  7.99 |
| Mike Hillyer |  4.99 |
| Mike Hillyer |  6.99 |
| Mike Hillyer |  4.99 |
| Mike Hillyer |  6.99 |
| Mike Hillyer |  2.99 |
| Mike Hillyer |  4.99 |
| Mike Hillyer |  6.99 |
| Mike Hillyer |  5.99 |
| Mike Hillyer |  2.99 |
| Mike Hillyer |  6.99 |
| Mike Hillyer |  4.99 |
| Mike Hillyer |  5.99 |
| Mike Hillyer |  1.99 |
| Mike Hillyer |  6.99 |
| Mike Hillyer |  0.99 |
| Mike Hillyer |  7.99 |
| Mike Hillyer |  4.99 |
| Mike Hillyer |  4.99 |
| Mike Hillyer |  4.99 |
| Mike Hillyer |  4.99 |
| Mike Hillyer |  4.99 |
| Mike Hillyer |  3.99 |
| Mike Hillyer |  0.99 |
| Mike Hillyer |  0.99 |
| Mike Hillyer |  2.99 |
| Mike Hillyer |  0.99 |
| Mike Hillyer |  0.99 |
| Mike Hillyer |  6.99 |
| Mike Hillyer |  3.99 |
| Mike Hillyer |  0.99 |
| Mike Hillyer |  5.99 |
| Mike Hillyer |  9.99 |
| Mike Hillyer |  4.99 |
| Mike Hillyer |  4.99 |
| Mike Hillyer |  7.99 |
| Mike Hillyer |  2.99 |
| Mike Hillyer |  1.99 |
| Mike Hillyer |  4.99 |
| Mike Hillyer |  6.99 |
| Mike Hillyer |  5.99 |
| Mike Hillyer |  3.99 |
| Mike Hillyer |  4.99 |
| Mike Hillyer |  2.99 |
| Mike Hillyer |  4.99 |
| Mike Hillyer |  4.99 |
| Mike Hillyer |  3.99 |
| Mike Hillyer |  2.99 |
| Mike Hillyer |  0.99 |
| Mike Hillyer |  2.99 |
| Mike Hillyer |  2.99 |
| Mike Hillyer |  0.99 |
| Mike Hillyer |  0.99 |
| Mike Hillyer |  5.99 |
| Mike Hillyer |  2.99 |
| Mike Hillyer |  1.99 |
| Mike Hillyer |  4.99 |
| Mike Hillyer |  6.99 |
| Mike Hillyer |  2.99 |
| Mike Hillyer |  4.99 |
| Mike Hillyer |  2.99 |
| Mike Hillyer |  0.99 |
| Mike Hillyer |  7.99 |
| Mike Hillyer |  0.99 |
| Mike Hillyer |  2.99 |
| Mike Hillyer |  0.99 |
| Mike Hillyer |  0.99 |
| Mike Hillyer |  4.99 |
| Mike Hillyer |  0.99 |
| Mike Hillyer |  5.99 |
| Mike Hillyer |  0.99 |
| Mike Hillyer |  0.99 |
| Mike Hillyer |  4.99 |
| Mike Hillyer |  0.99 |
| Mike Hillyer |  5.99 |
| Mike Hillyer |  0.99 |
| Mike Hillyer |  4.99 |
| Mike Hillyer |  4.99 |
| Mike Hillyer |  6.99 |
| Mike Hillyer |  0.99 |
| Mike Hillyer |  2.99 |
| Mike Hillyer |  4.99 |
| Mike Hillyer |  4.99 |
| Mike Hillyer |  7.99 |
| Mike Hillyer |  2.99 |
| Mike Hillyer |  4.99 |
| Mike Hillyer |  2.99 |
| Mike Hillyer |  0.99 |
| Mike Hillyer |  5.99 |
| Mike Hillyer |  7.99 |
| Mike Hillyer |  2.99 |
| Mike Hillyer |  5.99 |
| Mike Hillyer |  2.99 |
| Mike Hillyer |  2.99 |
| Mike Hillyer |  2.99 |
| Mike Hillyer |  4.99 |
| Mike Hillyer |  3.99 |
| Mike Hillyer |  0.99 |
| Mike Hillyer |  5.99 |
| Mike Hillyer |  7.99 |
| Mike Hillyer |  4.99 |
| Mike Hillyer |  4.99 |
| Mike Hillyer |  0.99 |
| Mike Hillyer |  6.99 |
| Mike Hillyer |  0.99 |
| Mike Hillyer |  2.99 |
| Mike Hillyer |  0.99 |
| Mike Hillyer |  4.99 |
| Mike Hillyer |  0.99 |
| Mike Hillyer |  2.99 |
| Mike Hillyer |  6.99 |
| Mike Hillyer |  0.99 |
| Mike Hillyer |  1.99 |
| Mike Hillyer |  0.99 |
| Mike Hillyer |  2.99 |
| Mike Hillyer |  0.99 |
| Mike Hillyer |  6.99 |
| Mike Hillyer |  0.99 |
| Mike Hillyer |  8.99 |
| Mike Hillyer |  4.99 |
| Mike Hillyer |  0.99 |
| Mike Hillyer |  2.99 |
| Mike Hillyer |  0.99 |
| Mike Hillyer |  2.99 |
| Mike Hillyer |  6.99 |
| Mike Hillyer |  4.99 |
| Mike Hillyer |  0.99 |
| Mike Hillyer |  2.99 |
| Mike Hillyer |  0.99 |
| Mike Hillyer |  3.99 |
| Mike Hillyer |  0.99 |
| Mike Hillyer |  6.99 |
| Mike Hillyer |  7.99 |
| Mike Hillyer |  0.99 |
| Mike Hillyer |  6.99 |
| Mike Hillyer |  4.99 |
| Mike Hillyer |  5.99 |
| Mike Hillyer |  2.99 |
| Mike Hillyer |  1.99 |
| Mike Hillyer |  4.99 |
| Mike Hillyer |  4.99 |
| Mike Hillyer |  4.99 |
| Mike Hillyer |  4.99 |
| Mike Hillyer |  0.99 |
| Mike Hillyer |  5.99 |
| Mike Hillyer |  2.99 |
| Mike Hillyer |  0.99 |
| Mike Hillyer |  2.99 |
| Mike Hillyer |  2.99 |
| Mike Hillyer |  5.99 |
| Mike Hillyer |  0.99 |
| Mike Hillyer |  9.99 |
| Mike Hillyer |  2.99 |
| Mike Hillyer |  4.99 |
| Mike Hillyer |  5.99 |
| Mike Hillyer |  0.99 |
| Mike Hillyer |  5.99 |
| Mike Hillyer |  4.99 |
| Mike Hillyer |  6.99 |
| Mike Hillyer |  5.99 |
| Mike Hillyer |  7.99 |
| Mike Hillyer |  0.99 |
| Mike Hillyer |  4.99 |
| Mike Hillyer |  6.99 |
| Mike Hillyer |  7.99 |
| Mike Hillyer |  3.99 |
| Mike Hillyer |  2.99 |
| Mike Hillyer |  3.99 |
| Mike Hillyer |  4.99 |
| Mike Hillyer |  5.99 |
| Mike Hillyer | 10.99 |
| Mike Hillyer |  2.99 |
| Mike Hillyer |  2.99 |
| Mike Hillyer |  8.99 |
| Mike Hillyer |  3.99 |
| Mike Hillyer | 10.99 |
| Mike Hillyer |  0.99 |
| Mike Hillyer |  7.99 |
| Mike Hillyer |  0.99 |
| Mike Hillyer |  2.99 |
| Mike Hillyer |  1.99 |
| Mike Hillyer |  7.99 |
| Mike Hillyer |  1.99 |
| Mike Hillyer |  2.99 |
| Mike Hillyer |  0.99 |
| Mike Hillyer |  0.99 |
| Mike Hillyer |  0.99 |
| Mike Hillyer |  3.99 |
| Mike Hillyer |  2.99 |
| Mike Hillyer |  7.99 |
| Mike Hillyer |  6.99 |
| Mike Hillyer |  4.99 |
| Mike Hillyer |  0.99 |
| Mike Hillyer |  2.99 |
| Mike Hillyer |  5.99 |
| Mike Hillyer |  0.99 |
| Mike Hillyer |  3.99 |
| Mike Hillyer |  5.99 |
| Mike Hillyer |  0.99 |
| Mike Hillyer |  4.99 |
| Mike Hillyer |  4.99 |
| Mike Hillyer |  1.99 |
| Mike Hillyer |  6.99 |
| Mike Hillyer |  2.99 |
| Mike Hillyer |  4.99 |
| Mike Hillyer |  2.99 |
| Mike Hillyer |  6.99 |
| Mike Hillyer |  1.99 |
| Mike Hillyer |  1.99 |
| Mike Hillyer |  3.99 |
| Mike Hillyer |  0.99 |
| Mike Hillyer |  0.99 |
| Mike Hillyer |  3.99 |
| Mike Hillyer |  6.99 |
| Mike Hillyer |  4.99 |
| Mike Hillyer |  6.99 |
| Mike Hillyer |  5.99 |
| Mike Hillyer |  4.99 |
| Mike Hillyer |  0.99 |
| Mike Hillyer |  4.99 |
| Mike Hillyer |  3.99 |
| Mike Hillyer |  4.99 |
| Mike Hillyer |  0.99 |
| Mike Hillyer |  4.99 |
| Mike Hillyer |  2.99 |
| Mike Hillyer |  1.99 |
| Mike Hillyer |  4.99 |
| Mike Hillyer |  4.99 |
| Mike Hillyer |  6.99 |
| Mike Hillyer |  2.99 |
| Mike Hillyer |  2.99 |
| Mike Hillyer |  0.99 |
| Mike Hillyer |  3.99 |
| Mike Hillyer |  4.99 |
| Mike Hillyer |  0.99 |
| Mike Hillyer |  4.99 |
| Mike Hillyer |  0.99 |
| Mike Hillyer |  3.99 |
| Mike Hillyer |  6.99 |
| Mike Hillyer |  4.99 |
| Mike Hillyer |  0.99 |
| Mike Hillyer |  8.99 |
| Mike Hillyer |  2.99 |
| Mike Hillyer |  0.99 |
| Mike Hillyer |  8.99 |
| Mike Hillyer |  5.99 |
| Mike Hillyer |  5.99 |
| Mike Hillyer |  3.99 |
| Mike Hillyer |  2.99 |
| Mike Hillyer |  4.99 |
| Mike Hillyer |  5.99 |
| Mike Hillyer |  4.99 |
| Mike Hillyer |  2.99 |
| Mike Hillyer |  2.99 |
| Mike Hillyer |  0.99 |
| Mike Hillyer |  2.99 |
| Mike Hillyer |  4.99 |
| Mike Hillyer |  9.99 |
| Mike Hillyer |  4.99 |
| Mike Hillyer |  2.99 |
| Mike Hillyer |  5.99 |
| Mike Hillyer |  2.99 |
| Mike Hillyer |  1.99 |
| Mike Hillyer |  6.99 |
| Mike Hillyer |  2.99 |
| Mike Hillyer |  1.99 |
| Mike Hillyer |  4.99 |
| Mike Hillyer |  4.99 |
| Mike Hillyer |  2.99 |
| Mike Hillyer |  4.99 |
| Mike Hillyer |  0.99 |
| Mike Hillyer |  4.99 |
| Mike Hillyer |  6.99 |
| Mike Hillyer |  4.99 |
| Mike Hillyer |  8.99 |
| Mike Hillyer |  6.99 |
| Mike Hillyer |  1.99 |
| Mike Hillyer |  2.99 |
| Mike Hillyer |  0.99 |
| Mike Hillyer |  2.99 |
| Mike Hillyer |  4.99 |
| Mike Hillyer |  4.99 |
| Mike Hillyer |  6.99 |
| Mike Hillyer |  1.99 |
| Mike Hillyer |  2.99 |
| Mike Hillyer |  6.99 |
| Mike Hillyer |  0.99 |
| Mike Hillyer |  3.99 |
| Mike Hillyer |  4.99 |
| Mike Hillyer |  1.99 |
| Mike Hillyer |  6.99 |
| Mike Hillyer |  2.99 |
| Mike Hillyer |  6.99 |
| Mike Hillyer |  4.99 |
| Mike Hillyer |  4.99 |
| Mike Hillyer |  5.99 |
| Mike Hillyer |  3.99 |
| Mike Hillyer |  0.99 |
| Mike Hillyer |  3.99 |
| Mike Hillyer |  2.99 |
| Mike Hillyer |  0.99 |
| Mike Hillyer |  3.99 |
| Mike Hillyer |  1.99 |
| Mike Hillyer |  7.99 |
| Mike Hillyer |  3.99 |
| Mike Hillyer |  2.99 |
| Mike Hillyer |  1.99 |
| Mike Hillyer |  0.99 |
| Mike Hillyer |  0.99 |
| Mike Hillyer |  4.99 |
| Mike Hillyer |  3.99 |
| Mike Hillyer |  9.99 |
| Mike Hillyer |  2.99 |
| Mike Hillyer |  5.99 |
| Mike Hillyer |  4.99 |
| Mike Hillyer |  6.99 |
| Mike Hillyer |  2.99 |
| Mike Hillyer |  4.99 |
| Mike Hillyer |  4.99 |
| Mike Hillyer |  3.99 |
| Mike Hillyer |  4.99 |
| Mike Hillyer |  4.99 |
| Mike Hillyer |  3.98 |
| Mike Hillyer |  1.99 |
| Mike Hillyer |  4.99 |
| Mike Hillyer |  4.99 |
| Mike Hillyer |  6.99 |
| Mike Hillyer |  3.99 |
| Mike Hillyer |  3.99 |
| Mike Hillyer |  9.99 |
| Mike Hillyer |  2.99 |
| Mike Hillyer |  3.99 |
| Mike Hillyer |  7.99 |
| Mike Hillyer |  2.99 |
| Mike Hillyer |  0.99 |
| Mike Hillyer |  2.99 |
| Mike Hillyer |  2.99 |
| Mike Hillyer |  2.99 |
| Mike Hillyer |  0.99 |
| Mike Hillyer |  8.99 |
| Mike Hillyer |  1.99 |
| Mike Hillyer |  2.99 |
| Mike Hillyer |  2.99 |
| Mike Hillyer |  3.99 |
| Mike Hillyer |  0.99 |
| Mike Hillyer |  4.99 |
| Mike Hillyer |  3.99 |
| Mike Hillyer |  2.99 |
| Mike Hillyer |  4.99 |
| Mike Hillyer |  2.99 |
| Mike Hillyer |  0.99 |
| Mike Hillyer |  6.99 |
| Mike Hillyer |  6.99 |
| Mike Hillyer |  0.99 |
| Mike Hillyer |  5.99 |
| Mike Hillyer |  7.99 |
| Mike Hillyer |  2.99 |
| Mike Hillyer |  0.99 |
| Mike Hillyer |  2.99 |
| Mike Hillyer |  1.99 |
| Mike Hillyer |  0.99 |
| Mike Hillyer |  5.99 |
| Mike Hillyer |  7.99 |
| Mike Hillyer |  2.99 |
| Mike Hillyer |  8.99 |
| Mike Hillyer |  1.99 |
| Mike Hillyer |  5.99 |
| Mike Hillyer |  2.99 |
| Mike Hillyer |  4.99 |
| Mike Hillyer |  8.99 |
| Mike Hillyer |  3.99 |
| Mike Hillyer |  6.99 |
| Mike Hillyer |  4.99 |
| Mike Hillyer |  0.99 |
| Mike Hillyer |  5.99 |
| Mike Hillyer |  6.99 |
| Mike Hillyer |  2.99 |
| Mike Hillyer |  4.99 |
| Mike Hillyer |  5.99 |
| Mike Hillyer |  4.99 |
| Mike Hillyer |  0.99 |
| Mike Hillyer |  2.99 |
| Mike Hillyer |  4.99 |
| Mike Hillyer |  4.99 |
| Mike Hillyer |  1.99 |
| Mike Hillyer |  3.99 |
| Mike Hillyer |  3.99 |
| Mike Hillyer |  2.99 |
| Mike Hillyer |  8.99 |
| Mike Hillyer |  0.99 |
| Mike Hillyer |  7.99 |
| Mike Hillyer |  4.99 |
| Mike Hillyer |  2.99 |
| Mike Hillyer |  0.99 |
| Mike Hillyer |  4.99 |
| Mike Hillyer |  2.99 |
| Mike Hillyer |  0.99 |
| Mike Hillyer |  2.99 |
| Mike Hillyer |  2.99 |
| Mike Hillyer |  6.99 |
| Mike Hillyer |  4.99 |
| Mike Hillyer |  1.99 |
| Mike Hillyer |  3.99 |
| Mike Hillyer |  5.99 |
| Mike Hillyer |  2.99 |
| Mike Hillyer |  3.99 |
| Mike Hillyer | 10.99 |
| Mike Hillyer |  0.99 |
| Mike Hillyer |  0.99 |
| Mike Hillyer |  0.99 |
| Mike Hillyer |  1.99 |
| Mike Hillyer |  4.99 |
| Mike Hillyer |  8.99 |
| Mike Hillyer |  2.99 |
| Mike Hillyer |  4.99 |
| Mike Hillyer |  4.99 |
| Mike Hillyer |  4.99 |
| Mike Hillyer |  3.99 |
| Mike Hillyer |  2.99 |
| Mike Hillyer |  5.99 |
| Mike Hillyer |  2.99 |
| Mike Hillyer |  4.99 |
| Mike Hillyer |  0.99 |
| Mike Hillyer |  2.99 |
| Mike Hillyer |  5.99 |
| Mike Hillyer |  0.99 |
| Mike Hillyer |  5.99 |
| Mike Hillyer |  4.99 |
| Mike Hillyer |  4.99 |
| Mike Hillyer | 10.99 |
| Mike Hillyer |  5.99 |
| Mike Hillyer |  4.99 |
| Mike Hillyer |  2.99 |
| Mike Hillyer |  2.99 |
| Mike Hillyer |  2.99 |
| Mike Hillyer |  4.99 |
| Mike Hillyer |  0.99 |
| Mike Hillyer |  4.99 |
| Mike Hillyer |  2.99 |
| Mike Hillyer |  2.99 |
| Mike Hillyer |  5.99 |
| Mike Hillyer |  0.99 |
| Mike Hillyer |  0.99 |
| Mike Hillyer |  2.99 |
| Mike Hillyer |  4.99 |
| Mike Hillyer |  4.99 |
| Mike Hillyer |  2.99 |
| Mike Hillyer |  2.99 |
| Mike Hillyer |  4.99 |
| Mike Hillyer |  0.99 |
| Mike Hillyer |  2.99 |
| Mike Hillyer |  4.99 |
| Mike Hillyer |  4.99 |
| Mike Hillyer |  7.99 |
| Mike Hillyer |  9.99 |
| Mike Hillyer |  0.99 |
| Mike Hillyer |  2.99 |
| Mike Hillyer |  2.99 |
| Mike Hillyer |  4.99 |
| Mike Hillyer |  4.99 |
| Mike Hillyer |  7.99 |
| Mike Hillyer |  2.99 |
| Mike Hillyer |  3.99 |
| Mike Hillyer |  5.99 |
| Mike Hillyer |  4.99 |
| Mike Hillyer |  2.99 |
| Mike Hillyer |  4.99 |
| Mike Hillyer |  3.99 |
| Mike Hillyer |  4.99 |
| Mike Hillyer |  4.99 |
| Mike Hillyer |  0.99 |
| Mike Hillyer |  7.99 |
| Mike Hillyer |  0.99 |
| Mike Hillyer |  9.99 |
| Mike Hillyer |  4.99 |
| Mike Hillyer |  2.99 |
| Mike Hillyer |  4.99 |
| Mike Hillyer |  5.99 |
| Mike Hillyer |  4.99 |
| Mike Hillyer |  4.99 |
| Mike Hillyer |  4.99 |
| Mike Hillyer |  5.99 |
| Mike Hillyer |  0.99 |
| Mike Hillyer |  3.99 |
| Mike Hillyer |  2.99 |
| Mike Hillyer |  1.99 |
| Mike Hillyer |  2.99 |
| Mike Hillyer |  2.99 |
| Mike Hillyer |  2.99 |
| Mike Hillyer |  2.99 |
| Mike Hillyer |  0.99 |
| Mike Hillyer |  6.99 |
| Mike Hillyer |  2.99 |
| Mike Hillyer |  6.99 |
| Mike Hillyer |  2.99 |
| Mike Hillyer |  0.99 |
| Mike Hillyer |  2.99 |
| Mike Hillyer |  4.99 |
| Mike Hillyer |  6.99 |
| Mike Hillyer |  0.99 |
| Mike Hillyer |  1.99 |
| Mike Hillyer |  4.99 |
| Mike Hillyer |  0.99 |
| Mike Hillyer |  0.99 |
| Mike Hillyer |  0.99 |
| Mike Hillyer |  6.99 |
| Mike Hillyer |  2.99 |
| Mike Hillyer |  2.99 |
| Mike Hillyer |  6.99 |
| Mike Hillyer |  0.99 |
| Mike Hillyer |  0.99 |
| Mike Hillyer |  7.99 |
| Mike Hillyer |  6.99 |
| Mike Hillyer |  5.99 |
| Mike Hillyer |  6.99 |
| Mike Hillyer |  4.99 |
| Mike Hillyer |  2.99 |
| Mike Hillyer |  0.99 |
| Mike Hillyer |  7.99 |
| Mike Hillyer |  4.99 |
| Mike Hillyer |  5.99 |
| Mike Hillyer |  4.99 |
| Mike Hillyer |  4.99 |
| Mike Hillyer |  5.98 |
| Mike Hillyer |  5.99 |
| Mike Hillyer |  9.99 |
| Mike Hillyer |  0.99 |
| Mike Hillyer |  4.99 |
| Mike Hillyer |  6.99 |
| Mike Hillyer |  9.99 |
| Mike Hillyer |  9.99 |
| Mike Hillyer |  4.99 |
| Mike Hillyer |  5.99 |
| Mike Hillyer |  4.99 |
| Mike Hillyer |  8.99 |
| Mike Hillyer |  0.99 |
| Mike Hillyer |  0.99 |
| Mike Hillyer |  4.99 |
| Mike Hillyer |  8.99 |
| Mike Hillyer |  4.99 |
| Mike Hillyer |  4.99 |
| Mike Hillyer |  2.99 |
| Mike Hillyer |  4.99 |
| Mike Hillyer |  2.99 |
| Mike Hillyer |  2.99 |
| Mike Hillyer |  0.99 |
| Mike Hillyer |  2.99 |
| Mike Hillyer |  6.99 |
| Mike Hillyer |  3.99 |
| Mike Hillyer |  0.99 |
| Mike Hillyer |  4.99 |
| Mike Hillyer |  0.99 |
| Mike Hillyer |  2.99 |
| Mike Hillyer |  7.99 |
| Mike Hillyer |  3.99 |
| Mike Hillyer |  2.99 |
| Mike Hillyer |  6.99 |
| Mike Hillyer |  4.99 |
| Mike Hillyer |  4.99 |
| Mike Hillyer |  2.99 |
| Mike Hillyer |  4.99 |
| Mike Hillyer |  5.99 |
| Mike Hillyer |  3.99 |
| Mike Hillyer |  2.99 |
| Mike Hillyer |  2.99 |
| Mike Hillyer |  0.99 |
| Mike Hillyer |  9.99 |
| Mike Hillyer |  1.99 |
| Mike Hillyer |  2.99 |
| Mike Hillyer |  0.99 |
| Mike Hillyer |  2.99 |
| Mike Hillyer |  6.99 |
| Mike Hillyer | 10.99 |
| Mike Hillyer |  2.99 |
| Mike Hillyer |  4.99 |
| Mike Hillyer |  4.99 |
| Mike Hillyer |  4.99 |
| Mike Hillyer |  2.99 |
| Mike Hillyer |  1.99 |
| Mike Hillyer |  0.99 |
| Mike Hillyer |  0.99 |
| Mike Hillyer |  2.99 |
| Mike Hillyer |  6.99 |
| Mike Hillyer |  3.99 |
| Mike Hillyer |  0.99 |
| Mike Hillyer |  2.99 |
| Mike Hillyer |  4.99 |
| Mike Hillyer |  1.99 |
| Mike Hillyer |  4.99 |
| Mike Hillyer |  7.99 |
| Mike Hillyer |  0.99 |
| Mike Hillyer |  1.99 |
| Mike Hillyer |  2.99 |
| Mike Hillyer |  6.99 |
| Mike Hillyer |  2.99 |
| Mike Hillyer |  4.99 |
| Mike Hillyer |  2.99 |
| Mike Hillyer |  2.99 |
| Mike Hillyer |  2.99 |
| Mike Hillyer |  2.99 |
| Mike Hillyer |  5.99 |
| Mike Hillyer |  0.99 |
| Mike Hillyer |  5.99 |
| Mike Hillyer |  4.99 |
| Mike Hillyer |  5.99 |
| Mike Hillyer |  0.99 |
| Mike Hillyer |  3.99 |
| Mike Hillyer |  3.99 |
| Mike Hillyer |  4.99 |
| Mike Hillyer |  4.99 |
| Mike Hillyer |  8.99 |
| Mike Hillyer |  6.99 |
| Mike Hillyer |  2.99 |
| Mike Hillyer |  2.99 |
| Mike Hillyer |  4.99 |
| Mike Hillyer |  2.99 |
| Mike Hillyer |  8.99 |
| Mike Hillyer |  5.99 |
| Mike Hillyer |  4.99 |
| Mike Hillyer | 10.99 |
| Mike Hillyer |  2.99 |
| Mike Hillyer |  0.99 |
| Mike Hillyer |  2.99 |
| Mike Hillyer |  4.99 |
| Mike Hillyer |  9.99 |
| Mike Hillyer |  5.99 |
| Mike Hillyer |  4.99 |
| Mike Hillyer |  1.99 |
| Mike Hillyer |  3.99 |
| Mike Hillyer |  9.99 |
| Mike Hillyer |  4.99 |
| Mike Hillyer |  2.99 |
| Mike Hillyer |  2.99 |
| Mike Hillyer |  2.99 |
| Mike Hillyer |  4.99 |
| Mike Hillyer |  6.99 |
| Mike Hillyer |  4.99 |
| Mike Hillyer |  8.99 |
| Mike Hillyer |  7.99 |
| Mike Hillyer |  1.99 |
| Mike Hillyer |  2.99 |
| Mike Hillyer |  4.99 |
| Mike Hillyer |  7.99 |
| Mike Hillyer |  4.99 |
| Mike Hillyer |  2.99 |
| Mike Hillyer |  6.99 |
| Mike Hillyer |  2.99 |
| Mike Hillyer |  5.99 |
| Mike Hillyer |  2.99 |
| Mike Hillyer |  5.99 |
| Mike Hillyer |  5.99 |
| Mike Hillyer |  2.99 |
| Mike Hillyer |  2.99 |
| Mike Hillyer |  1.99 |
| Mike Hillyer |  1.99 |
| Mike Hillyer |  2.99 |
| Mike Hillyer |  1.99 |
| Mike Hillyer |  9.99 |
| Mike Hillyer |  1.99 |
| Mike Hillyer |  1.99 |
| Mike Hillyer |  2.99 |
| Mike Hillyer |  2.99 |
| Mike Hillyer |  7.99 |
| Mike Hillyer |  9.99 |
| Mike Hillyer |  7.99 |
| Mike Hillyer |  3.99 |
| Mike Hillyer |  0.99 |
| Mike Hillyer |  0.99 |
| Mike Hillyer |  6.99 |
| Mike Hillyer |  6.99 |
| Mike Hillyer |  5.99 |
| Mike Hillyer |  4.99 |
| Mike Hillyer |  0.99 |
| Mike Hillyer |  2.99 |
| Mike Hillyer |  4.99 |
| Mike Hillyer |  4.99 |
| Mike Hillyer |  5.99 |
| Mike Hillyer |  6.99 |
| Mike Hillyer |  5.99 |
| Mike Hillyer |  2.99 |
| Mike Hillyer |  2.99 |
| Mike Hillyer |  4.99 |
| Mike Hillyer |  1.99 |
| Mike Hillyer |  2.99 |
| Mike Hillyer |  3.99 |
| Mike Hillyer |  3.99 |
| Mike Hillyer |  2.99 |
| Mike Hillyer |  8.99 |
| Mike Hillyer |  2.99 |
| Mike Hillyer |  0.99 |
| Mike Hillyer |  5.99 |
| Mike Hillyer |  8.99 |
| Mike Hillyer |  6.99 |
| Mike Hillyer |  4.99 |
| Mike Hillyer |  2.99 |
| Mike Hillyer |  0.99 |
| Mike Hillyer |  0.99 |
| Mike Hillyer |  2.99 |
| Mike Hillyer |  0.99 |
| Mike Hillyer | 10.99 |
| Mike Hillyer |  2.99 |
| Mike Hillyer |  1.99 |
| Mike Hillyer |  5.99 |
| Mike Hillyer |  4.99 |
| Mike Hillyer |  3.99 |
| Mike Hillyer |  2.99 |
| Mike Hillyer |  3.99 |
| Mike Hillyer |  2.99 |
| Mike Hillyer |  7.99 |
| Mike Hillyer |  0.99 |
| Mike Hillyer |  8.99 |
| Mike Hillyer |  0.99 |
| Mike Hillyer |  4.99 |
| Mike Hillyer |  3.99 |
| Mike Hillyer |  4.99 |
| Mike Hillyer |  5.99 |
| Mike Hillyer |  8.99 |
| Mike Hillyer |  2.99 |
| Mike Hillyer |  0.99 |
| Mike Hillyer |  5.99 |
| Mike Hillyer |  2.99 |
| Mike Hillyer |  2.99 |
| Mike Hillyer |  7.99 |
| Mike Hillyer |  4.99 |
| Mike Hillyer |  2.99 |
| Mike Hillyer |  2.99 |
| Mike Hillyer |  0.99 |
| Mike Hillyer |  6.99 |
| Mike Hillyer |  5.99 |
| Mike Hillyer |  0.99 |
| Mike Hillyer |  4.99 |
| Mike Hillyer |  3.99 |
| Mike Hillyer |  3.99 |
| Mike Hillyer |  4.99 |
| Mike Hillyer |  2.99 |
| Mike Hillyer |  0.99 |
| Mike Hillyer |  0.99 |
| Mike Hillyer | 10.99 |
| Mike Hillyer |  5.99 |
| Mike Hillyer |  4.99 |
| Mike Hillyer |  4.99 |
| Mike Hillyer |  6.99 |
| Mike Hillyer |  6.99 |
| Mike Hillyer |  3.99 |
| Mike Hillyer |  0.99 |
| Mike Hillyer |  4.99 |
| Mike Hillyer |  0.99 |
| Mike Hillyer |  5.99 |
| Mike Hillyer |  7.99 |
| Mike Hillyer |  9.99 |
| Mike Hillyer |  4.99 |
| Mike Hillyer |  0.99 |
| Mike Hillyer |  0.99 |
| Mike Hillyer |  4.99 |
| Mike Hillyer |  6.99 |
| Mike Hillyer |  0.99 |
| Mike Hillyer | 10.99 |
| Mike Hillyer |  1.99 |
| Mike Hillyer |  2.99 |
| Mike Hillyer |  0.99 |
| Mike Hillyer |  6.99 |
| Mike Hillyer |  6.99 |
| Mike Hillyer |  2.99 |
| Mike Hillyer |  7.99 |
| Mike Hillyer |  8.99 |
| Mike Hillyer |  7.99 |
| Mike Hillyer |  2.99 |
| Mike Hillyer |  2.99 |
| Mike Hillyer |  4.99 |
| Mike Hillyer |  5.99 |
| Mike Hillyer |  0.99 |
| Mike Hillyer |  2.99 |
| Mike Hillyer |  8.99 |
| Mike Hillyer |  3.99 |
| Mike Hillyer |  2.99 |
| Mike Hillyer |  4.99 |
| Mike Hillyer |  4.99 |
| Mike Hillyer |  4.99 |
| Mike Hillyer |  4.99 |
| Mike Hillyer |  0.99 |
| Mike Hillyer |  4.99 |
| Mike Hillyer |  0.99 |
| Mike Hillyer |  5.99 |
| Mike Hillyer |  3.99 |
| Mike Hillyer | 10.99 |
| Mike Hillyer |  0.99 |
| Mike Hillyer |  6.99 |
| Mike Hillyer |  3.99 |
| Mike Hillyer |  6.99 |
| Mike Hillyer |  2.99 |
| Mike Hillyer |  4.99 |
| Mike Hillyer |  4.99 |
| Mike Hillyer |  0.99 |
| Mike Hillyer |  6.99 |
| Mike Hillyer |  0.99 |
| Mike Hillyer |  5.99 |
| Mike Hillyer |  0.99 |
| Mike Hillyer |  4.99 |
| Mike Hillyer |  4.99 |
| Mike Hillyer |  4.99 |
| Mike Hillyer | 11.99 |
| Mike Hillyer |  0.99 |
| Mike Hillyer |  2.99 |
| Mike Hillyer |  2.99 |
| Mike Hillyer |  8.99 |
| Mike Hillyer |  7.99 |
| Mike Hillyer |  2.99 |
| Mike Hillyer |  4.99 |
| Mike Hillyer |  6.99 |
| Mike Hillyer |  6.99 |
| Mike Hillyer |  4.99 |
| Mike Hillyer |  6.99 |
| Mike Hillyer |  4.99 |
| Mike Hillyer |  0.99 |
| Mike Hillyer |  0.99 |
| Mike Hillyer |  6.99 |
| Mike Hillyer |  0.99 |
| Mike Hillyer |  7.99 |
| Mike Hillyer |  2.99 |
| Mike Hillyer |  4.99 |
| Mike Hillyer |  0.99 |
| Mike Hillyer |  4.99 |
| Mike Hillyer |  2.99 |
| Mike Hillyer |  4.99 |
| Mike Hillyer |  1.99 |
| Mike Hillyer |  6.99 |
| Mike Hillyer |  0.99 |
| Mike Hillyer |  4.99 |
| Mike Hillyer |  2.99 |
| Mike Hillyer |  4.99 |
| Mike Hillyer |  6.99 |
| Mike Hillyer |  4.99 |
| Mike Hillyer |  2.99 |
| Mike Hillyer |  4.99 |
| Mike Hillyer |  3.99 |
| Mike Hillyer |  0.99 |
| Mike Hillyer | 10.99 |
| Mike Hillyer |  2.99 |
| Mike Hillyer |  3.99 |
| Mike Hillyer |  0.99 |
| Mike Hillyer |  6.99 |
| Mike Hillyer |  4.99 |
| Mike Hillyer |  0.99 |
| Mike Hillyer |  2.99 |
| Mike Hillyer |  7.99 |
| Mike Hillyer |  0.99 |
| Mike Hillyer |  0.99 |
| Mike Hillyer |  0.99 |
| Mike Hillyer |  7.99 |
| Mike Hillyer |  3.99 |
| Mike Hillyer |  8.99 |
| Mike Hillyer |  2.99 |
| Mike Hillyer |  2.99 |
| Mike Hillyer |  7.99 |
| Mike Hillyer |  2.99 |
| Mike Hillyer |  4.99 |
| Mike Hillyer |  2.99 |
| Mike Hillyer |  4.99 |
| Mike Hillyer |  6.99 |
| Mike Hillyer |  2.99 |
| Mike Hillyer |  4.99 |
| Mike Hillyer |  4.99 |
| Mike Hillyer |  4.99 |
| Mike Hillyer |  4.99 |
| Mike Hillyer |  5.99 |
| Mike Hillyer |  4.99 |
| Mike Hillyer |  2.99 |
| Mike Hillyer |  2.99 |
| Mike Hillyer |  2.99 |
| Mike Hillyer |  0.99 |
| Mike Hillyer |  2.99 |
| Mike Hillyer |  0.99 |
| Mike Hillyer |  2.99 |
| Mike Hillyer |  5.99 |
| Mike Hillyer |  2.99 |
| Mike Hillyer |  0.99 |
| Mike Hillyer |  5.99 |
| Mike Hillyer |  5.99 |
| Mike Hillyer |  7.99 |
| Mike Hillyer |  2.99 |
| Mike Hillyer |  4.99 |
| Mike Hillyer |  5.99 |
| Mike Hillyer |  2.99 |
| Mike Hillyer |  4.99 |
| Mike Hillyer |  2.99 |
| Mike Hillyer |  6.99 |
| Mike Hillyer |  4.99 |
| Mike Hillyer |  2.99 |
| Mike Hillyer |  8.99 |
| Mike Hillyer |  0.99 |
| Mike Hillyer |  2.99 |
| Mike Hillyer |  1.99 |
| Mike Hillyer |  3.99 |
| Mike Hillyer |  5.99 |
| Mike Hillyer |  2.99 |
| Mike Hillyer |  4.99 |
| Mike Hillyer |  6.99 |
| Mike Hillyer |  4.99 |
| Mike Hillyer |  6.99 |
| Mike Hillyer |  3.99 |
| Mike Hillyer |  2.99 |
| Mike Hillyer |  0.99 |
| Mike Hillyer |  3.99 |
| Mike Hillyer |  4.99 |
| Mike Hillyer |  6.99 |
| Mike Hillyer |  7.99 |
| Mike Hillyer |  5.99 |
| Mike Hillyer |  2.99 |
| Mike Hillyer |  3.99 |
| Mike Hillyer |  4.99 |
| Mike Hillyer |  0.99 |
| Mike Hillyer |  5.99 |
| Mike Hillyer |  4.99 |
| Mike Hillyer |  3.99 |
| Mike Hillyer |  2.99 |
| Mike Hillyer |  0.99 |
| Mike Hillyer |  2.99 |
| Mike Hillyer |  0.99 |
| Mike Hillyer |  5.99 |
| Mike Hillyer |  2.99 |
| Mike Hillyer |  3.99 |
| Mike Hillyer |  2.99 |
| Mike Hillyer |  3.99 |
| Mike Hillyer |  0.99 |
| Mike Hillyer |  2.99 |
| Mike Hillyer |  4.99 |
| Mike Hillyer |  8.99 |
| Mike Hillyer |  4.99 |
| Mike Hillyer |  2.99 |
| Mike Hillyer |  2.99 |
| Mike Hillyer |  4.99 |
| Mike Hillyer |  4.99 |
| Mike Hillyer |  4.99 |
| Mike Hillyer |  5.99 |
| Mike Hillyer |  2.99 |
| Mike Hillyer |  6.99 |
| Mike Hillyer |  4.99 |
| Mike Hillyer |  8.99 |
| Mike Hillyer |  1.99 |
| Mike Hillyer |  4.99 |
| Mike Hillyer |  4.99 |
| Mike Hillyer |  4.99 |
| Mike Hillyer |  2.99 |
| Mike Hillyer |  5.99 |
| Mike Hillyer |  4.99 |
| Mike Hillyer |  1.99 |
| Mike Hillyer |  4.99 |
| Mike Hillyer |  4.99 |
| Mike Hillyer |  7.99 |
| Mike Hillyer |  0.99 |
| Mike Hillyer |  2.99 |
| Mike Hillyer |  6.99 |
| Mike Hillyer |  0.99 |
| Mike Hillyer |  0.99 |
| Mike Hillyer |  8.99 |
| Mike Hillyer |  0.99 |
| Mike Hillyer |  2.99 |
| Mike Hillyer |  2.99 |
| Mike Hillyer |  4.99 |
| Mike Hillyer |  2.99 |
| Mike Hillyer |  8.99 |
| Mike Hillyer |  2.99 |
| Mike Hillyer |  4.99 |
| Mike Hillyer |  5.99 |
| Mike Hillyer |  4.99 |
| Mike Hillyer |  2.99 |
| Mike Hillyer |  4.99 |
| Mike Hillyer |  0.99 |
| Mike Hillyer |  9.99 |
| Mike Hillyer |  2.99 |
| Mike Hillyer |  2.99 |
| Mike Hillyer |  4.99 |
| Mike Hillyer |  8.99 |
| Mike Hillyer |  0.99 |
| Mike Hillyer |  2.99 |
| Mike Hillyer |  9.99 |
| Mike Hillyer |  3.99 |
| Mike Hillyer |  2.99 |
| Mike Hillyer |  2.99 |
| Mike Hillyer |  4.99 |
| Mike Hillyer |  4.99 |
| Mike Hillyer |  8.99 |
| Mike Hillyer |  2.99 |
| Mike Hillyer |  4.99 |
| Mike Hillyer |  4.99 |
| Mike Hillyer |  6.99 |
| Mike Hillyer |  0.99 |
| Mike Hillyer |  6.99 |
| Mike Hillyer |  4.99 |
| Mike Hillyer |  3.99 |
| Mike Hillyer |  4.99 |
| Mike Hillyer |  0.99 |
| Mike Hillyer |  0.99 |
| Mike Hillyer |  0.99 |
| Mike Hillyer |  2.99 |
| Mike Hillyer |  5.99 |
| Mike Hillyer |  0.99 |
| Mike Hillyer |  4.99 |
| Mike Hillyer |  5.99 |
| Mike Hillyer |  5.99 |
| Mike Hillyer |  0.99 |
| Mike Hillyer |  2.99 |
| Mike Hillyer |  6.99 |
| Mike Hillyer |  4.99 |
| Mike Hillyer |  6.99 |
| Mike Hillyer |  4.99 |
| Mike Hillyer |  2.99 |
| Mike Hillyer |  8.99 |
| Mike Hillyer |  0.99 |
| Mike Hillyer |  7.99 |
| Mike Hillyer |  0.99 |
| Mike Hillyer |  4.99 |
| Mike Hillyer |  3.99 |
| Mike Hillyer |  4.99 |
| Mike Hillyer |  7.99 |
| Mike Hillyer |  4.99 |
| Mike Hillyer |  1.99 |
| Mike Hillyer |  9.99 |
| Mike Hillyer |  0.99 |
| Mike Hillyer |  4.99 |
| Mike Hillyer |  5.99 |
| Mike Hillyer |  4.99 |
| Mike Hillyer |  3.99 |
| Mike Hillyer |  1.99 |
| Mike Hillyer |  0.99 |
| Mike Hillyer |  2.99 |
| Mike Hillyer |  4.99 |
| Mike Hillyer |  0.99 |
| Mike Hillyer |  3.99 |
| Mike Hillyer |  4.99 |
| Mike Hillyer |  2.99 |
| Mike Hillyer |  5.99 |
| Mike Hillyer |  2.99 |
| Mike Hillyer |  3.99 |
| Mike Hillyer |  4.99 |
| Mike Hillyer |  0.99 |
| Mike Hillyer |  0.99 |
| Mike Hillyer |  4.99 |
| Mike Hillyer |  0.99 |
| Mike Hillyer |  0.99 |
| Mike Hillyer |  2.99 |
| Mike Hillyer |  7.99 |
| Mike Hillyer |  3.99 |
| Mike Hillyer |  4.99 |
| Mike Hillyer |  2.99 |
| Mike Hillyer |  6.99 |
| Mike Hillyer |  2.99 |
| Mike Hillyer |  8.99 |
| Mike Hillyer |  4.99 |
| Mike Hillyer |  5.99 |
| Mike Hillyer |  5.99 |
| Mike Hillyer |  4.99 |
| Mike Hillyer |  4.99 |
| Mike Hillyer |  0.99 |
| Mike Hillyer |  3.99 |
| Mike Hillyer |  5.99 |
| Mike Hillyer |  6.99 |
| Mike Hillyer |  4.99 |
| Mike Hillyer |  4.99 |
| Mike Hillyer |  7.99 |
| Mike Hillyer |  5.99 |
| Mike Hillyer |  2.99 |
| Mike Hillyer |  5.99 |
| Mike Hillyer |  4.99 |
| Mike Hillyer |  0.99 |
| Mike Hillyer |  6.99 |
| Mike Hillyer |  4.99 |
| Mike Hillyer |  4.99 |
| Mike Hillyer |  4.99 |
| Mike Hillyer |  0.99 |
| Mike Hillyer |  2.99 |
| Mike Hillyer |  0.99 |
| Mike Hillyer |  4.99 |
| Mike Hillyer |  0.99 |
| Mike Hillyer |  4.99 |
| Mike Hillyer |  0.99 |
| Mike Hillyer |  4.99 |
| Mike Hillyer |  2.99 |
| Mike Hillyer |  5.99 |
| Mike Hillyer |  9.99 |
| Mike Hillyer |  2.99 |
| Mike Hillyer |  4.99 |
| Mike Hillyer |  0.99 |
| Mike Hillyer |  4.99 |
| Mike Hillyer |  1.99 |
| Mike Hillyer |  6.99 |
| Mike Hillyer |  2.99 |
| Mike Hillyer |  2.99 |
| Mike Hillyer |  4.99 |
| Mike Hillyer |  2.99 |
| Mike Hillyer |  3.99 |
| Mike Hillyer |  3.99 |
| Mike Hillyer |  4.99 |
| Mike Hillyer |  0.99 |
| Mike Hillyer |  2.99 |
| Mike Hillyer |  5.99 |
| Mike Hillyer |  0.99 |
| Mike Hillyer |  2.99 |
| Mike Hillyer |  5.99 |
| Mike Hillyer |  4.99 |
| Mike Hillyer |  1.99 |
| Mike Hillyer |  4.99 |
| Mike Hillyer |  6.99 |
| Mike Hillyer |  0.99 |
| Mike Hillyer |  6.99 |
| Mike Hillyer |  7.99 |
| Mike Hillyer |  2.99 |
| Mike Hillyer |  6.99 |
| Mike Hillyer |  8.99 |
| Mike Hillyer |  4.99 |
| Mike Hillyer |  2.99 |
| Mike Hillyer |  3.99 |
| Mike Hillyer |  6.99 |
| Mike Hillyer |  4.99 |
| Mike Hillyer |  1.99 |
| Mike Hillyer |  5.99 |
| Mike Hillyer |  0.99 |
| Mike Hillyer |  2.99 |
| Mike Hillyer |  4.99 |
| Mike Hillyer |  2.99 |
| Mike Hillyer |  2.99 |
| Mike Hillyer |  4.99 |
| Mike Hillyer |  0.99 |
| Mike Hillyer |  2.99 |
| Mike Hillyer |  2.99 |
| Mike Hillyer |  2.99 |
| Mike Hillyer |  4.99 |
| Mike Hillyer |  4.99 |
| Mike Hillyer |  4.99 |
| Mike Hillyer | 10.99 |
| Mike Hillyer |  2.99 |
| Mike Hillyer |  1.99 |
| Mike Hillyer |  5.99 |
| Mike Hillyer |  0.99 |
| Mike Hillyer |  5.99 |
| Mike Hillyer |  5.99 |
| Mike Hillyer |  2.99 |
| Mike Hillyer |  0.99 |
| Mike Hillyer |  7.99 |
| Mike Hillyer |  1.99 |
| Mike Hillyer |  2.99 |
| Mike Hillyer |  2.99 |
| Mike Hillyer |  6.99 |
| Mike Hillyer |  6.99 |
| Mike Hillyer |  6.99 |
| Mike Hillyer |  1.99 |
| Mike Hillyer |  0.99 |
| Mike Hillyer |  1.99 |
| Mike Hillyer |  5.99 |
| Mike Hillyer |  0.99 |
| Mike Hillyer |  4.99 |
| Mike Hillyer |  0.99 |
| Mike Hillyer |  5.99 |
| Mike Hillyer |  3.99 |
| Mike Hillyer |  4.99 |
| Mike Hillyer |  2.99 |
| Mike Hillyer |  6.99 |
| Mike Hillyer |  1.99 |
| Mike Hillyer |  2.99 |
| Mike Hillyer |  1.99 |
| Mike Hillyer |  4.99 |
| Mike Hillyer |  2.99 |
| Mike Hillyer |  6.99 |
| Mike Hillyer |  3.99 |
| Mike Hillyer |  4.99 |
| Mike Hillyer |  2.99 |
| Mike Hillyer |  4.99 |
| Mike Hillyer |  6.99 |
| Mike Hillyer |  8.99 |
| Mike Hillyer |  4.99 |
| Mike Hillyer |  4.99 |
| Mike Hillyer |  6.99 |
| Mike Hillyer |  4.99 |
| Mike Hillyer |  2.99 |
| Mike Hillyer |  7.99 |
| Mike Hillyer |  2.99 |
| Mike Hillyer |  3.99 |
| Mike Hillyer |  4.99 |
| Mike Hillyer |  2.99 |
| Mike Hillyer |  1.99 |
| Mike Hillyer |  2.99 |
| Mike Hillyer |  0.99 |
| Mike Hillyer |  7.99 |
| Mike Hillyer |  3.99 |
| Mike Hillyer |  0.99 |
| Mike Hillyer |  4.99 |
| Mike Hillyer |  0.99 |
| Mike Hillyer |  4.99 |
| Mike Hillyer |  8.99 |
| Mike Hillyer |  4.99 |
| Mike Hillyer |  0.99 |
| Mike Hillyer |  7.99 |
| Mike Hillyer |  0.99 |
| Mike Hillyer |  2.99 |
| Mike Hillyer |  5.99 |
| Mike Hillyer |  0.99 |
| Mike Hillyer |  1.99 |
| Mike Hillyer |  2.99 |
| Mike Hillyer |  2.99 |
| Mike Hillyer |  2.99 |
| Mike Hillyer |  2.99 |
| Mike Hillyer |  2.99 |
| Mike Hillyer |  6.99 |
| Mike Hillyer |  0.99 |
| Mike Hillyer |  8.99 |
| Mike Hillyer |  2.99 |
| Mike Hillyer | 10.99 |
| Mike Hillyer |  0.99 |
| Mike Hillyer |  6.99 |
| Mike Hillyer |  4.99 |
| Mike Hillyer |  8.99 |
| Mike Hillyer |  5.99 |
| Mike Hillyer |  5.99 |
| Mike Hillyer |  6.99 |
| Mike Hillyer |  2.99 |
| Mike Hillyer |  0.99 |
| Mike Hillyer |  2.99 |
| Mike Hillyer |  4.99 |
| Mike Hillyer |  4.99 |
| Mike Hillyer |  0.99 |
| Mike Hillyer |  3.99 |
| Mike Hillyer |  6.99 |
| Mike Hillyer |  4.99 |
| Mike Hillyer |  4.99 |
| Mike Hillyer |  0.99 |
| Mike Hillyer |  5.99 |
| Mike Hillyer |  6.99 |
| Mike Hillyer |  0.99 |
| Mike Hillyer |  4.99 |
| Mike Hillyer |  5.99 |
| Mike Hillyer |  0.99 |
| Mike Hillyer |  4.99 |
| Mike Hillyer |  2.99 |
| Mike Hillyer |  4.99 |
| Mike Hillyer |  0.99 |
| Mike Hillyer |  7.99 |
| Mike Hillyer |  0.99 |
| Mike Hillyer |  2.99 |
| Mike Hillyer |  3.99 |
| Mike Hillyer |  2.99 |
| Mike Hillyer |  5.99 |
| Mike Hillyer |  4.99 |
| Mike Hillyer |  6.99 |
| Mike Hillyer |  4.99 |
| Mike Hillyer |  4.99 |
| Mike Hillyer |  0.99 |
| Mike Hillyer |  3.99 |
| Mike Hillyer |  6.99 |
| Mike Hillyer |  0.99 |
| Mike Hillyer |  0.99 |
| Mike Hillyer |  4.99 |
| Mike Hillyer |  2.99 |
| Mike Hillyer |  0.99 |
| Mike Hillyer |  3.99 |
| Mike Hillyer |  5.99 |
| Mike Hillyer |  0.99 |
| Mike Hillyer |  4.99 |
| Mike Hillyer |  3.99 |
| Mike Hillyer |  5.99 |
| Mike Hillyer |  5.99 |
| Mike Hillyer |  0.99 |
| Mike Hillyer |  2.99 |
| Mike Hillyer |  0.99 |
| Mike Hillyer |  0.99 |
| Mike Hillyer |  4.99 |
| Mike Hillyer |  2.99 |
| Mike Hillyer |  2.99 |
| Mike Hillyer |  8.99 |
| Mike Hillyer |  0.99 |
| Mike Hillyer |  0.99 |
| Mike Hillyer |  2.99 |
| Mike Hillyer |  4.99 |
| Mike Hillyer |  2.99 |
| Mike Hillyer |  9.99 |
| Mike Hillyer |  2.99 |
| Mike Hillyer |  1.99 |
| Mike Hillyer |  7.99 |
| Mike Hillyer |  5.99 |
| Mike Hillyer |  2.99 |
| Mike Hillyer |  2.99 |
| Mike Hillyer |  9.99 |
| Mike Hillyer |  6.99 |
| Mike Hillyer |  2.99 |
| Mike Hillyer |  5.99 |
| Mike Hillyer |  2.99 |
| Mike Hillyer |  0.99 |
| Mike Hillyer |  2.99 |
| Mike Hillyer |  2.99 |
| Mike Hillyer |  0.99 |
| Mike Hillyer |  0.99 |
| Mike Hillyer |  4.99 |
| Mike Hillyer |  0.99 |
| Mike Hillyer |  6.99 |
| Mike Hillyer |  4.99 |
| Mike Hillyer |  2.99 |
| Mike Hillyer |  2.99 |
| Mike Hillyer |  4.99 |
| Mike Hillyer |  3.99 |
| Mike Hillyer |  3.99 |
| Mike Hillyer |  6.99 |
| Mike Hillyer |  8.99 |
| Mike Hillyer |  0.99 |
| Mike Hillyer |  5.99 |
| Mike Hillyer |  7.99 |
| Mike Hillyer |  3.99 |
| Mike Hillyer |  6.99 |
| Mike Hillyer |  0.99 |
| Mike Hillyer |  0.99 |
| Mike Hillyer |  3.99 |
| Mike Hillyer |  0.99 |
| Mike Hillyer |  3.99 |
| Mike Hillyer |  0.99 |
| Mike Hillyer |  2.99 |
| Mike Hillyer |  0.99 |
| Mike Hillyer |  0.99 |
| Mike Hillyer |  4.99 |
| Mike Hillyer |  2.99 |
| Mike Hillyer |  7.99 |
| Mike Hillyer |  6.99 |
| Mike Hillyer |  4.99 |
| Mike Hillyer |  2.99 |
| Mike Hillyer |  4.99 |
| Mike Hillyer | 10.99 |
| Mike Hillyer |  4.99 |
| Mike Hillyer |  4.99 |
| Mike Hillyer |  4.99 |
| Mike Hillyer |  5.99 |
| Mike Hillyer |  2.99 |
| Mike Hillyer |  8.99 |
| Mike Hillyer |  4.99 |
| Mike Hillyer |  6.99 |
| Mike Hillyer |  4.99 |
| Mike Hillyer |  2.99 |
| Mike Hillyer |  5.99 |
| Mike Hillyer |  4.99 |
| Mike Hillyer |  5.99 |
| Mike Hillyer |  0.99 |
| Mike Hillyer |  8.99 |
| Mike Hillyer |  0.99 |
| Mike Hillyer |  4.99 |
| Mike Hillyer |  8.99 |
| Mike Hillyer |  7.99 |
| Mike Hillyer |  5.99 |
| Mike Hillyer |  6.99 |
| Mike Hillyer |  2.99 |
| Mike Hillyer |  0.99 |
| Mike Hillyer |  4.99 |
| Mike Hillyer |  4.99 |
| Mike Hillyer |  3.99 |
| Mike Hillyer |  2.99 |
| Mike Hillyer |  2.99 |
| Mike Hillyer |  2.99 |
| Mike Hillyer |  8.99 |
| Mike Hillyer |  0.99 |
| Mike Hillyer |  8.99 |
| Mike Hillyer |  4.99 |
| Mike Hillyer |  6.99 |
| Mike Hillyer |  2.99 |
| Mike Hillyer |  4.99 |
| Mike Hillyer |  2.99 |
| Mike Hillyer |  2.99 |
| Mike Hillyer |  7.99 |
| Mike Hillyer |  1.99 |
| Mike Hillyer |  4.99 |
| Mike Hillyer |  4.99 |
| Mike Hillyer |  2.99 |
| Mike Hillyer |  0.99 |
| Mike Hillyer |  8.99 |
| Mike Hillyer |  2.99 |
| Mike Hillyer |  0.99 |
| Mike Hillyer |  4.99 |
| Mike Hillyer |  4.99 |
| Mike Hillyer |  4.99 |
| Mike Hillyer |  1.99 |
| Mike Hillyer |  5.99 |
| Mike Hillyer |  0.99 |
| Mike Hillyer |  4.99 |
| Mike Hillyer |  3.99 |
| Mike Hillyer |  4.99 |
| Mike Hillyer |  6.99 |
| Mike Hillyer |  5.99 |
| Mike Hillyer |  2.99 |
| Mike Hillyer |  4.99 |
| Mike Hillyer |  4.99 |
| Mike Hillyer |  0.99 |
| Mike Hillyer |  2.99 |
| Mike Hillyer |  0.99 |
| Mike Hillyer |  5.99 |
| Mike Hillyer |  2.99 |
| Mike Hillyer |  0.99 |
| Mike Hillyer |  2.99 |
| Mike Hillyer |  1.99 |
| Mike Hillyer |  0.99 |
| Mike Hillyer |  0.99 |
| Mike Hillyer |  1.99 |
| Mike Hillyer |  0.99 |
| Mike Hillyer |  2.99 |
| Mike Hillyer |  2.99 |
| Mike Hillyer |  0.99 |
| Mike Hillyer |  1.99 |
| Mike Hillyer |  0.99 |
| Mike Hillyer |  3.99 |
| Mike Hillyer |  4.99 |
| Mike Hillyer |  7.99 |
| Mike Hillyer |  6.99 |
| Mike Hillyer |  4.99 |
| Mike Hillyer |  2.99 |
| Mike Hillyer |  2.99 |
| Mike Hillyer |  0.99 |
| Mike Hillyer |  4.99 |
| Mike Hillyer |  4.99 |
| Mike Hillyer |  4.99 |
| Mike Hillyer |  2.99 |
| Mike Hillyer |  7.99 |
| Mike Hillyer |  4.99 |
| Mike Hillyer |  5.99 |
| Mike Hillyer |  2.99 |
| Mike Hillyer |  0.99 |
| Mike Hillyer |  5.99 |
| Mike Hillyer |  6.99 |
| Mike Hillyer |  2.99 |
| Mike Hillyer |  4.99 |
| Mike Hillyer |  3.99 |
| Mike Hillyer |  0.99 |
| Mike Hillyer |  5.99 |
| Mike Hillyer |  4.99 |
| Mike Hillyer |  1.99 |
| Mike Hillyer |  0.99 |
| Mike Hillyer |  0.99 |
| Mike Hillyer |  4.99 |
| Mike Hillyer |  6.99 |
| Mike Hillyer |  2.99 |
| Mike Hillyer |  5.99 |
| Mike Hillyer |  4.99 |
| Mike Hillyer |  3.99 |
| Mike Hillyer |  0.99 |
| Mike Hillyer |  4.99 |
| Mike Hillyer |  0.99 |
| Mike Hillyer |  5.99 |
| Mike Hillyer |  4.99 |
| Mike Hillyer |  2.99 |
| Mike Hillyer |  6.99 |
| Mike Hillyer |  3.99 |
| Mike Hillyer |  4.99 |
| Mike Hillyer |  5.99 |
| Mike Hillyer |  7.98 |
| Mike Hillyer |  0.00 |
| Mike Hillyer |  3.99 |
| Mike Hillyer |  2.99 |
| Mike Hillyer |  5.99 |
| Mike Hillyer |  6.99 |
| Mike Hillyer |  4.99 |
| Mike Hillyer |  5.99 |
| Mike Hillyer |  0.99 |
| Mike Hillyer |  2.99 |
| Mike Hillyer |  0.99 |
| Mike Hillyer |  3.99 |
| Mike Hillyer |  0.99 |
| Mike Hillyer |  0.99 |
| Mike Hillyer |  2.99 |
| Mike Hillyer |  4.99 |
| Mike Hillyer |  0.99 |
| Mike Hillyer |  4.99 |
| Mike Hillyer |  0.99 |
| Mike Hillyer |  2.99 |
| Mike Hillyer |  1.99 |
| Mike Hillyer |  0.99 |
| Mike Hillyer |  3.99 |
| Mike Hillyer |  5.99 |
| Mike Hillyer |  3.99 |
| Mike Hillyer |  4.99 |
| Mike Hillyer |  3.99 |
| Mike Hillyer |  0.99 |
| Mike Hillyer |  4.99 |
| Mike Hillyer |  2.99 |
| Mike Hillyer |  2.99 |
| Mike Hillyer |  4.99 |
| Mike Hillyer |  1.99 |
| Mike Hillyer |  3.99 |
| Mike Hillyer |  0.99 |
| Mike Hillyer |  0.99 |
| Mike Hillyer |  8.99 |
| Mike Hillyer |  0.99 |
| Mike Hillyer |  2.99 |
| Mike Hillyer |  5.99 |
| Mike Hillyer |  2.99 |
| Mike Hillyer |  2.99 |
| Mike Hillyer |  6.99 |
| Mike Hillyer |  0.99 |
| Mike Hillyer |  2.99 |
| Mike Hillyer |  5.99 |
| Mike Hillyer |  2.99 |
| Mike Hillyer |  2.99 |
| Mike Hillyer |  2.99 |
| Mike Hillyer |  2.99 |
| Mike Hillyer |  2.99 |
| Mike Hillyer |  2.99 |
| Mike Hillyer |  2.99 |
| Mike Hillyer |  0.99 |
| Mike Hillyer |  2.99 |
| Mike Hillyer |  4.99 |
| Mike Hillyer |  6.99 |
| Mike Hillyer |  2.99 |
| Mike Hillyer |  7.99 |
| Mike Hillyer |  8.99 |
| Mike Hillyer |  3.99 |
| Mike Hillyer |  0.99 |
| Mike Hillyer |  4.99 |
| Mike Hillyer |  2.99 |
| Mike Hillyer |  0.99 |
| Mike Hillyer |  4.99 |
| Mike Hillyer |  4.99 |
| Mike Hillyer |  4.99 |
| Mike Hillyer |  1.99 |
| Mike Hillyer |  1.99 |
| Mike Hillyer |  2.99 |
| Mike Hillyer |  4.99 |
| Mike Hillyer |  1.99 |
| Mike Hillyer |  0.99 |
| Mike Hillyer |  4.99 |
| Mike Hillyer |  7.99 |
| Mike Hillyer |  1.99 |
| Mike Hillyer |  3.99 |
| Mike Hillyer |  0.99 |
| Mike Hillyer |  2.99 |
| Mike Hillyer |  4.99 |
| Mike Hillyer |  2.99 |
| Mike Hillyer |  4.99 |
| Mike Hillyer |  2.99 |
| Mike Hillyer |  5.99 |
| Mike Hillyer |  6.99 |
| Mike Hillyer |  4.99 |
| Mike Hillyer |  4.99 |
| Mike Hillyer |  2.99 |
| Mike Hillyer |  5.99 |
| Mike Hillyer |  2.99 |
| Mike Hillyer |  0.99 |
| Mike Hillyer |  1.99 |
| Mike Hillyer |  2.99 |
| Mike Hillyer |  1.99 |
| Mike Hillyer |  4.99 |
| Mike Hillyer |  0.99 |
| Mike Hillyer |  2.99 |
| Mike Hillyer |  3.99 |
| Mike Hillyer |  0.99 |
| Mike Hillyer |  0.99 |
| Mike Hillyer |  6.99 |
| Mike Hillyer |  3.98 |
| Mike Hillyer |  0.00 |
| Mike Hillyer |  2.99 |
| Mike Hillyer |  2.99 |
| Mike Hillyer |  2.99 |
| Mike Hillyer |  4.99 |
| Mike Hillyer |  4.99 |
| Mike Hillyer |  4.99 |
| Mike Hillyer |  1.99 |
| Mike Hillyer |  2.99 |
| Mike Hillyer |  2.99 |
| Mike Hillyer |  0.99 |
| Mike Hillyer |  2.99 |
| Mike Hillyer |  4.99 |
| Mike Hillyer |  6.99 |
| Mike Hillyer |  6.99 |
| Mike Hillyer |  5.99 |
| Mike Hillyer | 11.99 |
| Mike Hillyer |  4.99 |
| Mike Hillyer |  2.99 |
| Mike Hillyer |  3.99 |
| Mike Hillyer |  4.99 |
| Mike Hillyer |  4.99 |
| Mike Hillyer |  3.99 |
| Mike Hillyer |  6.99 |
| Mike Hillyer |  2.99 |
| Mike Hillyer |  4.99 |
| Mike Hillyer |  8.99 |
| Mike Hillyer |  6.99 |
| Mike Hillyer |  9.99 |
| Mike Hillyer |  2.99 |
| Mike Hillyer |  5.99 |
| Mike Hillyer |  4.99 |
| Mike Hillyer |  5.99 |
| Mike Hillyer |  2.99 |
| Mike Hillyer |  4.99 |
| Mike Hillyer |  0.99 |
| Mike Hillyer | 10.99 |
| Mike Hillyer |  2.99 |
| Mike Hillyer |  0.99 |
| Mike Hillyer |  4.99 |
| Mike Hillyer |  1.99 |
| Mike Hillyer |  4.99 |
| Mike Hillyer |  0.99 |
| Mike Hillyer |  4.99 |
| Mike Hillyer |  1.99 |
| Mike Hillyer |  6.99 |
| Mike Hillyer |  4.99 |
| Mike Hillyer |  2.99 |
| Mike Hillyer |  1.99 |
| Mike Hillyer |  4.99 |
| Mike Hillyer |  7.99 |
| Mike Hillyer |  4.99 |
| Mike Hillyer |  3.99 |
| Mike Hillyer |  2.99 |
| Mike Hillyer |  8.99 |
| Mike Hillyer |  2.99 |
| Mike Hillyer |  2.99 |
| Mike Hillyer |  5.99 |
| Mike Hillyer |  6.99 |
| Mike Hillyer |  4.99 |
| Mike Hillyer |  0.99 |
| Mike Hillyer |  1.99 |
| Mike Hillyer |  2.99 |
| Mike Hillyer |  6.99 |
| Mike Hillyer |  6.99 |
| Mike Hillyer |  2.99 |
| Mike Hillyer |  4.99 |
| Mike Hillyer |  4.99 |
| Mike Hillyer |  2.99 |
| Mike Hillyer |  4.99 |
| Mike Hillyer |  4.99 |
| Mike Hillyer |  2.99 |
| Mike Hillyer |  2.99 |
| Mike Hillyer |  6.99 |
| Mike Hillyer |  2.99 |
| Mike Hillyer |  4.99 |
| Mike Hillyer |  0.99 |
| Mike Hillyer |  2.99 |
| Mike Hillyer |  0.99 |
| Mike Hillyer |  8.99 |
| Mike Hillyer |  0.99 |
| Mike Hillyer |  3.99 |
| Mike Hillyer |  4.99 |
| Mike Hillyer |  4.99 |
| Mike Hillyer |  4.99 |
| Mike Hillyer |  6.99 |
| Mike Hillyer | 10.99 |
| Mike Hillyer |  5.99 |
| Mike Hillyer |  5.99 |
| Mike Hillyer |  2.99 |
| Mike Hillyer |  2.99 |
| Mike Hillyer |  0.99 |
| Mike Hillyer |  9.99 |
| Mike Hillyer |  4.99 |
| Mike Hillyer |  4.99 |
| Mike Hillyer |  4.99 |
| Mike Hillyer |  0.99 |
| Mike Hillyer |  4.99 |
| Mike Hillyer |  5.99 |
| Mike Hillyer |  2.99 |
| Mike Hillyer |  0.99 |
| Mike Hillyer |  5.99 |
| Mike Hillyer |  6.99 |
| Mike Hillyer |  0.99 |
| Mike Hillyer |  4.99 |
| Mike Hillyer |  7.99 |
| Mike Hillyer |  2.99 |
| Mike Hillyer |  2.99 |
| Mike Hillyer |  4.99 |
| Mike Hillyer |  4.99 |
| Mike Hillyer |  0.99 |
| Mike Hillyer |  6.99 |
| Mike Hillyer |  1.99 |
| Mike Hillyer |  2.99 |
| Mike Hillyer |  0.99 |
| Mike Hillyer |  4.99 |
| Mike Hillyer |  0.99 |
| Mike Hillyer |  4.99 |
| Mike Hillyer |  0.99 |
| Mike Hillyer |  0.99 |
| Mike Hillyer |  0.99 |
| Mike Hillyer |  6.99 |
| Mike Hillyer |  4.99 |
| Mike Hillyer |  1.99 |
| Mike Hillyer |  4.99 |
| Mike Hillyer |  0.99 |
| Mike Hillyer |  3.99 |
| Mike Hillyer |  4.99 |
| Mike Hillyer |  5.99 |
| Mike Hillyer |  3.99 |
| Mike Hillyer |  5.99 |
| Mike Hillyer |  0.99 |
| Mike Hillyer |  2.99 |
| Mike Hillyer |  1.99 |
| Mike Hillyer |  6.99 |
| Mike Hillyer |  3.99 |
| Mike Hillyer |  1.99 |
| Mike Hillyer |  4.99 |
| Mike Hillyer |  2.99 |
| Mike Hillyer |  1.99 |
| Mike Hillyer |  0.99 |
| Mike Hillyer |  3.99 |
| Mike Hillyer |  4.99 |
| Mike Hillyer |  4.99 |
| Mike Hillyer |  8.99 |
| Mike Hillyer |  0.99 |
| Mike Hillyer | 10.99 |
| Mike Hillyer |  2.99 |
| Mike Hillyer |  4.99 |
| Mike Hillyer |  2.99 |
| Mike Hillyer |  0.99 |
| Mike Hillyer |  2.99 |
| Mike Hillyer |  2.99 |
| Mike Hillyer |  2.99 |
| Mike Hillyer |  2.99 |
| Mike Hillyer |  4.99 |
| Mike Hillyer |  3.99 |
| Mike Hillyer |  4.99 |
| Mike Hillyer |  2.99 |
| Mike Hillyer |  2.99 |
| Mike Hillyer |  6.99 |
| Mike Hillyer |  4.99 |
| Mike Hillyer |  2.99 |
| Mike Hillyer |  0.99 |
| Mike Hillyer |  0.99 |
| Mike Hillyer |  2.99 |
| Mike Hillyer |  5.99 |
| Mike Hillyer |  0.99 |
| Mike Hillyer |  3.99 |
| Mike Hillyer |  4.99 |
| Mike Hillyer |  2.99 |
| Mike Hillyer |  1.99 |
| Mike Hillyer |  2.99 |
| Mike Hillyer |  6.99 |
| Mike Hillyer |  2.99 |
| Mike Hillyer |  7.99 |
| Mike Hillyer |  5.99 |
| Mike Hillyer |  3.99 |
| Mike Hillyer |  4.99 |
| Mike Hillyer |  0.99 |
| Mike Hillyer |  0.99 |
| Mike Hillyer |  3.99 |
| Mike Hillyer |  4.99 |
| Mike Hillyer |  4.99 |
| Mike Hillyer |  6.99 |
| Mike Hillyer |  4.99 |
| Mike Hillyer |  5.99 |
| Mike Hillyer |  5.99 |
| Mike Hillyer |  7.99 |
| Mike Hillyer |  3.99 |
| Mike Hillyer |  3.99 |
| Mike Hillyer |  0.99 |
| Mike Hillyer |  0.99 |
| Mike Hillyer |  1.99 |
| Mike Hillyer |  1.99 |
| Mike Hillyer |  4.99 |
| Mike Hillyer |  6.99 |
| Mike Hillyer |  6.99 |
| Mike Hillyer |  2.99 |
| Mike Hillyer |  0.99 |
| Mike Hillyer |  2.99 |
| Mike Hillyer |  2.99 |
| Mike Hillyer |  4.99 |
| Mike Hillyer |  2.99 |
| Mike Hillyer |  5.99 |
| Mike Hillyer |  4.99 |
| Mike Hillyer |  6.99 |
| Mike Hillyer |  4.99 |
| Mike Hillyer |  0.99 |
| Mike Hillyer |  0.99 |
| Mike Hillyer |  4.99 |
| Mike Hillyer |  5.99 |
| Mike Hillyer |  6.99 |
| Mike Hillyer |  4.99 |
| Mike Hillyer |  2.99 |
| Mike Hillyer |  4.99 |
| Mike Hillyer |  0.99 |
| Mike Hillyer |  0.99 |
| Mike Hillyer |  0.99 |
| Mike Hillyer |  3.99 |
| Mike Hillyer |  5.99 |
| Mike Hillyer |  4.99 |
| Mike Hillyer |  4.99 |
| Mike Hillyer |  6.99 |
| Mike Hillyer |  8.99 |
| Mike Hillyer |  2.99 |
| Mike Hillyer |  5.99 |
| Mike Hillyer |  4.99 |
| Mike Hillyer |  2.99 |
| Mike Hillyer |  0.99 |
| Mike Hillyer |  3.99 |
| Mike Hillyer |  4.99 |
| Mike Hillyer |  4.99 |
| Mike Hillyer |  0.99 |
| Mike Hillyer |  0.99 |
| Mike Hillyer |  4.99 |
| Mike Hillyer |  2.99 |
| Mike Hillyer |  1.99 |
| Mike Hillyer |  2.99 |
| Mike Hillyer |  0.99 |
| Mike Hillyer |  0.99 |
| Mike Hillyer |  1.99 |
| Mike Hillyer |  0.99 |
| Mike Hillyer |  4.99 |
| Mike Hillyer |  8.99 |
| Mike Hillyer |  3.99 |
| Mike Hillyer |  2.99 |
| Mike Hillyer |  1.99 |
| Mike Hillyer |  4.99 |
| Mike Hillyer |  2.99 |
| Mike Hillyer |  0.99 |
| Mike Hillyer |  0.99 |
| Mike Hillyer |  7.99 |
| Mike Hillyer |  0.99 |
| Mike Hillyer |  5.99 |
| Mike Hillyer |  4.99 |
| Mike Hillyer |  1.99 |
| Mike Hillyer |  0.99 |
| Mike Hillyer |  2.99 |
| Mike Hillyer |  4.99 |
| Mike Hillyer |  4.99 |
| Mike Hillyer |  2.99 |
| Mike Hillyer |  4.99 |
| Mike Hillyer |  2.99 |
| Mike Hillyer |  4.99 |
| Mike Hillyer |  8.99 |
| Mike Hillyer |  5.99 |
| Mike Hillyer |  2.99 |
| Mike Hillyer |  4.99 |
| Mike Hillyer |  4.99 |
| Mike Hillyer |  7.99 |
| Mike Hillyer |  4.99 |
| Mike Hillyer |  4.99 |
| Mike Hillyer |  0.99 |
| Mike Hillyer |  0.99 |
| Mike Hillyer |  5.99 |
| Mike Hillyer |  0.99 |
| Mike Hillyer |  4.99 |
| Mike Hillyer |  4.99 |
| Mike Hillyer |  3.99 |
| Mike Hillyer |  3.99 |
| Mike Hillyer |  2.99 |
| Mike Hillyer |  3.99 |
| Mike Hillyer |  2.99 |
| Mike Hillyer |  4.99 |
| Mike Hillyer |  4.99 |
| Mike Hillyer |  2.99 |
| Mike Hillyer |  4.99 |
| Mike Hillyer |  2.99 |
| Mike Hillyer |  2.99 |
| Mike Hillyer |  3.99 |
| Mike Hillyer |  0.99 |
| Mike Hillyer |  6.99 |
| Mike Hillyer | 10.99 |
| Mike Hillyer |  3.99 |
| Mike Hillyer |  0.99 |
| Mike Hillyer |  3.99 |
| Mike Hillyer |  6.99 |
| Mike Hillyer |  6.99 |
| Mike Hillyer |  1.99 |
| Mike Hillyer |  2.99 |
| Mike Hillyer |  2.99 |
| Mike Hillyer |  2.99 |
| Mike Hillyer |  3.99 |
| Mike Hillyer |  1.99 |
| Mike Hillyer |  4.99 |
| Mike Hillyer |  0.99 |
| Mike Hillyer |  2.99 |
| Mike Hillyer |  2.99 |
| Mike Hillyer |  2.99 |
| Mike Hillyer |  0.99 |
| Mike Hillyer |  2.99 |
| Mike Hillyer |  0.99 |
| Mike Hillyer |  4.99 |
| Mike Hillyer |  4.99 |
| Mike Hillyer |  2.99 |
| Mike Hillyer |  0.99 |
| Mike Hillyer |  4.99 |
| Mike Hillyer |  1.99 |
| Mike Hillyer |  2.99 |
| Mike Hillyer |  4.99 |
| Mike Hillyer |  0.99 |
| Mike Hillyer |  9.99 |
| Mike Hillyer |  4.99 |
| Mike Hillyer |  6.99 |
| Mike Hillyer |  4.99 |
| Mike Hillyer |  8.99 |
| Mike Hillyer |  7.99 |
| Mike Hillyer |  2.99 |
| Mike Hillyer |  7.99 |
| Mike Hillyer |  2.99 |
| Mike Hillyer |  4.99 |
| Mike Hillyer |  3.99 |
| Mike Hillyer |  0.99 |
| Mike Hillyer |  0.99 |
| Mike Hillyer |  0.99 |
| Mike Hillyer |  4.99 |
| Mike Hillyer |  2.99 |
| Mike Hillyer |  4.99 |
| Mike Hillyer |  1.99 |
| Mike Hillyer |  6.99 |
| Mike Hillyer |  0.99 |
| Mike Hillyer |  0.99 |
| Mike Hillyer |  7.99 |
| Mike Hillyer |  9.99 |
| Mike Hillyer |  4.99 |
| Mike Hillyer |  1.99 |
| Mike Hillyer |  0.99 |
| Mike Hillyer |  5.99 |
| Mike Hillyer |  2.99 |
| Mike Hillyer |  2.99 |
| Mike Hillyer |  0.99 |
| Mike Hillyer |  0.99 |
| Mike Hillyer |  6.99 |
| Mike Hillyer |  2.99 |
| Mike Hillyer |  4.99 |
| Mike Hillyer |  2.99 |
| Mike Hillyer |  2.99 |
| Mike Hillyer |  2.99 |
| Mike Hillyer |  4.99 |
| Mike Hillyer |  0.99 |
| Mike Hillyer |  3.99 |
| Mike Hillyer |  4.99 |
| Mike Hillyer |  2.99 |
| Mike Hillyer |  2.99 |
| Mike Hillyer |  0.99 |
| Mike Hillyer |  6.99 |
| Mike Hillyer |  7.99 |
| Mike Hillyer |  2.99 |
| Mike Hillyer |  0.99 |
| Mike Hillyer |  2.99 |
| Mike Hillyer |  8.99 |
| Mike Hillyer |  0.99 |
| Mike Hillyer |  2.99 |
| Mike Hillyer |  4.99 |
| Mike Hillyer |  2.99 |
| Mike Hillyer |  3.99 |
| Mike Hillyer |  2.99 |
| Mike Hillyer |  5.99 |
| Mike Hillyer |  4.99 |
| Mike Hillyer |  2.99 |
| Mike Hillyer |  3.99 |
| Mike Hillyer |  2.99 |
| Mike Hillyer |  0.99 |
| Mike Hillyer |  7.99 |
| Mike Hillyer |  4.99 |
| Mike Hillyer |  3.99 |
| Mike Hillyer |  0.99 |
| Mike Hillyer |  0.99 |
| Mike Hillyer |  5.99 |
| Mike Hillyer |  0.99 |
| Mike Hillyer |  2.99 |
| Mike Hillyer |  0.99 |
| Mike Hillyer |  4.99 |
| Mike Hillyer |  6.99 |
| Mike Hillyer |  5.99 |
| Mike Hillyer |  0.99 |
| Mike Hillyer |  5.99 |
| Mike Hillyer |  4.99 |
| Mike Hillyer |  2.99 |
| Mike Hillyer |  2.99 |
| Mike Hillyer |  2.99 |
| Mike Hillyer |  4.99 |
| Mike Hillyer | 10.99 |
| Mike Hillyer |  0.99 |
| Mike Hillyer |  4.99 |
| Mike Hillyer |  4.99 |
| Mike Hillyer |  4.99 |
| Mike Hillyer |  3.99 |
| Mike Hillyer |  6.99 |
| Mike Hillyer |  0.99 |
| Mike Hillyer |  3.99 |
| Mike Hillyer |  4.99 |
| Mike Hillyer |  8.99 |
| Mike Hillyer |  6.99 |
| Mike Hillyer |  4.99 |
| Mike Hillyer |  4.99 |
| Mike Hillyer |  2.99 |
| Mike Hillyer |  2.99 |
| Mike Hillyer |  2.99 |
| Mike Hillyer |  5.99 |
| Mike Hillyer |  4.99 |
| Mike Hillyer |  7.99 |
| Mike Hillyer |  5.99 |
| Mike Hillyer |  2.99 |
| Mike Hillyer |  4.99 |
| Mike Hillyer |  5.99 |
| Mike Hillyer |  4.99 |
| Mike Hillyer |  0.99 |
| Mike Hillyer |  5.99 |
| Mike Hillyer |  0.99 |
| Mike Hillyer |  5.99 |
| Mike Hillyer |  4.99 |
| Mike Hillyer |  4.99 |
| Mike Hillyer |  5.99 |
| Mike Hillyer |  3.99 |
| Mike Hillyer |  4.99 |
| Mike Hillyer |  0.99 |
| Mike Hillyer |  2.99 |
| Mike Hillyer |  5.99 |
| Mike Hillyer |  7.99 |
| Mike Hillyer |  2.99 |
| Mike Hillyer |  2.99 |
| Mike Hillyer |  5.99 |
| Mike Hillyer |  0.99 |
| Mike Hillyer |  4.99 |
| Mike Hillyer |  3.99 |
| Mike Hillyer |  2.99 |
| Mike Hillyer |  0.99 |
| Mike Hillyer |  0.99 |
| Mike Hillyer |  7.99 |
| Mike Hillyer |  4.99 |
| Mike Hillyer |  4.99 |
| Mike Hillyer |  0.99 |
| Mike Hillyer |  1.99 |
| Mike Hillyer |  2.99 |
| Mike Hillyer |  0.99 |
| Mike Hillyer |  2.99 |
| Mike Hillyer |  2.99 |
| Mike Hillyer |  1.99 |
| Mike Hillyer |  0.99 |
| Mike Hillyer |  4.99 |
| Mike Hillyer |  0.99 |
| Mike Hillyer |  2.99 |
| Mike Hillyer |  6.99 |
| Mike Hillyer |  4.99 |
| Mike Hillyer |  5.99 |
| Mike Hillyer |  4.99 |
| Mike Hillyer |  6.99 |
| Mike Hillyer |  4.99 |
| Mike Hillyer |  4.99 |
| Mike Hillyer |  2.99 |
| Mike Hillyer |  8.99 |
| Mike Hillyer |  1.99 |
| Mike Hillyer |  1.99 |
| Mike Hillyer |  4.99 |
| Mike Hillyer |  0.99 |
| Mike Hillyer |  4.99 |
| Mike Hillyer |  2.99 |
| Mike Hillyer |  3.99 |
| Mike Hillyer |  2.99 |
| Mike Hillyer |  6.99 |
| Mike Hillyer |  6.99 |
| Mike Hillyer |  4.99 |
| Mike Hillyer |  0.99 |
| Mike Hillyer |  4.99 |
| Mike Hillyer |  0.99 |
| Mike Hillyer |  0.99 |
| Mike Hillyer |  4.99 |
| Mike Hillyer |  4.99 |
| Mike Hillyer |  0.99 |
| Mike Hillyer |  0.99 |
| Mike Hillyer |  0.99 |
| Mike Hillyer |  4.99 |
| Mike Hillyer |  0.99 |
| Mike Hillyer |  6.99 |
| Mike Hillyer |  5.99 |
| Mike Hillyer |  4.99 |
| Mike Hillyer |  0.99 |
| Mike Hillyer |  2.99 |
| Mike Hillyer |  0.99 |
| Mike Hillyer |  5.99 |
| Mike Hillyer |  2.99 |
| Mike Hillyer |  0.99 |
| Mike Hillyer |  4.99 |
| Mike Hillyer |  1.99 |
| Mike Hillyer |  5.99 |
| Mike Hillyer |  4.99 |
| Mike Hillyer |  3.99 |
| Mike Hillyer |  4.99 |
| Mike Hillyer |  2.99 |
| Mike Hillyer |  1.99 |
| Mike Hillyer |  5.99 |
| Mike Hillyer |  5.99 |
| Mike Hillyer |  0.99 |
| Mike Hillyer |  4.99 |
| Mike Hillyer |  6.99 |
| Mike Hillyer |  0.99 |
| Mike Hillyer |  0.99 |
| Mike Hillyer |  1.99 |
| Mike Hillyer |  0.99 |
| Mike Hillyer |  4.99 |
| Mike Hillyer |  6.99 |
| Mike Hillyer |  6.99 |
| Mike Hillyer |  4.99 |
| Mike Hillyer |  6.99 |
| Mike Hillyer |  7.99 |
| Mike Hillyer |  2.99 |
| Mike Hillyer |  1.99 |
| Mike Hillyer |  2.99 |
| Mike Hillyer |  3.99 |
| Mike Hillyer |  5.99 |
| Mike Hillyer |  0.99 |
| Mike Hillyer |  4.99 |
| Mike Hillyer |  3.99 |
| Mike Hillyer |  4.99 |
| Mike Hillyer |  0.99 |
| Mike Hillyer |  4.99 |
| Mike Hillyer |  3.99 |
| Mike Hillyer |  3.99 |
| Mike Hillyer |  6.99 |
| Mike Hillyer |  2.99 |
| Mike Hillyer |  5.99 |
| Mike Hillyer |  2.99 |
| Mike Hillyer |  0.99 |
| Mike Hillyer |  5.99 |
| Mike Hillyer |  2.99 |
| Mike Hillyer |  2.99 |
| Mike Hillyer |  0.99 |
| Mike Hillyer |  0.99 |
| Mike Hillyer |  2.99 |
| Mike Hillyer |  8.99 |
| Mike Hillyer |  2.99 |
| Mike Hillyer |  4.99 |
| Mike Hillyer |  2.99 |
| Mike Hillyer |  4.99 |
| Mike Hillyer |  0.99 |
| Mike Hillyer |  0.99 |
| Mike Hillyer |  0.99 |
| Mike Hillyer |  2.99 |
| Mike Hillyer |  3.99 |
| Mike Hillyer |  0.99 |
| Mike Hillyer |  6.99 |
| Mike Hillyer |  4.99 |
| Mike Hillyer |  2.99 |
| Mike Hillyer |  0.99 |
| Mike Hillyer |  8.99 |
| Mike Hillyer |  4.99 |
| Mike Hillyer |  5.99 |
| Mike Hillyer |  6.99 |
| Mike Hillyer |  4.99 |
| Mike Hillyer |  4.99 |
| Mike Hillyer |  4.99 |
| Mike Hillyer |  2.99 |
| Mike Hillyer |  2.99 |
| Mike Hillyer |  6.99 |
| Mike Hillyer |  7.99 |
| Mike Hillyer |  2.99 |
| Mike Hillyer |  5.99 |
| Mike Hillyer |  2.99 |
| Mike Hillyer |  0.99 |
| Mike Hillyer |  4.99 |
| Mike Hillyer |  4.99 |
| Mike Hillyer |  2.99 |
| Mike Hillyer |  2.99 |
| Mike Hillyer |  2.99 |
| Mike Hillyer |  4.99 |
| Mike Hillyer |  4.99 |
| Mike Hillyer |  3.99 |
| Mike Hillyer |  1.99 |
| Mike Hillyer |  4.99 |
| Mike Hillyer |  5.99 |
| Mike Hillyer |  3.99 |
| Mike Hillyer |  4.99 |
| Mike Hillyer |  4.99 |
| Mike Hillyer |  2.99 |
| Mike Hillyer |  5.99 |
| Mike Hillyer |  8.99 |
| Mike Hillyer |  4.99 |
| Mike Hillyer |  0.99 |
| Mike Hillyer |  2.99 |
| Mike Hillyer |  0.99 |
| Mike Hillyer |  4.99 |
| Mike Hillyer |  5.99 |
| Mike Hillyer |  0.99 |
| Mike Hillyer |  2.99 |
| Mike Hillyer |  2.99 |
| Mike Hillyer |  0.99 |
| Mike Hillyer |  5.99 |
| Mike Hillyer |  0.99 |
| Mike Hillyer |  4.99 |
| Mike Hillyer |  7.99 |
| Mike Hillyer |  0.99 |
| Mike Hillyer |  1.99 |
| Mike Hillyer |  0.99 |
| Mike Hillyer |  4.99 |
| Mike Hillyer |  1.99 |
| Mike Hillyer |  4.99 |
| Mike Hillyer |  0.99 |
| Mike Hillyer |  0.99 |
| Mike Hillyer |  4.99 |
| Mike Hillyer |  2.99 |
| Mike Hillyer |  7.99 |
| Mike Hillyer |  4.99 |
| Mike Hillyer |  0.99 |
| Mike Hillyer |  4.99 |
| Mike Hillyer |  4.99 |
| Mike Hillyer |  0.99 |
| Mike Hillyer |  4.99 |
| Mike Hillyer |  8.99 |
| Mike Hillyer |  1.99 |
| Mike Hillyer |  4.99 |
| Mike Hillyer |  7.99 |
| Mike Hillyer |  2.99 |
| Mike Hillyer |  0.99 |
| Mike Hillyer |  4.99 |
| Mike Hillyer |  0.99 |
| Mike Hillyer |  5.99 |
| Mike Hillyer |  2.99 |
| Mike Hillyer |  4.99 |
| Mike Hillyer |  9.99 |
| Mike Hillyer |  2.99 |
| Mike Hillyer |  8.99 |
| Mike Hillyer |  2.99 |
| Mike Hillyer |  0.99 |
| Mike Hillyer |  0.99 |
| Mike Hillyer |  2.99 |
| Mike Hillyer |  2.99 |
| Mike Hillyer |  0.99 |
| Mike Hillyer |  4.99 |
| Mike Hillyer |  0.99 |
| Mike Hillyer |  2.99 |
| Mike Hillyer |  4.99 |
| Mike Hillyer |  2.99 |
| Mike Hillyer |  7.99 |
| Mike Hillyer |  2.99 |
| Mike Hillyer |  2.99 |
| Mike Hillyer |  6.99 |
| Mike Hillyer |  6.99 |
| Mike Hillyer |  5.99 |
| Mike Hillyer |  3.99 |
| Mike Hillyer |  0.99 |
| Mike Hillyer |  2.99 |
| Mike Hillyer |  7.99 |
| Mike Hillyer |  2.99 |
| Mike Hillyer |  4.99 |
| Mike Hillyer |  1.99 |
| Mike Hillyer |  8.99 |
| Mike Hillyer |  1.99 |
| Mike Hillyer |  4.99 |
| Mike Hillyer |  2.99 |
| Mike Hillyer |  2.99 |
| Mike Hillyer |  4.99 |
| Mike Hillyer |  4.99 |
| Mike Hillyer |  0.99 |
| Mike Hillyer |  3.99 |
| Mike Hillyer |  4.99 |
| Mike Hillyer |  2.99 |
| Mike Hillyer |  4.99 |
| Mike Hillyer |  4.99 |
| Mike Hillyer |  0.99 |
| Mike Hillyer |  2.99 |
| Mike Hillyer |  4.99 |
| Mike Hillyer |  2.99 |
| Mike Hillyer |  0.99 |
| Mike Hillyer | 10.99 |
| Mike Hillyer |  6.99 |
| Mike Hillyer |  6.99 |
| Mike Hillyer |  4.99 |
| Mike Hillyer |  3.99 |
| Mike Hillyer |  4.99 |
| Mike Hillyer |  2.99 |
| Mike Hillyer |  4.99 |
| Mike Hillyer |  2.99 |
| Mike Hillyer |  0.99 |
| Mike Hillyer |  2.99 |
| Mike Hillyer |  2.99 |
| Mike Hillyer |  2.99 |
| Mike Hillyer |  1.99 |
| Mike Hillyer |  2.99 |
| Mike Hillyer |  2.99 |
| Mike Hillyer |  0.99 |
| Mike Hillyer |  5.99 |
| Mike Hillyer |  5.99 |
| Mike Hillyer |  0.99 |
| Mike Hillyer |  4.99 |
| Mike Hillyer |  0.99 |
| Mike Hillyer |  2.99 |
| Mike Hillyer |  0.99 |
| Mike Hillyer |  8.99 |
| Mike Hillyer |  0.99 |
| Mike Hillyer |  4.99 |
| Mike Hillyer |  5.99 |
| Mike Hillyer |  3.99 |
| Mike Hillyer |  6.99 |
| Mike Hillyer |  8.99 |
| Mike Hillyer |  0.99 |
| Mike Hillyer |  4.99 |
| Mike Hillyer |  4.99 |
| Mike Hillyer |  4.99 |
| Mike Hillyer |  7.99 |
| Mike Hillyer |  0.99 |
| Mike Hillyer |  2.99 |
| Mike Hillyer |  0.99 |
| Mike Hillyer |  0.99 |
| Mike Hillyer |  3.99 |
| Mike Hillyer |  2.99 |
| Mike Hillyer |  2.99 |
| Mike Hillyer |  2.99 |
| Mike Hillyer |  4.99 |
| Mike Hillyer |  3.99 |
| Mike Hillyer |  4.99 |
| Mike Hillyer |  9.99 |
| Mike Hillyer |  5.99 |
| Mike Hillyer | 10.99 |
| Mike Hillyer |  3.99 |
| Mike Hillyer |  0.99 |
| Mike Hillyer |  2.99 |
| Mike Hillyer |  2.99 |
| Mike Hillyer |  0.99 |
| Mike Hillyer |  0.99 |
| Mike Hillyer |  2.99 |
| Mike Hillyer |  7.99 |
| Mike Hillyer |  0.99 |
| Mike Hillyer |  6.99 |
| Mike Hillyer |  2.99 |
| Mike Hillyer |  3.99 |
| Mike Hillyer |  4.99 |
| Mike Hillyer |  4.99 |
| Mike Hillyer |  2.99 |
| Mike Hillyer |  5.99 |
| Mike Hillyer |  2.99 |
| Mike Hillyer |  4.99 |
| Mike Hillyer |  0.99 |
| Mike Hillyer |  4.99 |
| Mike Hillyer |  3.99 |
| Mike Hillyer |  2.99 |
| Mike Hillyer |  2.99 |
| Mike Hillyer |  7.99 |
| Mike Hillyer |  0.99 |
| Mike Hillyer |  2.99 |
| Mike Hillyer |  3.99 |
| Mike Hillyer |  2.99 |
| Mike Hillyer |  6.99 |
| Mike Hillyer |  6.99 |
| Mike Hillyer |  6.99 |
| Mike Hillyer |  8.99 |
| Mike Hillyer |  4.99 |
| Mike Hillyer |  4.99 |
| Mike Hillyer |  1.99 |
| Mike Hillyer |  2.99 |
| Mike Hillyer |  4.99 |
| Mike Hillyer |  3.99 |
| Mike Hillyer |  4.99 |
| Mike Hillyer |  2.99 |
| Mike Hillyer |  9.99 |
| Mike Hillyer |  4.99 |
| Mike Hillyer |  2.99 |
| Mike Hillyer |  0.99 |
| Mike Hillyer |  7.99 |
| Mike Hillyer |  6.99 |
| Mike Hillyer |  4.99 |
| Mike Hillyer |  1.99 |
| Mike Hillyer |  6.99 |
| Mike Hillyer |  2.99 |
| Mike Hillyer |  0.99 |
| Mike Hillyer |  2.99 |
| Mike Hillyer |  0.99 |
| Mike Hillyer |  2.99 |
| Mike Hillyer |  0.99 |
| Mike Hillyer |  4.99 |
| Mike Hillyer |  4.99 |
| Mike Hillyer |  4.99 |
| Mike Hillyer |  0.99 |
| Mike Hillyer |  2.99 |
| Mike Hillyer |  4.99 |
| Mike Hillyer |  2.99 |
| Mike Hillyer |  0.99 |
| Mike Hillyer |  2.99 |
| Mike Hillyer |  0.99 |
| Mike Hillyer |  0.99 |
| Mike Hillyer |  4.99 |
| Mike Hillyer |  4.99 |
| Mike Hillyer |  2.99 |
| Mike Hillyer |  0.99 |
| Mike Hillyer |  4.99 |
| Mike Hillyer |  0.99 |
| Mike Hillyer |  3.99 |
| Mike Hillyer |  4.99 |
| Mike Hillyer |  2.99 |
| Mike Hillyer |  4.99 |
| Mike Hillyer |  2.99 |
| Mike Hillyer |  2.99 |
| Mike Hillyer |  2.99 |
| Mike Hillyer |  2.99 |
+--------------+-------+
16049 rows in set (0.0748 sec)
Result printing interrupted, rows may be missing from the output.

 MySQL  localhost:3306 ssl  sakila  SQL > select a.name, count(b.amount) as total from staff_list A left join payment B on a.id = B.staff_id;
+--------------+-------+
| name         | total |
+--------------+-------+
| Mike Hillyer | 16049 |
+--------------+-------+
1 row in set (0.0747 sec)

 MySQL  localhost:3306 ssl  sakila  SQL > select a.name, b.store from customer_list A left join sales_by_store B on a.customer_id = B.store_id;
ERROR: 1054 (42S22): Unknown column 'a.customer_id' in 'on clause'

 MySQL  localhost:3306 ssl  sakila  SQL > desc customer_list;
+----------+----------------------+------+-----+---------+-------+
| Field    | Type                 | Null | Key | Default | Extra |
+----------+----------------------+------+-----+---------+-------+
| ID       | smallint(5) unsigned | NO   |     | 0       |       |
| name     | varchar(91)          | YES  |     | NULL    |       |
| address  | varchar(50)          | NO   |     | NULL    |       |
| zip code | varchar(10)          | YES  |     | NULL    |       |
| phone    | varchar(20)          | NO   |     | NULL    |       |
| city     | varchar(50)          | NO   |     | NULL    |       |
| country  | varchar(50)          | NO   |     | NULL    |       |
| notes    | varchar(6)           | NO   |     |         |       |
| SID      | tinyint(3) unsigned  | NO   |     | NULL    |       |
+----------+----------------------+------+-----+---------+-------+
9 rows in set (0.0055 sec)

 MySQL  localhost:3306 ssl  sakila  SQL > select a.name, b.store from customer_list A left join sales_by_store B on a.id = B.store_id;
ERROR: 1054 (42S22): Unknown column 'B.store_id' in 'on clause'

 MySQL  localhost:3306 ssl  sakila  SQL > desc sales_by_store;
+-------------+---------------+------+-----+---------+-------+
| Field       | Type          | Null | Key | Default | Extra |
+-------------+---------------+------+-----+---------+-------+
| store       | varchar(101)  | YES  |     | NULL    |       |
| manager     | varchar(91)   | YES  |     | NULL    |       |
| total_sales | decimal(27,2) | YES  |     | NULL    |       |
+-------------+---------------+------+-----+---------+-------+
3 rows in set (0.0061 sec)

 MySQL  localhost:3306 ssl  sakila  SQL > select a.name, b.store from customer_list A left join sales_by_store B on a.id = B.store;
+-----------------------+-------+
| name                  | store |
+-----------------------+-------+
| MARY SMITH            | NULL  |
| PATRICIA JOHNSON      | NULL  |
| LINDA WILLIAMS        | NULL  |
| BARBARA JONES         | NULL  |
| ELIZABETH BROWN       | NULL  |
| JENNIFER DAVIS        | NULL  |
| MARIA MILLER          | NULL  |
| SUSAN WILSON          | NULL  |
| MARGARET MOORE        | NULL  |
| DOROTHY TAYLOR        | NULL  |
| LISA ANDERSON         | NULL  |
| NANCY THOMAS          | NULL  |
| KAREN JACKSON         | NULL  |
| BETTY WHITE           | NULL  |
| HELEN HARRIS          | NULL  |
| SANDRA MARTIN         | NULL  |
| DONNA THOMPSON        | NULL  |
| CAROL GARCIA          | NULL  |
| RUTH MARTINEZ         | NULL  |
| SHARON ROBINSON       | NULL  |
| MICHELLE CLARK        | NULL  |
| LAURA RODRIGUEZ       | NULL  |
| SARAH LEWIS           | NULL  |
| KIMBERLY LEE          | NULL  |
| DEBORAH WALKER        | NULL  |
| JESSICA HALL          | NULL  |
| SHIRLEY ALLEN         | NULL  |
| CYNTHIA YOUNG         | NULL  |
| ANGELA HERNANDEZ      | NULL  |
| MELISSA KING          | NULL  |
| BRENDA WRIGHT         | NULL  |
| AMY LOPEZ             | NULL  |
| ANNA HILL             | NULL  |
| REBECCA SCOTT         | NULL  |
| VIRGINIA GREEN        | NULL  |
| KATHLEEN ADAMS        | NULL  |
| PAMELA BAKER          | NULL  |
| MARTHA GONZALEZ       | NULL  |
| DEBRA NELSON          | NULL  |
| AMANDA CARTER         | NULL  |
| STEPHANIE MITCHELL    | NULL  |
| CAROLYN PEREZ         | NULL  |
| CHRISTINE ROBERTS     | NULL  |
| MARIE TURNER          | NULL  |
| JANET PHILLIPS        | NULL  |
| CATHERINE CAMPBELL    | NULL  |
| FRANCES PARKER        | NULL  |
| ANN EVANS             | NULL  |
| JOYCE EDWARDS         | NULL  |
| DIANE COLLINS         | NULL  |
| ALICE STEWART         | NULL  |
| JULIE SANCHEZ         | NULL  |
| HEATHER MORRIS        | NULL  |
| TERESA ROGERS         | NULL  |
| DORIS REED            | NULL  |
| GLORIA COOK           | NULL  |
| EVELYN MORGAN         | NULL  |
| JEAN BELL             | NULL  |
| CHERYL MURPHY         | NULL  |
| MILDRED BAILEY        | NULL  |
| KATHERINE RIVERA      | NULL  |
| JOAN COOPER           | NULL  |
| ASHLEY RICHARDSON     | NULL  |
| JUDITH COX            | NULL  |
| ROSE HOWARD           | NULL  |
| JANICE WARD           | NULL  |
| KELLY TORRES          | NULL  |
| NICOLE PETERSON       | NULL  |
| JUDY GRAY             | NULL  |
| CHRISTINA RAMIREZ     | NULL  |
| KATHY JAMES           | NULL  |
| THERESA WATSON        | NULL  |
| BEVERLY BROOKS        | NULL  |
| DENISE KELLY          | NULL  |
| TAMMY SANDERS         | NULL  |
| IRENE PRICE           | NULL  |
| JANE BENNETT          | NULL  |
| LORI WOOD             | NULL  |
| RACHEL BARNES         | NULL  |
| MARILYN ROSS          | NULL  |
| ANDREA HENDERSON      | NULL  |
| KATHRYN COLEMAN       | NULL  |
| LOUISE JENKINS        | NULL  |
| SARA PERRY            | NULL  |
| ANNE POWELL           | NULL  |
| JACQUELINE LONG       | NULL  |
| WANDA PATTERSON       | NULL  |
| BONNIE HUGHES         | NULL  |
| JULIA FLORES          | NULL  |
| RUBY WASHINGTON       | NULL  |
| LOIS BUTLER           | NULL  |
| TINA SIMMONS          | NULL  |
| PHYLLIS FOSTER        | NULL  |
| NORMA GONZALES        | NULL  |
| PAULA BRYANT          | NULL  |
| DIANA ALEXANDER       | NULL  |
| ANNIE RUSSELL         | NULL  |
| LILLIAN GRIFFIN       | NULL  |
| EMILY DIAZ            | NULL  |
| ROBIN HAYES           | NULL  |
| PEGGY MYERS           | NULL  |
| CRYSTAL FORD          | NULL  |
| GLADYS HAMILTON       | NULL  |
| RITA GRAHAM           | NULL  |
| DAWN SULLIVAN         | NULL  |
| CONNIE WALLACE        | NULL  |
| FLORENCE WOODS        | NULL  |
| TRACY COLE            | NULL  |
| EDNA WEST             | NULL  |
| TIFFANY JORDAN        | NULL  |
| CARMEN OWENS          | NULL  |
| ROSA REYNOLDS         | NULL  |
| CINDY FISHER          | NULL  |
| GRACE ELLIS           | NULL  |
| WENDY HARRISON        | NULL  |
| VICTORIA GIBSON       | NULL  |
| EDITH MCDONALD        | NULL  |
| KIM CRUZ              | NULL  |
| SHERRY MARSHALL       | NULL  |
| SYLVIA ORTIZ          | NULL  |
| JOSEPHINE GOMEZ       | NULL  |
| THELMA MURRAY         | NULL  |
| SHANNON FREEMAN       | NULL  |
| SHEILA WELLS          | NULL  |
| ETHEL WEBB            | NULL  |
| ELLEN SIMPSON         | NULL  |
| ELAINE STEVENS        | NULL  |
| MARJORIE TUCKER       | NULL  |
| CARRIE PORTER         | NULL  |
| CHARLOTTE HUNTER      | NULL  |
| MONICA HICKS          | NULL  |
| ESTHER CRAWFORD       | NULL  |
| PAULINE HENRY         | NULL  |
| EMMA BOYD             | NULL  |
| JUANITA MASON         | NULL  |
| ANITA MORALES         | NULL  |
| RHONDA KENNEDY        | NULL  |
| HAZEL WARREN          | NULL  |
| AMBER DIXON           | NULL  |
| EVA RAMOS             | NULL  |
| DEBBIE REYES          | NULL  |
| APRIL BURNS           | NULL  |
| LESLIE GORDON         | NULL  |
| CLARA SHAW            | NULL  |
| LUCILLE HOLMES        | NULL  |
| JAMIE RICE            | NULL  |
| JOANNE ROBERTSON      | NULL  |
| ELEANOR HUNT          | NULL  |
| VALERIE BLACK         | NULL  |
| DANIELLE DANIELS      | NULL  |
| MEGAN PALMER          | NULL  |
| ALICIA MILLS          | NULL  |
| SUZANNE NICHOLS       | NULL  |
| MICHELE GRANT         | NULL  |
| GAIL KNIGHT           | NULL  |
| BERTHA FERGUSON       | NULL  |
| DARLENE ROSE          | NULL  |
| VERONICA STONE        | NULL  |
| JILL HAWKINS          | NULL  |
| ERIN DUNN             | NULL  |
| GERALDINE PERKINS     | NULL  |
| LAUREN HUDSON         | NULL  |
| CATHY SPENCER         | NULL  |
| JOANN GARDNER         | NULL  |
| LORRAINE STEPHENS     | NULL  |
| LYNN PAYNE            | NULL  |
| SALLY PIERCE          | NULL  |
| REGINA BERRY          | NULL  |
| ERICA MATTHEWS        | NULL  |
| BEATRICE ARNOLD       | NULL  |
| DOLORES WAGNER        | NULL  |
| BERNICE WILLIS        | NULL  |
| AUDREY RAY            | NULL  |
| YVONNE WATKINS        | NULL  |
| ANNETTE OLSON         | NULL  |
| JUNE CARROLL          | NULL  |
| SAMANTHA DUNCAN       | NULL  |
| MARION SNYDER         | NULL  |
| DANA HART             | NULL  |
| STACY CUNNINGHAM      | NULL  |
| ANA BRADLEY           | NULL  |
| RENEE LANE            | NULL  |
| IDA ANDREWS           | NULL  |
| VIVIAN RUIZ           | NULL  |
| ROBERTA HARPER        | NULL  |
| HOLLY FOX             | NULL  |
| BRITTANY RILEY        | NULL  |
| MELANIE ARMSTRONG     | NULL  |
| LORETTA CARPENTER     | NULL  |
| YOLANDA WEAVER        | NULL  |
| JEANETTE GREENE       | NULL  |
| LAURIE LAWRENCE       | NULL  |
| KATIE ELLIOTT         | NULL  |
| KRISTEN CHAVEZ        | NULL  |
| VANESSA SIMS          | NULL  |
| ALMA AUSTIN           | NULL  |
| SUE PETERS            | NULL  |
| ELSIE KELLEY          | NULL  |
| BETH FRANKLIN         | NULL  |
| JEANNE LAWSON         | NULL  |
| VICKI FIELDS          | NULL  |
| CARLA GUTIERREZ       | NULL  |
| TARA RYAN             | NULL  |
| ROSEMARY SCHMIDT      | NULL  |
| EILEEN CARR           | NULL  |
| TERRI VASQUEZ         | NULL  |
| GERTRUDE CASTILLO     | NULL  |
| LUCY WHEELER          | NULL  |
| TONYA CHAPMAN         | NULL  |
| ELLA OLIVER           | NULL  |
| STACEY MONTGOMERY     | NULL  |
| WILMA RICHARDS        | NULL  |
| GINA WILLIAMSON       | NULL  |
| KRISTIN JOHNSTON      | NULL  |
| JESSIE BANKS          | NULL  |
| NATALIE MEYER         | NULL  |
| AGNES BISHOP          | NULL  |
| VERA MCCOY            | NULL  |
| WILLIE HOWELL         | NULL  |
| CHARLENE ALVAREZ      | NULL  |
| BESSIE MORRISON       | NULL  |
| DELORES HANSEN        | NULL  |
| MELINDA FERNANDEZ     | NULL  |
| PEARL GARZA           | NULL  |
| ARLENE HARVEY         | NULL  |
| MAUREEN LITTLE        | NULL  |
| COLLEEN BURTON        | NULL  |
| ALLISON STANLEY       | NULL  |
| TAMARA NGUYEN         | NULL  |
| JOY GEORGE            | NULL  |
| GEORGIA JACOBS        | NULL  |
| CONSTANCE REID        | NULL  |
| LILLIE KIM            | NULL  |
| CLAUDIA FULLER        | NULL  |
| JACKIE LYNCH          | NULL  |
| MARCIA DEAN           | NULL  |
| TANYA GILBERT         | NULL  |
| NELLIE GARRETT        | NULL  |
| MINNIE ROMERO         | NULL  |
| MARLENE WELCH         | NULL  |
| HEIDI LARSON          | NULL  |
| GLENDA FRAZIER        | NULL  |
| LYDIA BURKE           | NULL  |
| VIOLA HANSON          | NULL  |
| COURTNEY DAY          | NULL  |
| MARIAN MENDOZA        | NULL  |
| STELLA MORENO         | NULL  |
| CAROLINE BOWMAN       | NULL  |
| DORA MEDINA           | NULL  |
| JO FOWLER             | NULL  |
| VICKIE BREWER         | NULL  |
| MATTIE HOFFMAN        | NULL  |
| TERRY CARLSON         | NULL  |
| MAXINE SILVA          | NULL  |
| IRMA PEARSON          | NULL  |
| MABEL HOLLAND         | NULL  |
| MARSHA DOUGLAS        | NULL  |
| MYRTLE FLEMING        | NULL  |
| LENA JENSEN           | NULL  |
| CHRISTY VARGAS        | NULL  |
| DEANNA BYRD           | NULL  |
| PATSY DAVIDSON        | NULL  |
| HILDA HOPKINS         | NULL  |
| GWENDOLYN MAY         | NULL  |
| JENNIE TERRY          | NULL  |
| NORA HERRERA          | NULL  |
| MARGIE WADE           | NULL  |
| NINA SOTO             | NULL  |
| CASSANDRA WALTERS     | NULL  |
| LEAH CURTIS           | NULL  |
| PENNY NEAL            | NULL  |
| KAY CALDWELL          | NULL  |
| PRISCILLA LOWE        | NULL  |
| NAOMI JENNINGS        | NULL  |
| CAROLE BARNETT        | NULL  |
| BRANDY GRAVES         | NULL  |
| OLGA JIMENEZ          | NULL  |
| BILLIE HORTON         | NULL  |
| DIANNE SHELTON        | NULL  |
| TRACEY BARRETT        | NULL  |
| LEONA OBRIEN          | NULL  |
| JENNY CASTRO          | NULL  |
| FELICIA SUTTON        | NULL  |
| SONIA GREGORY         | NULL  |
| MIRIAM MCKINNEY       | NULL  |
| VELMA LUCAS           | NULL  |
| BECKY MILES           | NULL  |
| BOBBIE CRAIG          | NULL  |
| VIOLET RODRIQUEZ      | NULL  |
| KRISTINA CHAMBERS     | NULL  |
| TONI HOLT             | NULL  |
| MISTY LAMBERT         | NULL  |
| MAE FLETCHER          | NULL  |
| SHELLY WATTS          | NULL  |
| DAISY BATES           | NULL  |
| RAMONA HALE           | NULL  |
| SHERRI RHODES         | NULL  |
| ERIKA PENA            | NULL  |
| JAMES GANNON          | NULL  |
| JOHN FARNSWORTH       | NULL  |
| ROBERT BAUGHMAN       | NULL  |
| MICHAEL SILVERMAN     | NULL  |
| WILLIAM SATTERFIELD   | NULL  |
| DAVID ROYAL           | NULL  |
| RICHARD MCCRARY       | NULL  |
| CHARLES KOWALSKI      | NULL  |
| JOSEPH JOY            | NULL  |
| THOMAS GRIGSBY        | NULL  |
| CHRISTOPHER GRECO     | NULL  |
| DANIEL CABRAL         | NULL  |
| PAUL TROUT            | NULL  |
| MARK RINEHART         | NULL  |
| DONALD MAHON          | NULL  |
| GEORGE LINTON         | NULL  |
| KENNETH GOODEN        | NULL  |
| STEVEN CURLEY         | NULL  |
| EDWARD BAUGH          | NULL  |
| BRIAN WYMAN           | NULL  |
| RONALD WEINER         | NULL  |
| ANTHONY SCHWAB        | NULL  |
| KEVIN SCHULER         | NULL  |
| JASON MORRISSEY       | NULL  |
| MATTHEW MAHAN         | NULL  |
| GARY COY              | NULL  |
| TIMOTHY BUNN          | NULL  |
| JOSE ANDREW           | NULL  |
| LARRY THRASHER        | NULL  |
| JEFFREY SPEAR         | NULL  |
| FRANK WAGGONER        | NULL  |
| SCOTT SHELLEY         | NULL  |
| ERIC ROBERT           | NULL  |
| STEPHEN QUALLS        | NULL  |
| ANDREW PURDY          | NULL  |
| RAYMOND MCWHORTER     | NULL  |
| GREGORY MAULDIN       | NULL  |
| JOSHUA MARK           | NULL  |
| JERRY JORDON          | NULL  |
| DENNIS GILMAN         | NULL  |
| WALTER PERRYMAN       | NULL  |
| PATRICK NEWSOM        | NULL  |
| PETER MENARD          | NULL  |
| HAROLD MARTINO        | NULL  |
| DOUGLAS GRAF          | NULL  |
| HENRY BILLINGSLEY     | NULL  |
| CARL ARTIS            | NULL  |
| ARTHUR SIMPKINS       | NULL  |
| RYAN SALISBURY        | NULL  |
| ROGER QUINTANILLA     | NULL  |
| JOE GILLILAND         | NULL  |
| JUAN FRALEY           | NULL  |
| JACK FOUST            | NULL  |
| ALBERT CROUSE         | NULL  |
| JONATHAN SCARBOROUGH  | NULL  |
| JUSTIN NGO            | NULL  |
| TERRY GRISSOM         | NULL  |
| GERALD FULTZ          | NULL  |
| KEITH RICO            | NULL  |
| SAMUEL MARLOW         | NULL  |
| WILLIE MARKHAM        | NULL  |
| RALPH MADRIGAL        | NULL  |
| LAWRENCE LAWTON       | NULL  |
| NICHOLAS BARFIELD     | NULL  |
| ROY WHITING           | NULL  |
| BENJAMIN VARNEY       | NULL  |
| BRUCE SCHWARZ         | NULL  |
| BRANDON HUEY          | NULL  |
| ADAM GOOCH            | NULL  |
| HARRY ARCE            | NULL  |
| FRED WHEAT            | NULL  |
| WAYNE TRUONG          | NULL  |
| BILLY POULIN          | NULL  |
| STEVE MACKENZIE       | NULL  |
| LOUIS LEONE           | NULL  |
| JEREMY HURTADO        | NULL  |
| AARON SELBY           | NULL  |
| RANDY GAITHER         | NULL  |
| HOWARD FORTNER        | NULL  |
| EUGENE CULPEPPER      | NULL  |
| CARLOS COUGHLIN       | NULL  |
| RUSSELL BRINSON       | NULL  |
| BOBBY BOUDREAU        | NULL  |
| VICTOR BARKLEY        | NULL  |
| MARTIN BALES          | NULL  |
| ERNEST STEPP          | NULL  |
| PHILLIP HOLM          | NULL  |
| TODD TAN              | NULL  |
| JESSE SCHILLING       | NULL  |
| CRAIG MORRELL         | NULL  |
| ALAN KAHN             | NULL  |
| SHAWN HEATON          | NULL  |
| CLARENCE GAMEZ        | NULL  |
| SEAN DOUGLASS         | NULL  |
| PHILIP CAUSEY         | NULL  |
| CHRIS BROTHERS        | NULL  |
| JOHNNY TURPIN         | NULL  |
| EARL SHANKS           | NULL  |
| JIMMY SCHRADER        | NULL  |
| ANTONIO MEEK          | NULL  |
| DANNY ISOM            | NULL  |
| BRYAN HARDISON        | NULL  |
| TONY CARRANZA         | NULL  |
| LUIS YANEZ            | NULL  |
| MIKE WAY              | NULL  |
| STANLEY SCROGGINS     | NULL  |
| LEONARD SCHOFIELD     | NULL  |
| NATHAN RUNYON         | NULL  |
| DALE RATCLIFF         | NULL  |
| MANUEL MURRELL        | NULL  |
| RODNEY MOELLER        | NULL  |
| CURTIS IRBY           | NULL  |
| NORMAN CURRIER        | NULL  |
| ALLEN BUTTERFIELD     | NULL  |
| MARVIN YEE            | NULL  |
| VINCENT RALSTON       | NULL  |
| GLENN PULLEN          | NULL  |
| JEFFERY PINSON        | NULL  |
| TRAVIS ESTEP          | NULL  |
| JEFF EAST             | NULL  |
| CHAD CARBONE          | NULL  |
| JACOB LANCE           | NULL  |
| LEE HAWKS             | NULL  |
| MELVIN ELLINGTON      | NULL  |
| ALFRED CASILLAS       | NULL  |
| KYLE SPURLOCK         | NULL  |
| FRANCIS SIKES         | NULL  |
| BRADLEY MOTLEY        | NULL  |
| JESUS MCCARTNEY       | NULL  |
| HERBERT KRUGER        | NULL  |
| FREDERICK ISBELL      | NULL  |
| RAY HOULE             | NULL  |
| JOEL FRANCISCO        | NULL  |
| EDWIN BURK            | NULL  |
| DON BONE              | NULL  |
| EDDIE TOMLIN          | NULL  |
| RICKY SHELBY          | NULL  |
| TROY QUIGLEY          | NULL  |
| RANDALL NEUMANN       | NULL  |
| BARRY LOVELACE        | NULL  |
| ALEXANDER FENNELL     | NULL  |
| BERNARD COLBY         | NULL  |
| MARIO CHEATHAM        | NULL  |
| LEROY BUSTAMANTE      | NULL  |
| FRANCISCO SKIDMORE    | NULL  |
| MARCUS HIDALGO        | NULL  |
| MICHEAL FORMAN        | NULL  |
| THEODORE CULP         | NULL  |
| CLIFFORD BOWENS       | NULL  |
| MIGUEL BETANCOURT     | NULL  |
| OSCAR AQUINO          | NULL  |
| JAY ROBB              | NULL  |
| JIM REA               | NULL  |
| TOM MILNER            | NULL  |
| CALVIN MARTEL         | NULL  |
| ALEX GRESHAM          | NULL  |
| JON WILES             | NULL  |
| RONNIE RICKETTS       | NULL  |
| BILL GAVIN            | NULL  |
| LLOYD DOWD            | NULL  |
| TOMMY COLLAZO         | NULL  |
| LEON BOSTIC           | NULL  |
| DEREK BLAKELY         | NULL  |
| WARREN SHERROD        | NULL  |
| DARRELL POWER         | NULL  |
| JEROME KENYON         | NULL  |
| FLOYD GANDY           | NULL  |
| LEO EBERT             | NULL  |
| ALVIN DELOACH         | NULL  |
| TIM CARY              | NULL  |
| WESLEY BULL           | NULL  |
| GORDON ALLARD         | NULL  |
| DEAN SAUER            | NULL  |
| GREG ROBINS           | NULL  |
| JORGE OLIVARES        | NULL  |
| DUSTIN GILLETTE       | NULL  |
| PEDRO CHESTNUT        | NULL  |
| DERRICK BOURQUE       | NULL  |
| DAN PAINE             | NULL  |
| LEWIS LYMAN           | NULL  |
| ZACHARY HITE          | NULL  |
| COREY HAUSER          | NULL  |
| HERMAN DEVORE         | NULL  |
| MAURICE CRAWLEY       | NULL  |
| VERNON CHAPA          | NULL  |
| ROBERTO VU            | NULL  |
| CLYDE TOBIAS          | NULL  |
| GLEN TALBERT          | NULL  |
| HECTOR POINDEXTER     | NULL  |
| SHANE MILLARD         | NULL  |
| RICARDO MEADOR        | NULL  |
| SAM MCDUFFIE          | NULL  |
| RICK MATTOX           | NULL  |
| LESTER KRAUS          | NULL  |
| BRENT HARKINS         | NULL  |
| RAMON CHOATE          | NULL  |
| CHARLIE BESS          | NULL  |
| TYLER WREN            | NULL  |
| GILBERT SLEDGE        | NULL  |
| GENE SANBORN          | NULL  |
| MARC OUTLAW           | NULL  |
| REGINALD KINDER       | NULL  |
| RUBEN GEARY           | NULL  |
| BRETT CORNWELL        | NULL  |
| ANGEL BARCLAY         | NULL  |
| NATHANIEL ADAM        | NULL  |
| RAFAEL ABNEY          | NULL  |
| LESLIE SEWARD         | NULL  |
| EDGAR RHOADS          | NULL  |
| MILTON HOWLAND        | NULL  |
| RAUL FORTIER          | NULL  |
| BEN EASTER            | NULL  |
| CHESTER BENNER        | NULL  |
| CECIL VINES           | NULL  |
| DUANE TUBBS           | NULL  |
| FRANKLIN TROUTMAN     | NULL  |
| ANDRE RAPP            | NULL  |
| ELMER NOE             | NULL  |
| BRAD MCCURDY          | NULL  |
| GABRIEL HARDER        | NULL  |
| RON DELUCA            | NULL  |
| MITCHELL WESTMORELAND | NULL  |
| ROLAND SOUTH          | NULL  |
| ARNOLD HAVENS         | NULL  |
| HARVEY GUAJARDO       | NULL  |
| JARED ELY             | NULL  |
| ADRIAN CLARY          | NULL  |
| KARL SEAL             | NULL  |
| CORY MEEHAN           | NULL  |
| CLAUDE HERZOG         | NULL  |
| ERIK GUILLEN          | NULL  |
| DARRYL ASHCRAFT       | NULL  |
| JAMIE WAUGH           | NULL  |
| NEIL RENNER           | NULL  |
| JESSIE MILAM          | NULL  |
| CHRISTIAN JUNG        | NULL  |
| JAVIER ELROD          | NULL  |
| FERNANDO CHURCHILL    | NULL  |
| CLINTON BUFORD        | NULL  |
| TED BREAUX            | NULL  |
| MATHEW BOLIN          | NULL  |
| TYRONE ASHER          | NULL  |
| DARREN WINDHAM        | NULL  |
| LONNIE TIRADO         | NULL  |
| LANCE PEMBERTON       | NULL  |
| CODY NOLEN            | NULL  |
| JULIO NOLAND          | NULL  |
| KELLY KNOTT           | NULL  |
| KURT EMMONS           | NULL  |
| ALLAN CORNISH         | NULL  |
| NELSON CHRISTENSON    | NULL  |
| GUY BROWNLEE          | NULL  |
| CLAYTON BARBEE        | NULL  |
| HUGH WALDROP          | NULL  |
| MAX PITT              | NULL  |
| DWAYNE OLVERA         | NULL  |
| DWIGHT LOMBARDI       | NULL  |
| ARMANDO GRUBER        | NULL  |
| FELIX GAFFNEY         | NULL  |
| JIMMIE EGGLESTON      | NULL  |
| EVERETT BANDA         | NULL  |
| JORDAN ARCHULETA      | NULL  |
| IAN STILL             | NULL  |
| WALLACE SLONE         | NULL  |
| KEN PREWITT           | NULL  |
| BOB PFEIFFER          | NULL  |
| JAIME NETTLES         | NULL  |
| CASEY MENA            | NULL  |
| ALFREDO MCADAMS       | NULL  |
| ALBERTO HENNING       | NULL  |
| DAVE GARDINER         | NULL  |
| IVAN CROMWELL         | NULL  |
| JOHNNIE CHISHOLM      | NULL  |
| SIDNEY BURLESON       | NULL  |
| BYRON BOX             | NULL  |
| JULIAN VEST           | NULL  |
| ISAAC OGLESBY         | NULL  |
| MORRIS MCCARTER       | NULL  |
| CLIFTON MALCOLM       | NULL  |
| WILLARD LUMPKIN       | NULL  |
| DARYL LARUE           | NULL  |
| ROSS GREY             | NULL  |
| VIRGIL WOFFORD        | NULL  |
| ANDY VANHORN          | NULL  |
| MARSHALL THORN        | NULL  |
| SALVADOR TEEL         | NULL  |
| PERRY SWAFFORD        | NULL  |
| KIRK STCLAIR          | NULL  |
| SERGIO STANFIELD      | NULL  |
| MARION OCAMPO         | NULL  |
| TRACY HERRMANN        | NULL  |
| SETH HANNON           | NULL  |
| KENT ARSENAULT        | NULL  |
| TERRANCE ROUSH        | NULL  |
| RENE MCALISTER        | NULL  |
| EDUARDO HIATT         | NULL  |
| TERRENCE GUNDERSON    | NULL  |
| ENRIQUE FORSYTHE      | NULL  |
| FREDDIE DUGGAN        | NULL  |
| WADE DELVALLE         | NULL  |
| AUSTIN CINTRON        | NULL  |
+-----------------------+-------+
599 rows in set (0.6473 sec)

 MySQL  localhost:3306 ssl  sakila  SQL > select store from store;
ERROR: 1054 (42S22): Unknown column 'store' in 'field list'

 MySQL  localhost:3306 ssl  sakila  SQL > desc sales_by_store;
+-------------+---------------+------+-----+---------+-------+
| Field       | Type          | Null | Key | Default | Extra |
+-------------+---------------+------+-----+---------+-------+
| store       | varchar(101)  | YES  |     | NULL    |       |
| manager     | varchar(91)   | YES  |     | NULL    |       |
| total_sales | decimal(27,2) | YES  |     | NULL    |       |
+-------------+---------------+------+-----+---------+-------+
3 rows in set (0.0053 sec)

 MySQL  localhost:3306 ssl  sakila  SQL > desc store;
+------------------+----------------------+------+-----+-------------------+-----------------------------------------------+
| Field            | Type                 | Null | Key | Default           | Extra                                         |
+------------------+----------------------+------+-----+-------------------+-----------------------------------------------+
| store_id         | tinyint(3) unsigned  | NO   | PRI | NULL              | auto_increment                                |
| manager_staff_id | tinyint(3) unsigned  | NO   | UNI | NULL              |                                               |
| address_id       | smallint(5) unsigned | NO   | MUL | NULL              |                                               |
| last_update      | timestamp            | NO   |     | CURRENT_TIMESTAMP | DEFAULT_GENERATED on update CURRENT_TIMESTAMP |
+------------------+----------------------+------+-----+-------------------+-----------------------------------------------+
4 rows in set (0.0064 sec)

 MySQL  localhost:3306 ssl  sakila  SQL > select a.name, b.store from customer_list A left store B on a.id = B.store;
ERROR: 1064 (42000): You have an error in your SQL syntax; check the manual that corresponds to your MySQL server version for the right syntax to use near 'store B on a.id = B.store' at line 1

 MySQL  localhost:3306 ssl  sakila  SQL > select a.name, b.store from customer_list A left join store B on a.id = B.store;
ERROR: 1054 (42S22): Unknown column 'b.store' in 'field list'

 MySQL  localhost:3306 ssl  sakila  SQL > select a.name, b.store from customer_list A left join store B on a.id = B.store_id;
ERROR: 1054 (42S22): Unknown column 'b.store' in 'field list'

 MySQL  localhost:3306 ssl  sakila  SQL > select a.name, b.store_id from customer_list A left join store B on a.id = B.store_id;
+-----------------------+----------+
| name                  | store_id |
+-----------------------+----------+
| MARY SMITH            |        1 |
| PATRICIA JOHNSON      |        2 |
| LINDA WILLIAMS        |     NULL |
| BARBARA JONES         |     NULL |
| ELIZABETH BROWN       |     NULL |
| JENNIFER DAVIS        |     NULL |
| MARIA MILLER          |     NULL |
| SUSAN WILSON          |     NULL |
| MARGARET MOORE        |     NULL |
| DOROTHY TAYLOR        |     NULL |
| LISA ANDERSON         |     NULL |
| NANCY THOMAS          |     NULL |
| KAREN JACKSON         |     NULL |
| BETTY WHITE           |     NULL |
| HELEN HARRIS          |     NULL |
| SANDRA MARTIN         |     NULL |
| DONNA THOMPSON        |     NULL |
| CAROL GARCIA          |     NULL |
| RUTH MARTINEZ         |     NULL |
| SHARON ROBINSON       |     NULL |
| MICHELLE CLARK        |     NULL |
| LAURA RODRIGUEZ       |     NULL |
| SARAH LEWIS           |     NULL |
| KIMBERLY LEE          |     NULL |
| DEBORAH WALKER        |     NULL |
| JESSICA HALL          |     NULL |
| SHIRLEY ALLEN         |     NULL |
| CYNTHIA YOUNG         |     NULL |
| ANGELA HERNANDEZ      |     NULL |
| MELISSA KING          |     NULL |
| BRENDA WRIGHT         |     NULL |
| AMY LOPEZ             |     NULL |
| ANNA HILL             |     NULL |
| REBECCA SCOTT         |     NULL |
| VIRGINIA GREEN        |     NULL |
| KATHLEEN ADAMS        |     NULL |
| PAMELA BAKER          |     NULL |
| MARTHA GONZALEZ       |     NULL |
| DEBRA NELSON          |     NULL |
| AMANDA CARTER         |     NULL |
| STEPHANIE MITCHELL    |     NULL |
| CAROLYN PEREZ         |     NULL |
| CHRISTINE ROBERTS     |     NULL |
| MARIE TURNER          |     NULL |
| JANET PHILLIPS        |     NULL |
| CATHERINE CAMPBELL    |     NULL |
| FRANCES PARKER        |     NULL |
| ANN EVANS             |     NULL |
| JOYCE EDWARDS         |     NULL |
| DIANE COLLINS         |     NULL |
| ALICE STEWART         |     NULL |
| JULIE SANCHEZ         |     NULL |
| HEATHER MORRIS        |     NULL |
| TERESA ROGERS         |     NULL |
| DORIS REED            |     NULL |
| GLORIA COOK           |     NULL |
| EVELYN MORGAN         |     NULL |
| JEAN BELL             |     NULL |
| CHERYL MURPHY         |     NULL |
| MILDRED BAILEY        |     NULL |
| KATHERINE RIVERA      |     NULL |
| JOAN COOPER           |     NULL |
| ASHLEY RICHARDSON     |     NULL |
| JUDITH COX            |     NULL |
| ROSE HOWARD           |     NULL |
| JANICE WARD           |     NULL |
| KELLY TORRES          |     NULL |
| NICOLE PETERSON       |     NULL |
| JUDY GRAY             |     NULL |
| CHRISTINA RAMIREZ     |     NULL |
| KATHY JAMES           |     NULL |
| THERESA WATSON        |     NULL |
| BEVERLY BROOKS        |     NULL |
| DENISE KELLY          |     NULL |
| TAMMY SANDERS         |     NULL |
| IRENE PRICE           |     NULL |
| JANE BENNETT          |     NULL |
| LORI WOOD             |     NULL |
| RACHEL BARNES         |     NULL |
| MARILYN ROSS          |     NULL |
| ANDREA HENDERSON      |     NULL |
| KATHRYN COLEMAN       |     NULL |
| LOUISE JENKINS        |     NULL |
| SARA PERRY            |     NULL |
| ANNE POWELL           |     NULL |
| JACQUELINE LONG       |     NULL |
| WANDA PATTERSON       |     NULL |
| BONNIE HUGHES         |     NULL |
| JULIA FLORES          |     NULL |
| RUBY WASHINGTON       |     NULL |
| LOIS BUTLER           |     NULL |
| TINA SIMMONS          |     NULL |
| PHYLLIS FOSTER        |     NULL |
| NORMA GONZALES        |     NULL |
| PAULA BRYANT          |     NULL |
| DIANA ALEXANDER       |     NULL |
| ANNIE RUSSELL         |     NULL |
| LILLIAN GRIFFIN       |     NULL |
| EMILY DIAZ            |     NULL |
| ROBIN HAYES           |     NULL |
| PEGGY MYERS           |     NULL |
| CRYSTAL FORD          |     NULL |
| GLADYS HAMILTON       |     NULL |
| RITA GRAHAM           |     NULL |
| DAWN SULLIVAN         |     NULL |
| CONNIE WALLACE        |     NULL |
| FLORENCE WOODS        |     NULL |
| TRACY COLE            |     NULL |
| EDNA WEST             |     NULL |
| TIFFANY JORDAN        |     NULL |
| CARMEN OWENS          |     NULL |
| ROSA REYNOLDS         |     NULL |
| CINDY FISHER          |     NULL |
| GRACE ELLIS           |     NULL |
| WENDY HARRISON        |     NULL |
| VICTORIA GIBSON       |     NULL |
| EDITH MCDONALD        |     NULL |
| KIM CRUZ              |     NULL |
| SHERRY MARSHALL       |     NULL |
| SYLVIA ORTIZ          |     NULL |
| JOSEPHINE GOMEZ       |     NULL |
| THELMA MURRAY         |     NULL |
| SHANNON FREEMAN       |     NULL |
| SHEILA WELLS          |     NULL |
| ETHEL WEBB            |     NULL |
| ELLEN SIMPSON         |     NULL |
| ELAINE STEVENS        |     NULL |
| MARJORIE TUCKER       |     NULL |
| CARRIE PORTER         |     NULL |
| CHARLOTTE HUNTER      |     NULL |
| MONICA HICKS          |     NULL |
| ESTHER CRAWFORD       |     NULL |
| PAULINE HENRY         |     NULL |
| EMMA BOYD             |     NULL |
| JUANITA MASON         |     NULL |
| ANITA MORALES         |     NULL |
| RHONDA KENNEDY        |     NULL |
| HAZEL WARREN          |     NULL |
| AMBER DIXON           |     NULL |
| EVA RAMOS             |     NULL |
| DEBBIE REYES          |     NULL |
| APRIL BURNS           |     NULL |
| LESLIE GORDON         |     NULL |
| CLARA SHAW            |     NULL |
| LUCILLE HOLMES        |     NULL |
| JAMIE RICE            |     NULL |
| JOANNE ROBERTSON      |     NULL |
| ELEANOR HUNT          |     NULL |
| VALERIE BLACK         |     NULL |
| DANIELLE DANIELS      |     NULL |
| MEGAN PALMER          |     NULL |
| ALICIA MILLS          |     NULL |
| SUZANNE NICHOLS       |     NULL |
| MICHELE GRANT         |     NULL |
| GAIL KNIGHT           |     NULL |
| BERTHA FERGUSON       |     NULL |
| DARLENE ROSE          |     NULL |
| VERONICA STONE        |     NULL |
| JILL HAWKINS          |     NULL |
| ERIN DUNN             |     NULL |
| GERALDINE PERKINS     |     NULL |
| LAUREN HUDSON         |     NULL |
| CATHY SPENCER         |     NULL |
| JOANN GARDNER         |     NULL |
| LORRAINE STEPHENS     |     NULL |
| LYNN PAYNE            |     NULL |
| SALLY PIERCE          |     NULL |
| REGINA BERRY          |     NULL |
| ERICA MATTHEWS        |     NULL |
| BEATRICE ARNOLD       |     NULL |
| DOLORES WAGNER        |     NULL |
| BERNICE WILLIS        |     NULL |
| AUDREY RAY            |     NULL |
| YVONNE WATKINS        |     NULL |
| ANNETTE OLSON         |     NULL |
| JUNE CARROLL          |     NULL |
| SAMANTHA DUNCAN       |     NULL |
| MARION SNYDER         |     NULL |
| DANA HART             |     NULL |
| STACY CUNNINGHAM      |     NULL |
| ANA BRADLEY           |     NULL |
| RENEE LANE            |     NULL |
| IDA ANDREWS           |     NULL |
| VIVIAN RUIZ           |     NULL |
| ROBERTA HARPER        |     NULL |
| HOLLY FOX             |     NULL |
| BRITTANY RILEY        |     NULL |
| MELANIE ARMSTRONG     |     NULL |
| LORETTA CARPENTER     |     NULL |
| YOLANDA WEAVER        |     NULL |
| JEANETTE GREENE       |     NULL |
| LAURIE LAWRENCE       |     NULL |
| KATIE ELLIOTT         |     NULL |
| KRISTEN CHAVEZ        |     NULL |
| VANESSA SIMS          |     NULL |
| ALMA AUSTIN           |     NULL |
| SUE PETERS            |     NULL |
| ELSIE KELLEY          |     NULL |
| BETH FRANKLIN         |     NULL |
| JEANNE LAWSON         |     NULL |
| VICKI FIELDS          |     NULL |
| CARLA GUTIERREZ       |     NULL |
| TARA RYAN             |     NULL |
| ROSEMARY SCHMIDT      |     NULL |
| EILEEN CARR           |     NULL |
| TERRI VASQUEZ         |     NULL |
| GERTRUDE CASTILLO     |     NULL |
| LUCY WHEELER          |     NULL |
| TONYA CHAPMAN         |     NULL |
| ELLA OLIVER           |     NULL |
| STACEY MONTGOMERY     |     NULL |
| WILMA RICHARDS        |     NULL |
| GINA WILLIAMSON       |     NULL |
| KRISTIN JOHNSTON      |     NULL |
| JESSIE BANKS          |     NULL |
| NATALIE MEYER         |     NULL |
| AGNES BISHOP          |     NULL |
| VERA MCCOY            |     NULL |
| WILLIE HOWELL         |     NULL |
| CHARLENE ALVAREZ      |     NULL |
| BESSIE MORRISON       |     NULL |
| DELORES HANSEN        |     NULL |
| MELINDA FERNANDEZ     |     NULL |
| PEARL GARZA           |     NULL |
| ARLENE HARVEY         |     NULL |
| MAUREEN LITTLE        |     NULL |
| COLLEEN BURTON        |     NULL |
| ALLISON STANLEY       |     NULL |
| TAMARA NGUYEN         |     NULL |
| JOY GEORGE            |     NULL |
| GEORGIA JACOBS        |     NULL |
| CONSTANCE REID        |     NULL |
| LILLIE KIM            |     NULL |
| CLAUDIA FULLER        |     NULL |
| JACKIE LYNCH          |     NULL |
| MARCIA DEAN           |     NULL |
| TANYA GILBERT         |     NULL |
| NELLIE GARRETT        |     NULL |
| MINNIE ROMERO         |     NULL |
| MARLENE WELCH         |     NULL |
| HEIDI LARSON          |     NULL |
| GLENDA FRAZIER        |     NULL |
| LYDIA BURKE           |     NULL |
| VIOLA HANSON          |     NULL |
| COURTNEY DAY          |     NULL |
| MARIAN MENDOZA        |     NULL |
| STELLA MORENO         |     NULL |
| CAROLINE BOWMAN       |     NULL |
| DORA MEDINA           |     NULL |
| JO FOWLER             |     NULL |
| VICKIE BREWER         |     NULL |
| MATTIE HOFFMAN        |     NULL |
| TERRY CARLSON         |     NULL |
| MAXINE SILVA          |     NULL |
| IRMA PEARSON          |     NULL |
| MABEL HOLLAND         |     NULL |
| MARSHA DOUGLAS        |     NULL |
| MYRTLE FLEMING        |     NULL |
| LENA JENSEN           |     NULL |
| CHRISTY VARGAS        |     NULL |
| DEANNA BYRD           |     NULL |
| PATSY DAVIDSON        |     NULL |
| HILDA HOPKINS         |     NULL |
| GWENDOLYN MAY         |     NULL |
| JENNIE TERRY          |     NULL |
| NORA HERRERA          |     NULL |
| MARGIE WADE           |     NULL |
| NINA SOTO             |     NULL |
| CASSANDRA WALTERS     |     NULL |
| LEAH CURTIS           |     NULL |
| PENNY NEAL            |     NULL |
| KAY CALDWELL          |     NULL |
| PRISCILLA LOWE        |     NULL |
| NAOMI JENNINGS        |     NULL |
| CAROLE BARNETT        |     NULL |
| BRANDY GRAVES         |     NULL |
| OLGA JIMENEZ          |     NULL |
| BILLIE HORTON         |     NULL |
| DIANNE SHELTON        |     NULL |
| TRACEY BARRETT        |     NULL |
| LEONA OBRIEN          |     NULL |
| JENNY CASTRO          |     NULL |
| FELICIA SUTTON        |     NULL |
| SONIA GREGORY         |     NULL |
| MIRIAM MCKINNEY       |     NULL |
| VELMA LUCAS           |     NULL |
| BECKY MILES           |     NULL |
| BOBBIE CRAIG          |     NULL |
| VIOLET RODRIQUEZ      |     NULL |
| KRISTINA CHAMBERS     |     NULL |
| TONI HOLT             |     NULL |
| MISTY LAMBERT         |     NULL |
| MAE FLETCHER          |     NULL |
| SHELLY WATTS          |     NULL |
| DAISY BATES           |     NULL |
| RAMONA HALE           |     NULL |
| SHERRI RHODES         |     NULL |
| ERIKA PENA            |     NULL |
| JAMES GANNON          |     NULL |
| JOHN FARNSWORTH       |     NULL |
| ROBERT BAUGHMAN       |     NULL |
| MICHAEL SILVERMAN     |     NULL |
| WILLIAM SATTERFIELD   |     NULL |
| DAVID ROYAL           |     NULL |
| RICHARD MCCRARY       |     NULL |
| CHARLES KOWALSKI      |     NULL |
| JOSEPH JOY            |     NULL |
| THOMAS GRIGSBY        |     NULL |
| CHRISTOPHER GRECO     |     NULL |
| DANIEL CABRAL         |     NULL |
| PAUL TROUT            |     NULL |
| MARK RINEHART         |     NULL |
| DONALD MAHON          |     NULL |
| GEORGE LINTON         |     NULL |
| KENNETH GOODEN        |     NULL |
| STEVEN CURLEY         |     NULL |
| EDWARD BAUGH          |     NULL |
| BRIAN WYMAN           |     NULL |
| RONALD WEINER         |     NULL |
| ANTHONY SCHWAB        |     NULL |
| KEVIN SCHULER         |     NULL |
| JASON MORRISSEY       |     NULL |
| MATTHEW MAHAN         |     NULL |
| GARY COY              |     NULL |
| TIMOTHY BUNN          |     NULL |
| JOSE ANDREW           |     NULL |
| LARRY THRASHER        |     NULL |
| JEFFREY SPEAR         |     NULL |
| FRANK WAGGONER        |     NULL |
| SCOTT SHELLEY         |     NULL |
| ERIC ROBERT           |     NULL |
| STEPHEN QUALLS        |     NULL |
| ANDREW PURDY          |     NULL |
| RAYMOND MCWHORTER     |     NULL |
| GREGORY MAULDIN       |     NULL |
| JOSHUA MARK           |     NULL |
| JERRY JORDON          |     NULL |
| DENNIS GILMAN         |     NULL |
| WALTER PERRYMAN       |     NULL |
| PATRICK NEWSOM        |     NULL |
| PETER MENARD          |     NULL |
| HAROLD MARTINO        |     NULL |
| DOUGLAS GRAF          |     NULL |
| HENRY BILLINGSLEY     |     NULL |
| CARL ARTIS            |     NULL |
| ARTHUR SIMPKINS       |     NULL |
| RYAN SALISBURY        |     NULL |
| ROGER QUINTANILLA     |     NULL |
| JOE GILLILAND         |     NULL |
| JUAN FRALEY           |     NULL |
| JACK FOUST            |     NULL |
| ALBERT CROUSE         |     NULL |
| JONATHAN SCARBOROUGH  |     NULL |
| JUSTIN NGO            |     NULL |
| TERRY GRISSOM         |     NULL |
| GERALD FULTZ          |     NULL |
| KEITH RICO            |     NULL |
| SAMUEL MARLOW         |     NULL |
| WILLIE MARKHAM        |     NULL |
| RALPH MADRIGAL        |     NULL |
| LAWRENCE LAWTON       |     NULL |
| NICHOLAS BARFIELD     |     NULL |
| ROY WHITING           |     NULL |
| BENJAMIN VARNEY       |     NULL |
| BRUCE SCHWARZ         |     NULL |
| BRANDON HUEY          |     NULL |
| ADAM GOOCH            |     NULL |
| HARRY ARCE            |     NULL |
| FRED WHEAT            |     NULL |
| WAYNE TRUONG          |     NULL |
| BILLY POULIN          |     NULL |
| STEVE MACKENZIE       |     NULL |
| LOUIS LEONE           |     NULL |
| JEREMY HURTADO        |     NULL |
| AARON SELBY           |     NULL |
| RANDY GAITHER         |     NULL |
| HOWARD FORTNER        |     NULL |
| EUGENE CULPEPPER      |     NULL |
| CARLOS COUGHLIN       |     NULL |
| RUSSELL BRINSON       |     NULL |
| BOBBY BOUDREAU        |     NULL |
| VICTOR BARKLEY        |     NULL |
| MARTIN BALES          |     NULL |
| ERNEST STEPP          |     NULL |
| PHILLIP HOLM          |     NULL |
| TODD TAN              |     NULL |
| JESSE SCHILLING       |     NULL |
| CRAIG MORRELL         |     NULL |
| ALAN KAHN             |     NULL |
| SHAWN HEATON          |     NULL |
| CLARENCE GAMEZ        |     NULL |
| SEAN DOUGLASS         |     NULL |
| PHILIP CAUSEY         |     NULL |
| CHRIS BROTHERS        |     NULL |
| JOHNNY TURPIN         |     NULL |
| EARL SHANKS           |     NULL |
| JIMMY SCHRADER        |     NULL |
| ANTONIO MEEK          |     NULL |
| DANNY ISOM            |     NULL |
| BRYAN HARDISON        |     NULL |
| TONY CARRANZA         |     NULL |
| LUIS YANEZ            |     NULL |
| MIKE WAY              |     NULL |
| STANLEY SCROGGINS     |     NULL |
| LEONARD SCHOFIELD     |     NULL |
| NATHAN RUNYON         |     NULL |
| DALE RATCLIFF         |     NULL |
| MANUEL MURRELL        |     NULL |
| RODNEY MOELLER        |     NULL |
| CURTIS IRBY           |     NULL |
| NORMAN CURRIER        |     NULL |
| ALLEN BUTTERFIELD     |     NULL |
| MARVIN YEE            |     NULL |
| VINCENT RALSTON       |     NULL |
| GLENN PULLEN          |     NULL |
| JEFFERY PINSON        |     NULL |
| TRAVIS ESTEP          |     NULL |
| JEFF EAST             |     NULL |
| CHAD CARBONE          |     NULL |
| JACOB LANCE           |     NULL |
| LEE HAWKS             |     NULL |
| MELVIN ELLINGTON      |     NULL |
| ALFRED CASILLAS       |     NULL |
| KYLE SPURLOCK         |     NULL |
| FRANCIS SIKES         |     NULL |
| BRADLEY MOTLEY        |     NULL |
| JESUS MCCARTNEY       |     NULL |
| HERBERT KRUGER        |     NULL |
| FREDERICK ISBELL      |     NULL |
| RAY HOULE             |     NULL |
| JOEL FRANCISCO        |     NULL |
| EDWIN BURK            |     NULL |
| DON BONE              |     NULL |
| EDDIE TOMLIN          |     NULL |
| RICKY SHELBY          |     NULL |
| TROY QUIGLEY          |     NULL |
| RANDALL NEUMANN       |     NULL |
| BARRY LOVELACE        |     NULL |
| ALEXANDER FENNELL     |     NULL |
| BERNARD COLBY         |     NULL |
| MARIO CHEATHAM        |     NULL |
| LEROY BUSTAMANTE      |     NULL |
| FRANCISCO SKIDMORE    |     NULL |
| MARCUS HIDALGO        |     NULL |
| MICHEAL FORMAN        |     NULL |
| THEODORE CULP         |     NULL |
| CLIFFORD BOWENS       |     NULL |
| MIGUEL BETANCOURT     |     NULL |
| OSCAR AQUINO          |     NULL |
| JAY ROBB              |     NULL |
| JIM REA               |     NULL |
| TOM MILNER            |     NULL |
| CALVIN MARTEL         |     NULL |
| ALEX GRESHAM          |     NULL |
| JON WILES             |     NULL |
| RONNIE RICKETTS       |     NULL |
| BILL GAVIN            |     NULL |
| LLOYD DOWD            |     NULL |
| TOMMY COLLAZO         |     NULL |
| LEON BOSTIC           |     NULL |
| DEREK BLAKELY         |     NULL |
| WARREN SHERROD        |     NULL |
| DARRELL POWER         |     NULL |
| JEROME KENYON         |     NULL |
| FLOYD GANDY           |     NULL |
| LEO EBERT             |     NULL |
| ALVIN DELOACH         |     NULL |
| TIM CARY              |     NULL |
| WESLEY BULL           |     NULL |
| GORDON ALLARD         |     NULL |
| DEAN SAUER            |     NULL |
| GREG ROBINS           |     NULL |
| JORGE OLIVARES        |     NULL |
| DUSTIN GILLETTE       |     NULL |
| PEDRO CHESTNUT        |     NULL |
| DERRICK BOURQUE       |     NULL |
| DAN PAINE             |     NULL |
| LEWIS LYMAN           |     NULL |
| ZACHARY HITE          |     NULL |
| COREY HAUSER          |     NULL |
| HERMAN DEVORE         |     NULL |
| MAURICE CRAWLEY       |     NULL |
| VERNON CHAPA          |     NULL |
| ROBERTO VU            |     NULL |
| CLYDE TOBIAS          |     NULL |
| GLEN TALBERT          |     NULL |
| HECTOR POINDEXTER     |     NULL |
| SHANE MILLARD         |     NULL |
| RICARDO MEADOR        |     NULL |
| SAM MCDUFFIE          |     NULL |
| RICK MATTOX           |     NULL |
| LESTER KRAUS          |     NULL |
| BRENT HARKINS         |     NULL |
| RAMON CHOATE          |     NULL |
| CHARLIE BESS          |     NULL |
| TYLER WREN            |     NULL |
| GILBERT SLEDGE        |     NULL |
| GENE SANBORN          |     NULL |
| MARC OUTLAW           |     NULL |
| REGINALD KINDER       |     NULL |
| RUBEN GEARY           |     NULL |
| BRETT CORNWELL        |     NULL |
| ANGEL BARCLAY         |     NULL |
| NATHANIEL ADAM        |     NULL |
| RAFAEL ABNEY          |     NULL |
| LESLIE SEWARD         |     NULL |
| EDGAR RHOADS          |     NULL |
| MILTON HOWLAND        |     NULL |
| RAUL FORTIER          |     NULL |
| BEN EASTER            |     NULL |
| CHESTER BENNER        |     NULL |
| CECIL VINES           |     NULL |
| DUANE TUBBS           |     NULL |
| FRANKLIN TROUTMAN     |     NULL |
| ANDRE RAPP            |     NULL |
| ELMER NOE             |     NULL |
| BRAD MCCURDY          |     NULL |
| GABRIEL HARDER        |     NULL |
| RON DELUCA            |     NULL |
| MITCHELL WESTMORELAND |     NULL |
| ROLAND SOUTH          |     NULL |
| ARNOLD HAVENS         |     NULL |
| HARVEY GUAJARDO       |     NULL |
| JARED ELY             |     NULL |
| ADRIAN CLARY          |     NULL |
| KARL SEAL             |     NULL |
| CORY MEEHAN           |     NULL |
| CLAUDE HERZOG         |     NULL |
| ERIK GUILLEN          |     NULL |
| DARRYL ASHCRAFT       |     NULL |
| JAMIE WAUGH           |     NULL |
| NEIL RENNER           |     NULL |
| JESSIE MILAM          |     NULL |
| CHRISTIAN JUNG        |     NULL |
| JAVIER ELROD          |     NULL |
| FERNANDO CHURCHILL    |     NULL |
| CLINTON BUFORD        |     NULL |
| TED BREAUX            |     NULL |
| MATHEW BOLIN          |     NULL |
| TYRONE ASHER          |     NULL |
| DARREN WINDHAM        |     NULL |
| LONNIE TIRADO         |     NULL |
| LANCE PEMBERTON       |     NULL |
| CODY NOLEN            |     NULL |
| JULIO NOLAND          |     NULL |
| KELLY KNOTT           |     NULL |
| KURT EMMONS           |     NULL |
| ALLAN CORNISH         |     NULL |
| NELSON CHRISTENSON    |     NULL |
| GUY BROWNLEE          |     NULL |
| CLAYTON BARBEE        |     NULL |
| HUGH WALDROP          |     NULL |
| MAX PITT              |     NULL |
| DWAYNE OLVERA         |     NULL |
| DWIGHT LOMBARDI       |     NULL |
| ARMANDO GRUBER        |     NULL |
| FELIX GAFFNEY         |     NULL |
| JIMMIE EGGLESTON      |     NULL |
| EVERETT BANDA         |     NULL |
| JORDAN ARCHULETA      |     NULL |
| IAN STILL             |     NULL |
| WALLACE SLONE         |     NULL |
| KEN PREWITT           |     NULL |
| BOB PFEIFFER          |     NULL |
| JAIME NETTLES         |     NULL |
| CASEY MENA            |     NULL |
| ALFREDO MCADAMS       |     NULL |
| ALBERTO HENNING       |     NULL |
| DAVE GARDINER         |     NULL |
| IVAN CROMWELL         |     NULL |
| JOHNNIE CHISHOLM      |     NULL |
| SIDNEY BURLESON       |     NULL |
| BYRON BOX             |     NULL |
| JULIAN VEST           |     NULL |
| ISAAC OGLESBY         |     NULL |
| MORRIS MCCARTER       |     NULL |
| CLIFTON MALCOLM       |     NULL |
| WILLARD LUMPKIN       |     NULL |
| DARYL LARUE           |     NULL |
| ROSS GREY             |     NULL |
| VIRGIL WOFFORD        |     NULL |
| ANDY VANHORN          |     NULL |
| MARSHALL THORN        |     NULL |
| SALVADOR TEEL         |     NULL |
| PERRY SWAFFORD        |     NULL |
| KIRK STCLAIR          |     NULL |
| SERGIO STANFIELD      |     NULL |
| MARION OCAMPO         |     NULL |
| TRACY HERRMANN        |     NULL |
| SETH HANNON           |     NULL |
| KENT ARSENAULT        |     NULL |
| TERRANCE ROUSH        |     NULL |
| RENE MCALISTER        |     NULL |
| EDUARDO HIATT         |     NULL |
| TERRENCE GUNDERSON    |     NULL |
| ENRIQUE FORSYTHE      |     NULL |
| FREDDIE DUGGAN        |     NULL |
| WADE DELVALLE         |     NULL |
| AUSTIN CINTRON        |     NULL |
+-----------------------+----------+
599 rows in set (0.0279 sec)

 MySQL  localhost:3306 ssl  sakila  SQL > desc flim;
ERROR: 1146 (42S02): Table 'sakila.flim' doesn't exist

 MySQL  localhost:3306 ssl  sakila  SQL > desc film;
+----------------------+---------------------------------------------------------------------+------+-----+-------------------+-----------------------------------------------+
| Field                | Type                                                                | Null | Key | Default           | Extra                                         |
+----------------------+---------------------------------------------------------------------+------+-----+-------------------+-----------------------------------------------+
| film_id              | smallint(5) unsigned                                                | NO   | PRI | NULL              | auto_increment                                |
| title                | varchar(255)                                                        | NO   | MUL | NULL              |                                               |
| description          | text                                                                | YES  |     | NULL              |                                               |
| release_year         | year(4)                                                             | YES  |     | NULL              |                                               |
| language_id          | tinyint(3) unsigned                                                 | NO   | MUL | NULL              |                                               |
| original_language_id | tinyint(3) unsigned                                                 | YES  | MUL | NULL              |                                               |
| rental_duration      | tinyint(3) unsigned                                                 | NO   |     | 3                 |                                               |
| rental_rate          | decimal(4,2)                                                        | NO   |     | 4.99              |                                               |
| length               | smallint(5) unsigned                                                | YES  |     | NULL              |                                               |
| replacement_cost     | decimal(5,2)                                                        | NO   |     | 19.99             |                                               |
| rating               | enum('G','PG','PG-13','R','NC-17')                                  | YES  |     | G                 |                                               |
| special_features     | set('Trailers','Commentaries','Deleted Scenes','Behind the Scenes') | YES  |     | NULL              |                                               |
| last_update          | timestamp                                                           | NO   |     | CURRENT_TIMESTAMP | DEFAULT_GENERATED on update CURRENT_TIMESTAMP |
+----------------------+---------------------------------------------------------------------+------+-----+-------------------+-----------------------------------------------+
13 rows in set (0.0045 sec)

 MySQL  localhost:3306 ssl  sakila  SQL > select title, rating from flim;
ERROR: 1146 (42S02): Table 'sakila.flim' doesn't exist

 MySQL  localhost:3306 ssl  sakila  SQL > desc film;
+----------------------+---------------------------------------------------------------------+------+-----+-------------------+-----------------------------------------------+
| Field                | Type                                                                | Null | Key | Default           | Extra                                         |
+----------------------+---------------------------------------------------------------------+------+-----+-------------------+-----------------------------------------------+
| film_id              | smallint(5) unsigned                                                | NO   | PRI | NULL              | auto_increment                                |
| title                | varchar(255)                                                        | NO   | MUL | NULL              |                                               |
| description          | text                                                                | YES  |     | NULL              |                                               |
| release_year         | year(4)                                                             | YES  |     | NULL              |                                               |
| language_id          | tinyint(3) unsigned                                                 | NO   | MUL | NULL              |                                               |
| original_language_id | tinyint(3) unsigned                                                 | YES  | MUL | NULL              |                                               |
| rental_duration      | tinyint(3) unsigned                                                 | NO   |     | 3                 |                                               |
| rental_rate          | decimal(4,2)                                                        | NO   |     | 4.99              |                                               |
| length               | smallint(5) unsigned                                                | YES  |     | NULL              |                                               |
| replacement_cost     | decimal(5,2)                                                        | NO   |     | 19.99             |                                               |
| rating               | enum('G','PG','PG-13','R','NC-17')                                  | YES  |     | G                 |                                               |
| special_features     | set('Trailers','Commentaries','Deleted Scenes','Behind the Scenes') | YES  |     | NULL              |                                               |
| last_update          | timestamp                                                           | NO   |     | CURRENT_TIMESTAMP | DEFAULT_GENERATED on update CURRENT_TIMESTAMP |
+----------------------+---------------------------------------------------------------------+------+-----+-------------------+-----------------------------------------------+
13 rows in set (0.0050 sec)

 MySQL  localhost:3306 ssl  sakila  SQL > select (title, rating) from flim;
ERROR: 1146 (42S02): Table 'sakila.flim' doesn't exist

 MySQL  localhost:3306 ssl  sakila  SQL > select (title, rating) from film;
ERROR: 1241 (21000): Operand should contain 1 column(s)

 MySQL  localhost:3306 ssl  sakila  SQL > select title, rating from film;
+-----------------------------+--------+
| title                       | rating |
+-----------------------------+--------+
| ACADEMY DINOSAUR            | PG     |
| ACE GOLDFINGER              | G      |
| ADAPTATION HOLES            | NC-17  |
| AFFAIR PREJUDICE            | G      |
| AFRICAN EGG                 | G      |
| AGENT TRUMAN                | PG     |
| AIRPLANE SIERRA             | PG-13  |
| AIRPORT POLLOCK             | R      |
| ALABAMA DEVIL               | PG-13  |
| ALADDIN CALENDAR            | NC-17  |
| ALAMO VIDEOTAPE             | G      |
| ALASKA PHANTOM              | PG     |
| ALI FOREVER                 | PG     |
| ALICE FANTASIA              | NC-17  |
| ALIEN CENTER                | NC-17  |
| ALLEY EVOLUTION             | NC-17  |
| ALONE TRIP                  | R      |
| ALTER VICTORY               | PG-13  |
| AMADEUS HOLY                | PG     |
| AMELIE HELLFIGHTERS         | R      |
| AMERICAN CIRCUS             | R      |
| AMISTAD MIDSUMMER           | G      |
| ANACONDA CONFESSIONS        | R      |
| ANALYZE HOOSIERS            | R      |
| ANGELS LIFE                 | G      |
| ANNIE IDENTITY              | G      |
| ANONYMOUS HUMAN             | NC-17  |
| ANTHEM LUKE                 | PG-13  |
| ANTITRUST TOMATOES          | NC-17  |
| ANYTHING SAVANNAH           | R      |
| APACHE DIVINE               | NC-17  |
| APOCALYPSE FLAMINGOS        | R      |
| APOLLO TEEN                 | PG-13  |
| ARABIA DOGMA                | NC-17  |
| ARACHNOPHOBIA ROLLERCOASTER | PG-13  |
| ARGONAUTS TOWN              | PG-13  |
| ARIZONA BANG                | PG     |
| ARK RIDGEMONT               | NC-17  |
| ARMAGEDDON LOST             | G      |
| ARMY FLINTSTONES            | R      |
| ARSENIC INDEPENDENCE        | PG     |
| ARTIST COLDBLOODED          | NC-17  |
| ATLANTIS CAUSE              | G      |
| ATTACKS HATE                | PG-13  |
| ATTRACTION NEWTON           | PG-13  |
| AUTUMN CROW                 | G      |
| BABY HALL                   | NC-17  |
| BACKLASH UNDEFEATED         | PG-13  |
| BADMAN DAWN                 | R      |
| BAKED CLEOPATRA             | G      |
| BALLOON HOMEWARD            | NC-17  |
| BALLROOM MOCKINGBIRD        | G      |
| BANG KWAI                   | NC-17  |
| BANGER PINOCCHIO            | R      |
| BARBARELLA STREETCAR        | G      |
| BAREFOOT MANCHURIAN         | G      |
| BASIC EASY                  | PG-13  |
| BEACH HEARTBREAKERS         | G      |
| BEAR GRACELAND              | R      |
| BEAST HUNCHBACK             | R      |
| BEAUTY GREASE               | G      |
| BED HIGHBALL                | NC-17  |
| BEDAZZLED MARRIED           | PG     |
| BEETHOVEN EXORCIST          | PG-13  |
| BEHAVIOR RUNAWAY            | PG     |
| BENEATH RUSH                | NC-17  |
| BERETS AGENT                | PG-13  |
| BETRAYED REAR               | NC-17  |
| BEVERLY OUTLAW              | R      |
| BIKINI BORROWERS            | NC-17  |
| BILKO ANONYMOUS             | PG-13  |
| BILL OTHERS                 | PG     |
| BINGO TALENTED              | PG-13  |
| BIRCH ANTITRUST             | PG     |
| BIRD INDEPENDENCE           | G      |
| BIRDCAGE CASPER             | NC-17  |
| BIRDS PERDITION             | G      |
| BLACKOUT PRIVATE            | PG     |
| BLADE POLISH                | PG-13  |
| BLANKET BEVERLY             | G      |
| BLINDNESS GUN               | PG-13  |
| BLOOD ARGONAUTS             | G      |
| BLUES INSTINCT              | G      |
| BOILED DARES                | PG     |
| BONNIE HOLOCAUST            | G      |
| BOOGIE AMELIE               | R      |
| BOONDOCK BALLROOM           | NC-17  |
| BORN SPINAL                 | PG     |
| BORROWERS BEDAZZLED         | G      |
| BOULEVARD MOB               | R      |
| BOUND CHEAPER               | PG     |
| BOWFINGER GABLES            | NC-17  |
| BRANNIGAN SUNRISE           | PG     |
| BRAVEHEART HUMAN            | PG-13  |
| BREAKFAST GOLDFINGER        | G      |
| BREAKING HOME               | PG-13  |
| BRIDE INTRIGUE              | G      |
| BRIGHT ENCOUNTERS           | PG-13  |
| BRINGING HYSTERICAL         | PG     |
| BROOKLYN DESERT             | R      |
| BROTHERHOOD BLANKET         | R      |
| BUBBLE GROSSE               | R      |
| BUCKET BROTHERHOOD          | PG     |
| BUGSY SONG                  | G      |
| BULL SHAWSHANK              | NC-17  |
| BULWORTH COMMANDMENTS       | G      |
| BUNCH MINDS                 | G      |
| BUTCH PANTHER               | PG-13  |
| BUTTERFLY CHOCOLAT          | G      |
| CABIN FLASH                 | NC-17  |
| CADDYSHACK JEDI             | NC-17  |
| CALENDAR GUNFIGHT           | NC-17  |
| CALIFORNIA BIRDS            | NC-17  |
| CAMELOT VACATION            | NC-17  |
| CAMPUS REMEMBER             | R      |
| CANDIDATE PERDITION         | R      |
| CANDLES GRAPES              | NC-17  |
| CANYON STOCK                | R      |
| CAPER MOTIONS               | G      |
| CARIBBEAN LIBERTY           | NC-17  |
| CAROL TEXAS                 | PG     |
| CARRIE BUNCH                | PG     |
| CASABLANCA SUPER            | G      |
| CASPER DRAGONFLY            | PG-13  |
| CASSIDY WYOMING             | NC-17  |
| CASUALTIES ENCINO           | G      |
| CAT CONEHEADS               | G      |
| CATCH AMISTAD               | G      |
| CAUSE DATE                  | R      |
| CELEBRITY HORN              | PG-13  |
| CENTER DINOSAUR             | PG     |
| CHAINSAW UPTOWN             | PG     |
| CHAMBER ITALIAN             | NC-17  |
| CHAMPION FLATLINERS         | PG     |
| CHANCE RESURRECTION         | R      |
| CHAPLIN LICENSE             | NC-17  |
| CHARADE DUFFEL              | PG     |
| CHARIOTS CONSPIRACY         | R      |
| CHASING FIGHT               | PG     |
| CHEAPER CLYDE               | G      |
| CHICAGO NORTH               | PG-13  |
| CHICKEN HELLFIGHTERS        | PG     |
| CHILL LUCK                  | PG     |
| CHINATOWN GLADIATOR         | PG     |
| CHISUM BEHAVIOR             | G      |
| CHITTY LOCK                 | G      |
| CHOCOLAT HARRY              | NC-17  |
| CHOCOLATE DUCK              | R      |
| CHRISTMAS MOONSHINE         | NC-17  |
| CIDER DESIRE                | PG     |
| CINCINATTI WHISPERER        | NC-17  |
| CIRCUS YOUTH                | PG-13  |
| CITIZEN SHREK               | G      |
| CLASH FREDDY                | G      |
| CLEOPATRA DEVIL             | PG-13  |
| CLERKS ANGELS               | G      |
| CLOCKWORK PARADISE          | PG-13  |
| CLONES PINOCCHIO            | R      |
| CLOSER BANG                 | R      |
| CLUB GRAFFITI               | PG-13  |
| CLUE GRAIL                  | NC-17  |
| CLUELESS BUCKET             | R      |
| CLYDE THEORY                | PG-13  |
| COAST RAINBOW               | PG     |
| COLDBLOODED DARLING         | G      |
| COLOR PHILADELPHIA          | G      |
| COMA HEAD                   | NC-17  |
| COMANCHEROS ENEMY           | R      |
| COMFORTS RUSH               | NC-17  |
| COMMAND DARLING             | PG-13  |
| COMMANDMENTS EXPRESS        | R      |
| CONEHEADS SMOOCHY           | NC-17  |
| CONFESSIONS MAGUIRE         | PG-13  |
| CONFIDENTIAL INTERVIEW      | NC-17  |
| CONFUSED CANDLES            | PG-13  |
| CONGENIALITY QUEST          | PG-13  |
| CONNECTICUT TRAMP           | R      |
| CONNECTION MICROCOSMOS      | G      |
| CONQUERER NUTS              | G      |
| CONSPIRACY SPIRIT           | PG-13  |
| CONTACT ANONYMOUS           | PG-13  |
| CONTROL ANTHEM              | G      |
| CONVERSATION DOWNHILL       | R      |
| CORE SUIT                   | PG-13  |
| COWBOY DOOM                 | PG     |
| CRAFT OUTFIELD              | NC-17  |
| CRANES RESERVOIR            | NC-17  |
| CRAZY HOME                  | PG     |
| CREATURES SHAKESPEARE       | NC-17  |
| CREEPERS KANE               | NC-17  |
| CROOKED FROGMEN             | PG-13  |
| CROSSING DIVORCE            | R      |
| CROSSROADS CASUALTIES       | G      |
| CROW GREASE                 | PG     |
| CROWDS TELEMARK             | R      |
| CRUELTY UNFORGIVEN          | G      |
| CRUSADE HONEY               | R      |
| CRYSTAL BREAKING            | NC-17  |
| CUPBOARD SINNERS            | R      |
| CURTAIN VIDEOTAPE           | PG-13  |
| CYCLONE FAMILY              | PG     |
| DADDY PITTSBURGH            | G      |
| DAISY MENAGERIE             | G      |
| DALMATIONS SWEDEN           | PG     |
| DANCES NONE                 | NC-17  |
| DANCING FEVER               | G      |
| DANGEROUS UPTOWN            | PG     |
| DARES PLUTO                 | PG-13  |
| DARKNESS WAR                | NC-17  |
| DARKO DORADO                | NC-17  |
| DARLING BREAKING            | PG-13  |
| DARN FORRESTER              | G      |
| DATE SPEED                  | R      |
| DAUGHTER MADIGAN            | PG-13  |
| DAWN POND                   | PG     |
| DAY UNFAITHFUL              | G      |
| DAZED PUNK                  | G      |
| DECEIVER BETRAYED           | NC-17  |
| DEEP CRUSADE                | PG-13  |
| DEER VIRGINIAN              | NC-17  |
| DELIVERANCE MULHOLLAND      | R      |
| DESERT POSEIDON             | R      |
| DESIRE ALIEN                | NC-17  |
| DESPERATE TRAINSPOTTING     | G      |
| DESTINATION JERK            | PG-13  |
| DESTINY SATURDAY            | G      |
| DETAILS PACKER              | R      |
| DETECTIVE VISION            | PG-13  |
| DEVIL DESIRE                | R      |
| DIARY PANIC                 | G      |
| DINOSAUR SECRETARY          | R      |
| DIRTY ACE                   | NC-17  |
| DISCIPLE MOTHER             | PG     |
| DISTURBING SCARFACE         | R      |
| DIVIDE MONSTER              | PG-13  |
| DIVINE RESURRECTION         | R      |
| DIVORCE SHINING             | G      |
| DOCTOR GRAIL                | G      |
| DOGMA FAMILY                | G      |
| DOLLS RAGE                  | PG-13  |
| DONNIE ALLEY                | NC-17  |
| DOOM DANCING                | R      |
| DOORS PRESIDENT             | NC-17  |
| DORADO NOTTING              | NC-17  |
| DOUBLE WRATH                | R      |
| DOUBTFIRE LABYRINTH         | R      |
| DOWNHILL ENOUGH             | G      |
| DOZEN LION                  | NC-17  |
| DRACULA CRYSTAL             | G      |
| DRAGON SQUAD                | NC-17  |
| DRAGONFLY STRANGERS         | NC-17  |
| DREAM PICKUP                | PG     |
| DRIFTER COMMANDMENTS        | PG-13  |
| DRIVER ANNIE                | PG-13  |
| DRIVING POLISH              | NC-17  |
| DROP WATERFRONT             | R      |
| DRUMLINE CYCLONE            | G      |
| DRUMS DYNAMITE              | PG     |
| DUCK RACER                  | NC-17  |
| DUDE BLINDNESS              | G      |
| DUFFEL APOCALYPSE           | G      |
| DUMBO LUST                  | NC-17  |
| DURHAM PANKY                | R      |
| DWARFS ALTER                | G      |
| DYING MAKER                 | PG     |
| DYNAMITE TARZAN             | PG-13  |
| EAGLES PANKY                | NC-17  |
| EARLY HOME                  | NC-17  |
| EARRING INSTINCT            | R      |
| EARTH VISION                | NC-17  |
| EASY GLADIATOR              | G      |
| EDGE KISSING                | NC-17  |
| EFFECT GLADIATOR            | PG     |
| EGG IGBY                    | PG     |
| EGYPT TENENBAUMS            | PG     |
| ELEMENT FREDDY              | NC-17  |
| ELEPHANT TROJAN             | PG-13  |
| ELF MURDER                  | NC-17  |
| ELIZABETH SHANE             | NC-17  |
| EMPIRE MALKOVICH            | G      |
| ENCINO ELF                  | G      |
| ENCOUNTERS CURTAIN          | NC-17  |
| ENDING CROWDS               | NC-17  |
| ENEMY ODDS                  | NC-17  |
| ENGLISH BULWORTH            | PG-13  |
| ENOUGH RAGING               | NC-17  |
| ENTRAPMENT SATISFACTION     | R      |
| ESCAPE METROPOLIS           | R      |
| EVE RESURRECTION            | G      |
| EVERYONE CRAFT              | PG     |
| EVOLUTION ALTER             | PG-13  |
| EXCITEMENT EVE              | G      |
| EXORCIST STING              | G      |
| EXPECATIONS NATURAL         | PG-13  |
| EXPENDABLE STALLION         | PG     |
| EXPRESS LONELY              | R      |
| EXTRAORDINARY CONQUERER     | G      |
| EYES DRIVING                | PG-13  |
| FACTORY DRAGON              | PG-13  |
| FALCON VOLUME               | PG-13  |
| FAMILY SWEET                | R      |
| FANTASIA PARK               | G      |
| FANTASY TROOPERS            | PG-13  |
| FARGO GANDHI                | G      |
| FATAL HAUNTED               | PG     |
| FEATHERS METAL              | PG-13  |
| FELLOWSHIP AUTUMN           | NC-17  |
| FERRIS MOTHER               | PG     |
| FEUD FROGMEN                | R      |
| FEVER EMPIRE                | R      |
| FICTION CHRISTMAS           | PG     |
| FIDDLER LOST                | R      |
| FIDELITY DEVIL              | G      |
| FIGHT JAWBREAKER            | R      |
| FINDING ANACONDA            | R      |
| FIRE WOLVES                 | R      |
| FIREBALL PHILADELPHIA       | PG     |
| FIREHOUSE VIETNAM           | G      |
| FISH OPUS                   | R      |
| FLAMINGOS CONNECTICUT       | PG-13  |
| FLASH WARS                  | NC-17  |
| FLATLINERS KILLER           | G      |
| FLIGHT LIES                 | R      |
| FLINTSTONES HAPPINESS       | PG-13  |
| FLOATS GARDEN               | PG-13  |
| FLYING HOOK                 | NC-17  |
| FOOL MOCKINGBIRD            | PG     |
| FOREVER CANDIDATE           | NC-17  |
| FORREST SONS                | R      |
| FORRESTER COMANCHEROS       | NC-17  |
| FORWARD TEMPLE              | NC-17  |
| FRANKENSTEIN STRANGER       | NC-17  |
| FREAKY POCUS                | R      |
| FREDDY STORM                | NC-17  |
| FREEDOM CLEOPATRA           | PG-13  |
| FRENCH HOLIDAY              | PG     |
| FRIDA SLIPPER               | R      |
| FRISCO FORREST              | PG     |
| FROGMEN BREAKING            | R      |
| FRONTIER CABIN              | PG-13  |
| FROST HEAD                  | PG     |
| FUGITIVE MAGUIRE            | R      |
| FULL FLATLINERS             | PG     |
| FURY MURDER                 | PG-13  |
| GABLES METROPOLIS           | PG     |
| GALAXY SWEETHEARTS          | R      |
| GAMES BOWFINGER             | PG-13  |
| GANDHI KWAI                 | PG-13  |
| GANGS PRIDE                 | PG-13  |
| GARDEN ISLAND               | G      |
| GASLIGHT CRUSADE            | PG     |
| GATHERING CALENDAR          | PG-13  |
| GENTLEMEN STAGE             | NC-17  |
| GHOST GROUNDHOG             | G      |
| GHOSTBUSTERS ELF            | R      |
| GIANT TROOPERS              | R      |
| GILBERT PELICAN             | G      |
| GILMORE BOILED              | R      |
| GLADIATOR WESTWARD          | PG     |
| GLASS DYING                 | G      |
| GLEAMING JAWBREAKER         | NC-17  |
| GLORY TRACY                 | PG-13  |
| GO PURPLE                   | R      |
| GODFATHER DIARY             | NC-17  |
| GOLD RIVER                  | R      |
| GOLDFINGER SENSIBILITY      | G      |
| GOLDMINE TYCOON             | R      |
| GONE TROUBLE                | R      |
| GOODFELLAS SALUTE           | PG     |
| GORGEOUS BINGO              | R      |
| GOSFORD DONNIE              | G      |
| GRACELAND DYNAMITE          | R      |
| GRADUATE LORD               | G      |
| GRAFFITI LOVE               | PG     |
| GRAIL FRANKENSTEIN          | NC-17  |
| GRAPES FURY                 | G      |
| GREASE YOUTH                | G      |
| GREATEST NORTH              | NC-17  |
| GREEDY ROOTS                | R      |
| GREEK EVERYONE              | PG     |
| GRINCH MASSAGE              | R      |
| GRIT CLOCKWORK              | PG     |
| GROOVE FICTION              | NC-17  |
| GROSSE WONDERFUL            | R      |
| GROUNDHOG UNCUT             | PG-13  |
| GUMP DATE                   | NC-17  |
| GUN BONNIE                  | G      |
| GUNFIGHT MOON               | NC-17  |
| GUNFIGHTER MUSSOLINI        | PG-13  |
| GUYS FALCON                 | R      |
| HALF OUTFIELD               | PG-13  |
| HALL CASSIDY                | NC-17  |
| HALLOWEEN NUTS              | PG-13  |
| HAMLET WISDOM               | R      |
| HANDICAP BOONDOCK           | R      |
| HANGING DEEP                | G      |
| HANKY OCTOBER               | NC-17  |
| HANOVER GALAXY              | NC-17  |
| HAPPINESS UNITED            | G      |
| HARDLY ROBBERS              | R      |
| HAROLD FRENCH               | NC-17  |
| HARPER DYING                | G      |
| HARRY IDAHO                 | PG-13  |
| HATE HANDICAP               | PG     |
| HAUNTED ANTITRUST           | NC-17  |
| HAUNTING PIANIST            | R      |
| HAWK CHILL                  | PG-13  |
| HEAD STRANGER               | R      |
| HEARTBREAKERS BRIGHT        | G      |
| HEAVEN FREEDOM              | PG     |
| HEAVENLY GUN                | NC-17  |
| HEAVYWEIGHTS BEAST          | G      |
| HEDWIG ALTER                | NC-17  |
| HELLFIGHTERS SIERRA         | PG     |
| HIGH ENCINO                 | R      |
| HIGHBALL POTTER             | R      |
| HILLS NEIGHBORS             | G      |
| HOBBIT ALIEN                | PG-13  |
| HOCUS FRIDA                 | G      |
| HOLES BRANNIGAN             | PG     |
| HOLIDAY GAMES               | PG-13  |
| HOLLOW JEOPARDY             | NC-17  |
| HOLLYWOOD ANONYMOUS         | PG     |
| HOLOCAUST HIGHBALL          | R      |
| HOLY TADPOLE                | R      |
| HOME PITY                   | R      |
| HOMEWARD CIDER              | R      |
| HOMICIDE PEACH              | PG-13  |
| HONEY TIES                  | R      |
| HOOK CHARIOTS               | G      |
| HOOSIERS BIRDCAGE           | G      |
| HOPE TOOTSIE                | NC-17  |
| HORN WORKING                | PG     |
| HORROR REIGN                | R      |
| HOTEL HAPPINESS             | PG-13  |
| HOURS RAGE                  | NC-17  |
| HOUSE DYNAMITE              | R      |
| HUMAN GRAFFITI              | NC-17  |
| HUNCHBACK IMPOSSIBLE        | PG-13  |
| HUNGER ROOF                 | G      |
| HUNTER ALTER                | PG-13  |
| HUNTING MUSKETEERS          | NC-17  |
| HURRICANE AFFAIR            | PG     |
| HUSTLER PARTY               | NC-17  |
| HYDE DOCTOR                 | G      |
| HYSTERICAL GRAIL            | PG     |
| ICE CROSSING                | R      |
| IDAHO LOVE                  | PG-13  |
| IDENTITY LOVER              | PG-13  |
| IDOLS SNATCHERS             | NC-17  |
| IGBY MAKER                  | NC-17  |
| ILLUSION AMELIE             | R      |
| IMAGE PRINCESS              | PG-13  |
| IMPACT ALADDIN              | PG-13  |
| IMPOSSIBLE PREJUDICE        | NC-17  |
| INCH JET                    | NC-17  |
| INDEPENDENCE HOTEL          | NC-17  |
| INDIAN LOVE                 | NC-17  |
| INFORMER DOUBLE             | NC-17  |
| INNOCENT USUAL              | PG-13  |
| INSECTS STONE               | NC-17  |
| INSIDER ARIZONA             | NC-17  |
| INSTINCT AIRPORT            | PG     |
| INTENTIONS EMPIRE           | PG-13  |
| INTERVIEW LIAISONS          | R      |
| INTOLERABLE INTENTIONS      | PG-13  |
| INTRIGUE WORST              | G      |
| INVASION CYCLONE            | PG     |
| IRON MOON                   | PG     |
| ISHTAR ROCKETEER            | R      |
| ISLAND EXORCIST             | NC-17  |
| ITALIAN AFRICAN             | G      |
| JACKET FRISCO               | PG-13  |
| JADE BUNCH                  | NC-17  |
| JAPANESE RUN                | G      |
| JASON TRAP                  | NC-17  |
| JAWBREAKER BROOKLYN         | PG     |
| JAWS HARRY                  | G      |
| JEDI BENEATH                | PG     |
| JEEPERS WEDDING             | R      |
| JEKYLL FROGMEN              | PG     |
| JEOPARDY ENCINO             | R      |
| JERICHO MULAN               | NC-17  |
| JERK PAYCHECK               | NC-17  |
| JERSEY SASSY                | PG     |
| JET NEIGHBORS               | R      |
| JINGLE SAGEBRUSH            | PG-13  |
| JOON NORTHWEST              | NC-17  |
| JUGGLER HARDLY              | PG-13  |
| JUMANJI BLADE               | G      |
| JUMPING WRATH               | NC-17  |
| JUNGLE CLOSER               | NC-17  |
| KANE EXORCIST               | R      |
| KARATE MOON                 | PG-13  |
| KENTUCKIAN GIANT            | PG     |
| KICK SAVANNAH               | PG-13  |
| KILL BROTHERHOOD            | G      |
| KILLER INNOCENT             | R      |
| KING EVOLUTION              | NC-17  |
| KISS GLORY                  | PG-13  |
| KISSING DOLLS               | R      |
| KNOCK WARLOCK               | PG-13  |
| KRAMER CHOCOLATE            | R      |
| KWAI HOMEWARD               | PG-13  |
| LABYRINTH LEAGUE            | PG-13  |
| LADY STAGE                  | PG     |
| LADYBUGS ARMAGEDDON         | NC-17  |
| LAMBS CINCINATTI            | PG-13  |
| LANGUAGE COWBOY             | NC-17  |
| LAWLESS VISION              | G      |
| LAWRENCE LOVE               | NC-17  |
| LEAGUE HELLFIGHTERS         | PG-13  |
| LEATHERNECKS DWARFS         | PG-13  |
| LEBOWSKI SOLDIERS           | PG-13  |
| LEGALLY SECRETARY           | PG     |
| LEGEND JEDI                 | PG     |
| LESSON CLEOPATRA            | NC-17  |
| LIAISONS SWEET              | PG     |
| LIBERTY MAGNIFICENT         | G      |
| LICENSE WEEKEND             | NC-17  |
| LIES TREATMENT              | NC-17  |
| LIFE TWISTED                | NC-17  |
| LIGHTS DEER                 | R      |
| LION UNCUT                  | PG     |
| LOATHING LEGALLY            | R      |
| LOCK REAR                   | R      |
| LOLA AGENT                  | PG     |
| LOLITA WORLD                | NC-17  |
| LONELY ELEPHANT             | G      |
| LORD ARIZONA                | PG-13  |
| LOSE INCH                   | R      |
| LOSER HUSTLER               | PG     |
| LOST BIRD                   | PG-13  |
| LOUISIANA HARRY             | PG-13  |
| LOVE SUICIDES               | R      |
| LOVELY JINGLE               | PG     |
| LOVER TRUMAN                | G      |
| LOVERBOY ATTACKS            | PG-13  |
| LUCK OPUS                   | NC-17  |
| LUCKY FLYING                | PG-13  |
| LUKE MUMMY                  | NC-17  |
| LUST LOCK                   | G      |
| MADIGAN DORADO              | R      |
| MADISON TRAP                | R      |
| MADNESS ATTACKS             | PG-13  |
| MADRE GABLES                | PG-13  |
| MAGIC MALLRATS              | PG     |
| MAGNIFICENT CHITTY          | R      |
| MAGNOLIA FORRESTER          | PG-13  |
| MAGUIRE APACHE              | NC-17  |
| MAIDEN HOME                 | PG     |
| MAJESTIC FLOATS             | PG     |
| MAKER GABLES                | PG-13  |
| MALKOVICH PET               | G      |
| MALLRATS UNITED             | PG     |
| MALTESE HOPE                | PG-13  |
| MANCHURIAN CURTAIN          | PG     |
| MANNEQUIN WORST             | PG-13  |
| MARRIED GO                  | G      |
| MARS ROMAN                  | NC-17  |
| MASK PEACH                  | NC-17  |
| MASKED BUBBLE               | PG-13  |
| MASSACRE USUAL              | R      |
| MASSAGE IMAGE               | PG     |
| MATRIX SNOWMAN              | PG-13  |
| MAUDE MOD                   | R      |
| MEET CHOCOLATE              | G      |
| MEMENTO ZOOLANDER           | NC-17  |
| MENAGERIE RUSHMORE          | G      |
| MERMAID INSECTS             | NC-17  |
| METAL ARMAGEDDON            | PG-13  |
| METROPOLIS COMA             | PG-13  |
| MICROCOSMOS PARADISE        | PG-13  |
| MIDNIGHT WESTWARD           | G      |
| MIDSUMMER GROUNDHOG         | G      |
| MIGHTY LUCK                 | PG     |
| MILE MULAN                  | PG     |
| MILLION ACE                 | PG-13  |
| MINDS TRUMAN                | PG-13  |
| MINE TITANS                 | PG-13  |
| MINORITY KISS               | G      |
| MIRACLE VIRTUAL             | PG-13  |
| MISSION ZOOLANDER           | PG-13  |
| MIXED DOORS                 | PG-13  |
| MOB DUFFEL                  | G      |
| MOCKINGBIRD HOLLYWOOD       | PG     |
| MOD SECRETARY               | NC-17  |
| MODEL FISH                  | NC-17  |
| MODERN DORADO               | PG     |
| MONEY HAROLD                | PG     |
| MONSOON CAUSE               | PG     |
| MONSTER SPARTACUS           | PG     |
| MONTEREY LABYRINTH          | G      |
| MONTEZUMA COMMAND           | NC-17  |
| MOON BUNCH                  | PG     |
| MOONSHINE CABIN             | PG-13  |
| MOONWALKER FOOL             | G      |
| MOSQUITO ARMAGEDDON         | G      |
| MOTHER OLEANDER             | R      |
| MOTIONS DETAILS             | PG     |
| MOULIN WAKE                 | PG-13  |
| MOURNING PURPLE             | PG     |
| MOVIE SHAKESPEARE           | PG     |
| MULAN MOON                  | G      |
| MULHOLLAND BEAST            | PG     |
| MUMMY CREATURES             | NC-17  |
| MUPPET MILE                 | PG     |
| MURDER ANTITRUST            | PG     |
| MUSCLE BRIGHT               | G      |
| MUSIC BOONDOCK              | R      |
| MUSKETEERS WAIT             | PG     |
| MUSSOLINI SPOILERS          | G      |
| MYSTIC TRUMAN               | NC-17  |
| NAME DETECTIVE              | PG-13  |
| NASH CHOCOLAT               | PG-13  |
| NATIONAL STORY              | NC-17  |
| NATURAL STOCK               | PG-13  |
| NECKLACE OUTBREAK           | PG     |
| NEIGHBORS CHARADE           | R      |
| NEMO CAMPUS                 | NC-17  |
| NETWORK PEAK                | PG-13  |
| NEWSIES STORY               | G      |
| NEWTON LABYRINTH            | PG     |
| NIGHTMARE CHILL             | PG     |
| NONE SPIKING                | NC-17  |
| NOON PAPI                   | G      |
| NORTH TEQUILA               | NC-17  |
| NORTHWEST POLISH            | PG     |
| NOTORIOUS REUNION           | NC-17  |
| NOTTING SPEAKEASY           | PG-13  |
| NOVOCAINE FLIGHT            | G      |
| NUTS TIES                   | NC-17  |
| OCTOBER SUBMARINE           | PG-13  |
| ODDS BOOGIE                 | NC-17  |
| OKLAHOMA JUMANJI            | PG     |
| OLEANDER CLUE               | PG     |
| OPEN AFRICAN                | PG     |
| OPERATION OPERATION         | G      |
| OPPOSITE NECKLACE           | PG     |
| OPUS ICE                    | R      |
| ORANGE GRAPES               | PG-13  |
| ORDER BETRAYED              | PG-13  |
| ORIENT CLOSER               | R      |
| OSCAR GOLD                  | PG     |
| OTHERS SOUP                 | PG     |
| OUTBREAK DIVINE             | NC-17  |
| OUTFIELD MASSACRE           | NC-17  |
| OUTLAW HANKY                | PG-13  |
| OZ LIAISONS                 | R      |
| PACIFIC AMISTAD             | G      |
| PACKER MADIGAN              | PG-13  |
| PAJAMA JAWBREAKER           | R      |
| PANIC CLUB                  | G      |
| PANKY SUBMARINE             | G      |
| PANTHER REDS                | NC-17  |
| PAPI NECKLACE               | PG     |
| PARADISE SABRINA            | PG-13  |
| PARIS WEEKEND               | PG-13  |
| PARK CITIZEN                | PG-13  |
| PARTY KNOCK                 | PG     |
| PAST SUICIDES               | PG-13  |
| PATHS CONTROL               | PG     |
| PATIENT SISTER              | NC-17  |
| PATRIOT ROMAN               | PG     |
| PATTON INTERVIEW            | PG     |
| PAYCHECK WAIT               | PG-13  |
| PEACH INNOCENT              | PG-13  |
| PEAK FOREVER                | PG     |
| PEARL DESTINY               | NC-17  |
| PELICAN COMFORTS            | PG     |
| PERDITION FARGO             | NC-17  |
| PERFECT GROOVE              | PG-13  |
| PERSONAL LADYBUGS           | PG-13  |
| PET HAUNTING                | PG     |
| PHANTOM GLORY               | NC-17  |
| PHILADELPHIA WIFE           | PG-13  |
| PIANIST OUTFIELD            | NC-17  |
| PICKUP DRIVING              | G      |
| PILOT HOOSIERS              | PG     |
| PINOCCHIO SIMON             | PG     |
| PIRATES ROXANNE             | PG     |
| PITTSBURGH HUNCHBACK        | PG-13  |
| PITY BOUND                  | NC-17  |
| PIZZA JUMANJI               | NC-17  |
| PLATOON INSTINCT            | PG-13  |
| PLUTO OLEANDER              | R      |
| POCUS PULP                  | NC-17  |
| POLISH BROOKLYN             | PG     |
| POLLOCK DELIVERANCE         | PG     |
| POND SEATTLE                | PG-13  |
| POSEIDON FOREVER            | PG-13  |
| POTLUCK MIXED               | G      |
| POTTER CONNECTICUT          | PG     |
| PREJUDICE OLEANDER          | PG-13  |
| PRESIDENT BANG              | PG     |
| PRIDE ALAMO                 | NC-17  |
| PRIMARY GLASS               | G      |
| PRINCESS GIANT              | NC-17  |
| PRIVATE DROP                | PG     |
| PRIX UNDEFEATED             | R      |
| PSYCHO SHRUNK               | PG-13  |
| PULP BEVERLY                | G      |
| PUNK DIVORCE                | PG     |
| PURE RUNNER                 | NC-17  |
| PURPLE MOVIE                | R      |
| QUEEN LUKE                  | PG     |
| QUEST MUSSOLINI             | R      |
| QUILLS BULL                 | R      |
| RACER EGG                   | NC-17  |
| RAGE GAMES                  | R      |
| RAGING AIRPLANE             | R      |
| RAIDERS ANTITRUST           | PG-13  |
| RAINBOW SHOCK               | PG     |
| RANDOM GO                   | NC-17  |
| RANGE MOONWALKER            | PG     |
| REAP UNFAITHFUL             | PG-13  |
| REAR TRADING                | NC-17  |
| REBEL AIRPORT               | G      |
| RECORDS ZORRO               | PG     |
| REDEMPTION COMFORTS         | NC-17  |
| REDS POCUS                  | PG-13  |
| REEF SALUTE                 | NC-17  |
| REIGN GENTLEMEN             | PG-13  |
| REMEMBER DIARY              | R      |
| REQUIEM TYCOON              | R      |
| RESERVOIR ADAPTATION        | PG-13  |
| RESURRECTION SILVERADO      | PG     |
| REUNION WITCHES             | R      |
| RIDER CADDYSHACK            | PG     |
| RIDGEMONT SUBMARINE         | PG-13  |
| RIGHT CRANES                | PG-13  |
| RINGS HEARTBREAKERS         | G      |
| RIVER OUTLAW                | PG-13  |
| ROAD ROXANNE                | R      |
| ROBBERS JOON                | PG-13  |
| ROBBERY BRIGHT              | R      |
| ROCK INSTINCT               | G      |
| ROCKETEER MOTHER            | PG-13  |
| ROCKY WAR                   | PG-13  |
| ROLLERCOASTER BRINGING      | PG-13  |
| ROMAN PUNK                  | NC-17  |
| ROOF CHAMPION               | R      |
| ROOM ROMAN                  | PG     |
| ROOTS REMEMBER              | PG-13  |
| ROSES TREASURE              | PG-13  |
| ROUGE SQUAD                 | NC-17  |
| ROXANNE REBEL               | R      |
| RUGRATS SHAKESPEARE         | PG-13  |
| RULES HUMAN                 | R      |
| RUN PACIFIC                 | R      |
| RUNAWAY TENENBAUMS          | NC-17  |
| RUNNER MADIGAN              | NC-17  |
| RUSH GOODFELLAS             | PG     |
| RUSHMORE MERMAID            | PG-13  |
| SABRINA MIDNIGHT            | PG     |
| SADDLE ANTITRUST            | PG-13  |
| SAGEBRUSH CLUELESS          | G      |
| SAINTS BRIDE                | G      |
| SALUTE APOLLO               | R      |
| SAMURAI LION                | G      |
| SANTA PARIS                 | PG     |
| SASSY PACKER                | G      |
| SATISFACTION CONFIDENTIAL   | G      |
| SATURDAY LAMBS              | G      |
| SATURN NAME                 | R      |
| SAVANNAH TOWN               | PG-13  |
| SCALAWAG DUCK               | NC-17  |
| SCARFACE BANG               | PG-13  |
| SCHOOL JACKET               | PG-13  |
| SCISSORHANDS SLUMS          | G      |
| SCORPION APOLLO             | NC-17  |
| SEA VIRGIN                  | PG     |
| SEABISCUIT PUNK             | NC-17  |
| SEARCHERS WAIT              | NC-17  |
| SEATTLE EXPECATIONS         | PG-13  |
| SECRET GROUNDHOG            | PG     |
| SECRETARY ROUGE             | PG     |
| SECRETS PARADISE            | G      |
| SENSE GREEK                 | R      |
| SENSIBILITY REAR            | PG     |
| SEVEN SWARM                 | R      |
| SHAKESPEARE SADDLE          | PG-13  |
| SHANE DARKNESS              | PG     |
| SHANGHAI TYCOON             | PG     |
| SHAWSHANK BUBBLE            | PG     |
| SHEPHERD MIDSUMMER          | R      |
| SHINING ROSES               | G      |
| SHIP WONDERLAND             | R      |
| SHOCK CABIN                 | PG-13  |
| SHOOTIST SUPERFLY           | PG-13  |
| SHOW LORD                   | PG-13  |
| SHREK LICENSE               | PG-13  |
| SHRUNK DIVINE               | R      |
| SIDE ARK                    | G      |
| SIEGE MADRE                 | R      |
| SIERRA DIVIDE               | NC-17  |
| SILENCE KANE                | R      |
| SILVERADO GOLDFINGER        | PG     |
| SIMON NORTH                 | NC-17  |
| SINNERS ATLANTIS            | PG-13  |
| SISTER FREDDY               | PG-13  |
| SKY MIRACLE                 | PG     |
| SLACKER LIAISONS            | R      |
| SLEEPING SUSPECTS           | PG-13  |
| SLEEPLESS MONSOON           | G      |
| SLEEPY JAPANESE             | PG     |
| SLEUTH ORIENT               | NC-17  |
| SLING LUKE                  | R      |
| SLIPPER FIDELITY            | PG-13  |
| SLUMS DUCK                  | PG     |
| SMILE EARRING               | G      |
| SMOKING BARBARELLA          | PG-13  |
| SMOOCHY CONTROL             | R      |
| SNATCH SLIPPER              | PG     |
| SNATCHERS MONTEZUMA         | PG-13  |
| SNOWMAN ROLLERCOASTER       | G      |
| SOLDIERS EVOLUTION          | R      |
| SOMETHING DUCK              | NC-17  |
| SONG HEDWIG                 | PG-13  |
| SONS INTERVIEW              | NC-17  |
| SORORITY QUEEN              | NC-17  |
| SOUP WISDOM                 | R      |
| SOUTH WAIT                  | R      |
| SPARTACUS CHEAPER           | NC-17  |
| SPEAKEASY DATE              | PG-13  |
| SPEED SUIT                  | PG-13  |
| SPICE SORORITY              | NC-17  |
| SPIKING ELEMENT             | G      |
| SPINAL ROCKY                | PG-13  |
| SPIRIT FLINTSTONES          | R      |
| SPIRITED CASUALTIES         | PG-13  |
| SPLASH GUMP                 | PG     |
| SPLENDOR PATTON             | R      |
| SPOILERS HELLFIGHTERS       | G      |
| SPY MILE                    | PG-13  |
| SQUAD FISH                  | PG     |
| STAGE WORLD                 | PG     |
| STAGECOACH ARMAGEDDON       | R      |
| STALLION SUNDANCE           | PG-13  |
| STAMPEDE DISTURBING         | R      |
| STAR OPERATION              | PG     |
| STATE WASTELAND             | NC-17  |
| STEEL SANTA                 | NC-17  |
| STEERS ARMAGEDDON           | PG     |
| STEPMOM DREAM               | NC-17  |
| STING PERSONAL              | NC-17  |
| STOCK GLASS                 | PG     |
| STONE FIRE                  | G      |
| STORM HAPPINESS             | NC-17  |
| STORY SIDE                  | R      |
| STRAIGHT HOURS              | R      |
| STRANGELOVE DESIRE          | NC-17  |
| STRANGER STRANGERS          | G      |
| STRANGERS GRAFFITI          | R      |
| STREAK RIDGEMONT            | PG-13  |
| STREETCAR INTENTIONS        | R      |
| STRICTLY SCARFACE           | PG-13  |
| SUBMARINE BED               | R      |
| SUGAR WONKA                 | PG     |
| SUICIDES SILENCE            | G      |
| SUIT WALLS                  | R      |
| SUMMER SCARFACE             | G      |
| SUN CONFESSIONS             | R      |
| SUNDANCE INVASION           | NC-17  |
| SUNRISE LEAGUE              | PG-13  |
| SUNSET RACER                | NC-17  |
| SUPER WYOMING               | PG     |
| SUPERFLY TRIP               | PG     |
| SUSPECTS QUILLS             | PG     |
| SWARM GOLD                  | PG-13  |
| SWEDEN SHINING              | PG     |
| SWEET BROTHERHOOD           | R      |
| SWEETHEARTS SUSPECTS        | G      |
| TADPOLE PARK                | PG     |
| TALENTED HOMICIDE           | PG     |
| TARZAN VIDEOTAPE            | PG-13  |
| TAXI KICK                   | PG-13  |
| TEEN APOLLO                 | G      |
| TELEGRAPH VOYAGE            | PG     |
| TELEMARK HEARTBREAKERS      | PG-13  |
| TEMPLE ATTRACTION           | PG     |
| TENENBAUMS COMMAND          | PG-13  |
| TEQUILA PAST                | PG     |
| TERMINATOR CLUB             | R      |
| TEXAS WATCH                 | NC-17  |
| THEORY MERMAID              | PG-13  |
| THIEF PELICAN               | PG-13  |
| THIN SAGEBRUSH              | PG-13  |
| TIES HUNGER                 | R      |
| TIGHTS DAWN                 | R      |
| TIMBERLAND SKY              | G      |
| TITANIC BOONDOCK            | R      |
| TITANS JERK                 | PG     |
| TOMATOES HELLFIGHTERS       | PG     |
| TOMORROW HUSTLER            | R      |
| TOOTSIE PILOT               | PG     |
| TORQUE BOUND                | G      |
| TOURIST PELICAN             | PG-13  |
| TOWERS HURRICANE            | NC-17  |
| TOWN ARK                    | R      |
| TRACY CIDER                 | G      |
| TRADING PINOCCHIO           | PG     |
| TRAFFIC HOBBIT              | G      |
| TRAIN BUNCH                 | R      |
| TRAINSPOTTING STRANGERS     | PG-13  |
| TRAMP OTHERS                | PG     |
| TRANSLATION SUMMER          | PG-13  |
| TRAP GUYS                   | G      |
| TREASURE COMMAND            | PG-13  |
| TREATMENT JEKYLL            | PG     |
| TRIP NEWTON                 | PG-13  |
| TROJAN TOMORROW             | PG     |
| TROOPERS METAL              | R      |
| TROUBLE DATE                | PG     |
| TRUMAN CRAZY                | G      |
| TURN STAR                   | G      |
| TUXEDO MILE                 | R      |
| TWISTED PIRATES             | PG     |
| TYCOON GATHERING            | G      |
| UNBREAKABLE KARATE          | G      |
| UNCUT SUICIDES              | PG-13  |
| UNDEFEATED DALMATIONS       | PG-13  |
| UNFAITHFUL KILL             | R      |
| UNFORGIVEN ZOOLANDER        | PG     |
| UNITED PILOT                | R      |
| UNTOUCHABLES SUNRISE        | NC-17  |
| UPRISING UPTOWN             | NC-17  |
| UPTOWN YOUNG                | PG     |
| USUAL UNTOUCHABLES          | PG-13  |
| VACATION BOONDOCK           | R      |
| VALENTINE VANISHING         | PG-13  |
| VALLEY PACKER               | G      |
| VAMPIRE WHALE               | NC-17  |
| VANILLA DAY                 | NC-17  |
| VANISHED GARDEN             | R      |
| VANISHING ROCKY             | NC-17  |
| VARSITY TRIP                | NC-17  |
| VELVET TERMINATOR           | R      |
| VERTIGO NORTHWEST           | R      |
| VICTORY ACADEMY             | PG-13  |
| VIDEOTAPE ARSENIC           | NC-17  |
| VIETNAM SMOOCHY             | PG-13  |
| VILLAIN DESPERATE           | PG-13  |
| VIRGIN DAISY                | PG-13  |
| VIRGINIAN PLUTO             | R      |
| VIRTUAL SPOILERS            | NC-17  |
| VISION TORQUE               | PG-13  |
| VOICE PEACH                 | PG-13  |
| VOLCANO TEXAS               | NC-17  |
| VOLUME HOUSE                | PG     |
| VOYAGE LEGALLY              | PG-13  |
| WAGON JAWS                  | PG     |
| WAIT CIDER                  | PG-13  |
| WAKE JAWS                   | G      |
| WALLS ARTIST                | PG     |
| WANDA CHAMBER               | PG-13  |
| WAR NOTTING                 | G      |
| WARDROBE PHANTOM            | G      |
| WARLOCK WEREWOLF            | G      |
| WARS PLUTO                  | G      |
| WASH HEAVENLY               | R      |
| WASTELAND DIVINE            | PG     |
| WATCH TRACY                 | PG     |
| WATERFRONT DELIVERANCE      | G      |
| WATERSHIP FRONTIER          | G      |
| WEDDING APOLLO              | PG     |
| WEEKEND PERSONAL            | R      |
| WEREWOLF LOLA               | G      |
| WEST LION                   | G      |
| WESTWARD SEABISCUIT         | NC-17  |
| WHALE BIKINI                | PG-13  |
| WHISPERER GIANT             | PG-13  |
| WIFE TURN                   | NC-17  |
| WILD APOLLO                 | R      |
| WILLOW TRACY                | R      |
| WIND PHANTOM                | R      |
| WINDOW SIDE                 | R      |
| WISDOM WORKER               | R      |
| WITCHES PANIC               | NC-17  |
| WIZARD COLDBLOODED          | PG     |
| WOLVES DESIRE               | NC-17  |
| WOMEN DORADO                | R      |
| WON DARES                   | PG     |
| WONDERFUL DROP              | NC-17  |
| WONDERLAND CHRISTMAS        | PG     |
| WONKA SEA                   | NC-17  |
| WORDS HUNTER                | PG     |
| WORKER TARZAN               | R      |
| WORKING MICROCOSMOS         | R      |
| WORLD LEATHERNECKS          | PG-13  |
| WORST BANGER                | PG     |
| WRATH MILE                  | NC-17  |
| WRONG BEHAVIOR              | PG-13  |
| WYOMING STORM               | PG-13  |
| YENTL IDAHO                 | R      |
| YOUNG LANGUAGE              | G      |
| YOUTH KICK                  | NC-17  |
| ZHIVAGO CORE                | NC-17  |
| ZOOLANDER FICTION           | R      |
| ZORRO ARK                   | NC-17  |
+-----------------------------+--------+
1000 rows in set (0.2190 sec)

 MySQL  localhost:3306 ssl  sakila  SQL >
listado de renta por staff
personal y total de rental
renta y nombre del staff que lo realizo 
limitar a 200;

Listado de clientes por tienda? verificar si es posible
mostrar nombre de la pelicula y nombre de la categoria
mostrar la candidad de peliculas por categoria
mostrar los actores con peliculas R

inner- left
