MySQL Shell 8.0.15

Copyright (c) 2016, 2019, Oracle and/or its affiliates. All rights reserved.
Oracle is a registered trademark of Oracle Corporation and/or its affiliates.
Other names may be trademarks of their respective owners.

Type '\help' or '\?' for help; '\quit' to exit.

 MySQL  JS > \sql
Switching to SQL mode... Commands end with ;

 MySQL  SQL > \connetc --mc root@localhost
Unknown command: '\connetc --mc root@localhost'
 MySQL  SQL > \connect --mc root@localhost
Creating a Classic session to 'root@localhost'
Fetching schema names for autocompletion... Press ^C to stop.
Your MySQL connection id is 26
Server version: 8.0.14 MySQL Community Server - GPL
No default schema selected; type \use <schema> to set one.

 MySQL  localhost:3306 ssl  SQL > \use eva_2
Default schema set to `eva_2`.
Fetching table and column names from `eva_2` for auto-completion... Press ^C to stop.

 MySQL  localhost:3306 ssl  eva_2  SQL > create table master_2(
                                      -> id_master int,
                                      -> nombre varchar(50),
                                      -> primary key(id_master, nombre);),
ERROR: 1064 (42000): You have an error in your SQL syntax; check the manual that corresponds to your MySQL server version for the right syntax to use near '' at line 4

                                      -> ;
ERROR: 1064 (42000): You have an error in your SQL syntax; check the manual that corresponds to your MySQL server version for the right syntax to use near '),' at line 1

 MySQL  localhost:3306 ssl  eva_2  SQL > create table master_2(
                                      -> id_master int,
                                      -> nombre varchar(50),
                                      -> primary key (id_master, nombre));
Query OK, 0 rows affected (6.7670 sec)

 MySQL  localhost:3306 ssl  eva_2  SQL > desc master_2;
+-----------+-------------+------+-----+---------+-------+
| Field     | Type        | Null | Key | Default | Extra |
+-----------+-------------+------+-----+---------+-------+
| id_master | int(11)     | NO   | PRI | NULL    |       |
| nombre    | varchar(50) | NO   | PRI | NULL    |       |
+-----------+-------------+------+-----+---------+-------+
2 rows in set (0.2598 sec)

 MySQL  localhost:3306 ssl  eva_2  SQL > show create table master_2;
+----------+----------------------------------------------------------------------------------------------------------------------------------------------------------------------------------------------------+
| Table    | Create Table                                                                                                                                                                                       |
+----------+----------------------------------------------------------------------------------------------------------------------------------------------------------------------------------------------------+
| master_2 | CREATE TABLE `master_2` (
  `id_master` int(11) NOT NULL,
  `nombre` varchar(50) NOT NULL,
  PRIMARY KEY (`id_master`,`nombre`)
) ENGINE=InnoDB DEFAULT CHARSET=utf8mb4 COLLATE=utf8mb4_0900_ai_ci |
+----------+----------------------------------------------------------------------------------------------------------------------------------------------------------------------------------------------------+
1 row in set (0.2016 sec)

 MySQL  localhost:3306 ssl  eva_2  SQL > alter table master_2 drop primary key;
Query OK, 0 rows affected (7.5418 sec)

Records: 0  Duplicates: 0  Warnings: 0

 MySQL  localhost:3306 ssl  eva_2  SQL > desc master_2;
+-----------+-------------+------+-----+---------+-------+
| Field     | Type        | Null | Key | Default | Extra |
+-----------+-------------+------+-----+---------+-------+
| id_master | int(11)     | NO   |     | NULL    |       |
| nombre    | varchar(50) | NO   |     | NULL    |       |
+-----------+-------------+------+-----+---------+-------+
2 rows in set (0.0042 sec)

 MySQL  localhost:3306 ssl  eva_2  SQL > alter table master_2 add primary key(id_master, nombre);
Query OK, 0 rows affected (3.0716 sec)

Records: 0  Duplicates: 0  Warnings: 0

 MySQL  localhost:3306 ssl  eva_2  SQL > show create table master_2;
+----------+----------------------------------------------------------------------------------------------------------------------------------------------------------------------------------------------------+
| Table    | Create Table                                                                                                                                                                                       |
+----------+----------------------------------------------------------------------------------------------------------------------------------------------------------------------------------------------------+
| master_2 | CREATE TABLE `master_2` (
  `id_master` int(11) NOT NULL,
  `nombre` varchar(50) NOT NULL,
  PRIMARY KEY (`id_master`,`nombre`)
) ENGINE=InnoDB DEFAULT CHARSET=utf8mb4 COLLATE=utf8mb4_0900_ai_ci |
+----------+----------------------------------------------------------------------------------------------------------------------------------------------------------------------------------------------------+
1 row in set (0.0020 sec)

 MySQL  localhost:3306 ssl  eva_2  SQL > desc master_2;
+-----------+-------------+------+-----+---------+-------+
| Field     | Type        | Null | Key | Default | Extra |
+-----------+-------------+------+-----+---------+-------+
| id_master | int(11)     | NO   | PRI | NULL    |       |
| nombre    | varchar(50) | NO   | PRI | NULL    |       |
+-----------+-------------+------+-----+---------+-------+
2 rows in set (0.0037 sec)

 MySQL  localhost:3306 ssl  eva_2  SQL > create table detail_2(
                                      -> id_datail int key auto_increment,
                                      -> id_master int,
                                      -> nombre varchar(50),
                                      -> foreign key (id_master, nombre) references master_2(id_master, nombre);
ERROR: 1064 (42000): You have an error in your SQL syntax; check the manual that corresponds to your MySQL server version for the right syntax to use near '' at line 5

 MySQL  localhost:3306 ssl  eva_2  SQL > create table detail_2( id_detail int key auto_increment, id_master int, nombre varchar(50), foreign key (id_master, nombre) references master_2(id_master, nombre);
ERROR: 1064 (42000): You have an error in your SQL syntax; check the manual that corresponds to your MySQL server version for the right syntax to use near '' at line 1

 MySQL  localhost:3306 ssl  eva_2  SQL > create table detail_2( id_detail int key auto_increment, id_master int, nombre varchar(50), foreign key (id_master, nombre) references master_2(id_master, nombre);desc master_2;
ERROR: 1064 (42000): You have an error in your SQL syntax; check the manual that corresponds to your MySQL server version for the right syntax to use near '' at line 1
+-----------+-------------+------+-----+---------+-------+
| Field     | Type        | Null | Key | Default | Extra |
+-----------+-------------+------+-----+---------+-------+
| id_master | int(11)     | NO   | PRI | NULL    |       |
| nombre    | varchar(50) | NO   | PRI | NULL    |       |
+-----------+-------------+------+-----+---------+-------+
2 rows in set (0.0037 sec)

 MySQL  localhost:3306 ssl  eva_2  SQL > create table detail_2( id_detail int key auto_increment, id_master int, nombre varchar(50), foreign key(id_master, nombre) references master_2(id_master, nombre);desc master_2;
ERROR: 1064 (42000): You have an error in your SQL syntax; check the manual that corresponds to your MySQL server version for the right syntax to use near '' at line 1
+-----------+-------------+------+-----+---------+-------+
| Field     | Type        | Null | Key | Default | Extra |
+-----------+-------------+------+-----+---------+-------+
| id_master | int(11)     | NO   | PRI | NULL    |       |
| nombre    | varchar(50) | NO   | PRI | NULL    |       |
+-----------+-------------+------+-----+---------+-------+
2 rows in set (0.0075 sec)

 MySQL  localhost:3306 ssl  eva_2  SQL > create table detail_2( id_detail int key auto_increment, id_master int, nombre varchar(50), foreign key (id_master, nombre) references master_2(id_master, nombre);
ERROR: 1064 (42000): You have an error in your SQL syntax; check the manual that corresponds to your MySQL server version for the right syntax to use near '' at line 1

 MySQL  localhost:3306 ssl  eva_2  SQL > create table detail_2( id_detail int key auto_increment, id_master int, nombre varchar(50), foreign key (id_master, nombre) references master_2(id_master, nombre);
ERROR: 1064 (42000): You have an error in your SQL syntax; check the manual that corresponds to your MySQL server version for the right syntax to use near '' at line 1

 MySQL  localhost:3306 ssl  eva_2  SQL > create table detail_2( id_detail int key auto_increment, id_master int, nombre varchar(50), foreign key (id_master, nombre) references master_2(id_master, nombre);
ERROR: 1064 (42000): You have an error in your SQL syntax; check the manual that corresponds to your MySQL server version for the right syntax to use near '' at line 1

 MySQL  localhost:3306 ssl  eva_2  SQL > desc master_2;
+-----------+-------------+------+-----+---------+-------+
| Field     | Type        | Null | Key | Default | Extra |
+-----------+-------------+------+-----+---------+-------+
| id_master | int(11)     | NO   | PRI | NULL    |       |
| nombre    | varchar(50) | NO   | PRI | NULL    |       |
+-----------+-------------+------+-----+---------+-------+
2 rows in set (0.0048 sec)

 MySQL  localhost:3306 ssl  eva_2  SQL > create table detail_2( id_detail int key auto_increment, id_master int, nombre varchar(50), foreign key (id_master, nombre) references master_2(id_master, nombre);
ERROR: 1064 (42000): You have an error in your SQL syntax; check the manual that corresponds to your MySQL server version for the right syntax to use near '' at line 1

 MySQL  localhost:3306 ssl  eva_2  SQL > create table detail_2( id_detail int key auto_increment, id_master int, nombre varchar(50), foreign key (id_master, nombre) references master_2(id_master, nombre));
Query OK, 0 rows affected (2.0115 sec)

 MySQL  localhost:3306 ssl  eva_2  SQL > desc detail_2;
+-----------+-------------+------+-----+---------+----------------+
| Field     | Type        | Null | Key | Default | Extra          |
+-----------+-------------+------+-----+---------+----------------+
| id_detail | int(11)     | NO   | PRI | NULL    | auto_increment |
| id_master | int(11)     | YES  | MUL | NULL    |                |
| nombre    | varchar(50) | YES  |     | NULL    |                |
+-----------+-------------+------+-----+---------+----------------+
3 rows in set (0.0254 sec)

 MySQL  localhost:3306 ssl  eva_2  SQL > show create table detail_2;
+----------+--------------------------------------------------------------------------------------------------------------------------------------------------------------------------------------------------------------------------------------------------------------------------------------------------------------------------------------------------------------------------------------------------------------+
| Table    | Create Table                                                                                                                                                                                                                                                                                                                                                                                                 |
+----------+--------------------------------------------------------------------------------------------------------------------------------------------------------------------------------------------------------------------------------------------------------------------------------------------------------------------------------------------------------------------------------------------------------------+
| detail_2 | CREATE TABLE `detail_2` (
  `id_detail` int(11) NOT NULL AUTO_INCREMENT,
  `id_master` int(11) DEFAULT NULL,
  `nombre` varchar(50) DEFAULT NULL,
  PRIMARY KEY (`id_detail`),
  KEY `id_master` (`id_master`,`nombre`),
  CONSTRAINT `detail_2_ibfk_1` FOREIGN KEY (`id_master`, `nombre`) REFERENCES `master_2` (`id_master`, `nombre`)
) ENGINE=InnoDB DEFAULT CHARSET=utf8mb4 COLLATE=utf8mb4_0900_ai_ci |
+----------+--------------------------------------------------------------------------------------------------------------------------------------------------------------------------------------------------------------------------------------------------------------------------------------------------------------------------------------------------------------------------------------------------------------+
1 row in set (0.1661 sec)

 MySQL  localhost:3306 ssl  eva_2  SQL > alter table detail_2 drop foreign key detail_2ibfk_1;
ERROR: 1091 (42000): Can't DROP 'detail_2ibfk_1'; check that column/key exists

 MySQL  localhost:3306 ssl  eva_2  SQL > alter table detail_2 drop foreign key detail_2_ibfk_1;
Query OK, 0 rows affected (0.8339 sec)

Records: 0  Duplicates: 0  Warnings: 0

 MySQL  localhost:3306 ssl  eva_2  SQL > alte table detail_2 add foreign key(id_master, nombre) references master_2(id_master,nombre) on delete on update);
ERROR: 1064 (42000): You have an error in your SQL syntax; check the manual that corresponds to your MySQL server version for the right syntax to use near 'alte table detail_2 add foreign key(id_master, nombre) references master_2(id_ma' at line 1

 MySQL  localhost:3306 ssl  eva_2  SQL > alter table detail_2 add foreign key(id_master, nombre) references master_2(id_master,nombre) on delete on update);
ERROR: 1064 (42000): You have an error in your SQL syntax; check the manual that corresponds to your MySQL server version for the right syntax to use near 'on update)' at line 1

 MySQL  localhost:3306 ssl  eva_2  SQL > alter table detail_2 add foreign key(id_master, nombre) references master_2(id_master,nombre) on delete on update cascade);
ERROR: 1064 (42000): You have an error in your SQL syntax; check the manual that corresponds to your MySQL server version for the right syntax to use near 'on update cascade)' at line 1

 MySQL  localhost:3306 ssl  eva_2  SQL > alter table detail_2 add foreign key(id_master, nombre) references master_2(id_master,nombre) on delete cascade on update cascade);
ERROR: 1064 (42000): You have an error in your SQL syntax; check the manual that corresponds to your MySQL server version for the right syntax to use near ')' at line 1

 MySQL  localhost:3306 ssl  eva_2  SQL > alter table detail_2 add foreign key(id_master, nombre) references master_2(id_master,nombre) on delete cascade on update cascade;
Query OK, 0 rows affected (3.8134 sec)

Records: 0  Duplicates: 0  Warnings: 0

 MySQL  localhost:3306 ssl  eva_2  SQL > desc detail_2;
+-----------+-------------+------+-----+---------+----------------+
| Field     | Type        | Null | Key | Default | Extra          |
+-----------+-------------+------+-----+---------+----------------+
| id_detail | int(11)     | NO   | PRI | NULL    | auto_increment |
| id_master | int(11)     | YES  | MUL | NULL    |                |
| nombre    | varchar(50) | YES  |     | NULL    |                |
+-----------+-------------+------+-----+---------+----------------+
3 rows in set (0.0053 sec)

 MySQL  localhost:3306 ssl  eva_2  SQL > show tables;
+-----------------+
| Tables_in_eva_2 |
+-----------------+
| clientes        |
| detail          |
| detail_2        |
| direccion       |
| hijo            |
| master          |
| master_2        |
| padre           |
+-----------------+
8 rows in set (0.0039 sec)

 MySQL  localhost:3306 ssl  eva_2  SQL > create table ventas_anuales(
                                      -> año int,
                                      -> alter table detail_2 add foreign key(id_master, nombre) references master_2(id_master,nombre) on delete on update);
ERROR: 1064 (42000): You have an error in your SQL syntax; check the manual that corresponds to your MySQL server version for the right syntax to use near 'alter table detail_2 add foreign key(id_master, nombre) references master_2(id_m' at line 3

 MySQL  localhost:3306 ssl  eva_2  SQL > create table ventas_anuales(
                                      -> ano int,
                                      -> cuarto enum("Q1","Q2","Q3","Q4"),
                                      -> ventas_totales int;
ERROR: 1064 (42000): You have an error in your SQL syntax; check the manual that corresponds to your MySQL server version for the right syntax to use near '' at line 4

 MySQL  localhost:3306 ssl  eva_2  SQL > create table ventas_anuales( ano int, cuarto enum("Q1","Q2","Q3","Q4"), ventas_totales int;
ERROR: 1064 (42000): You have an error in your SQL syntax; check the manual that corresponds to your MySQL server version for the right syntax to use near '' at line 1

 MySQL  localhost:3306 ssl  eva_2  SQL > create table ventas_anuales( ano int, cuarto enum("Q1","Q2","Q3","Q4"), ventas_totales int);
Query OK, 0 rows affected (1.1756 sec)

 MySQL  localhost:3306 ssl  eva_2  SQL > alter table ventas_anuales add primary key (ano, cuarto);
Query OK, 0 rows affected (1.9264 sec)

Records: 0  Duplicates: 0  Warnings: 0

 MySQL  localhost:3306 ssl  eva_2  SQL > create table ordenes(
                                      -> clave int key auto_increment,
                                      -> ano int,
                                      -> cuarto enum("Q1","Q2","Q3","Q4"),
                                      -> foreign key(ano, cuarto) references ventas_anuales(ano, cuarto));
Query OK, 0 rows affected (1.2224 sec)

 MySQL  localhost:3306 ssl  eva_2  SQL > alter table ordenes add foreign key(ano, cuarto) references master_2(ano, cuarto) on delete cascade on update cascade);
ERROR: 1064 (42000): You have an error in your SQL syntax; check the manual that corresponds to your MySQL server version for the right syntax to use near ')' at line 1

 MySQL  localhost:3306 ssl  eva_2  SQL > alter table ordenes add foreign key(ano, cuarto) references master_2(ano, cuarto) on delete cascade on update cascade;
ERROR: 3734 (HY000): Failed to add the foreign key constraint. Missing column 'ano' for constraint 'ordenes_ibfk_2' in the referenced table 'master_2'

 MySQL  localhost:3306 ssl  eva_2  SQL > alter table ordenes add foreign key(ano, cuarto) references ventas_anuales(ano, cuarto) on delete cascade on update cascade;
Query OK, 0 rows affected (3.1372 sec)

Records: 0  Duplicates: 0  Warnings: 0

 MySQL  localhost:3306 ssl  eva_2  SQL > alter table ordenes add fecha date;
Query OK, 0 rows affected (0.9738 sec)

Records: 0  Duplicates: 0  Warnings: 0

 MySQL  localhost:3306 ssl  eva_2  SQL > desc ordenes;
+--------+---------------------------+------+-----+---------+----------------+
| Field  | Type                      | Null | Key | Default | Extra          |
+--------+---------------------------+------+-----+---------+----------------+
| clave  | int(11)                   | NO   | PRI | NULL    | auto_increment |
| ano    | int(11)                   | YES  | MUL | NULL    |                |
| cuarto | enum('Q1','Q2','Q3','Q4') | YES  |     | NULL    |                |
| fecha  | date                      | YES  |     | NULL    |                |
+--------+---------------------------+------+-----+---------+----------------+
4 rows in set (0.1012 sec)

 MySQL  localhost:3306 ssl  eva_2  SQL >